-- The C compiler identification is GNU 11.4.0
-- The CXX compiler identification is GNU 11.4.0
-- Detecting C compiler ABI info
-- Detecting C compiler ABI info - done
-- Check for working C compiler: /usr/bin/cc - skipped
-- Detecting C compile features
-- Detecting C compile features - done
-- Detecting CXX compiler ABI info
-- Detecting CXX compiler ABI info - done
-- Check for working CXX compiler: /usr/bin/c++ - skipped
-- Detecting CXX compile features
-- Detecting CXX compile features - done
-- Found ament_cmake: 1.3.14 (/opt/ros/humble/share/ament_cmake/cmake)
-- Found Python3: /usr/bin/python3 (found version "3.10.12") found components: Interpreter 
-- Found eigen3_cmake_module: 0.1.1 (/opt/ros/humble/share/eigen3_cmake_module/cmake)
-- Found Eigen3: TRUE (found version "3.4.0") 
-- Found kdl_parser: 2.6.4 (/opt/ros/humble/share/kdl_parser/cmake)
-- Ensuring Eigen3 include directory is part of orocos-kdl CMake target
-- Found rclcpp: 16.0.19 (/opt/ros/humble/share/rclcpp/cmake)
-- Found rosidl_generator_c: 3.1.8 (/opt/ros/humble/share/rosidl_generator_c/cmake)
-- Found rosidl_adapter: 3.1.8 (/opt/ros/humble/share/rosidl_adapter/cmake)
-- Found rosidl_generator_cpp: 3.1.8 (/opt/ros/humble/share/rosidl_generator_cpp/cmake)
-- Using all available rosidl_typesupport_c: rosidl_typesupport_fastrtps_c;rosidl_typesupport_introspection_c
-- Using all available rosidl_typesupport_cpp: rosidl_typesupport_fastrtps_cpp;rosidl_typesupport_introspection_cpp
-- Found rmw_implementation_cmake: 6.1.2 (/opt/ros/humble/share/rmw_implementation_cmake/cmake)
-- Found rmw_fastrtps_cpp: 6.2.10 (/opt/ros/humble/share/rmw_fastrtps_cpp/cmake)
-- Found OpenSSL: /usr/lib/x86_64-linux-gnu/libcrypto.so (found version "3.0.2")  
-- Found FastRTPS: /opt/ros/humble/include  
-- Using RMW implementation 'rmw_fastrtps_cpp' as default
-- Looking for pthread.h
-- Looking for pthread.h - found
-- Performing Test CMAKE_HAVE_LIBC_PTHREAD
-- Performing Test CMAKE_HAVE_LIBC_PTHREAD - Success
-- Found Threads: TRUE  
-- Found urdf: 2.6.1 (/opt/ros/humble/share/urdf/cmake)
-- Found ament_lint_auto: 0.12.15 (/opt/ros/humble/share/ament_lint_auto/cmake)
-- Added test 'copyright' to check source files copyright and LICENSE
-- Added test 'cpplint' to check C / C++ code against the Google style
-- Configured cpplint exclude dirs and/or files: 
-- Added test 'lint_cmake' to check CMake code style
-- Added test 'xmllint' to check XML markup files
-- Configuring done
-- Generating done
-- Build files have been written to: /home/amma/Kinova_gen2_rl/build/trac_ik_lib
[ 25%] [32mBuilding CXX object CMakeFiles/trac_ik_lib.dir/src/kdl_tl.cpp.o[0m
[ 75%] [32mBuilding CXX object CMakeFiles/trac_ik_lib.dir/src/nlopt_ik.cpp.o[0m
[ 75%] [32mBuilding CXX object CMakeFiles/trac_ik_lib.dir/src/trac_ik.cpp.o[0m
[100%] [32m[1mLinking CXX shared library libtrac_ik_lib.so[0m
[100%] Built target trac_ik_lib
-- Install configuration: ""
-- Installing: /home/amma/Kinova_gen2_rl/install/trac_ik_lib/share/trac_ik_lib/environment/library_path.sh
-- Installing: /home/amma/Kinova_gen2_rl/install/trac_ik_lib/share/trac_ik_lib/environment/library_path.dsv
-- Installing: /home/amma/Kinova_gen2_rl/install/trac_ik_lib/include
-- Installing: /home/amma/Kinova_gen2_rl/install/trac_ik_lib/include/trac_ik
-- Installing: /home/amma/Kinova_gen2_rl/install/trac_ik_lib/include/trac_ik/trac_ik.hpp
-- Installing: /home/amma/Kinova_gen2_rl/install/trac_ik_lib/include/trac_ik/nlopt_ik.hpp
-- Installing: /home/amma/Kinova_gen2_rl/install/trac_ik_lib/include/trac_ik/kdl_tl.hpp
-- Installing: /home/amma/Kinova_gen2_rl/install/trac_ik_lib/include/trac_ik/dual_quaternion.h
-- Installing: /home/amma/Kinova_gen2_rl/install/trac_ik_lib/include/trac_ik/math3d.h
-- Installing: /home/amma/Kinova_gen2_rl/install/trac_ik_lib/include/trac_ik/visibility_control.hpp
-- Installing: /home/amma/Kinova_gen2_rl/install/trac_ik_lib/lib/libtrac_ik_lib.so
-- Set runtime path of "/home/amma/Kinova_gen2_rl/install/trac_ik_lib/lib/libtrac_ik_lib.so" to ""
-- Installing: /home/amma/Kinova_gen2_rl/install/trac_ik_lib/share/ament_index/resource_index/package_run_dependencies/trac_ik_lib
-- Installing: /home/amma/Kinova_gen2_rl/install/trac_ik_lib/share/ament_index/resource_index/parent_prefix_path/trac_ik_lib
-- Installing: /home/amma/Kinova_gen2_rl/install/trac_ik_lib/share/trac_ik_lib/environment/ament_prefix_path.sh
-- Installing: /home/amma/Kinova_gen2_rl/install/trac_ik_lib/share/trac_ik_lib/environment/ament_prefix_path.dsv
-- Installing: /home/amma/Kinova_gen2_rl/install/trac_ik_lib/share/trac_ik_lib/environment/path.sh
-- Installing: /home/amma/Kinova_gen2_rl/install/trac_ik_lib/share/trac_ik_lib/environment/path.dsv
-- Installing: /home/amma/Kinova_gen2_rl/install/trac_ik_lib/share/trac_ik_lib/local_setup.bash
-- Installing: /home/amma/Kinova_gen2_rl/install/trac_ik_lib/share/trac_ik_lib/local_setup.sh
-- Installing: /home/amma/Kinova_gen2_rl/install/trac_ik_lib/share/trac_ik_lib/local_setup.zsh
-- Installing: /home/amma/Kinova_gen2_rl/install/trac_ik_lib/share/trac_ik_lib/local_setup.dsv
-- Installing: /home/amma/Kinova_gen2_rl/install/trac_ik_lib/share/trac_ik_lib/package.dsv
-- Installing: /home/amma/Kinova_gen2_rl/install/trac_ik_lib/share/ament_index/resource_index/packages/trac_ik_lib
-- Installing: /home/amma/Kinova_gen2_rl/install/trac_ik_lib/share/trac_ik_lib/cmake/export_trac_ik_libExport.cmake
-- Installing: /home/amma/Kinova_gen2_rl/install/trac_ik_lib/share/trac_ik_lib/cmake/export_trac_ik_libExport-noconfig.cmake
-- Installing: /home/amma/Kinova_gen2_rl/install/trac_ik_lib/share/trac_ik_lib/cmake/ament_cmake_export_targets-extras.cmake
-- Installing: /home/amma/Kinova_gen2_rl/install/trac_ik_lib/share/trac_ik_lib/cmake/ament_cmake_export_dependencies-extras.cmake
-- Installing: /home/amma/Kinova_gen2_rl/install/trac_ik_lib/share/trac_ik_lib/cmake/trac_ik_libConfig.cmake
-- Installing: /home/amma/Kinova_gen2_rl/install/trac_ik_lib/share/trac_ik_lib/cmake/trac_ik_libConfig-version.cmake
-- Installing: /home/amma/Kinova_gen2_rl/install/trac_ik_lib/share/trac_ik_lib/package.xml
