[0.018s] Invoking command in '/home/amma/Kinova_gen2_rl/build/click_pointer': CMAKE_PREFIX_PATH=${CMAKE_PREFIX_PATH}:/home/amma/Kinova_gen2_rl/install/mouth_tracking:/opt/ros/humble /usr/bin/cmake /home/amma/Kinova_gen2_rl/src/click_pointer -DCMAKE_INSTALL_PREFIX=/home/amma/Kinova_gen2_rl/install/click_pointer
[0.467s] -- The C compiler identification is GNU 11.4.0
[0.467s] -- The CXX compiler identification is GNU 11.4.0
[0.467s] -- Detecting C compiler ABI info
[0.467s] -- Detecting C compiler ABI info - done
[0.467s] -- Check for working C compiler: /usr/bin/cc - skipped
[0.467s] -- Detecting C compile features
[0.467s] -- Detecting C compile features - done
[0.467s] -- Detecting CXX compiler ABI info
[0.467s] -- Detecting CXX compiler ABI info - done
[0.467s] -- Check for working CXX compiler: /usr/bin/c++ - skipped
[0.467s] -- Detecting CXX compile features
[0.467s] -- Detecting CXX compile features - done
[0.468s] -- Found ament_cmake: 1.3.14 (/opt/ros/humble/share/ament_cmake/cmake)
[0.503s] -- Found Python3: /usr/bin/python3 (found version "3.10.12") found components: Interpreter 
[0.660s] -- Configuring done
[0.664s] -- Generating done
[0.665s] -- Build files have been written to: /home/amma/Kinova_gen2_rl/build/click_pointer
[0.670s] Invoked command in '/home/amma/Kinova_gen2_rl/build/click_pointer' returned '0': CMAKE_PREFIX_PATH=${CMAKE_PREFIX_PATH}:/home/amma/Kinova_gen2_rl/install/mouth_tracking:/opt/ros/humble /usr/bin/cmake /home/amma/Kinova_gen2_rl/src/click_pointer -DCMAKE_INSTALL_PREFIX=/home/amma/Kinova_gen2_rl/install/click_pointer
[0.671s] Invoking command in '/home/amma/Kinova_gen2_rl/build/click_pointer': CMAKE_PREFIX_PATH=${CMAKE_PREFIX_PATH}:/home/amma/Kinova_gen2_rl/install/mouth_tracking:/opt/ros/humble /usr/bin/cmake --build /home/amma/Kinova_gen2_rl/build/click_pointer -- -j12 -l12
[0.705s] Invoked command in '/home/amma/Kinova_gen2_rl/build/click_pointer' returned '0': CMAKE_PREFIX_PATH=${CMAKE_PREFIX_PATH}:/home/amma/Kinova_gen2_rl/install/mouth_tracking:/opt/ros/humble /usr/bin/cmake --build /home/amma/Kinova_gen2_rl/build/click_pointer -- -j12 -l12
[0.707s] Invoking command in '/home/amma/Kinova_gen2_rl/build/click_pointer': CMAKE_PREFIX_PATH=${CMAKE_PREFIX_PATH}:/home/amma/Kinova_gen2_rl/install/mouth_tracking:/opt/ros/humble /usr/bin/cmake --install /home/amma/Kinova_gen2_rl/build/click_pointer
[0.713s] -- Install configuration: ""
[0.713s] -- Installing: /home/amma/Kinova_gen2_rl/install/click_pointer/lib/click_pointer/click_pointer.py
[0.713s] -- Installing: /home/amma/Kinova_gen2_rl/install/click_pointer/lib/click_pointer/fork_acquisition.py
[0.713s] -- Installing: /home/amma/Kinova_gen2_rl/install/click_pointer/lib/click_pointer/click_to_point.py
[0.714s] -- Installing: /home/amma/Kinova_gen2_rl/install/click_pointer/lib/click_pointer/tui.py
[0.714s] -- Installing: /home/amma/Kinova_gen2_rl/install/click_pointer/lib/click_pointer/face_overlay.py
[0.714s] -- Installing: /home/amma/Kinova_gen2_rl/install/click_pointer/lib/click_pointer/algo.py
[0.714s] -- Installing: /home/amma/Kinova_gen2_rl/install/click_pointer/lib/click_pointer/utils.py
[0.714s] -- Installing: /home/amma/Kinova_gen2_rl/install/click_pointer/share/ament_index/resource_index/package_run_dependencies/click_pointer
[0.715s] -- Installing: /home/amma/Kinova_gen2_rl/install/click_pointer/share/ament_index/resource_index/parent_prefix_path/click_pointer
[0.715s] -- Installing: /home/amma/Kinova_gen2_rl/install/click_pointer/share/click_pointer/environment/ament_prefix_path.sh
[0.715s] -- Installing: /home/amma/Kinova_gen2_rl/install/click_pointer/share/click_pointer/environment/ament_prefix_path.dsv
[0.715s] -- Installing: /home/amma/Kinova_gen2_rl/install/click_pointer/share/click_pointer/environment/path.sh
[0.715s] -- Installing: /home/amma/Kinova_gen2_rl/install/click_pointer/share/click_pointer/environment/path.dsv
[0.716s] -- Installing: /home/amma/Kinova_gen2_rl/install/click_pointer/share/click_pointer/local_setup.bash
[0.716s] -- Installing: /home/amma/Kinova_gen2_rl/install/click_pointer/share/click_pointer/local_setup.sh
[0.717s] -- Installing: /home/amma/Kinova_gen2_rl/install/click_pointer/share/click_pointer/local_setup.zsh
[0.717s] -- Installing: /home/amma/Kinova_gen2_rl/install/click_pointer/share/click_pointer/local_setup.dsv
[0.718s] -- Installing: /home/amma/Kinova_gen2_rl/install/click_pointer/share/click_pointer/package.dsv
[0.720s] -- Installing: /home/amma/Kinova_gen2_rl/install/click_pointer/share/ament_index/resource_index/packages/click_pointer
[0.721s] -- Installing: /home/amma/Kinova_gen2_rl/install/click_pointer/share/click_pointer/cmake/click_pointerConfig.cmake
[0.722s] -- Installing: /home/amma/Kinova_gen2_rl/install/click_pointer/share/click_pointer/cmake/click_pointerConfig-version.cmake
[0.723s] -- Installing: /home/amma/Kinova_gen2_rl/install/click_pointer/share/click_pointer/package.xml
[0.725s] Invoked command in '/home/amma/Kinova_gen2_rl/build/click_pointer' returned '0': CMAKE_PREFIX_PATH=${CMAKE_PREFIX_PATH}:/home/amma/Kinova_gen2_rl/install/mouth_tracking:/opt/ros/humble /usr/bin/cmake --install /home/amma/Kinova_gen2_rl/build/click_pointer
