[0.428s] [34mcolcon[0m [1;30mDEBUG[0m [32mCommand line arguments: ['/usr/bin/colcon', 'build', '--packages-select', 'point_goal_test', '--cmake-args', '-DCMAKE_BUILD_TYPE=Release'][0m
[0.428s] [34mcolcon[0m [1;30mDEBUG[0m [32mParsed command line arguments: Namespace(log_base=None, log_level=None, verb_name='build', build_base='build', install_base='install', merge_install=False, symlink_install=False, test_result_base=None, continue_on_error=False, executor='parallel', parallel_workers=16, event_handlers=None, ignore_user_meta=False, metas=['./colcon.meta'], base_paths=['.'], packages_ignore=None, packages_ignore_regex=None, paths=None, packages_up_to=None, packages_up_to_regex=None, packages_above=None, packages_above_and_dependencies=None, packages_above_depth=None, packages_select_by_dep=None, packages_skip_by_dep=None, packages_skip_up_to=None, packages_select_build_failed=False, packages_skip_build_finished=False, packages_select_test_failures=False, packages_skip_test_passed=False, packages_select=['point_goal_test'], packages_skip=None, packages_select_regex=None, packages_skip_regex=None, packages_start=None, packages_end=None, allow_overriding=[], cmake_args=['-DCMAKE_BUILD_TYPE=Release'], cmake_target=None, cmake_target_skip_unavailable=False, cmake_clean_cache=False, cmake_clean_first=False, cmake_force_configure=False, ament_cmake_args=None, catkin_cmake_args=None, catkin_skip_building_tests=False, mixin_files=None, mixin=None, verb_parser=<colcon_mixin.mixin.mixin_argument.MixinArgumentDecorator object at 0x7efb7350a140>, verb_extension=<colcon_core.verb.build.BuildVerb object at 0x7efb7368bc10>, main=<bound method BuildVerb.main of <colcon_core.verb.build.BuildVerb object at 0x7efb7368bc10>>, mixin_verb=('build',))[0m
[1.997s] [34mcolcon.colcon_core.package_discovery[0m [1;30mLevel 1[0m discover_packages(colcon_meta) check parameters
[1.997s] [34mcolcon.colcon_core.package_discovery[0m [1;30mLevel 1[0m discover_packages(recursive) check parameters
[1.997s] [34mcolcon.colcon_core.package_discovery[0m [1;30mLevel 1[0m discover_packages(ignore) check parameters
[1.997s] [34mcolcon.colcon_core.package_discovery[0m [1;30mLevel 1[0m discover_packages(path) check parameters
[1.997s] [34mcolcon.colcon_core.package_discovery[0m [1;30mLevel 1[0m discover_packages(colcon_meta) discover
[1.997s] [34mcolcon.colcon_core.package_discovery[0m [1;30mLevel 1[0m discover_packages(recursive) discover
[1.997s] [34mcolcon.colcon_core.package_discovery[0m [1;30mINFO[0m Crawling recursively for packages in '/home/amma/Kinova_gen2_rl'
[1.997s] [34mcolcon.colcon_core.package_identification[0m [1;30mLevel 1[0m _identify(.) by extensions ['ignore', 'ignore_ament_install']
[1.997s] [34mcolcon.colcon_core.package_identification[0m [1;30mLevel 1[0m _identify(.) by extension 'ignore'
[1.997s] [34mcolcon.colcon_core.package_identification[0m [1;30mLevel 1[0m _identify(.) by extension 'ignore_ament_install'
[1.997s] [34mcolcon.colcon_core.package_identification[0m [1;30mLevel 1[0m _identify(.) by extensions ['colcon_pkg']
[1.997s] [34mcolcon.colcon_core.package_identification[0m [1;30mLevel 1[0m _identify(.) by extension 'colcon_pkg'
[1.997s] [34mcolcon.colcon_core.package_identification[0m [1;30mLevel 1[0m _identify(.) by extensions ['colcon_meta']
[1.997s] [34mcolcon.colcon_core.package_identification[0m [1;30mLevel 1[0m _identify(.) by extension 'colcon_meta'
[1.997s] [34mcolcon.colcon_core.package_identification[0m [1;30mLevel 1[0m _identify(.) by extensions ['ros']
[1.997s] [34mcolcon.colcon_core.package_identification[0m [1;30mLevel 1[0m _identify(.) by extension 'ros'
[2.021s] [34mcolcon.colcon_core.package_identification[0m [1;30mLevel 1[0m _identify(.) by extensions ['cmake', 'python']
[2.021s] [34mcolcon.colcon_core.package_identification[0m [1;30mLevel 1[0m _identify(.) by extension 'cmake'
[2.021s] [34mcolcon.colcon_core.package_identification[0m [1;30mLevel 1[0m _identify(.) by extension 'python'
[2.021s] [34mcolcon.colcon_core.package_identification[0m [1;30mLevel 1[0m _identify(.) by extensions ['python_setup_py']
[2.021s] [34mcolcon.colcon_core.package_identification[0m [1;30mLevel 1[0m _identify(.) by extension 'python_setup_py'
[2.021s] [34mcolcon.colcon_core.package_identification[0m [1;30mLevel 1[0m _identify(__pycache__) by extensions ['ignore', 'ignore_ament_install']
[2.021s] [34mcolcon.colcon_core.package_identification[0m [1;30mLevel 1[0m _identify(__pycache__) by extension 'ignore'
[2.021s] [34mcolcon.colcon_core.package_identification[0m [1;30mLevel 1[0m _identify(__pycache__) by extension 'ignore_ament_install'
[2.021s] [34mcolcon.colcon_core.package_identification[0m [1;30mLevel 1[0m _identify(__pycache__) by extensions ['colcon_pkg']
[2.021s] [34mcolcon.colcon_core.package_identification[0m [1;30mLevel 1[0m _identify(__pycache__) by extension 'colcon_pkg'
[2.021s] [34mcolcon.colcon_core.package_identification[0m [1;30mLevel 1[0m _identify(__pycache__) by extensions ['colcon_meta']
[2.021s] [34mcolcon.colcon_core.package_identification[0m [1;30mLevel 1[0m _identify(__pycache__) by extension 'colcon_meta'
[2.021s] [34mcolcon.colcon_core.package_identification[0m [1;30mLevel 1[0m _identify(__pycache__) by extensions ['ros']
[2.021s] [34mcolcon.colcon_core.package_identification[0m [1;30mLevel 1[0m _identify(__pycache__) by extension 'ros'
[2.021s] [34mcolcon.colcon_core.package_identification[0m [1;30mLevel 1[0m _identify(__pycache__) by extensions ['cmake', 'python']
[2.021s] [34mcolcon.colcon_core.package_identification[0m [1;30mLevel 1[0m _identify(__pycache__) by extension 'cmake'
[2.021s] [34mcolcon.colcon_core.package_identification[0m [1;30mLevel 1[0m _identify(__pycache__) by extension 'python'
[2.021s] [34mcolcon.colcon_core.package_identification[0m [1;30mLevel 1[0m _identify(__pycache__) by extensions ['python_setup_py']
[2.021s] [34mcolcon.colcon_core.package_identification[0m [1;30mLevel 1[0m _identify(__pycache__) by extension 'python_setup_py'
[2.022s] [34mcolcon.colcon_core.package_identification[0m [1;30mLevel 1[0m _identify(build) by extensions ['ignore', 'ignore_ament_install']
[2.022s] [34mcolcon.colcon_core.package_identification[0m [1;30mLevel 1[0m _identify(build) by extension 'ignore'
[2.022s] [34mcolcon.colcon_core.package_identification[0m [1;30mLevel 1[0m _identify(build) ignored
[2.022s] [34mcolcon.colcon_core.package_identification[0m [1;30mLevel 1[0m _identify(install) by extensions ['ignore', 'ignore_ament_install']
[2.022s] [34mcolcon.colcon_core.package_identification[0m [1;30mLevel 1[0m _identify(install) by extension 'ignore'
[2.022s] [34mcolcon.colcon_core.package_identification[0m [1;30mLevel 1[0m _identify(install) ignored
[2.022s] [34mcolcon.colcon_core.package_identification[0m [1;30mLevel 1[0m _identify(log) by extensions ['ignore', 'ignore_ament_install']
[2.022s] [34mcolcon.colcon_core.package_identification[0m [1;30mLevel 1[0m _identify(log) by extension 'ignore'
[2.022s] [34mcolcon.colcon_core.package_identification[0m [1;30mLevel 1[0m _identify(log) ignored
[2.022s] [34mcolcon.colcon_core.package_identification[0m [1;30mLevel 1[0m _identify(src) by extensions ['ignore', 'ignore_ament_install']
[2.022s] [34mcolcon.colcon_core.package_identification[0m [1;30mLevel 1[0m _identify(src) by extension 'ignore'
[2.022s] [34mcolcon.colcon_core.package_identification[0m [1;30mLevel 1[0m _identify(src) by extension 'ignore_ament_install'
[2.022s] [34mcolcon.colcon_core.package_identification[0m [1;30mLevel 1[0m _identify(src) by extensions ['colcon_pkg']
[2.022s] [34mcolcon.colcon_core.package_identification[0m [1;30mLevel 1[0m _identify(src) by extension 'colcon_pkg'
[2.022s] [34mcolcon.colcon_core.package_identification[0m [1;30mLevel 1[0m _identify(src) by extensions ['colcon_meta']
[2.022s] [34mcolcon.colcon_core.package_identification[0m [1;30mLevel 1[0m _identify(src) by extension 'colcon_meta'
[2.022s] [34mcolcon.colcon_core.package_identification[0m [1;30mLevel 1[0m _identify(src) by extensions ['ros']
[2.022s] [34mcolcon.colcon_core.package_identification[0m [1;30mLevel 1[0m _identify(src) by extension 'ros'
[2.022s] [34mcolcon.colcon_core.package_identification[0m [1;30mLevel 1[0m _identify(src) by extensions ['cmake', 'python']
[2.022s] [34mcolcon.colcon_core.package_identification[0m [1;30mLevel 1[0m _identify(src) by extension 'cmake'
[2.022s] [34mcolcon.colcon_core.package_identification[0m [1;30mLevel 1[0m _identify(src) by extension 'python'
[2.022s] [34mcolcon.colcon_core.package_identification[0m [1;30mLevel 1[0m _identify(src) by extensions ['python_setup_py']
[2.022s] [34mcolcon.colcon_core.package_identification[0m [1;30mLevel 1[0m _identify(src) by extension 'python_setup_py'
[2.022s] [34mcolcon.colcon_core.package_identification[0m [1;30mLevel 1[0m _identify(src/click_pointer) by extensions ['ignore', 'ignore_ament_install']
[2.022s] [34mcolcon.colcon_core.package_identification[0m [1;30mLevel 1[0m _identify(src/click_pointer) by extension 'ignore'
[2.022s] [34mcolcon.colcon_core.package_identification[0m [1;30mLevel 1[0m _identify(src/click_pointer) by extension 'ignore_ament_install'
[2.023s] [34mcolcon.colcon_core.package_identification[0m [1;30mLevel 1[0m _identify(src/click_pointer) by extensions ['colcon_pkg']
[2.023s] [34mcolcon.colcon_core.package_identification[0m [1;30mLevel 1[0m _identify(src/click_pointer) by extension 'colcon_pkg'
[2.023s] [34mcolcon.colcon_core.package_identification[0m [1;30mLevel 1[0m _identify(src/click_pointer) by extensions ['colcon_meta']
[2.023s] [34mcolcon.colcon_core.package_identification[0m [1;30mLevel 1[0m _identify(src/click_pointer) by extension 'colcon_meta'
[2.023s] [34mcolcon.colcon_core.package_identification[0m [1;30mLevel 1[0m _identify(src/click_pointer) by extensions ['ros']
[2.023s] [34mcolcon.colcon_core.package_identification[0m [1;30mLevel 1[0m _identify(src/click_pointer) by extension 'ros'
[2.039s] [34mcolcon.colcon_core.package_identification[0m [1;30mDEBUG[0m [32mPackage 'src/click_pointer' with type 'ros.ament_cmake' and name 'click_pointer'[0m
[2.039s] [34mcolcon.colcon_core.package_identification[0m [1;30mLevel 1[0m _identify(src/easy_handeye2) by extensions ['ignore', 'ignore_ament_install']
[2.039s] [34mcolcon.colcon_core.package_identification[0m [1;30mLevel 1[0m _identify(src/easy_handeye2) by extension 'ignore'
[2.039s] [34mcolcon.colcon_core.package_identification[0m [1;30mLevel 1[0m _identify(src/easy_handeye2) by extension 'ignore_ament_install'
[2.039s] [34mcolcon.colcon_core.package_identification[0m [1;30mLevel 1[0m _identify(src/easy_handeye2) by extensions ['colcon_pkg']
[2.039s] [34mcolcon.colcon_core.package_identification[0m [1;30mLevel 1[0m _identify(src/easy_handeye2) by extension 'colcon_pkg'
[2.039s] [34mcolcon.colcon_core.package_identification[0m [1;30mLevel 1[0m _identify(src/easy_handeye2) by extensions ['colcon_meta']
[2.039s] [34mcolcon.colcon_core.package_identification[0m [1;30mLevel 1[0m _identify(src/easy_handeye2) by extension 'colcon_meta'
[2.039s] [34mcolcon.colcon_core.package_identification[0m [1;30mLevel 1[0m _identify(src/easy_handeye2) by extensions ['ros']
[2.039s] [34mcolcon.colcon_core.package_identification[0m [1;30mLevel 1[0m _identify(src/easy_handeye2) by extension 'ros'
[2.039s] [34mcolcon.colcon_core.package_identification[0m [1;30mLevel 1[0m _identify(src/easy_handeye2) by extensions ['cmake', 'python']
[2.039s] [34mcolcon.colcon_core.package_identification[0m [1;30mLevel 1[0m _identify(src/easy_handeye2) by extension 'cmake'
[2.039s] [34mcolcon.colcon_core.package_identification[0m [1;30mLevel 1[0m _identify(src/easy_handeye2) by extension 'python'
[2.040s] [34mcolcon.colcon_core.package_identification[0m [1;30mLevel 1[0m _identify(src/easy_handeye2) by extensions ['python_setup_py']
[2.040s] [34mcolcon.colcon_core.package_identification[0m [1;30mLevel 1[0m _identify(src/easy_handeye2) by extension 'python_setup_py'
[2.040s] [34mcolcon.colcon_core.package_identification[0m [1;30mLevel 1[0m _identify(src/kinova-ros2) by extensions ['ignore', 'ignore_ament_install']
[2.040s] [34mcolcon.colcon_core.package_identification[0m [1;30mLevel 1[0m _identify(src/kinova-ros2) by extension 'ignore'
[2.040s] [34mcolcon.colcon_core.package_identification[0m [1;30mLevel 1[0m _identify(src/kinova-ros2) by extension 'ignore_ament_install'
[2.040s] [34mcolcon.colcon_core.package_identification[0m [1;30mLevel 1[0m _identify(src/kinova-ros2) by extensions ['colcon_pkg']
[2.040s] [34mcolcon.colcon_core.package_identification[0m [1;30mLevel 1[0m _identify(src/kinova-ros2) by extension 'colcon_pkg'
[2.040s] [34mcolcon.colcon_core.package_identification[0m [1;30mLevel 1[0m _identify(src/kinova-ros2) by extensions ['colcon_meta']
[2.040s] [34mcolcon.colcon_core.package_identification[0m [1;30mLevel 1[0m _identify(src/kinova-ros2) by extension 'colcon_meta'
[2.040s] [34mcolcon.colcon_core.package_identification[0m [1;30mLevel 1[0m _identify(src/kinova-ros2) by extensions ['ros']
[2.040s] [34mcolcon.colcon_core.package_identification[0m [1;30mLevel 1[0m _identify(src/kinova-ros2) by extension 'ros'
[2.040s] [34mcolcon.colcon_core.package_identification[0m [1;30mLevel 1[0m _identify(src/kinova-ros2) by extensions ['cmake', 'python']
[2.040s] [34mcolcon.colcon_core.package_identification[0m [1;30mLevel 1[0m _identify(src/kinova-ros2) by extension 'cmake'
[2.040s] [34mcolcon.colcon_core.package_identification[0m [1;30mLevel 1[0m _identify(src/kinova-ros2) by extension 'python'
[2.040s] [34mcolcon.colcon_core.package_identification[0m [1;30mLevel 1[0m _identify(src/kinova-ros2) by extensions ['python_setup_py']
[2.040s] [34mcolcon.colcon_core.package_identification[0m [1;30mLevel 1[0m _identify(src/kinova-ros2) by extension 'python_setup_py'
[2.040s] [34mcolcon.colcon_core.package_identification[0m [1;30mLevel 1[0m _identify(src/kinova-ros2/j2s6s200_moveit_config) by extensions ['ignore', 'ignore_ament_install']
[2.040s] [34mcolcon.colcon_core.package_identification[0m [1;30mLevel 1[0m _identify(src/kinova-ros2/j2s6s200_moveit_config) by extension 'ignore'
[2.040s] [34mcolcon.colcon_core.package_identification[0m [1;30mLevel 1[0m _identify(src/kinova-ros2/j2s6s200_moveit_config) by extension 'ignore_ament_install'
[2.040s] [34mcolcon.colcon_core.package_identification[0m [1;30mLevel 1[0m _identify(src/kinova-ros2/j2s6s200_moveit_config) by extensions ['colcon_pkg']
[2.040s] [34mcolcon.colcon_core.package_identification[0m [1;30mLevel 1[0m _identify(src/kinova-ros2/j2s6s200_moveit_config) by extension 'colcon_pkg'
[2.040s] [34mcolcon.colcon_core.package_identification[0m [1;30mLevel 1[0m _identify(src/kinova-ros2/j2s6s200_moveit_config) by extensions ['colcon_meta']
[2.040s] [34mcolcon.colcon_core.package_identification[0m [1;30mLevel 1[0m _identify(src/kinova-ros2/j2s6s200_moveit_config) by extension 'colcon_meta'
[2.040s] [34mcolcon.colcon_core.package_identification[0m [1;30mLevel 1[0m _identify(src/kinova-ros2/j2s6s200_moveit_config) by extensions ['ros']
[2.040s] [34mcolcon.colcon_core.package_identification[0m [1;30mLevel 1[0m _identify(src/kinova-ros2/j2s6s200_moveit_config) by extension 'ros'
[2.041s] [34mcolcon.colcon_core.package_identification[0m [1;30mDEBUG[0m [32mPackage 'src/kinova-ros2/j2s6s200_moveit_config' with type 'ros.ament_cmake' and name 'j2s6s200_moveit_config'[0m
[2.041s] [34mcolcon.colcon_core.package_identification[0m [1;30mLevel 1[0m _identify(src/kinova-ros2/kinova_bringup) by extensions ['ignore', 'ignore_ament_install']
[2.041s] [34mcolcon.colcon_core.package_identification[0m [1;30mLevel 1[0m _identify(src/kinova-ros2/kinova_bringup) by extension 'ignore'
[2.041s] [34mcolcon.colcon_core.package_identification[0m [1;30mLevel 1[0m _identify(src/kinova-ros2/kinova_bringup) by extension 'ignore_ament_install'
[2.041s] [34mcolcon.colcon_core.package_identification[0m [1;30mLevel 1[0m _identify(src/kinova-ros2/kinova_bringup) by extensions ['colcon_pkg']
[2.041s] [34mcolcon.colcon_core.package_identification[0m [1;30mLevel 1[0m _identify(src/kinova-ros2/kinova_bringup) by extension 'colcon_pkg'
[2.041s] [34mcolcon.colcon_core.package_identification[0m [1;30mLevel 1[0m _identify(src/kinova-ros2/kinova_bringup) by extensions ['colcon_meta']
[2.041s] [34mcolcon.colcon_core.package_identification[0m [1;30mLevel 1[0m _identify(src/kinova-ros2/kinova_bringup) by extension 'colcon_meta'
[2.041s] [34mcolcon.colcon_core.package_identification[0m [1;30mLevel 1[0m _identify(src/kinova-ros2/kinova_bringup) by extensions ['ros']
[2.041s] [34mcolcon.colcon_core.package_identification[0m [1;30mLevel 1[0m _identify(src/kinova-ros2/kinova_bringup) by extension 'ros'
[2.041s] [34mcolcon.colcon_core.package_identification[0m [1;30mDEBUG[0m [32mPackage 'src/kinova-ros2/kinova_bringup' with type 'ros.ament_cmake' and name 'kinova_bringup'[0m
[2.041s] [34mcolcon.colcon_core.package_identification[0m [1;30mLevel 1[0m _identify(src/kinova-ros2/kinova_demo) by extensions ['ignore', 'ignore_ament_install']
[2.041s] [34mcolcon.colcon_core.package_identification[0m [1;30mLevel 1[0m _identify(src/kinova-ros2/kinova_demo) by extension 'ignore'
[2.042s] [34mcolcon.colcon_core.package_identification[0m [1;30mLevel 1[0m _identify(src/kinova-ros2/kinova_demo) by extension 'ignore_ament_install'
[2.042s] [34mcolcon.colcon_core.package_identification[0m [1;30mLevel 1[0m _identify(src/kinova-ros2/kinova_demo) by extensions ['colcon_pkg']
[2.042s] [34mcolcon.colcon_core.package_identification[0m [1;30mLevel 1[0m _identify(src/kinova-ros2/kinova_demo) by extension 'colcon_pkg'
[2.042s] [34mcolcon.colcon_core.package_identification[0m [1;30mLevel 1[0m _identify(src/kinova-ros2/kinova_demo) by extensions ['colcon_meta']
[2.042s] [34mcolcon.colcon_core.package_identification[0m [1;30mLevel 1[0m _identify(src/kinova-ros2/kinova_demo) by extension 'colcon_meta'
[2.042s] [34mcolcon.colcon_core.package_identification[0m [1;30mLevel 1[0m _identify(src/kinova-ros2/kinova_demo) by extensions ['ros']
[2.042s] [34mcolcon.colcon_core.package_identification[0m [1;30mLevel 1[0m _identify(src/kinova-ros2/kinova_demo) by extension 'ros'
[2.042s] [34mcolcon.colcon_core.package_identification[0m [1;30mDEBUG[0m [32mPackage 'src/kinova-ros2/kinova_demo' with type 'ros.ament_cmake' and name 'kinova_demo'[0m
[2.042s] [34mcolcon.colcon_core.package_identification[0m [1;30mLevel 1[0m _identify(src/kinova-ros2/kinova_description) by extensions ['ignore', 'ignore_ament_install']
[2.043s] [34mcolcon.colcon_core.package_identification[0m [1;30mLevel 1[0m _identify(src/kinova-ros2/kinova_description) by extension 'ignore'
[2.043s] [34mcolcon.colcon_core.package_identification[0m [1;30mLevel 1[0m _identify(src/kinova-ros2/kinova_description) by extension 'ignore_ament_install'
[2.043s] [34mcolcon.colcon_core.package_identification[0m [1;30mLevel 1[0m _identify(src/kinova-ros2/kinova_description) by extensions ['colcon_pkg']
[2.043s] [34mcolcon.colcon_core.package_identification[0m [1;30mLevel 1[0m _identify(src/kinova-ros2/kinova_description) by extension 'colcon_pkg'
[2.043s] [34mcolcon.colcon_core.package_identification[0m [1;30mLevel 1[0m _identify(src/kinova-ros2/kinova_description) by extensions ['colcon_meta']
[2.043s] [34mcolcon.colcon_core.package_identification[0m [1;30mLevel 1[0m _identify(src/kinova-ros2/kinova_description) by extension 'colcon_meta'
[2.043s] [34mcolcon.colcon_core.package_identification[0m [1;30mLevel 1[0m _identify(src/kinova-ros2/kinova_description) by extensions ['ros']
[2.043s] [34mcolcon.colcon_core.package_identification[0m [1;30mLevel 1[0m _identify(src/kinova-ros2/kinova_description) by extension 'ros'
[2.043s] [34mcolcon.colcon_core.package_identification[0m [1;30mDEBUG[0m [32mPackage 'src/kinova-ros2/kinova_description' with type 'ros.ament_cmake' and name 'kinova_description'[0m
[2.043s] [34mcolcon.colcon_core.package_identification[0m [1;30mLevel 1[0m _identify(src/kinova-ros2/kinova_docs) by extensions ['ignore', 'ignore_ament_install']
[2.043s] [34mcolcon.colcon_core.package_identification[0m [1;30mLevel 1[0m _identify(src/kinova-ros2/kinova_docs) by extension 'ignore'
[2.043s] [34mcolcon.colcon_core.package_identification[0m [1;30mLevel 1[0m _identify(src/kinova-ros2/kinova_docs) by extension 'ignore_ament_install'
[2.043s] [34mcolcon.colcon_core.package_identification[0m [1;30mLevel 1[0m _identify(src/kinova-ros2/kinova_docs) by extensions ['colcon_pkg']
[2.043s] [34mcolcon.colcon_core.package_identification[0m [1;30mLevel 1[0m _identify(src/kinova-ros2/kinova_docs) by extension 'colcon_pkg'
[2.043s] [34mcolcon.colcon_core.package_identification[0m [1;30mLevel 1[0m _identify(src/kinova-ros2/kinova_docs) by extensions ['colcon_meta']
[2.043s] [34mcolcon.colcon_core.package_identification[0m [1;30mLevel 1[0m _identify(src/kinova-ros2/kinova_docs) by extension 'colcon_meta'
[2.043s] [34mcolcon.colcon_core.package_identification[0m [1;30mLevel 1[0m _identify(src/kinova-ros2/kinova_docs) by extensions ['ros']
[2.043s] [34mcolcon.colcon_core.package_identification[0m [1;30mLevel 1[0m _identify(src/kinova-ros2/kinova_docs) by extension 'ros'
[2.043s] [34mcolcon.colcon_core.package_identification[0m [1;30mLevel 1[0m _identify(src/kinova-ros2/kinova_docs) by extensions ['cmake', 'python']
[2.044s] [34mcolcon.colcon_core.package_identification[0m [1;30mLevel 1[0m _identify(src/kinova-ros2/kinova_docs) by extension 'cmake'
[2.044s] [34mcolcon.colcon_core.package_identification[0m [1;30mLevel 1[0m _identify(src/kinova-ros2/kinova_docs) by extension 'python'
[2.044s] [34mcolcon.colcon_core.package_identification[0m [1;30mLevel 1[0m _identify(src/kinova-ros2/kinova_docs) by extensions ['python_setup_py']
[2.044s] [34mcolcon.colcon_core.package_identification[0m [1;30mLevel 1[0m _identify(src/kinova-ros2/kinova_docs) by extension 'python_setup_py'
[2.044s] [34mcolcon.colcon_core.package_identification[0m [1;30mLevel 1[0m _identify(src/kinova-ros2/kinova_docs/kinova_comm) by extensions ['ignore', 'ignore_ament_install']
[2.044s] [34mcolcon.colcon_core.package_identification[0m [1;30mLevel 1[0m _identify(src/kinova-ros2/kinova_docs/kinova_comm) by extension 'ignore'
[2.044s] [34mcolcon.colcon_core.package_identification[0m [1;30mLevel 1[0m _identify(src/kinova-ros2/kinova_docs/kinova_comm) by extension 'ignore_ament_install'
[2.044s] [34mcolcon.colcon_core.package_identification[0m [1;30mLevel 1[0m _identify(src/kinova-ros2/kinova_docs/kinova_comm) by extensions ['colcon_pkg']
[2.044s] [34mcolcon.colcon_core.package_identification[0m [1;30mLevel 1[0m _identify(src/kinova-ros2/kinova_docs/kinova_comm) by extension 'colcon_pkg'
[2.044s] [34mcolcon.colcon_core.package_identification[0m [1;30mLevel 1[0m _identify(src/kinova-ros2/kinova_docs/kinova_comm) by extensions ['colcon_meta']
[2.044s] [34mcolcon.colcon_core.package_identification[0m [1;30mLevel 1[0m _identify(src/kinova-ros2/kinova_docs/kinova_comm) by extension 'colcon_meta'
[2.044s] [34mcolcon.colcon_core.package_identification[0m [1;30mLevel 1[0m _identify(src/kinova-ros2/kinova_docs/kinova_comm) by extensions ['ros']
[2.044s] [34mcolcon.colcon_core.package_identification[0m [1;30mLevel 1[0m _identify(src/kinova-ros2/kinova_docs/kinova_comm) by extension 'ros'
[2.044s] [34mcolcon.colcon_core.package_identification[0m [1;30mLevel 1[0m _identify(src/kinova-ros2/kinova_docs/kinova_comm) by extensions ['cmake', 'python']
[2.044s] [34mcolcon.colcon_core.package_identification[0m [1;30mLevel 1[0m _identify(src/kinova-ros2/kinova_docs/kinova_comm) by extension 'cmake'
[2.044s] [34mcolcon.colcon_core.package_identification[0m [1;30mLevel 1[0m _identify(src/kinova-ros2/kinova_docs/kinova_comm) by extension 'python'
[2.044s] [34mcolcon.colcon_core.package_identification[0m [1;30mLevel 1[0m _identify(src/kinova-ros2/kinova_docs/kinova_comm) by extensions ['python_setup_py']
[2.044s] [34mcolcon.colcon_core.package_identification[0m [1;30mLevel 1[0m _identify(src/kinova-ros2/kinova_docs/kinova_comm) by extension 'python_setup_py'
[2.044s] [34mcolcon.colcon_core.package_identification[0m [1;30mLevel 1[0m _identify(src/kinova-ros2/kinova_docs/kinova_comm/html) by extensions ['ignore', 'ignore_ament_install']
[2.044s] [34mcolcon.colcon_core.package_identification[0m [1;30mLevel 1[0m _identify(src/kinova-ros2/kinova_docs/kinova_comm/html) by extension 'ignore'
[2.044s] [34mcolcon.colcon_core.package_identification[0m [1;30mLevel 1[0m _identify(src/kinova-ros2/kinova_docs/kinova_comm/html) by extension 'ignore_ament_install'
[2.044s] [34mcolcon.colcon_core.package_identification[0m [1;30mLevel 1[0m _identify(src/kinova-ros2/kinova_docs/kinova_comm/html) by extensions ['colcon_pkg']
[2.044s] [34mcolcon.colcon_core.package_identification[0m [1;30mLevel 1[0m _identify(src/kinova-ros2/kinova_docs/kinova_comm/html) by extension 'colcon_pkg'
[2.044s] [34mcolcon.colcon_core.package_identification[0m [1;30mLevel 1[0m _identify(src/kinova-ros2/kinova_docs/kinova_comm/html) by extensions ['colcon_meta']
[2.044s] [34mcolcon.colcon_core.package_identification[0m [1;30mLevel 1[0m _identify(src/kinova-ros2/kinova_docs/kinova_comm/html) by extension 'colcon_meta'
[2.044s] [34mcolcon.colcon_core.package_identification[0m [1;30mLevel 1[0m _identify(src/kinova-ros2/kinova_docs/kinova_comm/html) by extensions ['ros']
[2.044s] [34mcolcon.colcon_core.package_identification[0m [1;30mLevel 1[0m _identify(src/kinova-ros2/kinova_docs/kinova_comm/html) by extension 'ros'
[2.044s] [34mcolcon.colcon_core.package_identification[0m [1;30mLevel 1[0m _identify(src/kinova-ros2/kinova_docs/kinova_comm/html) by extensions ['cmake', 'python']
[2.044s] [34mcolcon.colcon_core.package_identification[0m [1;30mLevel 1[0m _identify(src/kinova-ros2/kinova_docs/kinova_comm/html) by extension 'cmake'
[2.044s] [34mcolcon.colcon_core.package_identification[0m [1;30mLevel 1[0m _identify(src/kinova-ros2/kinova_docs/kinova_comm/html) by extension 'python'
[2.044s] [34mcolcon.colcon_core.package_identification[0m [1;30mLevel 1[0m _identify(src/kinova-ros2/kinova_docs/kinova_comm/html) by extensions ['python_setup_py']
[2.045s] [34mcolcon.colcon_core.package_identification[0m [1;30mLevel 1[0m _identify(src/kinova-ros2/kinova_docs/kinova_comm/html) by extension 'python_setup_py'
[2.045s] [34mcolcon.colcon_core.package_identification[0m [1;30mLevel 1[0m _identify(src/kinova-ros2/kinova_docs/kinova_comm/html/search) by extensions ['ignore', 'ignore_ament_install']
[2.045s] [34mcolcon.colcon_core.package_identification[0m [1;30mLevel 1[0m _identify(src/kinova-ros2/kinova_docs/kinova_comm/html/search) by extension 'ignore'
[2.045s] [34mcolcon.colcon_core.package_identification[0m [1;30mLevel 1[0m _identify(src/kinova-ros2/kinova_docs/kinova_comm/html/search) by extension 'ignore_ament_install'
[2.045s] [34mcolcon.colcon_core.package_identification[0m [1;30mLevel 1[0m _identify(src/kinova-ros2/kinova_docs/kinova_comm/html/search) by extensions ['colcon_pkg']
[2.045s] [34mcolcon.colcon_core.package_identification[0m [1;30mLevel 1[0m _identify(src/kinova-ros2/kinova_docs/kinova_comm/html/search) by extension 'colcon_pkg'
[2.045s] [34mcolcon.colcon_core.package_identification[0m [1;30mLevel 1[0m _identify(src/kinova-ros2/kinova_docs/kinova_comm/html/search) by extensions ['colcon_meta']
[2.045s] [34mcolcon.colcon_core.package_identification[0m [1;30mLevel 1[0m _identify(src/kinova-ros2/kinova_docs/kinova_comm/html/search) by extension 'colcon_meta'
[2.045s] [34mcolcon.colcon_core.package_identification[0m [1;30mLevel 1[0m _identify(src/kinova-ros2/kinova_docs/kinova_comm/html/search) by extensions ['ros']
[2.045s] [34mcolcon.colcon_core.package_identification[0m [1;30mLevel 1[0m _identify(src/kinova-ros2/kinova_docs/kinova_comm/html/search) by extension 'ros'
[2.045s] [34mcolcon.colcon_core.package_identification[0m [1;30mLevel 1[0m _identify(src/kinova-ros2/kinova_docs/kinova_comm/html/search) by extensions ['cmake', 'python']
[2.045s] [34mcolcon.colcon_core.package_identification[0m [1;30mLevel 1[0m _identify(src/kinova-ros2/kinova_docs/kinova_comm/html/search) by extension 'cmake'
[2.045s] [34mcolcon.colcon_core.package_identification[0m [1;30mLevel 1[0m _identify(src/kinova-ros2/kinova_docs/kinova_comm/html/search) by extension 'python'
[2.045s] [34mcolcon.colcon_core.package_identification[0m [1;30mLevel 1[0m _identify(src/kinova-ros2/kinova_docs/kinova_comm/html/search) by extensions ['python_setup_py']
[2.045s] [34mcolcon.colcon_core.package_identification[0m [1;30mLevel 1[0m _identify(src/kinova-ros2/kinova_docs/kinova_comm/html/search) by extension 'python_setup_py'
[2.045s] [34mcolcon.colcon_core.package_identification[0m [1;30mLevel 1[0m _identify(src/kinova-ros2/kinova_driver) by extensions ['ignore', 'ignore_ament_install']
[2.045s] [34mcolcon.colcon_core.package_identification[0m [1;30mLevel 1[0m _identify(src/kinova-ros2/kinova_driver) by extension 'ignore'
[2.045s] [34mcolcon.colcon_core.package_identification[0m [1;30mLevel 1[0m _identify(src/kinova-ros2/kinova_driver) by extension 'ignore_ament_install'
[2.045s] [34mcolcon.colcon_core.package_identification[0m [1;30mLevel 1[0m _identify(src/kinova-ros2/kinova_driver) by extensions ['colcon_pkg']
[2.045s] [34mcolcon.colcon_core.package_identification[0m [1;30mLevel 1[0m _identify(src/kinova-ros2/kinova_driver) by extension 'colcon_pkg'
[2.045s] [34mcolcon.colcon_core.package_identification[0m [1;30mLevel 1[0m _identify(src/kinova-ros2/kinova_driver) by extensions ['colcon_meta']
[2.045s] [34mcolcon.colcon_core.package_identification[0m [1;30mLevel 1[0m _identify(src/kinova-ros2/kinova_driver) by extension 'colcon_meta'
[2.045s] [34mcolcon.colcon_core.package_identification[0m [1;30mLevel 1[0m _identify(src/kinova-ros2/kinova_driver) by extensions ['ros']
[2.045s] [34mcolcon.colcon_core.package_identification[0m [1;30mLevel 1[0m _identify(src/kinova-ros2/kinova_driver) by extension 'ros'
[2.046s] [34mcolcon.colcon_core.package_identification[0m [1;30mDEBUG[0m [32mPackage 'src/kinova-ros2/kinova_driver' with type 'ros.ament_cmake' and name 'kinova_driver'[0m
[2.046s] [34mcolcon.colcon_core.package_identification[0m [1;30mLevel 1[0m _identify(src/kinova-ros2/kinova_msgs) by extensions ['ignore', 'ignore_ament_install']
[2.046s] [34mcolcon.colcon_core.package_identification[0m [1;30mLevel 1[0m _identify(src/kinova-ros2/kinova_msgs) by extension 'ignore'
[2.046s] [34mcolcon.colcon_core.package_identification[0m [1;30mLevel 1[0m _identify(src/kinova-ros2/kinova_msgs) by extension 'ignore_ament_install'
[2.047s] [34mcolcon.colcon_core.package_identification[0m [1;30mLevel 1[0m _identify(src/kinova-ros2/kinova_msgs) by extensions ['colcon_pkg']
[2.047s] [34mcolcon.colcon_core.package_identification[0m [1;30mLevel 1[0m _identify(src/kinova-ros2/kinova_msgs) by extension 'colcon_pkg'
[2.047s] [34mcolcon.colcon_core.package_identification[0m [1;30mLevel 1[0m _identify(src/kinova-ros2/kinova_msgs) by extensions ['colcon_meta']
[2.047s] [34mcolcon.colcon_core.package_identification[0m [1;30mLevel 1[0m _identify(src/kinova-ros2/kinova_msgs) by extension 'colcon_meta'
[2.047s] [34mcolcon.colcon_core.package_identification[0m [1;30mLevel 1[0m _identify(src/kinova-ros2/kinova_msgs) by extensions ['ros']
[2.047s] [34mcolcon.colcon_core.package_identification[0m [1;30mLevel 1[0m _identify(src/kinova-ros2/kinova_msgs) by extension 'ros'
[2.047s] [34mcolcon.colcon_core.package_identification[0m [1;30mDEBUG[0m [32mPackage 'src/kinova-ros2/kinova_msgs' with type 'ros.ament_cmake' and name 'kinova_msgs'[0m
[2.047s] [34mcolcon.colcon_core.package_identification[0m [1;30mLevel 1[0m _identify(src/kinova-ros2/point_goal_test) by extensions ['ignore', 'ignore_ament_install']
[2.047s] [34mcolcon.colcon_core.package_identification[0m [1;30mLevel 1[0m _identify(src/kinova-ros2/point_goal_test) by extension 'ignore'
[2.047s] [34mcolcon.colcon_core.package_identification[0m [1;30mLevel 1[0m _identify(src/kinova-ros2/point_goal_test) by extension 'ignore_ament_install'
[2.047s] [34mcolcon.colcon_core.package_identification[0m [1;30mLevel 1[0m _identify(src/kinova-ros2/point_goal_test) by extensions ['colcon_pkg']
[2.047s] [34mcolcon.colcon_core.package_identification[0m [1;30mLevel 1[0m _identify(src/kinova-ros2/point_goal_test) by extension 'colcon_pkg'
[2.047s] [34mcolcon.colcon_core.package_identification[0m [1;30mLevel 1[0m _identify(src/kinova-ros2/point_goal_test) by extensions ['colcon_meta']
[2.047s] [34mcolcon.colcon_core.package_identification[0m [1;30mLevel 1[0m _identify(src/kinova-ros2/point_goal_test) by extension 'colcon_meta'
[2.047s] [34mcolcon.colcon_core.package_identification[0m [1;30mLevel 1[0m _identify(src/kinova-ros2/point_goal_test) by extensions ['ros']
[2.047s] [34mcolcon.colcon_core.package_identification[0m [1;30mLevel 1[0m _identify(src/kinova-ros2/point_goal_test) by extension 'ros'
[2.048s] [34mcolcon.colcon_core.package_identification[0m [1;30mDEBUG[0m [32mPackage 'src/kinova-ros2/point_goal_test' with type 'ros.ament_cmake' and name 'point_goal_test'[0m
[2.048s] [34mcolcon.colcon_core.package_identification[0m [1;30mLevel 1[0m _identify(src/mouth_tracking) by extensions ['ignore', 'ignore_ament_install']
[2.048s] [34mcolcon.colcon_core.package_identification[0m [1;30mLevel 1[0m _identify(src/mouth_tracking) by extension 'ignore'
[2.048s] [34mcolcon.colcon_core.package_identification[0m [1;30mLevel 1[0m _identify(src/mouth_tracking) by extension 'ignore_ament_install'
[2.048s] [34mcolcon.colcon_core.package_identification[0m [1;30mLevel 1[0m _identify(src/mouth_tracking) by extensions ['colcon_pkg']
[2.048s] [34mcolcon.colcon_core.package_identification[0m [1;30mLevel 1[0m _identify(src/mouth_tracking) by extension 'colcon_pkg'
[2.048s] [34mcolcon.colcon_core.package_identification[0m [1;30mLevel 1[0m _identify(src/mouth_tracking) by extensions ['colcon_meta']
[2.048s] [34mcolcon.colcon_core.package_identification[0m [1;30mLevel 1[0m _identify(src/mouth_tracking) by extension 'colcon_meta'
[2.048s] [34mcolcon.colcon_core.package_identification[0m [1;30mLevel 1[0m _identify(src/mouth_tracking) by extensions ['ros']
[2.048s] [34mcolcon.colcon_core.package_identification[0m [1;30mLevel 1[0m _identify(src/mouth_tracking) by extension 'ros'
[2.049s] [34mcolcon.colcon_core.package_identification[0m [1;30mDEBUG[0m [32mPackage 'src/mouth_tracking' with type 'ros.ament_python' and name 'mouth_tracking'[0m
[2.049s] [34mcolcon.colcon_core.package_identification[0m [1;30mLevel 1[0m _identify(src/pymoveit2) by extensions ['ignore', 'ignore_ament_install']
[2.049s] [34mcolcon.colcon_core.package_identification[0m [1;30mLevel 1[0m _identify(src/pymoveit2) by extension 'ignore'
[2.049s] [34mcolcon.colcon_core.package_identification[0m [1;30mLevel 1[0m _identify(src/pymoveit2) by extension 'ignore_ament_install'
[2.049s] [34mcolcon.colcon_core.package_identification[0m [1;30mLevel 1[0m _identify(src/pymoveit2) by extensions ['colcon_pkg']
[2.049s] [34mcolcon.colcon_core.package_identification[0m [1;30mLevel 1[0m _identify(src/pymoveit2) by extension 'colcon_pkg'
[2.049s] [34mcolcon.colcon_core.package_identification[0m [1;30mLevel 1[0m _identify(src/pymoveit2) by extensions ['colcon_meta']
[2.049s] [34mcolcon.colcon_core.package_identification[0m [1;30mLevel 1[0m _identify(src/pymoveit2) by extension 'colcon_meta'
[2.049s] [34mcolcon.colcon_core.package_identification[0m [1;30mLevel 1[0m _identify(src/pymoveit2) by extensions ['ros']
[2.049s] [34mcolcon.colcon_core.package_identification[0m [1;30mLevel 1[0m _identify(src/pymoveit2) by extension 'ros'
[2.049s] [34mcolcon.colcon_core.package_identification[0m [1;30mLevel 1[0m _identify(src/pymoveit2) by extensions ['cmake', 'python']
[2.049s] [34mcolcon.colcon_core.package_identification[0m [1;30mLevel 1[0m _identify(src/pymoveit2) by extension 'cmake'
[2.049s] [34mcolcon.colcon_core.package_identification[0m [1;30mLevel 1[0m _identify(src/pymoveit2) by extension 'python'
[2.049s] [34mcolcon.colcon_core.package_identification[0m [1;30mLevel 1[0m _identify(src/pymoveit2) by extensions ['python_setup_py']
[2.049s] [34mcolcon.colcon_core.package_identification[0m [1;30mLevel 1[0m _identify(src/pymoveit2) by extension 'python_setup_py'
[2.049s] [34mcolcon.colcon_core.package_identification[0m [1;30mLevel 1[0m _identify(tested) by extensions ['ignore', 'ignore_ament_install']
[2.049s] [34mcolcon.colcon_core.package_identification[0m [1;30mLevel 1[0m _identify(tested) by extension 'ignore'
[2.049s] [34mcolcon.colcon_core.package_identification[0m [1;30mLevel 1[0m _identify(tested) by extension 'ignore_ament_install'
[2.050s] [34mcolcon.colcon_core.package_identification[0m [1;30mLevel 1[0m _identify(tested) by extensions ['colcon_pkg']
[2.050s] [34mcolcon.colcon_core.package_identification[0m [1;30mLevel 1[0m _identify(tested) by extension 'colcon_pkg'
[2.050s] [34mcolcon.colcon_core.package_identification[0m [1;30mLevel 1[0m _identify(tested) by extensions ['colcon_meta']
[2.050s] [34mcolcon.colcon_core.package_identification[0m [1;30mLevel 1[0m _identify(tested) by extension 'colcon_meta'
[2.050s] [34mcolcon.colcon_core.package_identification[0m [1;30mLevel 1[0m _identify(tested) by extensions ['ros']
[2.050s] [34mcolcon.colcon_core.package_identification[0m [1;30mLevel 1[0m _identify(tested) by extension 'ros'
[2.050s] [34mcolcon.colcon_core.package_identification[0m [1;30mLevel 1[0m _identify(tested) by extensions ['cmake', 'python']
[2.050s] [34mcolcon.colcon_core.package_identification[0m [1;30mLevel 1[0m _identify(tested) by extension 'cmake'
[2.050s] [34mcolcon.colcon_core.package_identification[0m [1;30mLevel 1[0m _identify(tested) by extension 'python'
[2.050s] [34mcolcon.colcon_core.package_identification[0m [1;30mLevel 1[0m _identify(tested) by extensions ['python_setup_py']
[2.050s] [34mcolcon.colcon_core.package_identification[0m [1;30mLevel 1[0m _identify(tested) by extension 'python_setup_py'
[2.050s] [34mcolcon.colcon_core.package_discovery[0m [1;30mLevel 1[0m discover_packages(recursive) using defaults
[2.050s] [34mcolcon.colcon_core.package_discovery[0m [1;30mLevel 1[0m discover_packages(ignore) discover
[2.050s] [34mcolcon.colcon_core.package_discovery[0m [1;30mLevel 1[0m discover_packages(ignore) using defaults
[2.050s] [34mcolcon.colcon_core.package_discovery[0m [1;30mLevel 1[0m discover_packages(path) discover
[2.050s] [34mcolcon.colcon_core.package_discovery[0m [1;30mLevel 1[0m discover_packages(path) using defaults
[2.095s] [34mcolcon.colcon_core.package_selection[0m [1;30mINFO[0m Skipping not selected package 'click_pointer' in 'src/click_pointer'
[2.095s] [34mcolcon.colcon_core.package_selection[0m [1;30mINFO[0m Skipping not selected package 'kinova_bringup' in 'src/kinova-ros2/kinova_bringup'
[2.095s] [34mcolcon.colcon_core.package_selection[0m [1;30mINFO[0m Skipping not selected package 'kinova_description' in 'src/kinova-ros2/kinova_description'
[2.095s] [34mcolcon.colcon_core.package_selection[0m [1;30mINFO[0m Skipping not selected package 'kinova_msgs' in 'src/kinova-ros2/kinova_msgs'
[2.095s] [34mcolcon.colcon_core.package_selection[0m [1;30mINFO[0m Skipping not selected package 'mouth_tracking' in 'src/mouth_tracking'
[2.095s] [34mcolcon.colcon_core.package_selection[0m [1;30mINFO[0m Skipping not selected package 'j2s6s200_moveit_config' in 'src/kinova-ros2/j2s6s200_moveit_config'
[2.095s] [34mcolcon.colcon_core.package_selection[0m [1;30mINFO[0m Skipping not selected package 'kinova_driver' in 'src/kinova-ros2/kinova_driver'
[2.095s] [34mcolcon.colcon_core.package_selection[0m [1;30mINFO[0m Skipping not selected package 'kinova_demo' in 'src/kinova-ros2/kinova_demo'
[2.096s] [34mcolcon.colcon_core.package_discovery[0m [1;30mLevel 1[0m discover_packages(prefix_path) check parameters
[2.096s] [34mcolcon.colcon_core.package_discovery[0m [1;30mLevel 1[0m discover_packages(prefix_path) discover
[2.097s] [34mcolcon.colcon_core.package_discovery[0m [1;30mLevel 1[0m discover_packages(prefix_path) using defaults
[2.098s] [34mcolcon.colcon_core.verb[0m [1;30mLevel 5[0m set package 'point_goal_test' build argument 'cmake_args' from command line to '['-DCMAKE_BUILD_TYPE=Release']'
[2.098s] [34mcolcon.colcon_core.verb[0m [1;30mLevel 5[0m set package 'point_goal_test' build argument 'cmake_target' from command line to 'None'
[2.098s] [34mcolcon.colcon_core.verb[0m [1;30mLevel 5[0m set package 'point_goal_test' build argument 'cmake_target_skip_unavailable' from command line to 'False'
[2.098s] [34mcolcon.colcon_core.verb[0m [1;30mLevel 5[0m set package 'point_goal_test' build argument 'cmake_clean_cache' from command line to 'False'
[2.098s] [34mcolcon.colcon_core.verb[0m [1;30mLevel 5[0m set package 'point_goal_test' build argument 'cmake_clean_first' from command line to 'False'
[2.098s] [34mcolcon.colcon_core.verb[0m [1;30mLevel 5[0m set package 'point_goal_test' build argument 'cmake_force_configure' from command line to 'False'
[2.098s] [34mcolcon.colcon_core.verb[0m [1;30mLevel 5[0m set package 'point_goal_test' build argument 'ament_cmake_args' from command line to 'None'
[2.098s] [34mcolcon.colcon_core.verb[0m [1;30mLevel 5[0m set package 'point_goal_test' build argument 'catkin_cmake_args' from command line to 'None'
[2.098s] [34mcolcon.colcon_core.verb[0m [1;30mLevel 5[0m set package 'point_goal_test' build argument 'catkin_skip_building_tests' from command line to 'False'
[2.098s] [34mcolcon.colcon_core.verb[0m [1;30mDEBUG[0m [32mBuilding package 'point_goal_test' with the following arguments: {'ament_cmake_args': None, 'build_base': '/home/amma/Kinova_gen2_rl/build/point_goal_test', 'catkin_cmake_args': None, 'catkin_skip_building_tests': False, 'cmake_args': ['-DCMAKE_BUILD_TYPE=Release'], 'cmake_clean_cache': False, 'cmake_clean_first': False, 'cmake_force_configure': False, 'cmake_target': None, 'cmake_target_skip_unavailable': False, 'install_base': '/home/amma/Kinova_gen2_rl/install/point_goal_test', 'merge_install': False, 'path': '/home/amma/Kinova_gen2_rl/src/kinova-ros2/point_goal_test', 'symlink_install': False, 'test_result_base': None}[0m
[2.099s] [34mcolcon.colcon_core.executor[0m [1;30mINFO[0m Executing jobs using 'parallel' executor
[2.099s] [34mcolcon.colcon_parallel_executor.executor.parallel[0m [1;30mDEBUG[0m [32mrun_until_complete[0m
[2.099s] [34mcolcon.colcon_ros.task.ament_cmake.build[0m [1;30mINFO[0m Building ROS package in '/home/amma/Kinova_gen2_rl/src/kinova-ros2/point_goal_test' with build type 'ament_cmake'
[2.099s] [34mcolcon.colcon_cmake.task.cmake.build[0m [1;30mINFO[0m Building CMake package in '/home/amma/Kinova_gen2_rl/src/kinova-ros2/point_goal_test'
[2.102s] [34mcolcon.colcon_core.plugin_system[0m [1;30mINFO[0m Skipping extension 'colcon_core.shell.bat': Not used on non-Windows systems
[2.103s] [34mcolcon.colcon_core.shell[0m [1;30mINFO[0m Skip shell extension 'powershell' for command environment: Not usable outside of PowerShell
[2.103s] [34mcolcon.colcon_core.shell[0m [1;30mDEBUG[0m [32mSkip shell extension 'dsv' for command environment[0m
[2.105s] [34mcolcon.colcon_core.event_handler.log_command[0m [1;30mDEBUG[0m [32mInvoking command in '/home/amma/Kinova_gen2_rl/build/point_goal_test': /usr/bin/cmake /home/amma/Kinova_gen2_rl/src/kinova-ros2/point_goal_test -DCMAKE_BUILD_TYPE=Release -DCMAKE_INSTALL_PREFIX=/home/amma/Kinova_gen2_rl/install/point_goal_test[0m
[2.902s] [34mcolcon.colcon_core.event_handler.log_command[0m [1;30mDEBUG[0m [32mInvoked command in '/home/amma/Kinova_gen2_rl/build/point_goal_test' returned '1': /usr/bin/cmake /home/amma/Kinova_gen2_rl/src/kinova-ros2/point_goal_test -DCMAKE_BUILD_TYPE=Release -DCMAKE_INSTALL_PREFIX=/home/amma/Kinova_gen2_rl/install/point_goal_test[0m
[2.910s] [34mcolcon.colcon_core.environment[0m [1;30mLevel 1[0m create_environment_scripts_only(point_goal_test)
[2.946s] [34mcolcon.colcon_core.environment[0m [1;30mLevel 1[0m checking '/home/amma/Kinova_gen2_rl/install/point_goal_test' for CMake module files
[2.946s] [34mcolcon.colcon_core.environment[0m [1;30mLevel 1[0m checking '/home/amma/Kinova_gen2_rl/install/point_goal_test' for CMake config files
[2.947s] [34mcolcon.colcon_core.environment[0m [1;30mLevel 1[0m checking '/home/amma/Kinova_gen2_rl/install/point_goal_test/bin'
[2.947s] [34mcolcon.colcon_core.environment[0m [1;30mLevel 1[0m checking '/home/amma/Kinova_gen2_rl/install/point_goal_test/lib/pkgconfig/point_goal_test.pc'
[2.947s] [34mcolcon.colcon_core.environment[0m [1;30mLevel 1[0m checking '/home/amma/Kinova_gen2_rl/install/point_goal_test/lib/python3.10/site-packages'
[2.947s] [34mcolcon.colcon_core.environment[0m [1;30mLevel 1[0m checking '/home/amma/Kinova_gen2_rl/install/point_goal_test/bin'
[2.948s] [34mcolcon.colcon_core.shell[0m [1;30mINFO[0m Creating package script '/home/amma/Kinova_gen2_rl/install/point_goal_test/share/point_goal_test/package.ps1'
[2.948s] [34mcolcon.colcon_core.shell[0m [1;30mINFO[0m Creating package descriptor '/home/amma/Kinova_gen2_rl/install/point_goal_test/share/point_goal_test/package.dsv'
[2.949s] [34mcolcon.colcon_core.shell[0m [1;30mINFO[0m Creating package script '/home/amma/Kinova_gen2_rl/install/point_goal_test/share/point_goal_test/package.sh'
[2.949s] [34mcolcon.colcon_core.shell[0m [1;30mINFO[0m Creating package script '/home/amma/Kinova_gen2_rl/install/point_goal_test/share/point_goal_test/package.bash'
[2.950s] [34mcolcon.colcon_core.shell[0m [1;30mINFO[0m Creating package script '/home/amma/Kinova_gen2_rl/install/point_goal_test/share/point_goal_test/package.zsh'
[2.951s] [34mcolcon.colcon_core.environment[0m [1;30mLevel 1[0m create_file_with_runtime_dependencies(/home/amma/Kinova_gen2_rl/install/point_goal_test/share/colcon-core/packages/point_goal_test)
[2.961s] [34mcolcon.colcon_parallel_executor.executor.parallel[0m [1;30mDEBUG[0m [32mclosing loop[0m
[2.962s] [34mcolcon.colcon_parallel_executor.executor.parallel[0m [1;30mDEBUG[0m [32mloop closed[0m
[2.962s] [34mcolcon.colcon_parallel_executor.executor.parallel[0m [1;30mDEBUG[0m [32mrun_until_complete finished with '1'[0m
[2.962s] [34mcolcon.colcon_core.event_reactor[0m [1;30mDEBUG[0m [32mjoining thread[0m
[2.967s] [34mcolcon.colcon_core.plugin_system[0m [1;30mINFO[0m Skipping extension 'colcon_notification.desktop_notification.terminal_notifier': Not used on non-Darwin systems
[2.968s] [34mcolcon.colcon_core.plugin_system[0m [1;30mINFO[0m Skipping extension 'colcon_notification.desktop_notification.win32': Not used on non-Windows systems
[2.968s] [34mcolcon.colcon_notification.desktop_notification[0m [1;30mINFO[0m Sending desktop notification using 'notify2'
[3.001s] [34mcolcon.colcon_core.event_reactor[0m [1;30mDEBUG[0m [32mjoined thread[0m
[3.001s] [34mcolcon.colcon_core.shell[0m [1;30mINFO[0m Creating prefix script '/home/amma/Kinova_gen2_rl/install/local_setup.ps1'
[3.002s] [34mcolcon.colcon_core.shell[0m [1;30mINFO[0m Creating prefix util module '/home/amma/Kinova_gen2_rl/install/_local_setup_util_ps1.py'
[3.003s] [34mcolcon.colcon_core.shell[0m [1;30mINFO[0m Creating prefix chain script '/home/amma/Kinova_gen2_rl/install/setup.ps1'
[3.004s] [34mcolcon.colcon_core.shell[0m [1;30mINFO[0m Creating prefix script '/home/amma/Kinova_gen2_rl/install/local_setup.sh'
[3.005s] [34mcolcon.colcon_core.shell[0m [1;30mINFO[0m Creating prefix util module '/home/amma/Kinova_gen2_rl/install/_local_setup_util_sh.py'
[3.005s] [34mcolcon.colcon_core.shell[0m [1;30mINFO[0m Creating prefix chain script '/home/amma/Kinova_gen2_rl/install/setup.sh'
[3.006s] [34mcolcon.colcon_core.shell[0m [1;30mINFO[0m Creating prefix script '/home/amma/Kinova_gen2_rl/install/local_setup.bash'
[3.006s] [34mcolcon.colcon_core.shell[0m [1;30mINFO[0m Creating prefix chain script '/home/amma/Kinova_gen2_rl/install/setup.bash'
[3.007s] [34mcolcon.colcon_core.shell[0m [1;30mINFO[0m Creating prefix script '/home/amma/Kinova_gen2_rl/install/local_setup.zsh'
[3.007s] [34mcolcon.colcon_core.shell[0m [1;30mINFO[0m Creating prefix chain script '/home/amma/Kinova_gen2_rl/install/setup.zsh'
