[0.567s] Invoking command in '/home/amma/Kinova_gen2_rl/src/mouth_tracking': PYTHONPATH=/home/amma/Kinova_gen2_rl/build/mouth_tracking/prefix_override:/usr/lib/python3/dist-packages/colcon_core/task/python/colcon_distutils_commands:/home/amma/Kinova_gen2_rl/install/mouth_tracking/lib/python3.10/site-packages:${PYTHONPATH} /usr/bin/python3 -W ignore:setup.py install is deprecated -W ignore:easy_install command is deprecated setup.py egg_info --egg-base ../../build/mouth_tracking build --build-base /home/amma/Kinova_gen2_rl/build/mouth_tracking/build install --record /home/amma/Kinova_gen2_rl/build/mouth_tracking/install.log --single-version-externally-managed install_data
[0.757s] running egg_info
[0.758s] writing ../../build/mouth_tracking/mouth_tracking.egg-info/PKG-INFO
[0.758s] writing dependency_links to ../../build/mouth_tracking/mouth_tracking.egg-info/dependency_links.txt
[0.760s] writing entry points to ../../build/mouth_tracking/mouth_tracking.egg-info/entry_points.txt
[0.761s] writing requirements to ../../build/mouth_tracking/mouth_tracking.egg-info/requires.txt
[0.761s] writing top-level names to ../../build/mouth_tracking/mouth_tracking.egg-info/top_level.txt
[0.765s] reading manifest file '../../build/mouth_tracking/mouth_tracking.egg-info/SOURCES.txt'
[0.766s] writing manifest file '../../build/mouth_tracking/mouth_tracking.egg-info/SOURCES.txt'
[0.766s] running build
[0.767s] running build_py
[0.767s] running install
[0.767s] running install_lib
[0.769s] running install_data
[0.769s] running install_egg_info
[0.771s] removing '/home/amma/Kinova_gen2_rl/install/mouth_tracking/lib/python3.10/site-packages/mouth_tracking-0.0.0-py3.10.egg-info' (and everything under it)
[0.771s] Copying ../../build/mouth_tracking/mouth_tracking.egg-info to /home/amma/Kinova_gen2_rl/install/mouth_tracking/lib/python3.10/site-packages/mouth_tracking-0.0.0-py3.10.egg-info
[0.772s] running install_scripts
[0.792s] Installing mouth_tracker script to /home/amma/Kinova_gen2_rl/install/mouth_tracking/lib/mouth_tracking
[0.792s] Installing room_mapper script to /home/amma/Kinova_gen2_rl/install/mouth_tracking/lib/mouth_tracking
[0.792s] Installing static_pointcloud script to /home/amma/Kinova_gen2_rl/install/mouth_tracking/lib/mouth_tracking
[0.792s] writing list of installed files to '/home/amma/Kinova_gen2_rl/build/mouth_tracking/install.log'
[0.814s] Invoked command in '/home/amma/Kinova_gen2_rl/src/mouth_tracking' returned '0': PYTHONPATH=/home/amma/Kinova_gen2_rl/build/mouth_tracking/prefix_override:/usr/lib/python3/dist-packages/colcon_core/task/python/colcon_distutils_commands:/home/amma/Kinova_gen2_rl/install/mouth_tracking/lib/python3.10/site-packages:${PYTHONPATH} /usr/bin/python3 -W ignore:setup.py install is deprecated -W ignore:easy_install command is deprecated setup.py egg_info --egg-base ../../build/mouth_tracking build --build-base /home/amma/Kinova_gen2_rl/build/mouth_tracking/build install --record /home/amma/Kinova_gen2_rl/build/mouth_tracking/install.log --single-version-externally-managed install_data
