-- Install configuration: ""
-- Up-to-date: /home/amma/Kinova_gen2_rl/install/kinova_bringup/share/kinova_bringup/launch
-- Up-to-date: /home/amma/Kinova_gen2_rl/install/kinova_bringup/share/kinova_bringup/launch/moveit_robot_launch.py
-- Up-to-date: /home/amma/Kinova_gen2_rl/install/kinova_bringup/share/kinova_bringup/launch/kinova_robot.launch
-- Up-to-date: /home/amma/Kinova_gen2_rl/install/kinova_bringup/share/kinova_bringup/launch/intrinsic.py
-- Up-to-date: /home/amma/Kinova_gen2_rl/install/kinova_bringup/share/kinova_bringup/launch/handeye_calibration.launch.py
-- Up-to-date: /home/amma/Kinova_gen2_rl/install/kinova_bringup/share/kinova_bringup/launch/easy_handeye.launch.py
-- Up-to-date: /home/amma/Kinova_gen2_rl/install/kinova_bringup/share/kinova_bringup/launch/kinova_robot_launch.py
-- Up-to-date: /home/amma/Kinova_gen2_rl/install/kinova_bringup/share/kinova_bringup/launch/sample.launch.py
-- Up-to-date: /home/amma/Kinova_gen2_rl/install/kinova_bringup/share/kinova_bringup/launch/config
-- Up-to-date: /home/amma/Kinova_gen2_rl/install/kinova_bringup/share/kinova_bringup/launch/config/multiple_robots.yaml
-- Up-to-date: /home/amma/Kinova_gen2_rl/install/kinova_bringup/share/kinova_bringup/launch/config/robot_parameters.yaml
-- Up-to-date: /home/amma/Kinova_gen2_rl/install/kinova_bringup/lib/kinova_bringup/kinova_sdk_node
-- Up-to-date: /home/amma/Kinova_gen2_rl/install/kinova_bringup/lib/kinova_bringup/kinova_trajectory_bridge
-- Up-to-date: /home/amma/Kinova_gen2_rl/install/kinova_bringup/lib/kinova_bringup/demo_feed_planner
-- Up-to-date: /home/amma/Kinova_gen2_rl/install/kinova_bringup/lib/kinova_bringup/aruco_tf_publisher.py
-- Up-to-date: /home/amma/Kinova_gen2_rl/install/kinova_bringup/share/kinova_bringup/moveit_resource
-- Up-to-date: /home/amma/Kinova_gen2_rl/install/kinova_bringup/share/kinova_bringup/moveit_resource/visualization.rviz
-- Up-to-date: /home/amma/Kinova_gen2_rl/install/kinova_bringup/share/kinova_bringup/moveit_resource/kinematics.yaml
-- Up-to-date: /home/amma/Kinova_gen2_rl/install/kinova_bringup/share/kinova_bringup/moveit_resource/fake_controllers.yaml
-- Up-to-date: /home/amma/Kinova_gen2_rl/install/kinova_bringup/share/kinova_bringup/moveit_resource/joint_limits.yaml
-- Up-to-date: /home/amma/Kinova_gen2_rl/install/kinova_bringup/share/kinova_bringup/moveit_resource/joint_names.yaml
-- Up-to-date: /home/amma/Kinova_gen2_rl/install/kinova_bringup/share/kinova_bringup/moveit_resource/handeye_calibration.rviz
-- Up-to-date: /home/amma/Kinova_gen2_rl/install/kinova_bringup/share/kinova_bringup/moveit_resource/j2n6s300.srdf
-- Up-to-date: /home/amma/Kinova_gen2_rl/install/kinova_bringup/share/kinova_bringup/moveit_resource/controllers_real.yaml
-- Up-to-date: /home/amma/Kinova_gen2_rl/install/kinova_bringup/share/kinova_bringup/moveit_resource/ompl_planning.yaml
-- Up-to-date: /home/amma/Kinova_gen2_rl/install/kinova_bringup/share/kinova_bringup/moveit_resource/controllers.yaml
-- Up-to-date: /home/amma/Kinova_gen2_rl/install/kinova_bringup/share/kinova_bringup/moveit_resource/ros2_controllers.yaml
-- Up-to-date: /home/amma/Kinova_gen2_rl/install/kinova_bringup/share/kinova_bringup/moveit_resource/controllers_ros_control.yaml
-- Up-to-date: /home/amma/Kinova_gen2_rl/install/kinova_bringup/share/kinova_bringup/moveit_resource/rviz2_params.yaml
-- Up-to-date: /home/amma/Kinova_gen2_rl/install/kinova_bringup/share/kinova_bringup/worlds
-- Up-to-date: /home/amma/Kinova_gen2_rl/install/kinova_bringup/share/kinova_bringup/worlds/feeding_scene.sdf
-- Up-to-date: /home/amma/Kinova_gen2_rl/install/kinova_bringup/share/ament_index/resource_index/package_run_dependencies/kinova_bringup
-- Up-to-date: /home/amma/Kinova_gen2_rl/install/kinova_bringup/share/ament_index/resource_index/parent_prefix_path/kinova_bringup
-- Up-to-date: /home/amma/Kinova_gen2_rl/install/kinova_bringup/share/kinova_bringup/environment/ament_prefix_path.sh
-- Up-to-date: /home/amma/Kinova_gen2_rl/install/kinova_bringup/share/kinova_bringup/environment/ament_prefix_path.dsv
-- Up-to-date: /home/amma/Kinova_gen2_rl/install/kinova_bringup/share/kinova_bringup/environment/path.sh
-- Up-to-date: /home/amma/Kinova_gen2_rl/install/kinova_bringup/share/kinova_bringup/environment/path.dsv
-- Up-to-date: /home/amma/Kinova_gen2_rl/install/kinova_bringup/share/kinova_bringup/local_setup.bash
-- Up-to-date: /home/amma/Kinova_gen2_rl/install/kinova_bringup/share/kinova_bringup/local_setup.sh
-- Up-to-date: /home/amma/Kinova_gen2_rl/install/kinova_bringup/share/kinova_bringup/local_setup.zsh
-- Up-to-date: /home/amma/Kinova_gen2_rl/install/kinova_bringup/share/kinova_bringup/local_setup.dsv
-- Up-to-date: /home/amma/Kinova_gen2_rl/install/kinova_bringup/share/kinova_bringup/package.dsv
-- Up-to-date: /home/amma/Kinova_gen2_rl/install/kinova_bringup/share/ament_index/resource_index/packages/kinova_bringup
-- Up-to-date: /home/amma/Kinova_gen2_rl/install/kinova_bringup/share/kinova_bringup/cmake/kinova_bringupConfig.cmake
-- Up-to-date: /home/amma/Kinova_gen2_rl/install/kinova_bringup/share/kinova_bringup/cmake/kinova_bringupConfig-version.cmake
-- Up-to-date: /home/amma/Kinova_gen2_rl/install/kinova_bringup/share/kinova_bringup/package.xml
