-- Install configuration: ""
-- Up-to-date: /home/amma/Kinova_gen2_rl/install/j2s6s200_moveit_config/share/j2s6s200_moveit_config/config
-- Up-to-date: /home/amma/Kinova_gen2_rl/install/j2s6s200_moveit_config/share/j2s6s200_moveit_config/config/kinematics.yaml
-- Up-to-date: /home/amma/Kinova_gen2_rl/install/j2s6s200_moveit_config/share/j2s6s200_moveit_config/config/joint_limits.yaml
-- Up-to-date: /home/amma/Kinova_gen2_rl/install/j2s6s200_moveit_config/share/j2s6s200_moveit_config/config/moveit_controllers.yaml
-- Up-to-date: /home/amma/Kinova_gen2_rl/install/j2s6s200_moveit_config/share/j2s6s200_moveit_config/config/j2s6s200.srdf
-- Up-to-date: /home/amma/Kinova_gen2_rl/install/j2s6s200_moveit_config/share/j2s6s200_moveit_config/config/ompl_planning.yaml
-- Up-to-date: /home/amma/Kinova_gen2_rl/install/j2s6s200_moveit_config/share/j2s6s200_moveit_config/config/ros2_controllers.yaml
-- Up-to-date: /home/amma/Kinova_gen2_rl/install/j2s6s200_moveit_config/share/j2s6s200_moveit_config/launch
-- Up-to-date: /home/amma/Kinova_gen2_rl/install/j2s6s200_moveit_config/share/j2s6s200_moveit_config/launch/real_moveit_launch.py
-- Up-to-date: /home/amma/Kinova_gen2_rl/install/j2s6s200_moveit_config/share/j2s6s200_moveit_config/launch/j2s6s200_moveit.launch.py
-- Up-to-date: /home/amma/Kinova_gen2_rl/install/j2s6s200_moveit_config/share/j2s6s200_moveit_config/urdf
-- Up-to-date: /home/amma/Kinova_gen2_rl/install/j2s6s200_moveit_config/share/j2s6s200_moveit_config/urdf/j2s6s200.urdf.xacro
-- Up-to-date: /home/amma/Kinova_gen2_rl/install/j2s6s200_moveit_config/lib/j2s6s200_moveit_config/kinova_sdk_node
-- Up-to-date: /home/amma/Kinova_gen2_rl/install/j2s6s200_moveit_config/lib/j2s6s200_moveit_config/trajectory_executor
-- Up-to-date: /home/amma/Kinova_gen2_rl/install/j2s6s200_moveit_config/lib/j2s6s200_moveit_config/kinova_trajectory_bridge
-- Up-to-date: /home/amma/Kinova_gen2_rl/install/j2s6s200_moveit_config/lib/j2s6s200_moveit_config/joint_state_relay
-- Up-to-date: /home/amma/Kinova_gen2_rl/install/j2s6s200_moveit_config/lib/j2s6s200_moveit_config/scoop_action
-- Up-to-date: /home/amma/Kinova_gen2_rl/install/j2s6s200_moveit_config/share/ament_index/resource_index/package_run_dependencies/j2s6s200_moveit_config
-- Up-to-date: /home/amma/Kinova_gen2_rl/install/j2s6s200_moveit_config/share/ament_index/resource_index/parent_prefix_path/j2s6s200_moveit_config
-- Up-to-date: /home/amma/Kinova_gen2_rl/install/j2s6s200_moveit_config/share/j2s6s200_moveit_config/environment/ament_prefix_path.sh
-- Up-to-date: /home/amma/Kinova_gen2_rl/install/j2s6s200_moveit_config/share/j2s6s200_moveit_config/environment/ament_prefix_path.dsv
-- Up-to-date: /home/amma/Kinova_gen2_rl/install/j2s6s200_moveit_config/share/j2s6s200_moveit_config/environment/path.sh
-- Up-to-date: /home/amma/Kinova_gen2_rl/install/j2s6s200_moveit_config/share/j2s6s200_moveit_config/environment/path.dsv
-- Up-to-date: /home/amma/Kinova_gen2_rl/install/j2s6s200_moveit_config/share/j2s6s200_moveit_config/local_setup.bash
-- Up-to-date: /home/amma/Kinova_gen2_rl/install/j2s6s200_moveit_config/share/j2s6s200_moveit_config/local_setup.sh
-- Up-to-date: /home/amma/Kinova_gen2_rl/install/j2s6s200_moveit_config/share/j2s6s200_moveit_config/local_setup.zsh
-- Up-to-date: /home/amma/Kinova_gen2_rl/install/j2s6s200_moveit_config/share/j2s6s200_moveit_config/local_setup.dsv
-- Up-to-date: /home/amma/Kinova_gen2_rl/install/j2s6s200_moveit_config/share/j2s6s200_moveit_config/package.dsv
-- Up-to-date: /home/amma/Kinova_gen2_rl/install/j2s6s200_moveit_config/share/ament_index/resource_index/packages/j2s6s200_moveit_config
-- Up-to-date: /home/amma/Kinova_gen2_rl/install/j2s6s200_moveit_config/share/j2s6s200_moveit_config/cmake/j2s6s200_moveit_configConfig.cmake
-- Up-to-date: /home/amma/Kinova_gen2_rl/install/j2s6s200_moveit_config/share/j2s6s200_moveit_config/cmake/j2s6s200_moveit_configConfig-version.cmake
-- Up-to-date: /home/amma/Kinova_gen2_rl/install/j2s6s200_moveit_config/share/j2s6s200_moveit_config/package.xml
