[0.020s] Invoking command in '/home/amma/Kinova_gen2_rl/build/kinova_driver': CMAKE_PREFIX_PATH=/home/amma/Kinova_gen2_rl/install/kinova_msgs:/home/amma/Kinova_gen2_rl/install/trac_ik:/home/amma/Kinova_gen2_rl/install/trac_ik_kinematics:/home/amma/Kinova_gen2_rl/install/trac_ik_examples:/home/amma/Kinova_gen2_rl/install/trac_ik_lib:/home/amma/Kinova_gen2_rl/install/point_goal_test:/home/amma/Kinova_gen2_rl/install/kinova_demo:/home/amma/Kinova_gen2_rl/install/kinova_driver:/home/amma/Kinova_gen2_rl/install/j2s6s200_moveit_config:/home/amma/Kinova_gen2_rl/install/kinova_description:/home/amma/Kinova_gen2_rl/install/kinova_bringup:/home/amma/Kinova_gen2_rl/install/click_pointer:/home/amma/Kinova_gen2_rl/install/mouth_tracking:/opt/ros/humble LD_LIBRARY_PATH=/home/amma/Kinova_gen2_rl/install/kinova_msgs/lib:/home/amma/Kinova_gen2_rl/install/trac_ik_kinematics/lib:/home/amma/Kinova_gen2_rl/install/trac_ik_lib/lib:/home/amma/Kinova_gen2_rl/install/kinova_driver/lib:/opt/ros/humble/opt/rviz_ogre_vendor/lib:/opt/ros/humble/lib/x86_64-linux-gnu:/opt/ros/humble/lib /usr/bin/cmake --build /home/amma/Kinova_gen2_rl/build/kinova_driver -- -j12 -l12
[0.070s] [35m[1mConsolidate compiler generated dependencies of target kinova_driver[0m
[0.070s] [35m[1mConsolidate compiler generated dependencies of target kinova_tf_updater[0m
[0.099s] [ 17%] Built target kinova_tf_updater
[0.130s] [ 56%] Built target kinova_driver
[0.138s] [35m[1mConsolidate compiler generated dependencies of target joint_trajectory_action_server[0m
[0.140s] [35m[1mConsolidate compiler generated dependencies of target kinova_interactive_control[0m
[0.143s] [35m[1mConsolidate compiler generated dependencies of target positional_action_server[0m
[0.143s] [35m[1mConsolidate compiler generated dependencies of target gripper_command_action_server[0m
[0.144s] [35m[1mConsolidate compiler generated dependencies of target kinova_arm_driver[0m
[0.151s] [ 65%] Built target joint_trajectory_action_server
[0.163s] [ 73%] Built target gripper_command_action_server
[0.165s] [ 82%] Built target positional_action_server
[0.166s] [ 91%] Built target kinova_arm_driver
[0.170s] [100%] Built target kinova_interactive_control
[0.181s] Invoked command in '/home/amma/Kinova_gen2_rl/build/kinova_driver' returned '0': CMAKE_PREFIX_PATH=/home/amma/Kinova_gen2_rl/install/kinova_msgs:/home/amma/Kinova_gen2_rl/install/trac_ik:/home/amma/Kinova_gen2_rl/install/trac_ik_kinematics:/home/amma/Kinova_gen2_rl/install/trac_ik_examples:/home/amma/Kinova_gen2_rl/install/trac_ik_lib:/home/amma/Kinova_gen2_rl/install/point_goal_test:/home/amma/Kinova_gen2_rl/install/kinova_demo:/home/amma/Kinova_gen2_rl/install/kinova_driver:/home/amma/Kinova_gen2_rl/install/j2s6s200_moveit_config:/home/amma/Kinova_gen2_rl/install/kinova_description:/home/amma/Kinova_gen2_rl/install/kinova_bringup:/home/amma/Kinova_gen2_rl/install/click_pointer:/home/amma/Kinova_gen2_rl/install/mouth_tracking:/opt/ros/humble LD_LIBRARY_PATH=/home/amma/Kinova_gen2_rl/install/kinova_msgs/lib:/home/amma/Kinova_gen2_rl/install/trac_ik_kinematics/lib:/home/amma/Kinova_gen2_rl/install/trac_ik_lib/lib:/home/amma/Kinova_gen2_rl/install/kinova_driver/lib:/opt/ros/humble/opt/rviz_ogre_vendor/lib:/opt/ros/humble/lib/x86_64-linux-gnu:/opt/ros/humble/lib /usr/bin/cmake --build /home/amma/Kinova_gen2_rl/build/kinova_driver -- -j12 -l12
[0.182s] Invoking command in '/home/amma/Kinova_gen2_rl/build/kinova_driver': CMAKE_PREFIX_PATH=/home/amma/Kinova_gen2_rl/install/kinova_msgs:/home/amma/Kinova_gen2_rl/install/trac_ik:/home/amma/Kinova_gen2_rl/install/trac_ik_kinematics:/home/amma/Kinova_gen2_rl/install/trac_ik_examples:/home/amma/Kinova_gen2_rl/install/trac_ik_lib:/home/amma/Kinova_gen2_rl/install/point_goal_test:/home/amma/Kinova_gen2_rl/install/kinova_demo:/home/amma/Kinova_gen2_rl/install/kinova_driver:/home/amma/Kinova_gen2_rl/install/j2s6s200_moveit_config:/home/amma/Kinova_gen2_rl/install/kinova_description:/home/amma/Kinova_gen2_rl/install/kinova_bringup:/home/amma/Kinova_gen2_rl/install/click_pointer:/home/amma/Kinova_gen2_rl/install/mouth_tracking:/opt/ros/humble LD_LIBRARY_PATH=/home/amma/Kinova_gen2_rl/install/kinova_msgs/lib:/home/amma/Kinova_gen2_rl/install/trac_ik_kinematics/lib:/home/amma/Kinova_gen2_rl/install/trac_ik_lib/lib:/home/amma/Kinova_gen2_rl/install/kinova_driver/lib:/opt/ros/humble/opt/rviz_ogre_vendor/lib:/opt/ros/humble/lib/x86_64-linux-gnu:/opt/ros/humble/lib /usr/bin/cmake --install /home/amma/Kinova_gen2_rl/build/kinova_driver
[0.195s] -- Install configuration: ""
[0.195s] -- Up-to-date: /home/amma/Kinova_gen2_rl/install/kinova_driver/lib/USBCommLayerUbuntu.so
[0.195s] -- Up-to-date: /home/amma/Kinova_gen2_rl/install/kinova_driver/lib/USBCommandLayerUbuntu.so
[0.195s] -- Up-to-date: /home/amma/Kinova_gen2_rl/install/kinova_driver/lib/EthCommLayerUbuntu.so
[0.195s] -- Up-to-date: /home/amma/Kinova_gen2_rl/install/kinova_driver/lib/EthCommandLayerUbuntu.so
[0.195s] -- Up-to-date: /home/amma/Kinova_gen2_rl/install/kinova_driver/include/kinova_driver
[0.195s] -- Up-to-date: /home/amma/Kinova_gen2_rl/install/kinova_driver/include/kinova_driver/gripper_command_action_server.h
[0.195s] -- Up-to-date: /home/amma/Kinova_gen2_rl/install/kinova_driver/include/kinova_driver/joint_trajectory_action_server.h
[0.196s] -- Up-to-date: /home/amma/Kinova_gen2_rl/install/kinova_driver/include/kinova_driver/kinova_tf_updater.h
[0.196s] -- Up-to-date: /home/amma/Kinova_gen2_rl/install/kinova_driver/include/kinova_driver/kinova_ros_types.h
[0.196s] -- Up-to-date: /home/amma/Kinova_gen2_rl/install/kinova_driver/include/kinova_driver/kinova_joint_angles_action.h
[0.196s] -- Up-to-date: /home/amma/Kinova_gen2_rl/install/kinova_driver/include/kinova_driver/kinova_comm.h
[0.196s] -- Up-to-date: /home/amma/Kinova_gen2_rl/install/kinova_driver/include/kinova_driver/kinova_tool_pose_action.h
[0.196s] -- Up-to-date: /home/amma/Kinova_gen2_rl/install/kinova_driver/include/kinova_driver/kinova_api.h
[0.196s] -- Up-to-date: /home/amma/Kinova_gen2_rl/install/kinova_driver/include/kinova_driver/kinova_fingers_action.h
[0.196s] -- Up-to-date: /home/amma/Kinova_gen2_rl/install/kinova_driver/include/kinova_driver/kinova_joint_trajectory_controller.h
[0.196s] -- Up-to-date: /home/amma/Kinova_gen2_rl/install/kinova_driver/include/kinova_driver/kinova_arm_kinematics.h
[0.196s] -- Up-to-date: /home/amma/Kinova_gen2_rl/install/kinova_driver/include/kinova_driver/kinova_arm.h
[0.196s] -- Up-to-date: /home/amma/Kinova_gen2_rl/install/kinova_driver/lib/kinova_driver/kinova_arm_driver
[0.196s] -- Up-to-date: /home/amma/Kinova_gen2_rl/install/kinova_driver/lib/kinova_driver/kinova_tf_updater
[0.197s] -- Up-to-date: /home/amma/Kinova_gen2_rl/install/kinova_driver/lib/kinova_driver/kinova_interactive_control
[0.197s] -- Up-to-date: /home/amma/Kinova_gen2_rl/install/kinova_driver/lib/kinova_driver/libkinova_driver.a
[0.198s] -- Up-to-date: /home/amma/Kinova_gen2_rl/install/kinova_driver/lib/kinova_driver/joint_trajectory_action_server
[0.198s] -- Up-to-date: /home/amma/Kinova_gen2_rl/install/kinova_driver/lib/kinova_driver/gripper_command_action_server
[0.198s] -- Up-to-date: /home/amma/Kinova_gen2_rl/install/kinova_driver/lib/kinova_driver/positional_action_server
[0.198s] -- Up-to-date: /home/amma/Kinova_gen2_rl/install/kinova_driver/include/kinova_driver
[0.198s] -- Up-to-date: /home/amma/Kinova_gen2_rl/install/kinova_driver/include/kinova_driver/gripper_command_action_server.h
[0.198s] -- Up-to-date: /home/amma/Kinova_gen2_rl/install/kinova_driver/include/kinova_driver/joint_trajectory_action_server.h
[0.198s] -- Up-to-date: /home/amma/Kinova_gen2_rl/install/kinova_driver/include/kinova_driver/kinova_tf_updater.h
[0.198s] -- Up-to-date: /home/amma/Kinova_gen2_rl/install/kinova_driver/include/kinova_driver/kinova_ros_types.h
[0.198s] -- Up-to-date: /home/amma/Kinova_gen2_rl/install/kinova_driver/include/kinova_driver/kinova_joint_angles_action.h
[0.198s] -- Up-to-date: /home/amma/Kinova_gen2_rl/install/kinova_driver/include/kinova_driver/kinova_comm.h
[0.198s] -- Up-to-date: /home/amma/Kinova_gen2_rl/install/kinova_driver/include/kinova_driver/kinova_tool_pose_action.h
[0.198s] -- Up-to-date: /home/amma/Kinova_gen2_rl/install/kinova_driver/include/kinova_driver/kinova_api.h
[0.198s] -- Up-to-date: /home/amma/Kinova_gen2_rl/install/kinova_driver/include/kinova_driver/kinova_fingers_action.h
[0.198s] -- Up-to-date: /home/amma/Kinova_gen2_rl/install/kinova_driver/include/kinova_driver/kinova_joint_trajectory_controller.h
[0.198s] -- Up-to-date: /home/amma/Kinova_gen2_rl/install/kinova_driver/include/kinova_driver/kinova_arm_kinematics.h
[0.198s] -- Up-to-date: /home/amma/Kinova_gen2_rl/install/kinova_driver/include/kinova_driver/kinova_arm.h
[0.198s] -- Up-to-date: /home/amma/Kinova_gen2_rl/install/kinova_driver/share/ament_index/resource_index/package_run_dependencies/kinova_driver
[0.198s] -- Up-to-date: /home/amma/Kinova_gen2_rl/install/kinova_driver/share/ament_index/resource_index/parent_prefix_path/kinova_driver
[0.198s] -- Up-to-date: /home/amma/Kinova_gen2_rl/install/kinova_driver/share/kinova_driver/environment/ament_prefix_path.sh
[0.198s] -- Up-to-date: /home/amma/Kinova_gen2_rl/install/kinova_driver/share/kinova_driver/environment/ament_prefix_path.dsv
[0.198s] -- Up-to-date: /home/amma/Kinova_gen2_rl/install/kinova_driver/share/kinova_driver/environment/path.sh
[0.198s] -- Up-to-date: /home/amma/Kinova_gen2_rl/install/kinova_driver/share/kinova_driver/environment/path.dsv
[0.199s] -- Up-to-date: /home/amma/Kinova_gen2_rl/install/kinova_driver/share/kinova_driver/local_setup.bash
[0.199s] -- Up-to-date: /home/amma/Kinova_gen2_rl/install/kinova_driver/share/kinova_driver/local_setup.sh
[0.199s] -- Up-to-date: /home/amma/Kinova_gen2_rl/install/kinova_driver/share/kinova_driver/local_setup.zsh
[0.199s] -- Up-to-date: /home/amma/Kinova_gen2_rl/install/kinova_driver/share/kinova_driver/local_setup.dsv
[0.199s] -- Installing: /home/amma/Kinova_gen2_rl/install/kinova_driver/share/kinova_driver/package.dsv
[0.199s] -- Up-to-date: /home/amma/Kinova_gen2_rl/install/kinova_driver/share/ament_index/resource_index/packages/kinova_driver
[0.199s] -- Up-to-date: /home/amma/Kinova_gen2_rl/install/kinova_driver/share/kinova_driver/cmake/kinova_driverConfig.cmake
[0.199s] -- Up-to-date: /home/amma/Kinova_gen2_rl/install/kinova_driver/share/kinova_driver/cmake/kinova_driverConfig-version.cmake
[0.199s] -- Up-to-date: /home/amma/Kinova_gen2_rl/install/kinova_driver/share/kinova_driver/package.xml
[0.214s] Invoked command in '/home/amma/Kinova_gen2_rl/build/kinova_driver' returned '0': CMAKE_PREFIX_PATH=/home/amma/Kinova_gen2_rl/install/kinova_msgs:/home/amma/Kinova_gen2_rl/install/trac_ik:/home/amma/Kinova_gen2_rl/install/trac_ik_kinematics:/home/amma/Kinova_gen2_rl/install/trac_ik_examples:/home/amma/Kinova_gen2_rl/install/trac_ik_lib:/home/amma/Kinova_gen2_rl/install/point_goal_test:/home/amma/Kinova_gen2_rl/install/kinova_demo:/home/amma/Kinova_gen2_rl/install/kinova_driver:/home/amma/Kinova_gen2_rl/install/j2s6s200_moveit_config:/home/amma/Kinova_gen2_rl/install/kinova_description:/home/amma/Kinova_gen2_rl/install/kinova_bringup:/home/amma/Kinova_gen2_rl/install/click_pointer:/home/amma/Kinova_gen2_rl/install/mouth_tracking:/opt/ros/humble LD_LIBRARY_PATH=/home/amma/Kinova_gen2_rl/install/kinova_msgs/lib:/home/amma/Kinova_gen2_rl/install/trac_ik_kinematics/lib:/home/amma/Kinova_gen2_rl/install/trac_ik_lib/lib:/home/amma/Kinova_gen2_rl/install/kinova_driver/lib:/opt/ros/humble/opt/rviz_ogre_vendor/lib:/opt/ros/humble/lib/x86_64-linux-gnu:/opt/ros/humble/lib /usr/bin/cmake --install /home/amma/Kinova_gen2_rl/build/kinova_driver
