[0.026s] Invoking command in '/home/amma/Kinova_gen2_rl/build/kinova_description': CMAKE_PREFIX_PATH=${CMAKE_PREFIX_PATH}:/home/amma/Kinova_gen2_rl/install/mouth_tracking:/home/amma/kinova_ws/rl_v2-master/install/point_goal_test:/home/amma/kinova_ws/rl_v2-master/install/mouth_tracking:/home/amma/kinova_ws/rl_v2-master/install/kinova_rl:/home/amma/kinova_ws/rl_v2-master/install/easy_handeye2:/opt/ros/humble /usr/bin/cmake --build /home/amma/Kinova_gen2_rl/build/kinova_description -- -j12 -l12
[0.392s] Invoked command in '/home/amma/Kinova_gen2_rl/build/kinova_description' returned '0': CMAKE_PREFIX_PATH=${CMAKE_PREFIX_PATH}:/home/amma/Kinova_gen2_rl/install/mouth_tracking:/home/amma/kinova_ws/rl_v2-master/install/point_goal_test:/home/amma/kinova_ws/rl_v2-master/install/mouth_tracking:/home/amma/kinova_ws/rl_v2-master/install/kinova_rl:/home/amma/kinova_ws/rl_v2-master/install/easy_handeye2:/opt/ros/humble /usr/bin/cmake --build /home/amma/Kinova_gen2_rl/build/kinova_description -- -j12 -l12
[0.396s] Invoking command in '/home/amma/Kinova_gen2_rl/build/kinova_description': CMAKE_PREFIX_PATH=${CMAKE_PREFIX_PATH}:/home/amma/Kinova_gen2_rl/install/mouth_tracking:/home/amma/kinova_ws/rl_v2-master/install/point_goal_test:/home/amma/kinova_ws/rl_v2-master/install/mouth_tracking:/home/amma/kinova_ws/rl_v2-master/install/kinova_rl:/home/amma/kinova_ws/rl_v2-master/install/easy_handeye2:/opt/ros/humble /usr/bin/cmake --install /home/amma/Kinova_gen2_rl/build/kinova_description
[0.470s] -- Install configuration: ""
[0.470s] -- Up-to-date: /home/amma/Kinova_gen2_rl/install/kinova_description/share/kinova_description/urdf
[0.471s] -- Up-to-date: /home/amma/Kinova_gen2_rl/install/kinova_description/share/kinova_description/urdf/j2n7s300_standalone.xacro
[0.471s] -- Up-to-date: /home/amma/Kinova_gen2_rl/install/kinova_description/share/kinova_description/urdf/two_arm_robot_example_standalone.xacro
[0.471s] -- Up-to-date: /home/amma/Kinova_gen2_rl/install/kinova_description/share/kinova_description/urdf/m1n6s300.xacro
[0.471s] -- Up-to-date: /home/amma/Kinova_gen2_rl/install/kinova_description/share/kinova_description/urdf/j2n6s300.xacro
[0.471s] -- Up-to-date: /home/amma/Kinova_gen2_rl/install/kinova_description/share/kinova_description/urdf/kinova_finger_set.xacro
[0.471s] -- Up-to-date: /home/amma/Kinova_gen2_rl/install/kinova_description/share/kinova_description/urdf/j2n6s200.xacro
[0.471s] -- Up-to-date: /home/amma/Kinova_gen2_rl/install/kinova_description/share/kinova_description/urdf/j2s6s200.xacro
[0.471s] -- Up-to-date: /home/amma/Kinova_gen2_rl/install/kinova_description/share/kinova_description/urdf/j2s6s300_integration.xacro
[0.471s] -- Up-to-date: /home/amma/Kinova_gen2_rl/install/kinova_description/share/kinova_description/urdf/j2s6s300.xacro
[0.471s] -- Up-to-date: /home/amma/Kinova_gen2_rl/install/kinova_description/share/kinova_description/urdf/j2s7s300.xacro
[0.471s] -- Up-to-date: /home/amma/Kinova_gen2_rl/install/kinova_description/share/kinova_description/urdf/j2n6s200_standalone.xacro
[0.471s] -- Up-to-date: /home/amma/Kinova_gen2_rl/install/kinova_description/share/kinova_description/urdf/j2n4s300.xacro
[0.471s] -- Up-to-date: /home/amma/Kinova_gen2_rl/install/kinova_description/share/kinova_description/urdf/m1n6s300_standalone.xacro
[0.472s] -- Up-to-date: /home/amma/Kinova_gen2_rl/install/kinova_description/share/kinova_description/urdf/j2s6s200_integration.xacro
[0.472s] -- Up-to-date: /home/amma/Kinova_gen2_rl/install/kinova_description/share/kinova_description/urdf/kinova.gazebo
[0.472s] -- Up-to-date: /home/amma/Kinova_gen2_rl/install/kinova_description/share/kinova_description/urdf/j2s6s300_standalone.xacro
[0.473s] -- Up-to-date: /home/amma/Kinova_gen2_rl/install/kinova_description/share/kinova_description/urdf/m1n4s200.xacro
[0.473s] -- Up-to-date: /home/amma/Kinova_gen2_rl/install/kinova_description/share/kinova_description/urdf/j2s6s200_standalone.xacro
[0.473s] -- Up-to-date: /home/amma/Kinova_gen2_rl/install/kinova_description/share/kinova_description/urdf/m1n6s200_standalone.xacro
[0.474s] -- Up-to-date: /home/amma/Kinova_gen2_rl/install/kinova_description/share/kinova_description/urdf/j2n4s300_standalone.xacro
[0.474s] -- Up-to-date: /home/amma/Kinova_gen2_rl/install/kinova_description/share/kinova_description/urdf/kinova_inertial.xacro
[0.475s] -- Up-to-date: /home/amma/Kinova_gen2_rl/install/kinova_description/share/kinova_description/urdf/j2n7s300.xacro
[0.476s] -- Up-to-date: /home/amma/Kinova_gen2_rl/install/kinova_description/share/kinova_description/urdf/j2n6s300_standalone.xacro
[0.476s] -- Up-to-date: /home/amma/Kinova_gen2_rl/install/kinova_description/share/kinova_description/urdf/j2s7s300_standalone.xacro
[0.477s] -- Up-to-date: /home/amma/Kinova_gen2_rl/install/kinova_description/share/kinova_description/urdf/m1n6s200.xacro
[0.477s] -- Up-to-date: /home/amma/Kinova_gen2_rl/install/kinova_description/share/kinova_description/urdf/kinova_common.xacro
[0.477s] -- Up-to-date: /home/amma/Kinova_gen2_rl/install/kinova_description/share/kinova_description/urdf/m1n4s200_standalone.xacro
[0.477s] -- Up-to-date: /home/amma/Kinova_gen2_rl/install/kinova_description/share/kinova_description/meshes
[0.478s] -- Up-to-date: /home/amma/Kinova_gen2_rl/install/kinova_description/share/kinova_description/meshes/ring_big.STL
[0.478s] -- Up-to-date: /home/amma/Kinova_gen2_rl/install/kinova_description/share/kinova_description/meshes/forearm.dae
[0.478s] -- Up-to-date: /home/amma/Kinova_gen2_rl/install/kinova_description/share/kinova_description/meshes/hand_3finger.STL
[0.478s] -- Up-to-date: /home/amma/Kinova_gen2_rl/install/kinova_description/share/kinova_description/meshes/wrist.STL
[0.479s] -- Up-to-date: /home/amma/Kinova_gen2_rl/install/kinova_description/share/kinova_description/meshes/hand_2finger.STL
[0.479s] -- Up-to-date: /home/amma/Kinova_gen2_rl/install/kinova_description/share/kinova_description/meshes/arm_mico.dae
[0.480s] -- Up-to-date: /home/amma/Kinova_gen2_rl/install/kinova_description/share/kinova_description/meshes/forearm_mico.STL
[0.480s] -- Up-to-date: /home/amma/Kinova_gen2_rl/install/kinova_description/share/kinova_description/meshes/finger_distal.STL
[0.481s] -- Up-to-date: /home/amma/Kinova_gen2_rl/install/kinova_description/share/kinova_description/meshes/arm.STL
[0.481s] -- Up-to-date: /home/amma/Kinova_gen2_rl/install/kinova_description/share/kinova_description/meshes/finger_proximal.STL
[0.489s] -- Up-to-date: /home/amma/Kinova_gen2_rl/install/kinova_description/share/kinova_description/meshes/arm_half_1.dae
[0.489s] -- Up-to-date: /home/amma/Kinova_gen2_rl/install/kinova_description/share/kinova_description/meshes/arm_half_1.STL
[0.490s] -- Up-to-date: /home/amma/Kinova_gen2_rl/install/kinova_description/share/kinova_description/meshes/robot.urdf
[0.491s] -- Up-to-date: /home/amma/Kinova_gen2_rl/install/kinova_description/share/kinova_description/meshes/hand_3finger.dae
[0.492s] -- Up-to-date: /home/amma/Kinova_gen2_rl/install/kinova_description/share/kinova_description/meshes/forearm.STL
[0.492s] -- Up-to-date: /home/amma/Kinova_gen2_rl/install/kinova_description/share/kinova_description/meshes/base.STL
[0.492s] -- Up-to-date: /home/amma/Kinova_gen2_rl/install/kinova_description/share/kinova_description/meshes/wrist.dae
[0.493s] -- Up-to-date: /home/amma/Kinova_gen2_rl/install/kinova_description/share/kinova_description/meshes/ring_big.dae
[0.494s] -- Up-to-date: /home/amma/Kinova_gen2_rl/install/kinova_description/share/kinova_description/meshes/ring_small.dae
[0.494s] -- Up-to-date: /home/amma/Kinova_gen2_rl/install/kinova_description/share/kinova_description/meshes/base.dae
[0.494s] -- Up-to-date: /home/amma/Kinova_gen2_rl/install/kinova_description/share/kinova_description/meshes/finger_distal.dae
[0.494s] -- Up-to-date: /home/amma/Kinova_gen2_rl/install/kinova_description/share/kinova_description/meshes/finger_proximal.dae
[0.494s] -- Up-to-date: /home/amma/Kinova_gen2_rl/install/kinova_description/share/kinova_description/meshes/wrist_spherical_2.STL
[0.495s] -- Up-to-date: /home/amma/Kinova_gen2_rl/install/kinova_description/share/kinova_description/meshes/wrist_spherical_1.dae
[0.495s] -- Up-to-date: /home/amma/Kinova_gen2_rl/install/kinova_description/share/kinova_description/meshes/arm_half_2.STL
[0.495s] -- Up-to-date: /home/amma/Kinova_gen2_rl/install/kinova_description/share/kinova_description/meshes/wrist_spherical_2.dae
[0.495s] -- Up-to-date: /home/amma/Kinova_gen2_rl/install/kinova_description/share/kinova_description/meshes/shoulder.STL
[0.495s] -- Up-to-date: /home/amma/Kinova_gen2_rl/install/kinova_description/share/kinova_description/meshes/arm.dae
[0.495s] -- Up-to-date: /home/amma/Kinova_gen2_rl/install/kinova_description/share/kinova_description/meshes/arm_half_2.dae
[0.495s] -- Up-to-date: /home/amma/Kinova_gen2_rl/install/kinova_description/share/kinova_description/meshes/wrist_spherical_1.STL
[0.495s] -- Up-to-date: /home/amma/Kinova_gen2_rl/install/kinova_description/share/kinova_description/meshes/arm.SLDPRT
[0.495s] -- Up-to-date: /home/amma/Kinova_gen2_rl/install/kinova_description/share/kinova_description/meshes/arm_mico.STL
[0.495s] -- Up-to-date: /home/amma/Kinova_gen2_rl/install/kinova_description/share/kinova_description/meshes/forearm_mico.dae
[0.495s] -- Up-to-date: /home/amma/Kinova_gen2_rl/install/kinova_description/share/kinova_description/meshes/shoulder.dae
[0.495s] -- Up-to-date: /home/amma/Kinova_gen2_rl/install/kinova_description/share/kinova_description/meshes/hand_2finger.dae
[0.495s] -- Up-to-date: /home/amma/Kinova_gen2_rl/install/kinova_description/share/kinova_description/meshes/ring_small.STL
[0.495s] -- Up-to-date: /home/amma/Kinova_gen2_rl/install/kinova_description/share/ament_index/resource_index/package_run_dependencies/kinova_description
[0.495s] -- Up-to-date: /home/amma/Kinova_gen2_rl/install/kinova_description/share/ament_index/resource_index/parent_prefix_path/kinova_description
[0.495s] -- Up-to-date: /home/amma/Kinova_gen2_rl/install/kinova_description/share/kinova_description/environment/ament_prefix_path.sh
[0.496s] -- Up-to-date: /home/amma/Kinova_gen2_rl/install/kinova_description/share/kinova_description/environment/ament_prefix_path.dsv
[0.496s] -- Up-to-date: /home/amma/Kinova_gen2_rl/install/kinova_description/share/kinova_description/environment/path.sh
[0.496s] -- Up-to-date: /home/amma/Kinova_gen2_rl/install/kinova_description/share/kinova_description/environment/path.dsv
[0.496s] -- Up-to-date: /home/amma/Kinova_gen2_rl/install/kinova_description/share/kinova_description/local_setup.bash
[0.496s] -- Up-to-date: /home/amma/Kinova_gen2_rl/install/kinova_description/share/kinova_description/local_setup.sh
[0.496s] -- Up-to-date: /home/amma/Kinova_gen2_rl/install/kinova_description/share/kinova_description/local_setup.zsh
[0.496s] -- Up-to-date: /home/amma/Kinova_gen2_rl/install/kinova_description/share/kinova_description/local_setup.dsv
[0.496s] -- Installing: /home/amma/Kinova_gen2_rl/install/kinova_description/share/kinova_description/package.dsv
[0.497s] -- Up-to-date: /home/amma/Kinova_gen2_rl/install/kinova_description/share/ament_index/resource_index/packages/kinova_description
[0.497s] -- Up-to-date: /home/amma/Kinova_gen2_rl/install/kinova_description/share/kinova_description/cmake/kinova_descriptionConfig.cmake
[0.498s] -- Up-to-date: /home/amma/Kinova_gen2_rl/install/kinova_description/share/kinova_description/cmake/kinova_descriptionConfig-version.cmake
[0.498s] -- Up-to-date: /home/amma/Kinova_gen2_rl/install/kinova_description/share/kinova_description/package.xml
[0.555s] Invoked command in '/home/amma/Kinova_gen2_rl/build/kinova_description' returned '0': CMAKE_PREFIX_PATH=${CMAKE_PREFIX_PATH}:/home/amma/Kinova_gen2_rl/install/mouth_tracking:/home/amma/kinova_ws/rl_v2-master/install/point_goal_test:/home/amma/kinova_ws/rl_v2-master/install/mouth_tracking:/home/amma/kinova_ws/rl_v2-master/install/kinova_rl:/home/amma/kinova_ws/rl_v2-master/install/easy_handeye2:/opt/ros/humble /usr/bin/cmake --install /home/amma/Kinova_gen2_rl/build/kinova_description
