[  0%] Built target kinova_msgs__cpp
[ 13%] Built target kinova_msgs__rosidl_generator_c
[ 13%] Built target ament_cmake_python_copy_kinova_msgs
[ 37%] Built target kinova_msgs__rosidl_typesupport_cpp
[ 37%] Built target kinova_msgs__rosidl_typesupport_introspection_c
[ 62%] Built target kinova_msgs__rosidl_typesupport_c
[ 62%] Built target kinova_msgs__rosidl_typesupport_introspection_cpp
[ 74%] Built target kinova_msgs__rosidl_typesupport_fastrtps_cpp
[ 86%] Built target kinova_msgs__rosidl_typesupport_fastrtps_c
[ 86%] Built target kinova_msgs
[ 86%] Built target kinova_msgs__py
[ 97%] Built target kinova_msgs__rosidl_generator_py
[100%] Built target kinova_msgs__rosidl_typesupport_c__pyext
[100%] Built target kinova_msgs__rosidl_typesupport_introspection_c__pyext
[100%] Built target kinova_msgs__rosidl_typesupport_fastrtps_c__pyext
running egg_info
writing kinova_msgs.egg-info/PKG-INFO
writing dependency_links to kinova_msgs.egg-info/dependency_links.txt
writing top-level names to kinova_msgs.egg-info/top_level.txt
reading manifest file 'kinova_msgs.egg-info/SOURCES.txt'
writing manifest file 'kinova_msgs.egg-info/SOURCES.txt'
[100%] Built target ament_cmake_python_build_kinova_msgs_egg
-- Install configuration: ""
-- Up-to-date: /home/amma/Kinova_gen2_rl/install/kinova_msgs/share/ament_index/resource_index/rosidl_interfaces/kinova_msgs
-- Up-to-date: /home/amma/Kinova_gen2_rl/install/kinova_msgs/include/kinova_msgs/kinova_msgs
-- Up-to-date: /home/amma/Kinova_gen2_rl/install/kinova_msgs/include/kinova_msgs/kinova_msgs/msg
-- Up-to-date: /home/amma/Kinova_gen2_rl/install/kinova_msgs/include/kinova_msgs/kinova_msgs/msg/kinova_pose.h
-- Up-to-date: /home/amma/Kinova_gen2_rl/install/kinova_msgs/include/kinova_msgs/kinova_msgs/msg/joint_angles.h
-- Up-to-date: /home/amma/Kinova_gen2_rl/install/kinova_msgs/include/kinova_msgs/kinova_msgs/msg/finger_position.h
-- Up-to-date: /home/amma/Kinova_gen2_rl/install/kinova_msgs/include/kinova_msgs/kinova_msgs/msg/cartesian_force.h
-- Up-to-date: /home/amma/Kinova_gen2_rl/install/kinova_msgs/include/kinova_msgs/kinova_msgs/msg/pose_velocity.h
-- Up-to-date: /home/amma/Kinova_gen2_rl/install/kinova_msgs/include/kinova_msgs/kinova_msgs/msg/pose_velocity_with_finger_velocity.h
-- Up-to-date: /home/amma/Kinova_gen2_rl/install/kinova_msgs/include/kinova_msgs/kinova_msgs/msg/joint_torque.h
-- Up-to-date: /home/amma/Kinova_gen2_rl/install/kinova_msgs/include/kinova_msgs/kinova_msgs/msg/joint_velocity.h
-- Up-to-date: /home/amma/Kinova_gen2_rl/install/kinova_msgs/include/kinova_msgs/kinova_msgs/msg/pose_velocity_with_fingers.h
-- Up-to-date: /home/amma/Kinova_gen2_rl/install/kinova_msgs/include/kinova_msgs/kinova_msgs/msg/detail
-- Up-to-date: /home/amma/Kinova_gen2_rl/install/kinova_msgs/include/kinova_msgs/kinova_msgs/msg/detail/joint_torque__functions.h
-- Up-to-date: /home/amma/Kinova_gen2_rl/install/kinova_msgs/include/kinova_msgs/kinova_msgs/msg/detail/cartesian_force__struct.h
-- Up-to-date: /home/amma/Kinova_gen2_rl/install/kinova_msgs/include/kinova_msgs/kinova_msgs/msg/detail/cartesian_force__functions.c
-- Up-to-date: /home/amma/Kinova_gen2_rl/install/kinova_msgs/include/kinova_msgs/kinova_msgs/msg/detail/kinova_pose__functions.h
-- Up-to-date: /home/amma/Kinova_gen2_rl/install/kinova_msgs/include/kinova_msgs/kinova_msgs/msg/detail/joint_torque__type_support.h
-- Up-to-date: /home/amma/Kinova_gen2_rl/install/kinova_msgs/include/kinova_msgs/kinova_msgs/msg/detail/pose_velocity__type_support.h
-- Up-to-date: /home/amma/Kinova_gen2_rl/install/kinova_msgs/include/kinova_msgs/kinova_msgs/msg/detail/joint_torque__functions.c
-- Up-to-date: /home/amma/Kinova_gen2_rl/install/kinova_msgs/include/kinova_msgs/kinova_msgs/msg/detail/joint_angles__functions.c
-- Up-to-date: /home/amma/Kinova_gen2_rl/install/kinova_msgs/include/kinova_msgs/kinova_msgs/msg/detail/pose_velocity_with_fingers__struct.h
-- Up-to-date: /home/amma/Kinova_gen2_rl/install/kinova_msgs/include/kinova_msgs/kinova_msgs/msg/detail/finger_position__functions.c
-- Up-to-date: /home/amma/Kinova_gen2_rl/install/kinova_msgs/include/kinova_msgs/kinova_msgs/msg/detail/cartesian_force__type_support.h
-- Up-to-date: /home/amma/Kinova_gen2_rl/install/kinova_msgs/include/kinova_msgs/kinova_msgs/msg/detail/cartesian_force__functions.h
-- Up-to-date: /home/amma/Kinova_gen2_rl/install/kinova_msgs/include/kinova_msgs/kinova_msgs/msg/detail/joint_velocity__functions.c
-- Up-to-date: /home/amma/Kinova_gen2_rl/install/kinova_msgs/include/kinova_msgs/kinova_msgs/msg/detail/pose_velocity_with_fingers__functions.h
-- Up-to-date: /home/amma/Kinova_gen2_rl/install/kinova_msgs/include/kinova_msgs/kinova_msgs/msg/detail/finger_position__type_support.h
-- Up-to-date: /home/amma/Kinova_gen2_rl/install/kinova_msgs/include/kinova_msgs/kinova_msgs/msg/detail/joint_velocity__struct.h
-- Up-to-date: /home/amma/Kinova_gen2_rl/install/kinova_msgs/include/kinova_msgs/kinova_msgs/msg/detail/pose_velocity__functions.h
-- Up-to-date: /home/amma/Kinova_gen2_rl/install/kinova_msgs/include/kinova_msgs/kinova_msgs/msg/detail/kinova_pose__type_support.h
-- Up-to-date: /home/amma/Kinova_gen2_rl/install/kinova_msgs/include/kinova_msgs/kinova_msgs/msg/detail/joint_angles__functions.h
-- Up-to-date: /home/amma/Kinova_gen2_rl/install/kinova_msgs/include/kinova_msgs/kinova_msgs/msg/detail/joint_torque__struct.h
-- Up-to-date: /home/amma/Kinova_gen2_rl/install/kinova_msgs/include/kinova_msgs/kinova_msgs/msg/detail/pose_velocity_with_finger_velocity__functions.h
-- Up-to-date: /home/amma/Kinova_gen2_rl/install/kinova_msgs/include/kinova_msgs/kinova_msgs/msg/detail/joint_angles__struct.h
-- Up-to-date: /home/amma/Kinova_gen2_rl/install/kinova_msgs/include/kinova_msgs/kinova_msgs/msg/detail/kinova_pose__struct.h
-- Up-to-date: /home/amma/Kinova_gen2_rl/install/kinova_msgs/include/kinova_msgs/kinova_msgs/msg/detail/pose_velocity_with_fingers__type_support.h
-- Up-to-date: /home/amma/Kinova_gen2_rl/install/kinova_msgs/include/kinova_msgs/kinova_msgs/msg/detail/pose_velocity__functions.c
-- Up-to-date: /home/amma/Kinova_gen2_rl/install/kinova_msgs/include/kinova_msgs/kinova_msgs/msg/detail/finger_position__struct.h
-- Up-to-date: /home/amma/Kinova_gen2_rl/install/kinova_msgs/include/kinova_msgs/kinova_msgs/msg/detail/pose_velocity__struct.h
-- Up-to-date: /home/amma/Kinova_gen2_rl/install/kinova_msgs/include/kinova_msgs/kinova_msgs/msg/detail/pose_velocity_with_fingers__functions.c
-- Up-to-date: /home/amma/Kinova_gen2_rl/install/kinova_msgs/include/kinova_msgs/kinova_msgs/msg/detail/kinova_pose__functions.c
-- Up-to-date: /home/amma/Kinova_gen2_rl/install/kinova_msgs/include/kinova_msgs/kinova_msgs/msg/detail/pose_velocity_with_finger_velocity__functions.c
-- Up-to-date: /home/amma/Kinova_gen2_rl/install/kinova_msgs/include/kinova_msgs/kinova_msgs/msg/detail/pose_velocity_with_finger_velocity__type_support.h
-- Up-to-date: /home/amma/Kinova_gen2_rl/install/kinova_msgs/include/kinova_msgs/kinova_msgs/msg/detail/joint_velocity__type_support.h
-- Up-to-date: /home/amma/Kinova_gen2_rl/install/kinova_msgs/include/kinova_msgs/kinova_msgs/msg/detail/pose_velocity_with_finger_velocity__struct.h
-- Up-to-date: /home/amma/Kinova_gen2_rl/install/kinova_msgs/include/kinova_msgs/kinova_msgs/msg/detail/finger_position__functions.h
-- Up-to-date: /home/amma/Kinova_gen2_rl/install/kinova_msgs/include/kinova_msgs/kinova_msgs/msg/detail/joint_velocity__functions.h
-- Up-to-date: /home/amma/Kinova_gen2_rl/install/kinova_msgs/include/kinova_msgs/kinova_msgs/msg/detail/joint_angles__type_support.h
-- Up-to-date: /home/amma/Kinova_gen2_rl/install/kinova_msgs/include/kinova_msgs/kinova_msgs/msg/rosidl_generator_c__visibility_control.h
-- Up-to-date: /home/amma/Kinova_gen2_rl/install/kinova_msgs/include/kinova_msgs/kinova_msgs/action
-- Up-to-date: /home/amma/Kinova_gen2_rl/install/kinova_msgs/include/kinova_msgs/kinova_msgs/action/arm_joint_angles.h
-- Up-to-date: /home/amma/Kinova_gen2_rl/install/kinova_msgs/include/kinova_msgs/kinova_msgs/action/arm_pose.h
-- Up-to-date: /home/amma/Kinova_gen2_rl/install/kinova_msgs/include/kinova_msgs/kinova_msgs/action/set_fingers_position.h
-- Up-to-date: /home/amma/Kinova_gen2_rl/install/kinova_msgs/include/kinova_msgs/kinova_msgs/action/detail
-- Up-to-date: /home/amma/Kinova_gen2_rl/install/kinova_msgs/include/kinova_msgs/kinova_msgs/action/detail/arm_joint_angles__type_support.h
-- Up-to-date: /home/amma/Kinova_gen2_rl/install/kinova_msgs/include/kinova_msgs/kinova_msgs/action/detail/arm_pose__functions.c
-- Up-to-date: /home/amma/Kinova_gen2_rl/install/kinova_msgs/include/kinova_msgs/kinova_msgs/action/detail/set_fingers_position__functions.c
-- Up-to-date: /home/amma/Kinova_gen2_rl/install/kinova_msgs/include/kinova_msgs/kinova_msgs/action/detail/arm_joint_angles__functions.h
-- Up-to-date: /home/amma/Kinova_gen2_rl/install/kinova_msgs/include/kinova_msgs/kinova_msgs/action/detail/arm_pose__struct.h
-- Up-to-date: /home/amma/Kinova_gen2_rl/install/kinova_msgs/include/kinova_msgs/kinova_msgs/action/detail/set_fingers_position__struct.h
-- Up-to-date: /home/amma/Kinova_gen2_rl/install/kinova_msgs/include/kinova_msgs/kinova_msgs/action/detail/arm_pose__type_support.h
-- Up-to-date: /home/amma/Kinova_gen2_rl/install/kinova_msgs/include/kinova_msgs/kinova_msgs/action/detail/arm_kinova_pose__functions.c
-- Up-to-date: /home/amma/Kinova_gen2_rl/install/kinova_msgs/include/kinova_msgs/kinova_msgs/action/detail/arm_pose__functions.h
-- Up-to-date: /home/amma/Kinova_gen2_rl/install/kinova_msgs/include/kinova_msgs/kinova_msgs/action/detail/arm_joint_angles__functions.c
-- Up-to-date: /home/amma/Kinova_gen2_rl/install/kinova_msgs/include/kinova_msgs/kinova_msgs/action/detail/arm_kinova_pose__struct.h
-- Up-to-date: /home/amma/Kinova_gen2_rl/install/kinova_msgs/include/kinova_msgs/kinova_msgs/action/detail/set_fingers_position__functions.h
-- Up-to-date: /home/amma/Kinova_gen2_rl/install/kinova_msgs/include/kinova_msgs/kinova_msgs/action/detail/set_fingers_position__type_support.h
-- Up-to-date: /home/amma/Kinova_gen2_rl/install/kinova_msgs/include/kinova_msgs/kinova_msgs/action/detail/arm_kinova_pose__type_support.h
-- Up-to-date: /home/amma/Kinova_gen2_rl/install/kinova_msgs/include/kinova_msgs/kinova_msgs/action/detail/arm_kinova_pose__functions.h
-- Up-to-date: /home/amma/Kinova_gen2_rl/install/kinova_msgs/include/kinova_msgs/kinova_msgs/action/detail/arm_joint_angles__struct.h
-- Up-to-date: /home/amma/Kinova_gen2_rl/install/kinova_msgs/include/kinova_msgs/kinova_msgs/action/arm_kinova_pose.h
-- Up-to-date: /home/amma/Kinova_gen2_rl/install/kinova_msgs/include/kinova_msgs/kinova_msgs/srv
-- Up-to-date: /home/amma/Kinova_gen2_rl/install/kinova_msgs/include/kinova_msgs/kinova_msgs/srv/start.h
-- Up-to-date: /home/amma/Kinova_gen2_rl/install/kinova_msgs/include/kinova_msgs/kinova_msgs/srv/add_pose_to_cartesian_trajectory.h
-- Up-to-date: /home/amma/Kinova_gen2_rl/install/kinova_msgs/include/kinova_msgs/kinova_msgs/srv/clear_trajectories.h
-- Up-to-date: /home/amma/Kinova_gen2_rl/install/kinova_msgs/include/kinova_msgs/kinova_msgs/srv/set_force_control_params.h
-- Up-to-date: /home/amma/Kinova_gen2_rl/install/kinova_msgs/include/kinova_msgs/kinova_msgs/srv/set_torque_control_parameters.h
-- Up-to-date: /home/amma/Kinova_gen2_rl/install/kinova_msgs/include/kinova_msgs/kinova_msgs/srv/zero_torques.h
-- Up-to-date: /home/amma/Kinova_gen2_rl/install/kinova_msgs/include/kinova_msgs/kinova_msgs/srv/set_null_space_mode_state.h
-- Up-to-date: /home/amma/Kinova_gen2_rl/install/kinova_msgs/include/kinova_msgs/kinova_msgs/srv/set_end_effector_offset.h
-- Up-to-date: /home/amma/Kinova_gen2_rl/install/kinova_msgs/include/kinova_msgs/kinova_msgs/srv/set_torque_control_mode.h
-- Up-to-date: /home/amma/Kinova_gen2_rl/install/kinova_msgs/include/kinova_msgs/kinova_msgs/srv/home_arm.h
-- Up-to-date: /home/amma/Kinova_gen2_rl/install/kinova_msgs/include/kinova_msgs/kinova_msgs/srv/stop.h
-- Up-to-date: /home/amma/Kinova_gen2_rl/install/kinova_msgs/include/kinova_msgs/kinova_msgs/srv/detail
-- Up-to-date: /home/amma/Kinova_gen2_rl/install/kinova_msgs/include/kinova_msgs/kinova_msgs/srv/detail/stop__struct.h
-- Up-to-date: /home/amma/Kinova_gen2_rl/install/kinova_msgs/include/kinova_msgs/kinova_msgs/srv/detail/set_force_control_params__functions.h
-- Up-to-date: /home/amma/Kinova_gen2_rl/install/kinova_msgs/include/kinova_msgs/kinova_msgs/srv/detail/run_com_parameters_estimation__functions.h
-- Up-to-date: /home/amma/Kinova_gen2_rl/install/kinova_msgs/include/kinova_msgs/kinova_msgs/srv/detail/home_arm__struct.h
-- Up-to-date: /home/amma/Kinova_gen2_rl/install/kinova_msgs/include/kinova_msgs/kinova_msgs/srv/detail/set_torque_control_mode__struct.h
-- Up-to-date: /home/amma/Kinova_gen2_rl/install/kinova_msgs/include/kinova_msgs/kinova_msgs/srv/detail/stop__functions.h
-- Up-to-date: /home/amma/Kinova_gen2_rl/install/kinova_msgs/include/kinova_msgs/kinova_msgs/srv/detail/set_torque_control_parameters__struct.h
-- Up-to-date: /home/amma/Kinova_gen2_rl/install/kinova_msgs/include/kinova_msgs/kinova_msgs/srv/detail/start__struct.h
-- Up-to-date: /home/amma/Kinova_gen2_rl/install/kinova_msgs/include/kinova_msgs/kinova_msgs/srv/detail/run_com_parameters_estimation__type_support.h
-- Up-to-date: /home/amma/Kinova_gen2_rl/install/kinova_msgs/include/kinova_msgs/kinova_msgs/srv/detail/set_end_effector_offset__struct.h
-- Up-to-date: /home/amma/Kinova_gen2_rl/install/kinova_msgs/include/kinova_msgs/kinova_msgs/srv/detail/set_torque_control_parameters__functions.c
-- Up-to-date: /home/amma/Kinova_gen2_rl/install/kinova_msgs/include/kinova_msgs/kinova_msgs/srv/detail/run_com_parameters_estimation__functions.c
-- Up-to-date: /home/amma/Kinova_gen2_rl/install/kinova_msgs/include/kinova_msgs/kinova_msgs/srv/detail/zero_torques__struct.h
-- Up-to-date: /home/amma/Kinova_gen2_rl/install/kinova_msgs/include/kinova_msgs/kinova_msgs/srv/detail/set_torque_control_parameters__type_support.h
-- Up-to-date: /home/amma/Kinova_gen2_rl/install/kinova_msgs/include/kinova_msgs/kinova_msgs/srv/detail/start__functions.h
-- Up-to-date: /home/amma/Kinova_gen2_rl/install/kinova_msgs/include/kinova_msgs/kinova_msgs/srv/detail/stop__functions.c
-- Up-to-date: /home/amma/Kinova_gen2_rl/install/kinova_msgs/include/kinova_msgs/kinova_msgs/srv/detail/set_null_space_mode_state__type_support.h
-- Up-to-date: /home/amma/Kinova_gen2_rl/install/kinova_msgs/include/kinova_msgs/kinova_msgs/srv/detail/zero_torques__functions.h
-- Up-to-date: /home/amma/Kinova_gen2_rl/install/kinova_msgs/include/kinova_msgs/kinova_msgs/srv/detail/clear_trajectories__functions.h
-- Up-to-date: /home/amma/Kinova_gen2_rl/install/kinova_msgs/include/kinova_msgs/kinova_msgs/srv/detail/set_force_control_params__type_support.h
-- Up-to-date: /home/amma/Kinova_gen2_rl/install/kinova_msgs/include/kinova_msgs/kinova_msgs/srv/detail/set_end_effector_offset__type_support.h
-- Up-to-date: /home/amma/Kinova_gen2_rl/install/kinova_msgs/include/kinova_msgs/kinova_msgs/srv/detail/home_arm__functions.h
-- Up-to-date: /home/amma/Kinova_gen2_rl/install/kinova_msgs/include/kinova_msgs/kinova_msgs/srv/detail/add_pose_to_cartesian_trajectory__type_support.h
-- Up-to-date: /home/amma/Kinova_gen2_rl/install/kinova_msgs/include/kinova_msgs/kinova_msgs/srv/detail/add_pose_to_cartesian_trajectory__functions.h
-- Up-to-date: /home/amma/Kinova_gen2_rl/install/kinova_msgs/include/kinova_msgs/kinova_msgs/srv/detail/add_pose_to_cartesian_trajectory__functions.c
-- Up-to-date: /home/amma/Kinova_gen2_rl/install/kinova_msgs/include/kinova_msgs/kinova_msgs/srv/detail/zero_torques__type_support.h
-- Up-to-date: /home/amma/Kinova_gen2_rl/install/kinova_msgs/include/kinova_msgs/kinova_msgs/srv/detail/clear_trajectories__struct.h
-- Up-to-date: /home/amma/Kinova_gen2_rl/install/kinova_msgs/include/kinova_msgs/kinova_msgs/srv/detail/set_null_space_mode_state__functions.h
-- Up-to-date: /home/amma/Kinova_gen2_rl/install/kinova_msgs/include/kinova_msgs/kinova_msgs/srv/detail/home_arm__functions.c
-- Up-to-date: /home/amma/Kinova_gen2_rl/install/kinova_msgs/include/kinova_msgs/kinova_msgs/srv/detail/zero_torques__functions.c
-- Up-to-date: /home/amma/Kinova_gen2_rl/install/kinova_msgs/include/kinova_msgs/kinova_msgs/srv/detail/start__type_support.h
-- Up-to-date: /home/amma/Kinova_gen2_rl/install/kinova_msgs/include/kinova_msgs/kinova_msgs/srv/detail/set_torque_control_mode__type_support.h
-- Up-to-date: /home/amma/Kinova_gen2_rl/install/kinova_msgs/include/kinova_msgs/kinova_msgs/srv/detail/set_torque_control_mode__functions.h
-- Up-to-date: /home/amma/Kinova_gen2_rl/install/kinova_msgs/include/kinova_msgs/kinova_msgs/srv/detail/set_torque_control_mode__functions.c
-- Up-to-date: /home/amma/Kinova_gen2_rl/install/kinova_msgs/include/kinova_msgs/kinova_msgs/srv/detail/start__functions.c
-- Up-to-date: /home/amma/Kinova_gen2_rl/install/kinova_msgs/include/kinova_msgs/kinova_msgs/srv/detail/set_null_space_mode_state__struct.h
-- Up-to-date: /home/amma/Kinova_gen2_rl/install/kinova_msgs/include/kinova_msgs/kinova_msgs/srv/detail/clear_trajectories__functions.c
-- Up-to-date: /home/amma/Kinova_gen2_rl/install/kinova_msgs/include/kinova_msgs/kinova_msgs/srv/detail/stop__type_support.h
-- Up-to-date: /home/amma/Kinova_gen2_rl/install/kinova_msgs/include/kinova_msgs/kinova_msgs/srv/detail/set_force_control_params__functions.c
-- Up-to-date: /home/amma/Kinova_gen2_rl/install/kinova_msgs/include/kinova_msgs/kinova_msgs/srv/detail/set_torque_control_parameters__functions.h
-- Up-to-date: /home/amma/Kinova_gen2_rl/install/kinova_msgs/include/kinova_msgs/kinova_msgs/srv/detail/home_arm__type_support.h
-- Up-to-date: /home/amma/Kinova_gen2_rl/install/kinova_msgs/include/kinova_msgs/kinova_msgs/srv/detail/set_end_effector_offset__functions.c
-- Up-to-date: /home/amma/Kinova_gen2_rl/install/kinova_msgs/include/kinova_msgs/kinova_msgs/srv/detail/clear_trajectories__type_support.h
-- Up-to-date: /home/amma/Kinova_gen2_rl/install/kinova_msgs/include/kinova_msgs/kinova_msgs/srv/detail/set_end_effector_offset__functions.h
-- Up-to-date: /home/amma/Kinova_gen2_rl/install/kinova_msgs/include/kinova_msgs/kinova_msgs/srv/detail/set_null_space_mode_state__functions.c
-- Up-to-date: /home/amma/Kinova_gen2_rl/install/kinova_msgs/include/kinova_msgs/kinova_msgs/srv/detail/run_com_parameters_estimation__struct.h
-- Up-to-date: /home/amma/Kinova_gen2_rl/install/kinova_msgs/include/kinova_msgs/kinova_msgs/srv/detail/set_force_control_params__struct.h
-- Up-to-date: /home/amma/Kinova_gen2_rl/install/kinova_msgs/include/kinova_msgs/kinova_msgs/srv/detail/add_pose_to_cartesian_trajectory__struct.h
-- Up-to-date: /home/amma/Kinova_gen2_rl/install/kinova_msgs/include/kinova_msgs/kinova_msgs/srv/run_com_parameters_estimation.h
-- Up-to-date: /home/amma/Kinova_gen2_rl/install/kinova_msgs/share/kinova_msgs/environment/library_path.sh
-- Up-to-date: /home/amma/Kinova_gen2_rl/install/kinova_msgs/share/kinova_msgs/environment/library_path.dsv
-- Up-to-date: /home/amma/Kinova_gen2_rl/install/kinova_msgs/lib/libkinova_msgs__rosidl_generator_c.so
-- Up-to-date: /home/amma/Kinova_gen2_rl/install/kinova_msgs/include/kinova_msgs/kinova_msgs
-- Up-to-date: /home/amma/Kinova_gen2_rl/install/kinova_msgs/include/kinova_msgs/kinova_msgs/msg
-- Up-to-date: /home/amma/Kinova_gen2_rl/install/kinova_msgs/include/kinova_msgs/kinova_msgs/msg/rosidl_typesupport_fastrtps_c__visibility_control.h
-- Up-to-date: /home/amma/Kinova_gen2_rl/install/kinova_msgs/include/kinova_msgs/kinova_msgs/msg/detail
-- Up-to-date: /home/amma/Kinova_gen2_rl/install/kinova_msgs/include/kinova_msgs/kinova_msgs/msg/detail/finger_position__rosidl_typesupport_fastrtps_c.h
-- Up-to-date: /home/amma/Kinova_gen2_rl/install/kinova_msgs/include/kinova_msgs/kinova_msgs/msg/detail/pose_velocity__rosidl_typesupport_fastrtps_c.h
-- Up-to-date: /home/amma/Kinova_gen2_rl/install/kinova_msgs/include/kinova_msgs/kinova_msgs/msg/detail/pose_velocity_with_fingers__rosidl_typesupport_fastrtps_c.h
-- Up-to-date: /home/amma/Kinova_gen2_rl/install/kinova_msgs/include/kinova_msgs/kinova_msgs/msg/detail/joint_torque__rosidl_typesupport_fastrtps_c.h
-- Up-to-date: /home/amma/Kinova_gen2_rl/install/kinova_msgs/include/kinova_msgs/kinova_msgs/msg/detail/pose_velocity_with_finger_velocity__rosidl_typesupport_fastrtps_c.h
-- Up-to-date: /home/amma/Kinova_gen2_rl/install/kinova_msgs/include/kinova_msgs/kinova_msgs/msg/detail/joint_angles__rosidl_typesupport_fastrtps_c.h
-- Up-to-date: /home/amma/Kinova_gen2_rl/install/kinova_msgs/include/kinova_msgs/kinova_msgs/msg/detail/cartesian_force__rosidl_typesupport_fastrtps_c.h
-- Up-to-date: /home/amma/Kinova_gen2_rl/install/kinova_msgs/include/kinova_msgs/kinova_msgs/msg/detail/kinova_pose__rosidl_typesupport_fastrtps_c.h
-- Up-to-date: /home/amma/Kinova_gen2_rl/install/kinova_msgs/include/kinova_msgs/kinova_msgs/msg/detail/joint_velocity__rosidl_typesupport_fastrtps_c.h
-- Up-to-date: /home/amma/Kinova_gen2_rl/install/kinova_msgs/include/kinova_msgs/kinova_msgs/action
-- Up-to-date: /home/amma/Kinova_gen2_rl/install/kinova_msgs/include/kinova_msgs/kinova_msgs/action/detail
-- Up-to-date: /home/amma/Kinova_gen2_rl/install/kinova_msgs/include/kinova_msgs/kinova_msgs/action/detail/arm_pose__rosidl_typesupport_fastrtps_c.h
-- Up-to-date: /home/amma/Kinova_gen2_rl/install/kinova_msgs/include/kinova_msgs/kinova_msgs/action/detail/set_fingers_position__rosidl_typesupport_fastrtps_c.h
-- Up-to-date: /home/amma/Kinova_gen2_rl/install/kinova_msgs/include/kinova_msgs/kinova_msgs/action/detail/arm_joint_angles__rosidl_typesupport_fastrtps_c.h
-- Up-to-date: /home/amma/Kinova_gen2_rl/install/kinova_msgs/include/kinova_msgs/kinova_msgs/action/detail/arm_kinova_pose__rosidl_typesupport_fastrtps_c.h
-- Up-to-date: /home/amma/Kinova_gen2_rl/install/kinova_msgs/include/kinova_msgs/kinova_msgs/srv
-- Up-to-date: /home/amma/Kinova_gen2_rl/install/kinova_msgs/include/kinova_msgs/kinova_msgs/srv/detail
-- Up-to-date: /home/amma/Kinova_gen2_rl/install/kinova_msgs/include/kinova_msgs/kinova_msgs/srv/detail/set_torque_control_parameters__rosidl_typesupport_fastrtps_c.h
-- Up-to-date: /home/amma/Kinova_gen2_rl/install/kinova_msgs/include/kinova_msgs/kinova_msgs/srv/detail/set_null_space_mode_state__rosidl_typesupport_fastrtps_c.h
-- Up-to-date: /home/amma/Kinova_gen2_rl/install/kinova_msgs/include/kinova_msgs/kinova_msgs/srv/detail/clear_trajectories__rosidl_typesupport_fastrtps_c.h
-- Up-to-date: /home/amma/Kinova_gen2_rl/install/kinova_msgs/include/kinova_msgs/kinova_msgs/srv/detail/set_end_effector_offset__rosidl_typesupport_fastrtps_c.h
-- Up-to-date: /home/amma/Kinova_gen2_rl/install/kinova_msgs/include/kinova_msgs/kinova_msgs/srv/detail/set_torque_control_mode__rosidl_typesupport_fastrtps_c.h
-- Up-to-date: /home/amma/Kinova_gen2_rl/install/kinova_msgs/include/kinova_msgs/kinova_msgs/srv/detail/start__rosidl_typesupport_fastrtps_c.h
-- Up-to-date: /home/amma/Kinova_gen2_rl/install/kinova_msgs/include/kinova_msgs/kinova_msgs/srv/detail/set_force_control_params__rosidl_typesupport_fastrtps_c.h
-- Up-to-date: /home/amma/Kinova_gen2_rl/install/kinova_msgs/include/kinova_msgs/kinova_msgs/srv/detail/home_arm__rosidl_typesupport_fastrtps_c.h
-- Up-to-date: /home/amma/Kinova_gen2_rl/install/kinova_msgs/include/kinova_msgs/kinova_msgs/srv/detail/stop__rosidl_typesupport_fastrtps_c.h
-- Up-to-date: /home/amma/Kinova_gen2_rl/install/kinova_msgs/include/kinova_msgs/kinova_msgs/srv/detail/add_pose_to_cartesian_trajectory__rosidl_typesupport_fastrtps_c.h
-- Up-to-date: /home/amma/Kinova_gen2_rl/install/kinova_msgs/include/kinova_msgs/kinova_msgs/srv/detail/run_com_parameters_estimation__rosidl_typesupport_fastrtps_c.h
-- Up-to-date: /home/amma/Kinova_gen2_rl/install/kinova_msgs/include/kinova_msgs/kinova_msgs/srv/detail/zero_torques__rosidl_typesupport_fastrtps_c.h
-- Up-to-date: /home/amma/Kinova_gen2_rl/install/kinova_msgs/lib/libkinova_msgs__rosidl_typesupport_fastrtps_c.so
-- Up-to-date: /home/amma/Kinova_gen2_rl/install/kinova_msgs/include/kinova_msgs/kinova_msgs
-- Up-to-date: /home/amma/Kinova_gen2_rl/install/kinova_msgs/include/kinova_msgs/kinova_msgs/msg
-- Up-to-date: /home/amma/Kinova_gen2_rl/install/kinova_msgs/include/kinova_msgs/kinova_msgs/msg/cartesian_force.hpp
-- Up-to-date: /home/amma/Kinova_gen2_rl/install/kinova_msgs/include/kinova_msgs/kinova_msgs/msg/pose_velocity_with_fingers.hpp
-- Up-to-date: /home/amma/Kinova_gen2_rl/install/kinova_msgs/include/kinova_msgs/kinova_msgs/msg/finger_position.hpp
-- Up-to-date: /home/amma/Kinova_gen2_rl/install/kinova_msgs/include/kinova_msgs/kinova_msgs/msg/joint_angles.hpp
-- Up-to-date: /home/amma/Kinova_gen2_rl/install/kinova_msgs/include/kinova_msgs/kinova_msgs/msg/joint_torque.hpp
-- Up-to-date: /home/amma/Kinova_gen2_rl/install/kinova_msgs/include/kinova_msgs/kinova_msgs/msg/rosidl_generator_cpp__visibility_control.hpp
-- Up-to-date: /home/amma/Kinova_gen2_rl/install/kinova_msgs/include/kinova_msgs/kinova_msgs/msg/kinova_pose.hpp
-- Up-to-date: /home/amma/Kinova_gen2_rl/install/kinova_msgs/include/kinova_msgs/kinova_msgs/msg/joint_velocity.hpp
-- Up-to-date: /home/amma/Kinova_gen2_rl/install/kinova_msgs/include/kinova_msgs/kinova_msgs/msg/pose_velocity_with_finger_velocity.hpp
-- Up-to-date: /home/amma/Kinova_gen2_rl/install/kinova_msgs/include/kinova_msgs/kinova_msgs/msg/detail
-- Up-to-date: /home/amma/Kinova_gen2_rl/install/kinova_msgs/include/kinova_msgs/kinova_msgs/msg/detail/finger_position__traits.hpp
-- Up-to-date: /home/amma/Kinova_gen2_rl/install/kinova_msgs/include/kinova_msgs/kinova_msgs/msg/detail/pose_velocity__builder.hpp
-- Up-to-date: /home/amma/Kinova_gen2_rl/install/kinova_msgs/include/kinova_msgs/kinova_msgs/msg/detail/finger_position__type_support.hpp
-- Up-to-date: /home/amma/Kinova_gen2_rl/install/kinova_msgs/include/kinova_msgs/kinova_msgs/msg/detail/joint_angles__builder.hpp
-- Up-to-date: /home/amma/Kinova_gen2_rl/install/kinova_msgs/include/kinova_msgs/kinova_msgs/msg/detail/joint_velocity__builder.hpp
-- Up-to-date: /home/amma/Kinova_gen2_rl/install/kinova_msgs/include/kinova_msgs/kinova_msgs/msg/detail/kinova_pose__builder.hpp
-- Up-to-date: /home/amma/Kinova_gen2_rl/install/kinova_msgs/include/kinova_msgs/kinova_msgs/msg/detail/pose_velocity_with_finger_velocity__builder.hpp
-- Up-to-date: /home/amma/Kinova_gen2_rl/install/kinova_msgs/include/kinova_msgs/kinova_msgs/msg/detail/joint_velocity__struct.hpp
-- Up-to-date: /home/amma/Kinova_gen2_rl/install/kinova_msgs/include/kinova_msgs/kinova_msgs/msg/detail/pose_velocity__traits.hpp
-- Up-to-date: /home/amma/Kinova_gen2_rl/install/kinova_msgs/include/kinova_msgs/kinova_msgs/msg/detail/joint_torque__type_support.hpp
-- Up-to-date: /home/amma/Kinova_gen2_rl/install/kinova_msgs/include/kinova_msgs/kinova_msgs/msg/detail/finger_position__struct.hpp
-- Up-to-date: /home/amma/Kinova_gen2_rl/install/kinova_msgs/include/kinova_msgs/kinova_msgs/msg/detail/finger_position__builder.hpp
-- Up-to-date: /home/amma/Kinova_gen2_rl/install/kinova_msgs/include/kinova_msgs/kinova_msgs/msg/detail/pose_velocity_with_fingers__builder.hpp
-- Up-to-date: /home/amma/Kinova_gen2_rl/install/kinova_msgs/include/kinova_msgs/kinova_msgs/msg/detail/pose_velocity_with_fingers__traits.hpp
-- Up-to-date: /home/amma/Kinova_gen2_rl/install/kinova_msgs/include/kinova_msgs/kinova_msgs/msg/detail/pose_velocity_with_fingers__type_support.hpp
-- Up-to-date: /home/amma/Kinova_gen2_rl/install/kinova_msgs/include/kinova_msgs/kinova_msgs/msg/detail/kinova_pose__type_support.hpp
-- Up-to-date: /home/amma/Kinova_gen2_rl/install/kinova_msgs/include/kinova_msgs/kinova_msgs/msg/detail/cartesian_force__struct.hpp
-- Up-to-date: /home/amma/Kinova_gen2_rl/install/kinova_msgs/include/kinova_msgs/kinova_msgs/msg/detail/kinova_pose__traits.hpp
-- Up-to-date: /home/amma/Kinova_gen2_rl/install/kinova_msgs/include/kinova_msgs/kinova_msgs/msg/detail/pose_velocity__struct.hpp
-- Up-to-date: /home/amma/Kinova_gen2_rl/install/kinova_msgs/include/kinova_msgs/kinova_msgs/msg/detail/kinova_pose__struct.hpp
-- Up-to-date: /home/amma/Kinova_gen2_rl/install/kinova_msgs/include/kinova_msgs/kinova_msgs/msg/detail/pose_velocity_with_finger_velocity__type_support.hpp
-- Up-to-date: /home/amma/Kinova_gen2_rl/install/kinova_msgs/include/kinova_msgs/kinova_msgs/msg/detail/pose_velocity__type_support.hpp
-- Up-to-date: /home/amma/Kinova_gen2_rl/install/kinova_msgs/include/kinova_msgs/kinova_msgs/msg/detail/joint_torque__builder.hpp
-- Up-to-date: /home/amma/Kinova_gen2_rl/install/kinova_msgs/include/kinova_msgs/kinova_msgs/msg/detail/pose_velocity_with_finger_velocity__struct.hpp
-- Up-to-date: /home/amma/Kinova_gen2_rl/install/kinova_msgs/include/kinova_msgs/kinova_msgs/msg/detail/pose_velocity_with_finger_velocity__traits.hpp
-- Up-to-date: /home/amma/Kinova_gen2_rl/install/kinova_msgs/include/kinova_msgs/kinova_msgs/msg/detail/joint_torque__traits.hpp
-- Up-to-date: /home/amma/Kinova_gen2_rl/install/kinova_msgs/include/kinova_msgs/kinova_msgs/msg/detail/joint_velocity__type_support.hpp
-- Up-to-date: /home/amma/Kinova_gen2_rl/install/kinova_msgs/include/kinova_msgs/kinova_msgs/msg/detail/cartesian_force__type_support.hpp
-- Up-to-date: /home/amma/Kinova_gen2_rl/install/kinova_msgs/include/kinova_msgs/kinova_msgs/msg/detail/cartesian_force__traits.hpp
-- Up-to-date: /home/amma/Kinova_gen2_rl/install/kinova_msgs/include/kinova_msgs/kinova_msgs/msg/detail/joint_angles__traits.hpp
-- Up-to-date: /home/amma/Kinova_gen2_rl/install/kinova_msgs/include/kinova_msgs/kinova_msgs/msg/detail/pose_velocity_with_fingers__struct.hpp
-- Up-to-date: /home/amma/Kinova_gen2_rl/install/kinova_msgs/include/kinova_msgs/kinova_msgs/msg/detail/joint_angles__type_support.hpp
-- Up-to-date: /home/amma/Kinova_gen2_rl/install/kinova_msgs/include/kinova_msgs/kinova_msgs/msg/detail/joint_torque__struct.hpp
-- Up-to-date: /home/amma/Kinova_gen2_rl/install/kinova_msgs/include/kinova_msgs/kinova_msgs/msg/detail/joint_angles__struct.hpp
-- Up-to-date: /home/amma/Kinova_gen2_rl/install/kinova_msgs/include/kinova_msgs/kinova_msgs/msg/detail/cartesian_force__builder.hpp
-- Up-to-date: /home/amma/Kinova_gen2_rl/install/kinova_msgs/include/kinova_msgs/kinova_msgs/msg/detail/joint_velocity__traits.hpp
-- Up-to-date: /home/amma/Kinova_gen2_rl/install/kinova_msgs/include/kinova_msgs/kinova_msgs/msg/pose_velocity.hpp
-- Up-to-date: /home/amma/Kinova_gen2_rl/install/kinova_msgs/include/kinova_msgs/kinova_msgs/action
-- Up-to-date: /home/amma/Kinova_gen2_rl/install/kinova_msgs/include/kinova_msgs/kinova_msgs/action/set_fingers_position.hpp
-- Up-to-date: /home/amma/Kinova_gen2_rl/install/kinova_msgs/include/kinova_msgs/kinova_msgs/action/arm_pose.hpp
-- Up-to-date: /home/amma/Kinova_gen2_rl/install/kinova_msgs/include/kinova_msgs/kinova_msgs/action/arm_kinova_pose.hpp
-- Up-to-date: /home/amma/Kinova_gen2_rl/install/kinova_msgs/include/kinova_msgs/kinova_msgs/action/arm_joint_angles.hpp
-- Up-to-date: /home/amma/Kinova_gen2_rl/install/kinova_msgs/include/kinova_msgs/kinova_msgs/action/detail
-- Up-to-date: /home/amma/Kinova_gen2_rl/install/kinova_msgs/include/kinova_msgs/kinova_msgs/action/detail/arm_pose__builder.hpp
-- Up-to-date: /home/amma/Kinova_gen2_rl/install/kinova_msgs/include/kinova_msgs/kinova_msgs/action/detail/arm_joint_angles__builder.hpp
-- Up-to-date: /home/amma/Kinova_gen2_rl/install/kinova_msgs/include/kinova_msgs/kinova_msgs/action/detail/arm_joint_angles__traits.hpp
-- Up-to-date: /home/amma/Kinova_gen2_rl/install/kinova_msgs/include/kinova_msgs/kinova_msgs/action/detail/arm_joint_angles__struct.hpp
-- Up-to-date: /home/amma/Kinova_gen2_rl/install/kinova_msgs/include/kinova_msgs/kinova_msgs/action/detail/arm_kinova_pose__traits.hpp
-- Up-to-date: /home/amma/Kinova_gen2_rl/install/kinova_msgs/include/kinova_msgs/kinova_msgs/action/detail/set_fingers_position__traits.hpp
-- Up-to-date: /home/amma/Kinova_gen2_rl/install/kinova_msgs/include/kinova_msgs/kinova_msgs/action/detail/set_fingers_position__type_support.hpp
-- Up-to-date: /home/amma/Kinova_gen2_rl/install/kinova_msgs/include/kinova_msgs/kinova_msgs/action/detail/set_fingers_position__builder.hpp
-- Up-to-date: /home/amma/Kinova_gen2_rl/install/kinova_msgs/include/kinova_msgs/kinova_msgs/action/detail/arm_kinova_pose__struct.hpp
-- Up-to-date: /home/amma/Kinova_gen2_rl/install/kinova_msgs/include/kinova_msgs/kinova_msgs/action/detail/arm_pose__type_support.hpp
-- Up-to-date: /home/amma/Kinova_gen2_rl/install/kinova_msgs/include/kinova_msgs/kinova_msgs/action/detail/arm_pose__struct.hpp
-- Up-to-date: /home/amma/Kinova_gen2_rl/install/kinova_msgs/include/kinova_msgs/kinova_msgs/action/detail/set_fingers_position__struct.hpp
-- Up-to-date: /home/amma/Kinova_gen2_rl/install/kinova_msgs/include/kinova_msgs/kinova_msgs/action/detail/arm_joint_angles__type_support.hpp
-- Up-to-date: /home/amma/Kinova_gen2_rl/install/kinova_msgs/include/kinova_msgs/kinova_msgs/action/detail/arm_kinova_pose__type_support.hpp
-- Up-to-date: /home/amma/Kinova_gen2_rl/install/kinova_msgs/include/kinova_msgs/kinova_msgs/action/detail/arm_pose__traits.hpp
-- Up-to-date: /home/amma/Kinova_gen2_rl/install/kinova_msgs/include/kinova_msgs/kinova_msgs/action/detail/arm_kinova_pose__builder.hpp
-- Up-to-date: /home/amma/Kinova_gen2_rl/install/kinova_msgs/include/kinova_msgs/kinova_msgs/srv
-- Up-to-date: /home/amma/Kinova_gen2_rl/install/kinova_msgs/include/kinova_msgs/kinova_msgs/srv/clear_trajectories.hpp
-- Up-to-date: /home/amma/Kinova_gen2_rl/install/kinova_msgs/include/kinova_msgs/kinova_msgs/srv/set_force_control_params.hpp
-- Up-to-date: /home/amma/Kinova_gen2_rl/install/kinova_msgs/include/kinova_msgs/kinova_msgs/srv/zero_torques.hpp
-- Up-to-date: /home/amma/Kinova_gen2_rl/install/kinova_msgs/include/kinova_msgs/kinova_msgs/srv/set_end_effector_offset.hpp
-- Up-to-date: /home/amma/Kinova_gen2_rl/install/kinova_msgs/include/kinova_msgs/kinova_msgs/srv/add_pose_to_cartesian_trajectory.hpp
-- Up-to-date: /home/amma/Kinova_gen2_rl/install/kinova_msgs/include/kinova_msgs/kinova_msgs/srv/run_com_parameters_estimation.hpp
-- Up-to-date: /home/amma/Kinova_gen2_rl/install/kinova_msgs/include/kinova_msgs/kinova_msgs/srv/start.hpp
-- Up-to-date: /home/amma/Kinova_gen2_rl/install/kinova_msgs/include/kinova_msgs/kinova_msgs/srv/set_torque_control_parameters.hpp
-- Up-to-date: /home/amma/Kinova_gen2_rl/install/kinova_msgs/include/kinova_msgs/kinova_msgs/srv/set_null_space_mode_state.hpp
-- Up-to-date: /home/amma/Kinova_gen2_rl/install/kinova_msgs/include/kinova_msgs/kinova_msgs/srv/detail
-- Up-to-date: /home/amma/Kinova_gen2_rl/install/kinova_msgs/include/kinova_msgs/kinova_msgs/srv/detail/set_null_space_mode_state__type_support.hpp
-- Up-to-date: /home/amma/Kinova_gen2_rl/install/kinova_msgs/include/kinova_msgs/kinova_msgs/srv/detail/zero_torques__traits.hpp
-- Up-to-date: /home/amma/Kinova_gen2_rl/install/kinova_msgs/include/kinova_msgs/kinova_msgs/srv/detail/start__type_support.hpp
-- Up-to-date: /home/amma/Kinova_gen2_rl/install/kinova_msgs/include/kinova_msgs/kinova_msgs/srv/detail/add_pose_to_cartesian_trajectory__type_support.hpp
-- Up-to-date: /home/amma/Kinova_gen2_rl/install/kinova_msgs/include/kinova_msgs/kinova_msgs/srv/detail/home_arm__builder.hpp
-- Up-to-date: /home/amma/Kinova_gen2_rl/install/kinova_msgs/include/kinova_msgs/kinova_msgs/srv/detail/set_end_effector_offset__type_support.hpp
-- Up-to-date: /home/amma/Kinova_gen2_rl/install/kinova_msgs/include/kinova_msgs/kinova_msgs/srv/detail/run_com_parameters_estimation__struct.hpp
-- Up-to-date: /home/amma/Kinova_gen2_rl/install/kinova_msgs/include/kinova_msgs/kinova_msgs/srv/detail/home_arm__struct.hpp
-- Up-to-date: /home/amma/Kinova_gen2_rl/install/kinova_msgs/include/kinova_msgs/kinova_msgs/srv/detail/set_torque_control_parameters__struct.hpp
-- Up-to-date: /home/amma/Kinova_gen2_rl/install/kinova_msgs/include/kinova_msgs/kinova_msgs/srv/detail/run_com_parameters_estimation__type_support.hpp
-- Up-to-date: /home/amma/Kinova_gen2_rl/install/kinova_msgs/include/kinova_msgs/kinova_msgs/srv/detail/set_null_space_mode_state__builder.hpp
-- Up-to-date: /home/amma/Kinova_gen2_rl/install/kinova_msgs/include/kinova_msgs/kinova_msgs/srv/detail/zero_torques__builder.hpp
-- Up-to-date: /home/amma/Kinova_gen2_rl/install/kinova_msgs/include/kinova_msgs/kinova_msgs/srv/detail/home_arm__traits.hpp
-- Up-to-date: /home/amma/Kinova_gen2_rl/install/kinova_msgs/include/kinova_msgs/kinova_msgs/srv/detail/set_torque_control_mode__builder.hpp
-- Up-to-date: /home/amma/Kinova_gen2_rl/install/kinova_msgs/include/kinova_msgs/kinova_msgs/srv/detail/set_end_effector_offset__traits.hpp
-- Up-to-date: /home/amma/Kinova_gen2_rl/install/kinova_msgs/include/kinova_msgs/kinova_msgs/srv/detail/run_com_parameters_estimation__traits.hpp
-- Up-to-date: /home/amma/Kinova_gen2_rl/install/kinova_msgs/include/kinova_msgs/kinova_msgs/srv/detail/stop__traits.hpp
-- Up-to-date: /home/amma/Kinova_gen2_rl/install/kinova_msgs/include/kinova_msgs/kinova_msgs/srv/detail/set_torque_control_mode__struct.hpp
-- Up-to-date: /home/amma/Kinova_gen2_rl/install/kinova_msgs/include/kinova_msgs/kinova_msgs/srv/detail/set_torque_control_mode__type_support.hpp
-- Up-to-date: /home/amma/Kinova_gen2_rl/install/kinova_msgs/include/kinova_msgs/kinova_msgs/srv/detail/add_pose_to_cartesian_trajectory__traits.hpp
-- Up-to-date: /home/amma/Kinova_gen2_rl/install/kinova_msgs/include/kinova_msgs/kinova_msgs/srv/detail/clear_trajectories__traits.hpp
-- Up-to-date: /home/amma/Kinova_gen2_rl/install/kinova_msgs/include/kinova_msgs/kinova_msgs/srv/detail/set_end_effector_offset__builder.hpp
-- Up-to-date: /home/amma/Kinova_gen2_rl/install/kinova_msgs/include/kinova_msgs/kinova_msgs/srv/detail/clear_trajectories__type_support.hpp
-- Up-to-date: /home/amma/Kinova_gen2_rl/install/kinova_msgs/include/kinova_msgs/kinova_msgs/srv/detail/set_force_control_params__builder.hpp
-- Up-to-date: /home/amma/Kinova_gen2_rl/install/kinova_msgs/include/kinova_msgs/kinova_msgs/srv/detail/set_torque_control_mode__traits.hpp
-- Up-to-date: /home/amma/Kinova_gen2_rl/install/kinova_msgs/include/kinova_msgs/kinova_msgs/srv/detail/set_end_effector_offset__struct.hpp
-- Up-to-date: /home/amma/Kinova_gen2_rl/install/kinova_msgs/include/kinova_msgs/kinova_msgs/srv/detail/set_torque_control_parameters__type_support.hpp
-- Up-to-date: /home/amma/Kinova_gen2_rl/install/kinova_msgs/include/kinova_msgs/kinova_msgs/srv/detail/home_arm__type_support.hpp
-- Up-to-date: /home/amma/Kinova_gen2_rl/install/kinova_msgs/include/kinova_msgs/kinova_msgs/srv/detail/start__struct.hpp
-- Up-to-date: /home/amma/Kinova_gen2_rl/install/kinova_msgs/include/kinova_msgs/kinova_msgs/srv/detail/zero_torques__struct.hpp
-- Up-to-date: /home/amma/Kinova_gen2_rl/install/kinova_msgs/include/kinova_msgs/kinova_msgs/srv/detail/run_com_parameters_estimation__builder.hpp
-- Up-to-date: /home/amma/Kinova_gen2_rl/install/kinova_msgs/include/kinova_msgs/kinova_msgs/srv/detail/stop__type_support.hpp
-- Up-to-date: /home/amma/Kinova_gen2_rl/install/kinova_msgs/include/kinova_msgs/kinova_msgs/srv/detail/clear_trajectories__builder.hpp
-- Up-to-date: /home/amma/Kinova_gen2_rl/install/kinova_msgs/include/kinova_msgs/kinova_msgs/srv/detail/zero_torques__type_support.hpp
-- Up-to-date: /home/amma/Kinova_gen2_rl/install/kinova_msgs/include/kinova_msgs/kinova_msgs/srv/detail/add_pose_to_cartesian_trajectory__struct.hpp
-- Up-to-date: /home/amma/Kinova_gen2_rl/install/kinova_msgs/include/kinova_msgs/kinova_msgs/srv/detail/set_torque_control_parameters__builder.hpp
-- Up-to-date: /home/amma/Kinova_gen2_rl/install/kinova_msgs/include/kinova_msgs/kinova_msgs/srv/detail/stop__builder.hpp
-- Up-to-date: /home/amma/Kinova_gen2_rl/install/kinova_msgs/include/kinova_msgs/kinova_msgs/srv/detail/set_null_space_mode_state__traits.hpp
-- Up-to-date: /home/amma/Kinova_gen2_rl/install/kinova_msgs/include/kinova_msgs/kinova_msgs/srv/detail/set_force_control_params__struct.hpp
-- Up-to-date: /home/amma/Kinova_gen2_rl/install/kinova_msgs/include/kinova_msgs/kinova_msgs/srv/detail/start__traits.hpp
-- Up-to-date: /home/amma/Kinova_gen2_rl/install/kinova_msgs/include/kinova_msgs/kinova_msgs/srv/detail/clear_trajectories__struct.hpp
-- Up-to-date: /home/amma/Kinova_gen2_rl/install/kinova_msgs/include/kinova_msgs/kinova_msgs/srv/detail/stop__struct.hpp
-- Up-to-date: /home/amma/Kinova_gen2_rl/install/kinova_msgs/include/kinova_msgs/kinova_msgs/srv/detail/start__builder.hpp
-- Up-to-date: /home/amma/Kinova_gen2_rl/install/kinova_msgs/include/kinova_msgs/kinova_msgs/srv/detail/set_torque_control_parameters__traits.hpp
-- Up-to-date: /home/amma/Kinova_gen2_rl/install/kinova_msgs/include/kinova_msgs/kinova_msgs/srv/detail/set_null_space_mode_state__struct.hpp
-- Up-to-date: /home/amma/Kinova_gen2_rl/install/kinova_msgs/include/kinova_msgs/kinova_msgs/srv/detail/set_force_control_params__traits.hpp
-- Up-to-date: /home/amma/Kinova_gen2_rl/install/kinova_msgs/include/kinova_msgs/kinova_msgs/srv/detail/set_force_control_params__type_support.hpp
-- Up-to-date: /home/amma/Kinova_gen2_rl/install/kinova_msgs/include/kinova_msgs/kinova_msgs/srv/detail/add_pose_to_cartesian_trajectory__builder.hpp
-- Up-to-date: /home/amma/Kinova_gen2_rl/install/kinova_msgs/include/kinova_msgs/kinova_msgs/srv/home_arm.hpp
-- Up-to-date: /home/amma/Kinova_gen2_rl/install/kinova_msgs/include/kinova_msgs/kinova_msgs/srv/set_torque_control_mode.hpp
-- Up-to-date: /home/amma/Kinova_gen2_rl/install/kinova_msgs/include/kinova_msgs/kinova_msgs/srv/stop.hpp
-- Up-to-date: /home/amma/Kinova_gen2_rl/install/kinova_msgs/include/kinova_msgs/kinova_msgs
-- Up-to-date: /home/amma/Kinova_gen2_rl/install/kinova_msgs/include/kinova_msgs/kinova_msgs/msg
-- Up-to-date: /home/amma/Kinova_gen2_rl/install/kinova_msgs/include/kinova_msgs/kinova_msgs/msg/rosidl_typesupport_fastrtps_cpp__visibility_control.h
-- Up-to-date: /home/amma/Kinova_gen2_rl/install/kinova_msgs/include/kinova_msgs/kinova_msgs/msg/detail
-- Up-to-date: /home/amma/Kinova_gen2_rl/install/kinova_msgs/include/kinova_msgs/kinova_msgs/msg/detail/finger_position__rosidl_typesupport_fastrtps_cpp.hpp
-- Up-to-date: /home/amma/Kinova_gen2_rl/install/kinova_msgs/include/kinova_msgs/kinova_msgs/msg/detail/dds_fastrtps
-- Up-to-date: /home/amma/Kinova_gen2_rl/install/kinova_msgs/include/kinova_msgs/kinova_msgs/msg/detail/pose_velocity_with_fingers__rosidl_typesupport_fastrtps_cpp.hpp
-- Up-to-date: /home/amma/Kinova_gen2_rl/install/kinova_msgs/include/kinova_msgs/kinova_msgs/msg/detail/joint_torque__rosidl_typesupport_fastrtps_cpp.hpp
-- Up-to-date: /home/amma/Kinova_gen2_rl/install/kinova_msgs/include/kinova_msgs/kinova_msgs/msg/detail/pose_velocity__rosidl_typesupport_fastrtps_cpp.hpp
-- Up-to-date: /home/amma/Kinova_gen2_rl/install/kinova_msgs/include/kinova_msgs/kinova_msgs/msg/detail/cartesian_force__rosidl_typesupport_fastrtps_cpp.hpp
-- Up-to-date: /home/amma/Kinova_gen2_rl/install/kinova_msgs/include/kinova_msgs/kinova_msgs/msg/detail/kinova_pose__rosidl_typesupport_fastrtps_cpp.hpp
-- Up-to-date: /home/amma/Kinova_gen2_rl/install/kinova_msgs/include/kinova_msgs/kinova_msgs/msg/detail/joint_velocity__rosidl_typesupport_fastrtps_cpp.hpp
-- Up-to-date: /home/amma/Kinova_gen2_rl/install/kinova_msgs/include/kinova_msgs/kinova_msgs/msg/detail/joint_angles__rosidl_typesupport_fastrtps_cpp.hpp
-- Up-to-date: /home/amma/Kinova_gen2_rl/install/kinova_msgs/include/kinova_msgs/kinova_msgs/msg/detail/pose_velocity_with_finger_velocity__rosidl_typesupport_fastrtps_cpp.hpp
-- Up-to-date: /home/amma/Kinova_gen2_rl/install/kinova_msgs/include/kinova_msgs/kinova_msgs/action
-- Up-to-date: /home/amma/Kinova_gen2_rl/install/kinova_msgs/include/kinova_msgs/kinova_msgs/action/detail
-- Up-to-date: /home/amma/Kinova_gen2_rl/install/kinova_msgs/include/kinova_msgs/kinova_msgs/action/detail/arm_joint_angles__rosidl_typesupport_fastrtps_cpp.hpp
-- Up-to-date: /home/amma/Kinova_gen2_rl/install/kinova_msgs/include/kinova_msgs/kinova_msgs/action/detail/dds_fastrtps
-- Up-to-date: /home/amma/Kinova_gen2_rl/install/kinova_msgs/include/kinova_msgs/kinova_msgs/action/detail/arm_pose__rosidl_typesupport_fastrtps_cpp.hpp
-- Up-to-date: /home/amma/Kinova_gen2_rl/install/kinova_msgs/include/kinova_msgs/kinova_msgs/action/detail/arm_kinova_pose__rosidl_typesupport_fastrtps_cpp.hpp
-- Up-to-date: /home/amma/Kinova_gen2_rl/install/kinova_msgs/include/kinova_msgs/kinova_msgs/action/detail/set_fingers_position__rosidl_typesupport_fastrtps_cpp.hpp
-- Up-to-date: /home/amma/Kinova_gen2_rl/install/kinova_msgs/include/kinova_msgs/kinova_msgs/srv
-- Up-to-date: /home/amma/Kinova_gen2_rl/install/kinova_msgs/include/kinova_msgs/kinova_msgs/srv/detail
-- Up-to-date: /home/amma/Kinova_gen2_rl/install/kinova_msgs/include/kinova_msgs/kinova_msgs/srv/detail/set_torque_control_mode__rosidl_typesupport_fastrtps_cpp.hpp
-- Up-to-date: /home/amma/Kinova_gen2_rl/install/kinova_msgs/include/kinova_msgs/kinova_msgs/srv/detail/set_force_control_params__rosidl_typesupport_fastrtps_cpp.hpp
-- Up-to-date: /home/amma/Kinova_gen2_rl/install/kinova_msgs/include/kinova_msgs/kinova_msgs/srv/detail/dds_fastrtps
-- Up-to-date: /home/amma/Kinova_gen2_rl/install/kinova_msgs/include/kinova_msgs/kinova_msgs/srv/detail/clear_trajectories__rosidl_typesupport_fastrtps_cpp.hpp
-- Up-to-date: /home/amma/Kinova_gen2_rl/install/kinova_msgs/include/kinova_msgs/kinova_msgs/srv/detail/set_end_effector_offset__rosidl_typesupport_fastrtps_cpp.hpp
-- Up-to-date: /home/amma/Kinova_gen2_rl/install/kinova_msgs/include/kinova_msgs/kinova_msgs/srv/detail/run_com_parameters_estimation__rosidl_typesupport_fastrtps_cpp.hpp
-- Up-to-date: /home/amma/Kinova_gen2_rl/install/kinova_msgs/include/kinova_msgs/kinova_msgs/srv/detail/zero_torques__rosidl_typesupport_fastrtps_cpp.hpp
-- Up-to-date: /home/amma/Kinova_gen2_rl/install/kinova_msgs/include/kinova_msgs/kinova_msgs/srv/detail/add_pose_to_cartesian_trajectory__rosidl_typesupport_fastrtps_cpp.hpp
-- Up-to-date: /home/amma/Kinova_gen2_rl/install/kinova_msgs/include/kinova_msgs/kinova_msgs/srv/detail/stop__rosidl_typesupport_fastrtps_cpp.hpp
-- Up-to-date: /home/amma/Kinova_gen2_rl/install/kinova_msgs/include/kinova_msgs/kinova_msgs/srv/detail/set_null_space_mode_state__rosidl_typesupport_fastrtps_cpp.hpp
-- Up-to-date: /home/amma/Kinova_gen2_rl/install/kinova_msgs/include/kinova_msgs/kinova_msgs/srv/detail/start__rosidl_typesupport_fastrtps_cpp.hpp
-- Up-to-date: /home/amma/Kinova_gen2_rl/install/kinova_msgs/include/kinova_msgs/kinova_msgs/srv/detail/home_arm__rosidl_typesupport_fastrtps_cpp.hpp
-- Up-to-date: /home/amma/Kinova_gen2_rl/install/kinova_msgs/include/kinova_msgs/kinova_msgs/srv/detail/set_torque_control_parameters__rosidl_typesupport_fastrtps_cpp.hpp
-- Up-to-date: /home/amma/Kinova_gen2_rl/install/kinova_msgs/lib/libkinova_msgs__rosidl_typesupport_fastrtps_cpp.so
-- Up-to-date: /home/amma/Kinova_gen2_rl/install/kinova_msgs/include/kinova_msgs/kinova_msgs
-- Up-to-date: /home/amma/Kinova_gen2_rl/install/kinova_msgs/include/kinova_msgs/kinova_msgs/msg
-- Up-to-date: /home/amma/Kinova_gen2_rl/install/kinova_msgs/include/kinova_msgs/kinova_msgs/msg/rosidl_typesupport_introspection_c__visibility_control.h
-- Up-to-date: /home/amma/Kinova_gen2_rl/install/kinova_msgs/include/kinova_msgs/kinova_msgs/msg/detail
-- Up-to-date: /home/amma/Kinova_gen2_rl/install/kinova_msgs/include/kinova_msgs/kinova_msgs/msg/detail/kinova_pose__type_support.c
-- Up-to-date: /home/amma/Kinova_gen2_rl/install/kinova_msgs/include/kinova_msgs/kinova_msgs/msg/detail/pose_velocity_with_finger_velocity__rosidl_typesupport_introspection_c.h
-- Up-to-date: /home/amma/Kinova_gen2_rl/install/kinova_msgs/include/kinova_msgs/kinova_msgs/msg/detail/joint_angles__type_support.c
-- Up-to-date: /home/amma/Kinova_gen2_rl/install/kinova_msgs/include/kinova_msgs/kinova_msgs/msg/detail/pose_velocity_with_fingers__rosidl_typesupport_introspection_c.h
-- Up-to-date: /home/amma/Kinova_gen2_rl/install/kinova_msgs/include/kinova_msgs/kinova_msgs/msg/detail/pose_velocity_with_fingers__type_support.c
-- Up-to-date: /home/amma/Kinova_gen2_rl/install/kinova_msgs/include/kinova_msgs/kinova_msgs/msg/detail/cartesian_force__rosidl_typesupport_introspection_c.h
-- Up-to-date: /home/amma/Kinova_gen2_rl/install/kinova_msgs/include/kinova_msgs/kinova_msgs/msg/detail/pose_velocity_with_finger_velocity__type_support.c
-- Up-to-date: /home/amma/Kinova_gen2_rl/install/kinova_msgs/include/kinova_msgs/kinova_msgs/msg/detail/finger_position__type_support.c
-- Up-to-date: /home/amma/Kinova_gen2_rl/install/kinova_msgs/include/kinova_msgs/kinova_msgs/msg/detail/joint_torque__rosidl_typesupport_introspection_c.h
-- Up-to-date: /home/amma/Kinova_gen2_rl/install/kinova_msgs/include/kinova_msgs/kinova_msgs/msg/detail/joint_velocity__rosidl_typesupport_introspection_c.h
-- Up-to-date: /home/amma/Kinova_gen2_rl/install/kinova_msgs/include/kinova_msgs/kinova_msgs/msg/detail/joint_velocity__type_support.c
-- Up-to-date: /home/amma/Kinova_gen2_rl/install/kinova_msgs/include/kinova_msgs/kinova_msgs/msg/detail/joint_torque__type_support.c
-- Up-to-date: /home/amma/Kinova_gen2_rl/install/kinova_msgs/include/kinova_msgs/kinova_msgs/msg/detail/pose_velocity__rosidl_typesupport_introspection_c.h
-- Up-to-date: /home/amma/Kinova_gen2_rl/install/kinova_msgs/include/kinova_msgs/kinova_msgs/msg/detail/finger_position__rosidl_typesupport_introspection_c.h
-- Up-to-date: /home/amma/Kinova_gen2_rl/install/kinova_msgs/include/kinova_msgs/kinova_msgs/msg/detail/joint_angles__rosidl_typesupport_introspection_c.h
-- Up-to-date: /home/amma/Kinova_gen2_rl/install/kinova_msgs/include/kinova_msgs/kinova_msgs/msg/detail/pose_velocity__type_support.c
-- Up-to-date: /home/amma/Kinova_gen2_rl/install/kinova_msgs/include/kinova_msgs/kinova_msgs/msg/detail/cartesian_force__type_support.c
-- Up-to-date: /home/amma/Kinova_gen2_rl/install/kinova_msgs/include/kinova_msgs/kinova_msgs/msg/detail/kinova_pose__rosidl_typesupport_introspection_c.h
-- Up-to-date: /home/amma/Kinova_gen2_rl/install/kinova_msgs/include/kinova_msgs/kinova_msgs/action
-- Up-to-date: /home/amma/Kinova_gen2_rl/install/kinova_msgs/include/kinova_msgs/kinova_msgs/action/detail
-- Up-to-date: /home/amma/Kinova_gen2_rl/install/kinova_msgs/include/kinova_msgs/kinova_msgs/action/detail/set_fingers_position__type_support.c
-- Up-to-date: /home/amma/Kinova_gen2_rl/install/kinova_msgs/include/kinova_msgs/kinova_msgs/action/detail/arm_pose__type_support.c
-- Up-to-date: /home/amma/Kinova_gen2_rl/install/kinova_msgs/include/kinova_msgs/kinova_msgs/action/detail/arm_kinova_pose__rosidl_typesupport_introspection_c.h
-- Up-to-date: /home/amma/Kinova_gen2_rl/install/kinova_msgs/include/kinova_msgs/kinova_msgs/action/detail/arm_joint_angles__rosidl_typesupport_introspection_c.h
-- Up-to-date: /home/amma/Kinova_gen2_rl/install/kinova_msgs/include/kinova_msgs/kinova_msgs/action/detail/arm_pose__rosidl_typesupport_introspection_c.h
-- Up-to-date: /home/amma/Kinova_gen2_rl/install/kinova_msgs/include/kinova_msgs/kinova_msgs/action/detail/set_fingers_position__rosidl_typesupport_introspection_c.h
-- Up-to-date: /home/amma/Kinova_gen2_rl/install/kinova_msgs/include/kinova_msgs/kinova_msgs/action/detail/arm_kinova_pose__type_support.c
-- Up-to-date: /home/amma/Kinova_gen2_rl/install/kinova_msgs/include/kinova_msgs/kinova_msgs/action/detail/arm_joint_angles__type_support.c
-- Up-to-date: /home/amma/Kinova_gen2_rl/install/kinova_msgs/include/kinova_msgs/kinova_msgs/srv
-- Up-to-date: /home/amma/Kinova_gen2_rl/install/kinova_msgs/include/kinova_msgs/kinova_msgs/srv/detail
-- Up-to-date: /home/amma/Kinova_gen2_rl/install/kinova_msgs/include/kinova_msgs/kinova_msgs/srv/detail/stop__rosidl_typesupport_introspection_c.h
-- Up-to-date: /home/amma/Kinova_gen2_rl/install/kinova_msgs/include/kinova_msgs/kinova_msgs/srv/detail/set_force_control_params__rosidl_typesupport_introspection_c.h
-- Up-to-date: /home/amma/Kinova_gen2_rl/install/kinova_msgs/include/kinova_msgs/kinova_msgs/srv/detail/run_com_parameters_estimation__type_support.c
-- Up-to-date: /home/amma/Kinova_gen2_rl/install/kinova_msgs/include/kinova_msgs/kinova_msgs/srv/detail/start__type_support.c
-- Up-to-date: /home/amma/Kinova_gen2_rl/install/kinova_msgs/include/kinova_msgs/kinova_msgs/srv/detail/home_arm__rosidl_typesupport_introspection_c.h
-- Up-to-date: /home/amma/Kinova_gen2_rl/install/kinova_msgs/include/kinova_msgs/kinova_msgs/srv/detail/add_pose_to_cartesian_trajectory__rosidl_typesupport_introspection_c.h
-- Up-to-date: /home/amma/Kinova_gen2_rl/install/kinova_msgs/include/kinova_msgs/kinova_msgs/srv/detail/add_pose_to_cartesian_trajectory__type_support.c
-- Up-to-date: /home/amma/Kinova_gen2_rl/install/kinova_msgs/include/kinova_msgs/kinova_msgs/srv/detail/clear_trajectories__rosidl_typesupport_introspection_c.h
-- Up-to-date: /home/amma/Kinova_gen2_rl/install/kinova_msgs/include/kinova_msgs/kinova_msgs/srv/detail/set_null_space_mode_state__type_support.c
-- Up-to-date: /home/amma/Kinova_gen2_rl/install/kinova_msgs/include/kinova_msgs/kinova_msgs/srv/detail/zero_torques__type_support.c
-- Up-to-date: /home/amma/Kinova_gen2_rl/install/kinova_msgs/include/kinova_msgs/kinova_msgs/srv/detail/start__rosidl_typesupport_introspection_c.h
-- Up-to-date: /home/amma/Kinova_gen2_rl/install/kinova_msgs/include/kinova_msgs/kinova_msgs/srv/detail/set_end_effector_offset__rosidl_typesupport_introspection_c.h
-- Up-to-date: /home/amma/Kinova_gen2_rl/install/kinova_msgs/include/kinova_msgs/kinova_msgs/srv/detail/set_torque_control_mode__type_support.c
-- Up-to-date: /home/amma/Kinova_gen2_rl/install/kinova_msgs/include/kinova_msgs/kinova_msgs/srv/detail/set_end_effector_offset__type_support.c
-- Up-to-date: /home/amma/Kinova_gen2_rl/install/kinova_msgs/include/kinova_msgs/kinova_msgs/srv/detail/set_null_space_mode_state__rosidl_typesupport_introspection_c.h
-- Up-to-date: /home/amma/Kinova_gen2_rl/install/kinova_msgs/include/kinova_msgs/kinova_msgs/srv/detail/set_torque_control_parameters__rosidl_typesupport_introspection_c.h
-- Up-to-date: /home/amma/Kinova_gen2_rl/install/kinova_msgs/include/kinova_msgs/kinova_msgs/srv/detail/set_force_control_params__type_support.c
-- Up-to-date: /home/amma/Kinova_gen2_rl/install/kinova_msgs/include/kinova_msgs/kinova_msgs/srv/detail/clear_trajectories__type_support.c
-- Up-to-date: /home/amma/Kinova_gen2_rl/install/kinova_msgs/include/kinova_msgs/kinova_msgs/srv/detail/home_arm__type_support.c
-- Up-to-date: /home/amma/Kinova_gen2_rl/install/kinova_msgs/include/kinova_msgs/kinova_msgs/srv/detail/stop__type_support.c
-- Up-to-date: /home/amma/Kinova_gen2_rl/install/kinova_msgs/include/kinova_msgs/kinova_msgs/srv/detail/zero_torques__rosidl_typesupport_introspection_c.h
-- Up-to-date: /home/amma/Kinova_gen2_rl/install/kinova_msgs/include/kinova_msgs/kinova_msgs/srv/detail/set_torque_control_mode__rosidl_typesupport_introspection_c.h
-- Up-to-date: /home/amma/Kinova_gen2_rl/install/kinova_msgs/include/kinova_msgs/kinova_msgs/srv/detail/run_com_parameters_estimation__rosidl_typesupport_introspection_c.h
-- Up-to-date: /home/amma/Kinova_gen2_rl/install/kinova_msgs/include/kinova_msgs/kinova_msgs/srv/detail/set_torque_control_parameters__type_support.c
-- Up-to-date: /home/amma/Kinova_gen2_rl/install/kinova_msgs/lib/libkinova_msgs__rosidl_typesupport_introspection_c.so
-- Up-to-date: /home/amma/Kinova_gen2_rl/install/kinova_msgs/lib/libkinova_msgs__rosidl_typesupport_c.so
-- Up-to-date: /home/amma/Kinova_gen2_rl/install/kinova_msgs/include/kinova_msgs/kinova_msgs
-- Up-to-date: /home/amma/Kinova_gen2_rl/install/kinova_msgs/include/kinova_msgs/kinova_msgs/msg
-- Up-to-date: /home/amma/Kinova_gen2_rl/install/kinova_msgs/include/kinova_msgs/kinova_msgs/msg/detail
-- Up-to-date: /home/amma/Kinova_gen2_rl/install/kinova_msgs/include/kinova_msgs/kinova_msgs/msg/detail/joint_angles__rosidl_typesupport_introspection_cpp.hpp
-- Up-to-date: /home/amma/Kinova_gen2_rl/install/kinova_msgs/include/kinova_msgs/kinova_msgs/msg/detail/joint_torque__type_support.cpp
-- Up-to-date: /home/amma/Kinova_gen2_rl/install/kinova_msgs/include/kinova_msgs/kinova_msgs/msg/detail/finger_position__type_support.cpp
-- Up-to-date: /home/amma/Kinova_gen2_rl/install/kinova_msgs/include/kinova_msgs/kinova_msgs/msg/detail/joint_angles__type_support.cpp
-- Up-to-date: /home/amma/Kinova_gen2_rl/install/kinova_msgs/include/kinova_msgs/kinova_msgs/msg/detail/joint_velocity__type_support.cpp
-- Up-to-date: /home/amma/Kinova_gen2_rl/install/kinova_msgs/include/kinova_msgs/kinova_msgs/msg/detail/joint_torque__rosidl_typesupport_introspection_cpp.hpp
-- Up-to-date: /home/amma/Kinova_gen2_rl/install/kinova_msgs/include/kinova_msgs/kinova_msgs/msg/detail/cartesian_force__rosidl_typesupport_introspection_cpp.hpp
-- Up-to-date: /home/amma/Kinova_gen2_rl/install/kinova_msgs/include/kinova_msgs/kinova_msgs/msg/detail/kinova_pose__type_support.cpp
-- Up-to-date: /home/amma/Kinova_gen2_rl/install/kinova_msgs/include/kinova_msgs/kinova_msgs/msg/detail/pose_velocity__rosidl_typesupport_introspection_cpp.hpp
-- Up-to-date: /home/amma/Kinova_gen2_rl/install/kinova_msgs/include/kinova_msgs/kinova_msgs/msg/detail/joint_velocity__rosidl_typesupport_introspection_cpp.hpp
-- Up-to-date: /home/amma/Kinova_gen2_rl/install/kinova_msgs/include/kinova_msgs/kinova_msgs/msg/detail/pose_velocity_with_fingers__type_support.cpp
-- Up-to-date: /home/amma/Kinova_gen2_rl/install/kinova_msgs/include/kinova_msgs/kinova_msgs/msg/detail/pose_velocity_with_fingers__rosidl_typesupport_introspection_cpp.hpp
-- Up-to-date: /home/amma/Kinova_gen2_rl/install/kinova_msgs/include/kinova_msgs/kinova_msgs/msg/detail/cartesian_force__type_support.cpp
-- Up-to-date: /home/amma/Kinova_gen2_rl/install/kinova_msgs/include/kinova_msgs/kinova_msgs/msg/detail/pose_velocity__type_support.cpp
-- Up-to-date: /home/amma/Kinova_gen2_rl/install/kinova_msgs/include/kinova_msgs/kinova_msgs/msg/detail/finger_position__rosidl_typesupport_introspection_cpp.hpp
-- Up-to-date: /home/amma/Kinova_gen2_rl/install/kinova_msgs/include/kinova_msgs/kinova_msgs/msg/detail/pose_velocity_with_finger_velocity__rosidl_typesupport_introspection_cpp.hpp
-- Up-to-date: /home/amma/Kinova_gen2_rl/install/kinova_msgs/include/kinova_msgs/kinova_msgs/msg/detail/kinova_pose__rosidl_typesupport_introspection_cpp.hpp
-- Up-to-date: /home/amma/Kinova_gen2_rl/install/kinova_msgs/include/kinova_msgs/kinova_msgs/msg/detail/pose_velocity_with_finger_velocity__type_support.cpp
-- Up-to-date: /home/amma/Kinova_gen2_rl/install/kinova_msgs/include/kinova_msgs/kinova_msgs/action
-- Up-to-date: /home/amma/Kinova_gen2_rl/install/kinova_msgs/include/kinova_msgs/kinova_msgs/action/detail
-- Up-to-date: /home/amma/Kinova_gen2_rl/install/kinova_msgs/include/kinova_msgs/kinova_msgs/action/detail/arm_pose__type_support.cpp
-- Up-to-date: /home/amma/Kinova_gen2_rl/install/kinova_msgs/include/kinova_msgs/kinova_msgs/action/detail/arm_kinova_pose__type_support.cpp
-- Up-to-date: /home/amma/Kinova_gen2_rl/install/kinova_msgs/include/kinova_msgs/kinova_msgs/action/detail/arm_joint_angles__rosidl_typesupport_introspection_cpp.hpp
-- Up-to-date: /home/amma/Kinova_gen2_rl/install/kinova_msgs/include/kinova_msgs/kinova_msgs/action/detail/arm_pose__rosidl_typesupport_introspection_cpp.hpp
-- Up-to-date: /home/amma/Kinova_gen2_rl/install/kinova_msgs/include/kinova_msgs/kinova_msgs/action/detail/arm_joint_angles__type_support.cpp
-- Up-to-date: /home/amma/Kinova_gen2_rl/install/kinova_msgs/include/kinova_msgs/kinova_msgs/action/detail/set_fingers_position__type_support.cpp
-- Up-to-date: /home/amma/Kinova_gen2_rl/install/kinova_msgs/include/kinova_msgs/kinova_msgs/action/detail/set_fingers_position__rosidl_typesupport_introspection_cpp.hpp
-- Up-to-date: /home/amma/Kinova_gen2_rl/install/kinova_msgs/include/kinova_msgs/kinova_msgs/action/detail/arm_kinova_pose__rosidl_typesupport_introspection_cpp.hpp
-- Up-to-date: /home/amma/Kinova_gen2_rl/install/kinova_msgs/include/kinova_msgs/kinova_msgs/srv
-- Up-to-date: /home/amma/Kinova_gen2_rl/install/kinova_msgs/include/kinova_msgs/kinova_msgs/srv/detail
-- Up-to-date: /home/amma/Kinova_gen2_rl/install/kinova_msgs/include/kinova_msgs/kinova_msgs/srv/detail/set_force_control_params__type_support.cpp
-- Up-to-date: /home/amma/Kinova_gen2_rl/install/kinova_msgs/include/kinova_msgs/kinova_msgs/srv/detail/clear_trajectories__rosidl_typesupport_introspection_cpp.hpp
-- Up-to-date: /home/amma/Kinova_gen2_rl/install/kinova_msgs/include/kinova_msgs/kinova_msgs/srv/detail/set_force_control_params__rosidl_typesupport_introspection_cpp.hpp
-- Up-to-date: /home/amma/Kinova_gen2_rl/install/kinova_msgs/include/kinova_msgs/kinova_msgs/srv/detail/zero_torques__rosidl_typesupport_introspection_cpp.hpp
-- Up-to-date: /home/amma/Kinova_gen2_rl/install/kinova_msgs/include/kinova_msgs/kinova_msgs/srv/detail/add_pose_to_cartesian_trajectory__type_support.cpp
-- Up-to-date: /home/amma/Kinova_gen2_rl/install/kinova_msgs/include/kinova_msgs/kinova_msgs/srv/detail/set_null_space_mode_state__rosidl_typesupport_introspection_cpp.hpp
-- Up-to-date: /home/amma/Kinova_gen2_rl/install/kinova_msgs/include/kinova_msgs/kinova_msgs/srv/detail/set_torque_control_mode__type_support.cpp
-- Up-to-date: /home/amma/Kinova_gen2_rl/install/kinova_msgs/include/kinova_msgs/kinova_msgs/srv/detail/home_arm__rosidl_typesupport_introspection_cpp.hpp
-- Up-to-date: /home/amma/Kinova_gen2_rl/install/kinova_msgs/include/kinova_msgs/kinova_msgs/srv/detail/clear_trajectories__type_support.cpp
-- Up-to-date: /home/amma/Kinova_gen2_rl/install/kinova_msgs/include/kinova_msgs/kinova_msgs/srv/detail/run_com_parameters_estimation__type_support.cpp
-- Up-to-date: /home/amma/Kinova_gen2_rl/install/kinova_msgs/include/kinova_msgs/kinova_msgs/srv/detail/stop__rosidl_typesupport_introspection_cpp.hpp
-- Up-to-date: /home/amma/Kinova_gen2_rl/install/kinova_msgs/include/kinova_msgs/kinova_msgs/srv/detail/set_end_effector_offset__rosidl_typesupport_introspection_cpp.hpp
-- Up-to-date: /home/amma/Kinova_gen2_rl/install/kinova_msgs/include/kinova_msgs/kinova_msgs/srv/detail/zero_torques__type_support.cpp
-- Up-to-date: /home/amma/Kinova_gen2_rl/install/kinova_msgs/include/kinova_msgs/kinova_msgs/srv/detail/set_torque_control_mode__rosidl_typesupport_introspection_cpp.hpp
-- Up-to-date: /home/amma/Kinova_gen2_rl/install/kinova_msgs/include/kinova_msgs/kinova_msgs/srv/detail/stop__type_support.cpp
-- Up-to-date: /home/amma/Kinova_gen2_rl/install/kinova_msgs/include/kinova_msgs/kinova_msgs/srv/detail/set_torque_control_parameters__rosidl_typesupport_introspection_cpp.hpp
-- Up-to-date: /home/amma/Kinova_gen2_rl/install/kinova_msgs/include/kinova_msgs/kinova_msgs/srv/detail/set_torque_control_parameters__type_support.cpp
-- Up-to-date: /home/amma/Kinova_gen2_rl/install/kinova_msgs/include/kinova_msgs/kinova_msgs/srv/detail/start__rosidl_typesupport_introspection_cpp.hpp
-- Up-to-date: /home/amma/Kinova_gen2_rl/install/kinova_msgs/include/kinova_msgs/kinova_msgs/srv/detail/home_arm__type_support.cpp
-- Up-to-date: /home/amma/Kinova_gen2_rl/install/kinova_msgs/include/kinova_msgs/kinova_msgs/srv/detail/add_pose_to_cartesian_trajectory__rosidl_typesupport_introspection_cpp.hpp
-- Up-to-date: /home/amma/Kinova_gen2_rl/install/kinova_msgs/include/kinova_msgs/kinova_msgs/srv/detail/set_end_effector_offset__type_support.cpp
-- Up-to-date: /home/amma/Kinova_gen2_rl/install/kinova_msgs/include/kinova_msgs/kinova_msgs/srv/detail/run_com_parameters_estimation__rosidl_typesupport_introspection_cpp.hpp
-- Up-to-date: /home/amma/Kinova_gen2_rl/install/kinova_msgs/include/kinova_msgs/kinova_msgs/srv/detail/set_null_space_mode_state__type_support.cpp
-- Up-to-date: /home/amma/Kinova_gen2_rl/install/kinova_msgs/include/kinova_msgs/kinova_msgs/srv/detail/start__type_support.cpp
-- Up-to-date: /home/amma/Kinova_gen2_rl/install/kinova_msgs/lib/libkinova_msgs__rosidl_typesupport_introspection_cpp.so
-- Up-to-date: /home/amma/Kinova_gen2_rl/install/kinova_msgs/lib/libkinova_msgs__rosidl_typesupport_cpp.so
-- Up-to-date: /home/amma/Kinova_gen2_rl/install/kinova_msgs/share/kinova_msgs/environment/pythonpath.sh
-- Up-to-date: /home/amma/Kinova_gen2_rl/install/kinova_msgs/share/kinova_msgs/environment/pythonpath.dsv
-- Up-to-date: /home/amma/Kinova_gen2_rl/install/kinova_msgs/local/lib/python3.10/dist-packages/kinova_msgs-0.0.1-py3.10.egg-info
-- Installing: /home/amma/Kinova_gen2_rl/install/kinova_msgs/local/lib/python3.10/dist-packages/kinova_msgs-0.0.1-py3.10.egg-info/top_level.txt
-- Installing: /home/amma/Kinova_gen2_rl/install/kinova_msgs/local/lib/python3.10/dist-packages/kinova_msgs-0.0.1-py3.10.egg-info/SOURCES.txt
-- Installing: /home/amma/Kinova_gen2_rl/install/kinova_msgs/local/lib/python3.10/dist-packages/kinova_msgs-0.0.1-py3.10.egg-info/dependency_links.txt
-- Installing: /home/amma/Kinova_gen2_rl/install/kinova_msgs/local/lib/python3.10/dist-packages/kinova_msgs-0.0.1-py3.10.egg-info/PKG-INFO
-- Up-to-date: /home/amma/Kinova_gen2_rl/install/kinova_msgs/local/lib/python3.10/dist-packages/kinova_msgs
-- Up-to-date: /home/amma/Kinova_gen2_rl/install/kinova_msgs/local/lib/python3.10/dist-packages/kinova_msgs/msg
-- Up-to-date: /home/amma/Kinova_gen2_rl/install/kinova_msgs/local/lib/python3.10/dist-packages/kinova_msgs/msg/_kinova_pose.py
-- Up-to-date: /home/amma/Kinova_gen2_rl/install/kinova_msgs/local/lib/python3.10/dist-packages/kinova_msgs/msg/_joint_torque.py
-- Up-to-date: /home/amma/Kinova_gen2_rl/install/kinova_msgs/local/lib/python3.10/dist-packages/kinova_msgs/msg/_pose_velocity_with_finger_velocity_s.c
-- Up-to-date: /home/amma/Kinova_gen2_rl/install/kinova_msgs/local/lib/python3.10/dist-packages/kinova_msgs/msg/_finger_position_s.c
-- Up-to-date: /home/amma/Kinova_gen2_rl/install/kinova_msgs/local/lib/python3.10/dist-packages/kinova_msgs/msg/_joint_velocity.py
-- Up-to-date: /home/amma/Kinova_gen2_rl/install/kinova_msgs/local/lib/python3.10/dist-packages/kinova_msgs/msg/_pose_velocity.py
-- Up-to-date: /home/amma/Kinova_gen2_rl/install/kinova_msgs/local/lib/python3.10/dist-packages/kinova_msgs/msg/_joint_torque_s.c
-- Up-to-date: /home/amma/Kinova_gen2_rl/install/kinova_msgs/local/lib/python3.10/dist-packages/kinova_msgs/msg/_joint_velocity_s.c
-- Up-to-date: /home/amma/Kinova_gen2_rl/install/kinova_msgs/local/lib/python3.10/dist-packages/kinova_msgs/msg/_pose_velocity_s.c
-- Up-to-date: /home/amma/Kinova_gen2_rl/install/kinova_msgs/local/lib/python3.10/dist-packages/kinova_msgs/msg/_finger_position.py
-- Up-to-date: /home/amma/Kinova_gen2_rl/install/kinova_msgs/local/lib/python3.10/dist-packages/kinova_msgs/msg/_cartesian_force.py
-- Up-to-date: /home/amma/Kinova_gen2_rl/install/kinova_msgs/local/lib/python3.10/dist-packages/kinova_msgs/msg/_kinova_pose_s.c
-- Up-to-date: /home/amma/Kinova_gen2_rl/install/kinova_msgs/local/lib/python3.10/dist-packages/kinova_msgs/msg/_pose_velocity_with_fingers.py
-- Up-to-date: /home/amma/Kinova_gen2_rl/install/kinova_msgs/local/lib/python3.10/dist-packages/kinova_msgs/msg/__init__.py
-- Up-to-date: /home/amma/Kinova_gen2_rl/install/kinova_msgs/local/lib/python3.10/dist-packages/kinova_msgs/msg/_pose_velocity_with_fingers_s.c
-- Up-to-date: /home/amma/Kinova_gen2_rl/install/kinova_msgs/local/lib/python3.10/dist-packages/kinova_msgs/msg/_joint_angles_s.c
-- Up-to-date: /home/amma/Kinova_gen2_rl/install/kinova_msgs/local/lib/python3.10/dist-packages/kinova_msgs/msg/_pose_velocity_with_finger_velocity.py
-- Up-to-date: /home/amma/Kinova_gen2_rl/install/kinova_msgs/local/lib/python3.10/dist-packages/kinova_msgs/msg/_cartesian_force_s.c
-- Up-to-date: /home/amma/Kinova_gen2_rl/install/kinova_msgs/local/lib/python3.10/dist-packages/kinova_msgs/msg/_joint_angles.py
-- Up-to-date: /home/amma/Kinova_gen2_rl/install/kinova_msgs/local/lib/python3.10/dist-packages/kinova_msgs/_kinova_msgs_s.ep.rosidl_typesupport_introspection_c.c
-- Up-to-date: /home/amma/Kinova_gen2_rl/install/kinova_msgs/local/lib/python3.10/dist-packages/kinova_msgs/action
-- Up-to-date: /home/amma/Kinova_gen2_rl/install/kinova_msgs/local/lib/python3.10/dist-packages/kinova_msgs/action/_arm_joint_angles_s.c
-- Up-to-date: /home/amma/Kinova_gen2_rl/install/kinova_msgs/local/lib/python3.10/dist-packages/kinova_msgs/action/_arm_kinova_pose_s.c
-- Up-to-date: /home/amma/Kinova_gen2_rl/install/kinova_msgs/local/lib/python3.10/dist-packages/kinova_msgs/action/_set_fingers_position_s.c
-- Up-to-date: /home/amma/Kinova_gen2_rl/install/kinova_msgs/local/lib/python3.10/dist-packages/kinova_msgs/action/_arm_pose_s.c
-- Up-to-date: /home/amma/Kinova_gen2_rl/install/kinova_msgs/local/lib/python3.10/dist-packages/kinova_msgs/action/_arm_kinova_pose.py
-- Up-to-date: /home/amma/Kinova_gen2_rl/install/kinova_msgs/local/lib/python3.10/dist-packages/kinova_msgs/action/__init__.py
-- Up-to-date: /home/amma/Kinova_gen2_rl/install/kinova_msgs/local/lib/python3.10/dist-packages/kinova_msgs/action/_set_fingers_position.py
-- Up-to-date: /home/amma/Kinova_gen2_rl/install/kinova_msgs/local/lib/python3.10/dist-packages/kinova_msgs/action/_arm_joint_angles.py
-- Up-to-date: /home/amma/Kinova_gen2_rl/install/kinova_msgs/local/lib/python3.10/dist-packages/kinova_msgs/action/_arm_pose.py
-- Up-to-date: /home/amma/Kinova_gen2_rl/install/kinova_msgs/local/lib/python3.10/dist-packages/kinova_msgs/libkinova_msgs__rosidl_generator_py.so
-- Up-to-date: /home/amma/Kinova_gen2_rl/install/kinova_msgs/local/lib/python3.10/dist-packages/kinova_msgs/srv
-- Up-to-date: /home/amma/Kinova_gen2_rl/install/kinova_msgs/local/lib/python3.10/dist-packages/kinova_msgs/srv/_add_pose_to_cartesian_trajectory.py
-- Up-to-date: /home/amma/Kinova_gen2_rl/install/kinova_msgs/local/lib/python3.10/dist-packages/kinova_msgs/srv/_set_end_effector_offset.py
-- Up-to-date: /home/amma/Kinova_gen2_rl/install/kinova_msgs/local/lib/python3.10/dist-packages/kinova_msgs/srv/_set_force_control_params.py
-- Up-to-date: /home/amma/Kinova_gen2_rl/install/kinova_msgs/local/lib/python3.10/dist-packages/kinova_msgs/srv/_set_torque_control_mode_s.c
-- Up-to-date: /home/amma/Kinova_gen2_rl/install/kinova_msgs/local/lib/python3.10/dist-packages/kinova_msgs/srv/_set_end_effector_offset_s.c
-- Up-to-date: /home/amma/Kinova_gen2_rl/install/kinova_msgs/local/lib/python3.10/dist-packages/kinova_msgs/srv/_stop.py
-- Up-to-date: /home/amma/Kinova_gen2_rl/install/kinova_msgs/local/lib/python3.10/dist-packages/kinova_msgs/srv/_set_torque_control_parameters.py
-- Up-to-date: /home/amma/Kinova_gen2_rl/install/kinova_msgs/local/lib/python3.10/dist-packages/kinova_msgs/srv/_start.py
-- Up-to-date: /home/amma/Kinova_gen2_rl/install/kinova_msgs/local/lib/python3.10/dist-packages/kinova_msgs/srv/_zero_torques_s.c
-- Up-to-date: /home/amma/Kinova_gen2_rl/install/kinova_msgs/local/lib/python3.10/dist-packages/kinova_msgs/srv/_clear_trajectories.py
-- Up-to-date: /home/amma/Kinova_gen2_rl/install/kinova_msgs/local/lib/python3.10/dist-packages/kinova_msgs/srv/_set_torque_control_mode.py
-- Up-to-date: /home/amma/Kinova_gen2_rl/install/kinova_msgs/local/lib/python3.10/dist-packages/kinova_msgs/srv/_start_s.c
-- Up-to-date: /home/amma/Kinova_gen2_rl/install/kinova_msgs/local/lib/python3.10/dist-packages/kinova_msgs/srv/_home_arm.py
-- Up-to-date: /home/amma/Kinova_gen2_rl/install/kinova_msgs/local/lib/python3.10/dist-packages/kinova_msgs/srv/_set_force_control_params_s.c
-- Up-to-date: /home/amma/Kinova_gen2_rl/install/kinova_msgs/local/lib/python3.10/dist-packages/kinova_msgs/srv/_stop_s.c
-- Up-to-date: /home/amma/Kinova_gen2_rl/install/kinova_msgs/local/lib/python3.10/dist-packages/kinova_msgs/srv/_run_com_parameters_estimation_s.c
-- Up-to-date: /home/amma/Kinova_gen2_rl/install/kinova_msgs/local/lib/python3.10/dist-packages/kinova_msgs/srv/_set_null_space_mode_state_s.c
-- Up-to-date: /home/amma/Kinova_gen2_rl/install/kinova_msgs/local/lib/python3.10/dist-packages/kinova_msgs/srv/_zero_torques.py
-- Up-to-date: /home/amma/Kinova_gen2_rl/install/kinova_msgs/local/lib/python3.10/dist-packages/kinova_msgs/srv/_run_com_parameters_estimation.py
-- Up-to-date: /home/amma/Kinova_gen2_rl/install/kinova_msgs/local/lib/python3.10/dist-packages/kinova_msgs/srv/_add_pose_to_cartesian_trajectory_s.c
-- Up-to-date: /home/amma/Kinova_gen2_rl/install/kinova_msgs/local/lib/python3.10/dist-packages/kinova_msgs/srv/__init__.py
-- Up-to-date: /home/amma/Kinova_gen2_rl/install/kinova_msgs/local/lib/python3.10/dist-packages/kinova_msgs/srv/_clear_trajectories_s.c
-- Up-to-date: /home/amma/Kinova_gen2_rl/install/kinova_msgs/local/lib/python3.10/dist-packages/kinova_msgs/srv/_home_arm_s.c
-- Up-to-date: /home/amma/Kinova_gen2_rl/install/kinova_msgs/local/lib/python3.10/dist-packages/kinova_msgs/srv/_set_torque_control_parameters_s.c
-- Up-to-date: /home/amma/Kinova_gen2_rl/install/kinova_msgs/local/lib/python3.10/dist-packages/kinova_msgs/srv/_set_null_space_mode_state.py
-- Up-to-date: /home/amma/Kinova_gen2_rl/install/kinova_msgs/local/lib/python3.10/dist-packages/kinova_msgs/kinova_msgs_s__rosidl_typesupport_fastrtps_c.cpython-310-x86_64-linux-gnu.so
-- Up-to-date: /home/amma/Kinova_gen2_rl/install/kinova_msgs/local/lib/python3.10/dist-packages/kinova_msgs/_kinova_msgs_s.ep.rosidl_typesupport_c.c
-- Up-to-date: /home/amma/Kinova_gen2_rl/install/kinova_msgs/local/lib/python3.10/dist-packages/kinova_msgs/__init__.py
-- Up-to-date: /home/amma/Kinova_gen2_rl/install/kinova_msgs/local/lib/python3.10/dist-packages/kinova_msgs/kinova_msgs_s__rosidl_typesupport_introspection_c.cpython-310-x86_64-linux-gnu.so
-- Up-to-date: /home/amma/Kinova_gen2_rl/install/kinova_msgs/local/lib/python3.10/dist-packages/kinova_msgs/kinova_msgs_s__rosidl_typesupport_c.cpython-310-x86_64-linux-gnu.so
-- Up-to-date: /home/amma/Kinova_gen2_rl/install/kinova_msgs/local/lib/python3.10/dist-packages/kinova_msgs/_kinova_msgs_s.ep.rosidl_typesupport_fastrtps_c.c
Listing '/home/amma/Kinova_gen2_rl/install/kinova_msgs/local/lib/python3.10/dist-packages/kinova_msgs'...
Listing '/home/amma/Kinova_gen2_rl/install/kinova_msgs/local/lib/python3.10/dist-packages/kinova_msgs/action'...
Listing '/home/amma/Kinova_gen2_rl/install/kinova_msgs/local/lib/python3.10/dist-packages/kinova_msgs/msg'...
Listing '/home/amma/Kinova_gen2_rl/install/kinova_msgs/local/lib/python3.10/dist-packages/kinova_msgs/srv'...
-- Up-to-date: /home/amma/Kinova_gen2_rl/install/kinova_msgs/local/lib/python3.10/dist-packages/kinova_msgs/kinova_msgs_s__rosidl_typesupport_fastrtps_c.cpython-310-x86_64-linux-gnu.so
-- Up-to-date: /home/amma/Kinova_gen2_rl/install/kinova_msgs/local/lib/python3.10/dist-packages/kinova_msgs/kinova_msgs_s__rosidl_typesupport_introspection_c.cpython-310-x86_64-linux-gnu.so
-- Up-to-date: /home/amma/Kinova_gen2_rl/install/kinova_msgs/local/lib/python3.10/dist-packages/kinova_msgs/kinova_msgs_s__rosidl_typesupport_c.cpython-310-x86_64-linux-gnu.so
-- Up-to-date: /home/amma/Kinova_gen2_rl/install/kinova_msgs/lib/libkinova_msgs__rosidl_generator_py.so
-- Up-to-date: /home/amma/Kinova_gen2_rl/install/kinova_msgs/share/kinova_msgs/msg/FingerPosition.idl
-- Up-to-date: /home/amma/Kinova_gen2_rl/install/kinova_msgs/share/kinova_msgs/msg/JointAngles.idl
-- Up-to-date: /home/amma/Kinova_gen2_rl/install/kinova_msgs/share/kinova_msgs/msg/JointVelocity.idl
-- Up-to-date: /home/amma/Kinova_gen2_rl/install/kinova_msgs/share/kinova_msgs/msg/JointTorque.idl
-- Up-to-date: /home/amma/Kinova_gen2_rl/install/kinova_msgs/share/kinova_msgs/msg/KinovaPose.idl
-- Up-to-date: /home/amma/Kinova_gen2_rl/install/kinova_msgs/share/kinova_msgs/msg/PoseVelocity.idl
-- Up-to-date: /home/amma/Kinova_gen2_rl/install/kinova_msgs/share/kinova_msgs/msg/PoseVelocityWithFingers.idl
-- Up-to-date: /home/amma/Kinova_gen2_rl/install/kinova_msgs/share/kinova_msgs/msg/PoseVelocityWithFingerVelocity.idl
-- Up-to-date: /home/amma/Kinova_gen2_rl/install/kinova_msgs/share/kinova_msgs/msg/CartesianForce.idl
-- Up-to-date: /home/amma/Kinova_gen2_rl/install/kinova_msgs/share/kinova_msgs/srv/Start.idl
-- Up-to-date: /home/amma/Kinova_gen2_rl/install/kinova_msgs/share/kinova_msgs/srv/Stop.idl
-- Up-to-date: /home/amma/Kinova_gen2_rl/install/kinova_msgs/share/kinova_msgs/srv/HomeArm.idl
-- Up-to-date: /home/amma/Kinova_gen2_rl/install/kinova_msgs/share/kinova_msgs/srv/SetForceControlParams.idl
-- Up-to-date: /home/amma/Kinova_gen2_rl/install/kinova_msgs/share/kinova_msgs/srv/SetEndEffectorOffset.idl
-- Up-to-date: /home/amma/Kinova_gen2_rl/install/kinova_msgs/share/kinova_msgs/srv/SetNullSpaceModeState.idl
-- Up-to-date: /home/amma/Kinova_gen2_rl/install/kinova_msgs/share/kinova_msgs/srv/SetTorqueControlMode.idl
-- Up-to-date: /home/amma/Kinova_gen2_rl/install/kinova_msgs/share/kinova_msgs/srv/SetTorqueControlParameters.idl
-- Up-to-date: /home/amma/Kinova_gen2_rl/install/kinova_msgs/share/kinova_msgs/srv/ClearTrajectories.idl
-- Up-to-date: /home/amma/Kinova_gen2_rl/install/kinova_msgs/share/kinova_msgs/srv/ZeroTorques.idl
-- Up-to-date: /home/amma/Kinova_gen2_rl/install/kinova_msgs/share/kinova_msgs/srv/AddPoseToCartesianTrajectory.idl
-- Up-to-date: /home/amma/Kinova_gen2_rl/install/kinova_msgs/share/kinova_msgs/srv/RunCOMParametersEstimation.idl
-- Up-to-date: /home/amma/Kinova_gen2_rl/install/kinova_msgs/share/kinova_msgs/action/ArmJointAngles.idl
-- Up-to-date: /home/amma/Kinova_gen2_rl/install/kinova_msgs/share/kinova_msgs/action/ArmKinovaPose.idl
-- Up-to-date: /home/amma/Kinova_gen2_rl/install/kinova_msgs/share/kinova_msgs/action/ArmPose.idl
-- Up-to-date: /home/amma/Kinova_gen2_rl/install/kinova_msgs/share/kinova_msgs/action/SetFingersPosition.idl
-- Up-to-date: /home/amma/Kinova_gen2_rl/install/kinova_msgs/share/kinova_msgs/msg/FingerPosition.msg
-- Up-to-date: /home/amma/Kinova_gen2_rl/install/kinova_msgs/share/kinova_msgs/msg/JointAngles.msg
-- Up-to-date: /home/amma/Kinova_gen2_rl/install/kinova_msgs/share/kinova_msgs/msg/JointVelocity.msg
-- Up-to-date: /home/amma/Kinova_gen2_rl/install/kinova_msgs/share/kinova_msgs/msg/JointTorque.msg
-- Up-to-date: /home/amma/Kinova_gen2_rl/install/kinova_msgs/share/kinova_msgs/msg/KinovaPose.msg
-- Up-to-date: /home/amma/Kinova_gen2_rl/install/kinova_msgs/share/kinova_msgs/msg/PoseVelocity.msg
-- Up-to-date: /home/amma/Kinova_gen2_rl/install/kinova_msgs/share/kinova_msgs/msg/PoseVelocityWithFingers.msg
-- Up-to-date: /home/amma/Kinova_gen2_rl/install/kinova_msgs/share/kinova_msgs/msg/PoseVelocityWithFingerVelocity.msg
-- Up-to-date: /home/amma/Kinova_gen2_rl/install/kinova_msgs/share/kinova_msgs/msg/CartesianForce.msg
-- Up-to-date: /home/amma/Kinova_gen2_rl/install/kinova_msgs/share/kinova_msgs/srv/Start.srv
-- Up-to-date: /home/amma/Kinova_gen2_rl/install/kinova_msgs/share/kinova_msgs/srv/Start_Request.msg
-- Up-to-date: /home/amma/Kinova_gen2_rl/install/kinova_msgs/share/kinova_msgs/srv/Start_Response.msg
-- Up-to-date: /home/amma/Kinova_gen2_rl/install/kinova_msgs/share/kinova_msgs/srv/Stop.srv
-- Up-to-date: /home/amma/Kinova_gen2_rl/install/kinova_msgs/share/kinova_msgs/srv/Stop_Request.msg
-- Up-to-date: /home/amma/Kinova_gen2_rl/install/kinova_msgs/share/kinova_msgs/srv/Stop_Response.msg
-- Up-to-date: /home/amma/Kinova_gen2_rl/install/kinova_msgs/share/kinova_msgs/srv/HomeArm.srv
-- Up-to-date: /home/amma/Kinova_gen2_rl/install/kinova_msgs/share/kinova_msgs/srv/HomeArm_Request.msg
-- Up-to-date: /home/amma/Kinova_gen2_rl/install/kinova_msgs/share/kinova_msgs/srv/HomeArm_Response.msg
-- Up-to-date: /home/amma/Kinova_gen2_rl/install/kinova_msgs/share/kinova_msgs/srv/SetForceControlParams.srv
-- Up-to-date: /home/amma/Kinova_gen2_rl/install/kinova_msgs/share/kinova_msgs/srv/SetForceControlParams_Request.msg
-- Up-to-date: /home/amma/Kinova_gen2_rl/install/kinova_msgs/share/kinova_msgs/srv/SetForceControlParams_Response.msg
-- Up-to-date: /home/amma/Kinova_gen2_rl/install/kinova_msgs/share/kinova_msgs/srv/SetEndEffectorOffset.srv
-- Up-to-date: /home/amma/Kinova_gen2_rl/install/kinova_msgs/share/kinova_msgs/srv/SetEndEffectorOffset_Request.msg
-- Up-to-date: /home/amma/Kinova_gen2_rl/install/kinova_msgs/share/kinova_msgs/srv/SetEndEffectorOffset_Response.msg
-- Up-to-date: /home/amma/Kinova_gen2_rl/install/kinova_msgs/share/kinova_msgs/srv/SetNullSpaceModeState.srv
-- Up-to-date: /home/amma/Kinova_gen2_rl/install/kinova_msgs/share/kinova_msgs/srv/SetNullSpaceModeState_Request.msg
-- Up-to-date: /home/amma/Kinova_gen2_rl/install/kinova_msgs/share/kinova_msgs/srv/SetNullSpaceModeState_Response.msg
-- Up-to-date: /home/amma/Kinova_gen2_rl/install/kinova_msgs/share/kinova_msgs/srv/SetTorqueControlMode.srv
-- Up-to-date: /home/amma/Kinova_gen2_rl/install/kinova_msgs/share/kinova_msgs/srv/SetTorqueControlMode_Request.msg
-- Up-to-date: /home/amma/Kinova_gen2_rl/install/kinova_msgs/share/kinova_msgs/srv/SetTorqueControlMode_Response.msg
-- Up-to-date: /home/amma/Kinova_gen2_rl/install/kinova_msgs/share/kinova_msgs/srv/SetTorqueControlParameters.srv
-- Up-to-date: /home/amma/Kinova_gen2_rl/install/kinova_msgs/share/kinova_msgs/srv/SetTorqueControlParameters_Request.msg
-- Up-to-date: /home/amma/Kinova_gen2_rl/install/kinova_msgs/share/kinova_msgs/srv/SetTorqueControlParameters_Response.msg
-- Up-to-date: /home/amma/Kinova_gen2_rl/install/kinova_msgs/share/kinova_msgs/srv/ClearTrajectories.srv
-- Up-to-date: /home/amma/Kinova_gen2_rl/install/kinova_msgs/share/kinova_msgs/srv/ClearTrajectories_Request.msg
-- Up-to-date: /home/amma/Kinova_gen2_rl/install/kinova_msgs/share/kinova_msgs/srv/ClearTrajectories_Response.msg
-- Up-to-date: /home/amma/Kinova_gen2_rl/install/kinova_msgs/share/kinova_msgs/srv/ZeroTorques.srv
-- Up-to-date: /home/amma/Kinova_gen2_rl/install/kinova_msgs/share/kinova_msgs/srv/ZeroTorques_Request.msg
-- Up-to-date: /home/amma/Kinova_gen2_rl/install/kinova_msgs/share/kinova_msgs/srv/ZeroTorques_Response.msg
-- Up-to-date: /home/amma/Kinova_gen2_rl/install/kinova_msgs/share/kinova_msgs/srv/AddPoseToCartesianTrajectory.srv
-- Up-to-date: /home/amma/Kinova_gen2_rl/install/kinova_msgs/share/kinova_msgs/srv/AddPoseToCartesianTrajectory_Request.msg
-- Up-to-date: /home/amma/Kinova_gen2_rl/install/kinova_msgs/share/kinova_msgs/srv/AddPoseToCartesianTrajectory_Response.msg
-- Up-to-date: /home/amma/Kinova_gen2_rl/install/kinova_msgs/share/kinova_msgs/srv/RunCOMParametersEstimation.srv
-- Up-to-date: /home/amma/Kinova_gen2_rl/install/kinova_msgs/share/kinova_msgs/srv/RunCOMParametersEstimation_Request.msg
-- Up-to-date: /home/amma/Kinova_gen2_rl/install/kinova_msgs/share/kinova_msgs/srv/RunCOMParametersEstimation_Response.msg
-- Up-to-date: /home/amma/Kinova_gen2_rl/install/kinova_msgs/share/kinova_msgs/action/ArmJointAngles.action
-- Up-to-date: /home/amma/Kinova_gen2_rl/install/kinova_msgs/share/kinova_msgs/action/ArmKinovaPose.action
-- Up-to-date: /home/amma/Kinova_gen2_rl/install/kinova_msgs/share/kinova_msgs/action/ArmPose.action
-- Up-to-date: /home/amma/Kinova_gen2_rl/install/kinova_msgs/share/kinova_msgs/action/SetFingersPosition.action
-- Up-to-date: /home/amma/Kinova_gen2_rl/install/kinova_msgs/share/ament_index/resource_index/package_run_dependencies/kinova_msgs
-- Up-to-date: /home/amma/Kinova_gen2_rl/install/kinova_msgs/share/ament_index/resource_index/parent_prefix_path/kinova_msgs
-- Up-to-date: /home/amma/Kinova_gen2_rl/install/kinova_msgs/share/kinova_msgs/environment/ament_prefix_path.sh
-- Up-to-date: /home/amma/Kinova_gen2_rl/install/kinova_msgs/share/kinova_msgs/environment/ament_prefix_path.dsv
-- Up-to-date: /home/amma/Kinova_gen2_rl/install/kinova_msgs/share/kinova_msgs/environment/path.sh
-- Up-to-date: /home/amma/Kinova_gen2_rl/install/kinova_msgs/share/kinova_msgs/environment/path.dsv
-- Up-to-date: /home/amma/Kinova_gen2_rl/install/kinova_msgs/share/kinova_msgs/local_setup.bash
-- Up-to-date: /home/amma/Kinova_gen2_rl/install/kinova_msgs/share/kinova_msgs/local_setup.sh
-- Up-to-date: /home/amma/Kinova_gen2_rl/install/kinova_msgs/share/kinova_msgs/local_setup.zsh
-- Up-to-date: /home/amma/Kinova_gen2_rl/install/kinova_msgs/share/kinova_msgs/local_setup.dsv
-- Installing: /home/amma/Kinova_gen2_rl/install/kinova_msgs/share/kinova_msgs/package.dsv
-- Up-to-date: /home/amma/Kinova_gen2_rl/install/kinova_msgs/share/ament_index/resource_index/packages/kinova_msgs
-- Up-to-date: /home/amma/Kinova_gen2_rl/install/kinova_msgs/share/kinova_msgs/cmake/export_kinova_msgs__rosidl_generator_cExport.cmake
-- Up-to-date: /home/amma/Kinova_gen2_rl/install/kinova_msgs/share/kinova_msgs/cmake/export_kinova_msgs__rosidl_generator_cExport-noconfig.cmake
-- Up-to-date: /home/amma/Kinova_gen2_rl/install/kinova_msgs/share/kinova_msgs/cmake/export_kinova_msgs__rosidl_typesupport_fastrtps_cExport.cmake
-- Up-to-date: /home/amma/Kinova_gen2_rl/install/kinova_msgs/share/kinova_msgs/cmake/export_kinova_msgs__rosidl_typesupport_fastrtps_cExport-noconfig.cmake
-- Up-to-date: /home/amma/Kinova_gen2_rl/install/kinova_msgs/share/kinova_msgs/cmake/export_kinova_msgs__rosidl_generator_cppExport.cmake
-- Up-to-date: /home/amma/Kinova_gen2_rl/install/kinova_msgs/share/kinova_msgs/cmake/export_kinova_msgs__rosidl_typesupport_fastrtps_cppExport.cmake
-- Up-to-date: /home/amma/Kinova_gen2_rl/install/kinova_msgs/share/kinova_msgs/cmake/export_kinova_msgs__rosidl_typesupport_fastrtps_cppExport-noconfig.cmake
-- Up-to-date: /home/amma/Kinova_gen2_rl/install/kinova_msgs/share/kinova_msgs/cmake/kinova_msgs__rosidl_typesupport_introspection_cExport.cmake
-- Up-to-date: /home/amma/Kinova_gen2_rl/install/kinova_msgs/share/kinova_msgs/cmake/kinova_msgs__rosidl_typesupport_introspection_cExport-noconfig.cmake
-- Up-to-date: /home/amma/Kinova_gen2_rl/install/kinova_msgs/share/kinova_msgs/cmake/kinova_msgs__rosidl_typesupport_cExport.cmake
-- Up-to-date: /home/amma/Kinova_gen2_rl/install/kinova_msgs/share/kinova_msgs/cmake/kinova_msgs__rosidl_typesupport_cExport-noconfig.cmake
-- Up-to-date: /home/amma/Kinova_gen2_rl/install/kinova_msgs/share/kinova_msgs/cmake/kinova_msgs__rosidl_typesupport_introspection_cppExport.cmake
-- Up-to-date: /home/amma/Kinova_gen2_rl/install/kinova_msgs/share/kinova_msgs/cmake/kinova_msgs__rosidl_typesupport_introspection_cppExport-noconfig.cmake
-- Up-to-date: /home/amma/Kinova_gen2_rl/install/kinova_msgs/share/kinova_msgs/cmake/kinova_msgs__rosidl_typesupport_cppExport.cmake
-- Up-to-date: /home/amma/Kinova_gen2_rl/install/kinova_msgs/share/kinova_msgs/cmake/kinova_msgs__rosidl_typesupport_cppExport-noconfig.cmake
-- Up-to-date: /home/amma/Kinova_gen2_rl/install/kinova_msgs/share/kinova_msgs/cmake/export_kinova_msgs__rosidl_generator_pyExport.cmake
-- Up-to-date: /home/amma/Kinova_gen2_rl/install/kinova_msgs/share/kinova_msgs/cmake/export_kinova_msgs__rosidl_generator_pyExport-noconfig.cmake
-- Up-to-date: /home/amma/Kinova_gen2_rl/install/kinova_msgs/share/kinova_msgs/cmake/rosidl_cmake-extras.cmake
-- Up-to-date: /home/amma/Kinova_gen2_rl/install/kinova_msgs/share/kinova_msgs/cmake/ament_cmake_export_dependencies-extras.cmake
-- Up-to-date: /home/amma/Kinova_gen2_rl/install/kinova_msgs/share/kinova_msgs/cmake/ament_cmake_export_include_directories-extras.cmake
-- Up-to-date: /home/amma/Kinova_gen2_rl/install/kinova_msgs/share/kinova_msgs/cmake/ament_cmake_export_libraries-extras.cmake
-- Up-to-date: /home/amma/Kinova_gen2_rl/install/kinova_msgs/share/kinova_msgs/cmake/ament_cmake_export_targets-extras.cmake
-- Up-to-date: /home/amma/Kinova_gen2_rl/install/kinova_msgs/share/kinova_msgs/cmake/rosidl_cmake_export_typesupport_targets-extras.cmake
-- Up-to-date: /home/amma/Kinova_gen2_rl/install/kinova_msgs/share/kinova_msgs/cmake/rosidl_cmake_export_typesupport_libraries-extras.cmake
-- Up-to-date: /home/amma/Kinova_gen2_rl/install/kinova_msgs/share/kinova_msgs/cmake/kinova_msgsConfig.cmake
-- Up-to-date: /home/amma/Kinova_gen2_rl/install/kinova_msgs/share/kinova_msgs/cmake/kinova_msgsConfig-version.cmake
-- Up-to-date: /home/amma/Kinova_gen2_rl/install/kinova_msgs/share/kinova_msgs/package.xml
