-- Install configuration: ""
-- Up-to-date: /home/amma/Kinova_gen2_rl/install/click_pointer/lib/click_pointer/click_pointer.py
-- Up-to-date: /home/amma/Kinova_gen2_rl/install/click_pointer/lib/click_pointer/fork_acquisition.py
-- Up-to-date: /home/amma/Kinova_gen2_rl/install/click_pointer/lib/click_pointer/click_to_point.py
-- Up-to-date: /home/amma/Kinova_gen2_rl/install/click_pointer/lib/click_pointer/tui.py
-- Up-to-date: /home/amma/Kinova_gen2_rl/install/click_pointer/lib/click_pointer/face_overlay.py
-- Up-to-date: /home/amma/Kinova_gen2_rl/install/click_pointer/lib/click_pointer/algo.py
-- Up-to-date: /home/amma/Kinova_gen2_rl/install/click_pointer/lib/click_pointer/utils.py
-- Up-to-date: /home/amma/Kinova_gen2_rl/install/click_pointer/share/ament_index/resource_index/package_run_dependencies/click_pointer
-- Up-to-date: /home/amma/Kinova_gen2_rl/install/click_pointer/share/ament_index/resource_index/parent_prefix_path/click_pointer
-- Up-to-date: /home/amma/Kinova_gen2_rl/install/click_pointer/share/click_pointer/environment/ament_prefix_path.sh
-- Up-to-date: /home/amma/Kinova_gen2_rl/install/click_pointer/share/click_pointer/environment/ament_prefix_path.dsv
-- Up-to-date: /home/amma/Kinova_gen2_rl/install/click_pointer/share/click_pointer/environment/path.sh
-- Up-to-date: /home/amma/Kinova_gen2_rl/install/click_pointer/share/click_pointer/environment/path.dsv
-- Up-to-date: /home/amma/Kinova_gen2_rl/install/click_pointer/share/click_pointer/local_setup.bash
-- Up-to-date: /home/amma/Kinova_gen2_rl/install/click_pointer/share/click_pointer/local_setup.sh
-- Up-to-date: /home/amma/Kinova_gen2_rl/install/click_pointer/share/click_pointer/local_setup.zsh
-- Up-to-date: /home/amma/Kinova_gen2_rl/install/click_pointer/share/click_pointer/local_setup.dsv
-- Installing: /home/amma/Kinova_gen2_rl/install/click_pointer/share/click_pointer/package.dsv
-- Up-to-date: /home/amma/Kinova_gen2_rl/install/click_pointer/share/ament_index/resource_index/packages/click_pointer
-- Up-to-date: /home/amma/Kinova_gen2_rl/install/click_pointer/share/click_pointer/cmake/click_pointerConfig.cmake
-- Up-to-date: /home/amma/Kinova_gen2_rl/install/click_pointer/share/click_pointer/cmake/click_pointerConfig-version.cmake
-- Up-to-date: /home/amma/Kinova_gen2_rl/install/click_pointer/share/click_pointer/package.xml
