[0.012s] Invoking command in '/home/amma/Kinova_gen2_rl/build/kinova_demo': AMENT_PREFIX_PATH=/home/amma/Kinova_gen2_rl/install/kinova_driver:/home/amma/Kinova_gen2_rl/install/kinova_msgs:${AMENT_PREFIX_PATH} CMAKE_PREFIX_PATH=/home/amma/Kinova_gen2_rl/install/kinova_driver:/home/amma/Kinova_gen2_rl/install/kinova_msgs:/home/amma/kinova_ws/rl_v2-master/install/pymoveit2:/home/amma/kinova_ws/rl_v2-master/install/moveit_calibration_gui:/home/amma/kinova_ws/rl_v2-master/install/moveit_calibration_plugins:/home/amma/kinova_ws/rl_v2-master/install/kinova_demo:/home/amma/kinova_ws/rl_v2-master/install/kinova_driver:/home/amma/kinova_ws/rl_v2-master/install/kinova_msgs:/home/amma/kinova_ws/rl_v2-master/install/j2s6s200_moveit_config:/home/amma/kinova_ws/rl_v2-master/install/kinova_description:/home/amma/kinova_ws/rl_v2-master/install/kinova_bringup:/home/amma/kinova_ws/rl_v2-master/install/easy_handeye2_msgs:/home/amma/kinova_ws/rl_v2-master/install/click_pointer:/home/amma/kinova_ws/rl_v2-master/install/point_goal_test:/home/amma/kinova_ws/rl_v2-master/install/mouth_tracking:/home/amma/kinova_ws/rl_v2-master/install/kinova_rl:/home/amma/kinova_ws/rl_v2-master/install/easy_handeye2:/opt/ros/humble LD_LIBRARY_PATH=/home/amma/Kinova_gen2_rl/install/kinova_driver/lib:/home/amma/Kinova_gen2_rl/install/kinova_msgs/lib:${LD_LIBRARY_PATH} PYTHONPATH=/home/amma/Kinova_gen2_rl/install/kinova_msgs/local/lib/python3.10/dist-packages:${PYTHONPATH} /usr/bin/cmake /home/amma/Kinova_gen2_rl/src/kinova-ros2/kinova_demo -DCMAKE_INSTALL_PREFIX=/home/amma/Kinova_gen2_rl/install/kinova_demo
[0.078s] -- The C compiler identification is GNU 11.4.0
[0.136s] -- The CXX compiler identification is GNU 11.4.0
[0.142s] -- Detecting C compiler ABI info
[0.235s] -- Detecting C compiler ABI info - done
[0.249s] -- Check for working C compiler: /usr/bin/cc - skipped
[0.249s] -- Detecting C compile features
[0.250s] -- Detecting C compile features - done
[0.254s] -- Detecting CXX compiler ABI info
[0.354s] -- Detecting CXX compiler ABI info - done
[0.359s] -- Check for working CXX compiler: /usr/bin/c++ - skipped
[0.360s] -- Detecting CXX compile features
[0.360s] -- Detecting CXX compile features - done
[0.363s] -- Found ament_cmake: 1.3.14 (/opt/ros/humble/share/ament_cmake/cmake)
[0.494s] -- Found Python3: /usr/bin/python3 (found version "3.10.12") found components: Interpreter 
[0.570s] -- Found kinova_driver: 0.0.1 (/home/amma/Kinova_gen2_rl/install/kinova_driver/share/kinova_driver/cmake)
[0.571s] -- Found kinova_msgs: 0.0.1 (/home/amma/Kinova_gen2_rl/install/kinova_msgs/share/kinova_msgs/cmake)
[0.602s] -- Found rosidl_generator_c: 3.1.8 (/opt/ros/humble/share/rosidl_generator_c/cmake)
[0.607s] -- Found rosidl_adapter: 3.1.8 (/opt/ros/humble/share/rosidl_adapter/cmake)
[0.614s] -- Found rosidl_generator_cpp: 3.1.8 (/opt/ros/humble/share/rosidl_generator_cpp/cmake)
[0.623s] -- Using all available rosidl_typesupport_c: rosidl_typesupport_fastrtps_c;rosidl_typesupport_introspection_c
[0.636s] -- Using all available rosidl_typesupport_cpp: rosidl_typesupport_fastrtps_cpp;rosidl_typesupport_introspection_cpp
[0.697s] -- Found rclcpp: 16.0.19 (/opt/ros/humble/share/rclcpp/cmake)
[0.730s] -- Found rmw_implementation_cmake: 6.1.2 (/opt/ros/humble/share/rmw_implementation_cmake/cmake)
[0.732s] -- Found rmw_fastrtps_cpp: 6.2.10 (/opt/ros/humble/share/rmw_fastrtps_cpp/cmake)
[0.830s] -- Found OpenSSL: /usr/lib/x86_64-linux-gnu/libcrypto.so (found version "3.0.2")  
[0.865s] -- Found FastRTPS: /opt/ros/humble/include  
[0.902s] -- Using RMW implementation 'rmw_fastrtps_cpp' as default
[0.910s] -- Looking for pthread.h
[0.980s] -- Looking for pthread.h - found
[0.980s] -- Performing Test CMAKE_HAVE_LIBC_PTHREAD
[1.080s] -- Performing Test CMAKE_HAVE_LIBC_PTHREAD - Success
[1.083s] -- Found Threads: TRUE  
[1.124s] -- Found rclpy: 3.3.21 (/opt/ros/humble/share/rclpy/cmake)
[1.251s] -- Configuring done
[1.254s] -- Generating done
[1.255s] -- Build files have been written to: /home/amma/Kinova_gen2_rl/build/kinova_demo
[1.262s] Invoked command in '/home/amma/Kinova_gen2_rl/build/kinova_demo' returned '0': AMENT_PREFIX_PATH=/home/amma/Kinova_gen2_rl/install/kinova_driver:/home/amma/Kinova_gen2_rl/install/kinova_msgs:${AMENT_PREFIX_PATH} CMAKE_PREFIX_PATH=/home/amma/Kinova_gen2_rl/install/kinova_driver:/home/amma/Kinova_gen2_rl/install/kinova_msgs:/home/amma/kinova_ws/rl_v2-master/install/pymoveit2:/home/amma/kinova_ws/rl_v2-master/install/moveit_calibration_gui:/home/amma/kinova_ws/rl_v2-master/install/moveit_calibration_plugins:/home/amma/kinova_ws/rl_v2-master/install/kinova_demo:/home/amma/kinova_ws/rl_v2-master/install/kinova_driver:/home/amma/kinova_ws/rl_v2-master/install/kinova_msgs:/home/amma/kinova_ws/rl_v2-master/install/j2s6s200_moveit_config:/home/amma/kinova_ws/rl_v2-master/install/kinova_description:/home/amma/kinova_ws/rl_v2-master/install/kinova_bringup:/home/amma/kinova_ws/rl_v2-master/install/easy_handeye2_msgs:/home/amma/kinova_ws/rl_v2-master/install/click_pointer:/home/amma/kinova_ws/rl_v2-master/install/point_goal_test:/home/amma/kinova_ws/rl_v2-master/install/mouth_tracking:/home/amma/kinova_ws/rl_v2-master/install/kinova_rl:/home/amma/kinova_ws/rl_v2-master/install/easy_handeye2:/opt/ros/humble LD_LIBRARY_PATH=/home/amma/Kinova_gen2_rl/install/kinova_driver/lib:/home/amma/Kinova_gen2_rl/install/kinova_msgs/lib:${LD_LIBRARY_PATH} PYTHONPATH=/home/amma/Kinova_gen2_rl/install/kinova_msgs/local/lib/python3.10/dist-packages:${PYTHONPATH} /usr/bin/cmake /home/amma/Kinova_gen2_rl/src/kinova-ros2/kinova_demo -DCMAKE_INSTALL_PREFIX=/home/amma/Kinova_gen2_rl/install/kinova_demo
[1.264s] Invoking command in '/home/amma/Kinova_gen2_rl/build/kinova_demo': AMENT_PREFIX_PATH=/home/amma/Kinova_gen2_rl/install/kinova_driver:/home/amma/Kinova_gen2_rl/install/kinova_msgs:${AMENT_PREFIX_PATH} CMAKE_PREFIX_PATH=/home/amma/Kinova_gen2_rl/install/kinova_driver:/home/amma/Kinova_gen2_rl/install/kinova_msgs:/home/amma/kinova_ws/rl_v2-master/install/pymoveit2:/home/amma/kinova_ws/rl_v2-master/install/moveit_calibration_gui:/home/amma/kinova_ws/rl_v2-master/install/moveit_calibration_plugins:/home/amma/kinova_ws/rl_v2-master/install/kinova_demo:/home/amma/kinova_ws/rl_v2-master/install/kinova_driver:/home/amma/kinova_ws/rl_v2-master/install/kinova_msgs:/home/amma/kinova_ws/rl_v2-master/install/j2s6s200_moveit_config:/home/amma/kinova_ws/rl_v2-master/install/kinova_description:/home/amma/kinova_ws/rl_v2-master/install/kinova_bringup:/home/amma/kinova_ws/rl_v2-master/install/easy_handeye2_msgs:/home/amma/kinova_ws/rl_v2-master/install/click_pointer:/home/amma/kinova_ws/rl_v2-master/install/point_goal_test:/home/amma/kinova_ws/rl_v2-master/install/mouth_tracking:/home/amma/kinova_ws/rl_v2-master/install/kinova_rl:/home/amma/kinova_ws/rl_v2-master/install/easy_handeye2:/opt/ros/humble LD_LIBRARY_PATH=/home/amma/Kinova_gen2_rl/install/kinova_driver/lib:/home/amma/Kinova_gen2_rl/install/kinova_msgs/lib:${LD_LIBRARY_PATH} PYTHONPATH=/home/amma/Kinova_gen2_rl/install/kinova_msgs/local/lib/python3.10/dist-packages:${PYTHONPATH} /usr/bin/cmake --build /home/amma/Kinova_gen2_rl/build/kinova_demo -- -j12 -l12
[1.336s] Built target ament_cmake_python_copy_kinova_demo
[1.521s] running egg_info
[1.522s] creating kinova_demo.egg-info
[1.522s] writing kinova_demo.egg-info/PKG-INFO
[1.522s] writing dependency_links to kinova_demo.egg-info/dependency_links.txt
[1.522s] writing top-level names to kinova_demo.egg-info/top_level.txt
[1.522s] writing manifest file 'kinova_demo.egg-info/SOURCES.txt'
[1.524s] reading manifest file 'kinova_demo.egg-info/SOURCES.txt'
[1.525s] writing manifest file 'kinova_demo.egg-info/SOURCES.txt'
[1.547s] Built target ament_cmake_python_build_kinova_demo_egg
[1.560s] Invoked command in '/home/amma/Kinova_gen2_rl/build/kinova_demo' returned '0': AMENT_PREFIX_PATH=/home/amma/Kinova_gen2_rl/install/kinova_driver:/home/amma/Kinova_gen2_rl/install/kinova_msgs:${AMENT_PREFIX_PATH} CMAKE_PREFIX_PATH=/home/amma/Kinova_gen2_rl/install/kinova_driver:/home/amma/Kinova_gen2_rl/install/kinova_msgs:/home/amma/kinova_ws/rl_v2-master/install/pymoveit2:/home/amma/kinova_ws/rl_v2-master/install/moveit_calibration_gui:/home/amma/kinova_ws/rl_v2-master/install/moveit_calibration_plugins:/home/amma/kinova_ws/rl_v2-master/install/kinova_demo:/home/amma/kinova_ws/rl_v2-master/install/kinova_driver:/home/amma/kinova_ws/rl_v2-master/install/kinova_msgs:/home/amma/kinova_ws/rl_v2-master/install/j2s6s200_moveit_config:/home/amma/kinova_ws/rl_v2-master/install/kinova_description:/home/amma/kinova_ws/rl_v2-master/install/kinova_bringup:/home/amma/kinova_ws/rl_v2-master/install/easy_handeye2_msgs:/home/amma/kinova_ws/rl_v2-master/install/click_pointer:/home/amma/kinova_ws/rl_v2-master/install/point_goal_test:/home/amma/kinova_ws/rl_v2-master/install/mouth_tracking:/home/amma/kinova_ws/rl_v2-master/install/kinova_rl:/home/amma/kinova_ws/rl_v2-master/install/easy_handeye2:/opt/ros/humble LD_LIBRARY_PATH=/home/amma/Kinova_gen2_rl/install/kinova_driver/lib:/home/amma/Kinova_gen2_rl/install/kinova_msgs/lib:${LD_LIBRARY_PATH} PYTHONPATH=/home/amma/Kinova_gen2_rl/install/kinova_msgs/local/lib/python3.10/dist-packages:${PYTHONPATH} /usr/bin/cmake --build /home/amma/Kinova_gen2_rl/build/kinova_demo -- -j12 -l12
[1.562s] Invoking command in '/home/amma/Kinova_gen2_rl/build/kinova_demo': AMENT_PREFIX_PATH=/home/amma/Kinova_gen2_rl/install/kinova_driver:/home/amma/Kinova_gen2_rl/install/kinova_msgs:${AMENT_PREFIX_PATH} CMAKE_PREFIX_PATH=/home/amma/Kinova_gen2_rl/install/kinova_driver:/home/amma/Kinova_gen2_rl/install/kinova_msgs:/home/amma/kinova_ws/rl_v2-master/install/pymoveit2:/home/amma/kinova_ws/rl_v2-master/install/moveit_calibration_gui:/home/amma/kinova_ws/rl_v2-master/install/moveit_calibration_plugins:/home/amma/kinova_ws/rl_v2-master/install/kinova_demo:/home/amma/kinova_ws/rl_v2-master/install/kinova_driver:/home/amma/kinova_ws/rl_v2-master/install/kinova_msgs:/home/amma/kinova_ws/rl_v2-master/install/j2s6s200_moveit_config:/home/amma/kinova_ws/rl_v2-master/install/kinova_description:/home/amma/kinova_ws/rl_v2-master/install/kinova_bringup:/home/amma/kinova_ws/rl_v2-master/install/easy_handeye2_msgs:/home/amma/kinova_ws/rl_v2-master/install/click_pointer:/home/amma/kinova_ws/rl_v2-master/install/point_goal_test:/home/amma/kinova_ws/rl_v2-master/install/mouth_tracking:/home/amma/kinova_ws/rl_v2-master/install/kinova_rl:/home/amma/kinova_ws/rl_v2-master/install/easy_handeye2:/opt/ros/humble LD_LIBRARY_PATH=/home/amma/Kinova_gen2_rl/install/kinova_driver/lib:/home/amma/Kinova_gen2_rl/install/kinova_msgs/lib:${LD_LIBRARY_PATH} PYTHONPATH=/home/amma/Kinova_gen2_rl/install/kinova_msgs/local/lib/python3.10/dist-packages:${PYTHONPATH} /usr/bin/cmake --install /home/amma/Kinova_gen2_rl/build/kinova_demo
[1.573s] -- Install configuration: ""
[1.574s] -- Installing: /home/amma/Kinova_gen2_rl/install/kinova_demo/share/kinova_demo/environment/pythonpath.sh
[1.574s] -- Installing: /home/amma/Kinova_gen2_rl/install/kinova_demo/share/kinova_demo/environment/pythonpath.dsv
[1.574s] -- Installing: /home/amma/Kinova_gen2_rl/install/kinova_demo/local/lib/python3.10/dist-packages/kinova_demo-0.0.1-py3.10.egg-info
[1.574s] -- Installing: /home/amma/Kinova_gen2_rl/install/kinova_demo/local/lib/python3.10/dist-packages/kinova_demo-0.0.1-py3.10.egg-info/top_level.txt
[1.575s] -- Installing: /home/amma/Kinova_gen2_rl/install/kinova_demo/local/lib/python3.10/dist-packages/kinova_demo-0.0.1-py3.10.egg-info/SOURCES.txt
[1.575s] -- Installing: /home/amma/Kinova_gen2_rl/install/kinova_demo/local/lib/python3.10/dist-packages/kinova_demo-0.0.1-py3.10.egg-info/PKG-INFO
[1.575s] -- Installing: /home/amma/Kinova_gen2_rl/install/kinova_demo/local/lib/python3.10/dist-packages/kinova_demo-0.0.1-py3.10.egg-info/dependency_links.txt
[1.575s] -- Installing: /home/amma/Kinova_gen2_rl/install/kinova_demo/local/lib/python3.10/dist-packages/kinova_demo
[1.575s] -- Installing: /home/amma/Kinova_gen2_rl/install/kinova_demo/local/lib/python3.10/dist-packages/kinova_demo/module_to_import.py
[1.575s] -- Installing: /home/amma/Kinova_gen2_rl/install/kinova_demo/local/lib/python3.10/dist-packages/kinova_demo/__init__.py
[1.609s] Listing '/home/amma/Kinova_gen2_rl/install/kinova_demo/local/lib/python3.10/dist-packages/kinova_demo'...
[1.610s] Compiling '/home/amma/Kinova_gen2_rl/install/kinova_demo/local/lib/python3.10/dist-packages/kinova_demo/__init__.py'...
[1.610s] Compiling '/home/amma/Kinova_gen2_rl/install/kinova_demo/local/lib/python3.10/dist-packages/kinova_demo/module_to_import.py'...
[1.613s] -- Installing: /home/amma/Kinova_gen2_rl/install/kinova_demo/lib/kinova_demo/pose_action_client.py
[1.613s] -- Installing: /home/amma/Kinova_gen2_rl/install/kinova_demo/share/ament_index/resource_index/package_run_dependencies/kinova_demo
[1.613s] -- Installing: /home/amma/Kinova_gen2_rl/install/kinova_demo/share/ament_index/resource_index/parent_prefix_path/kinova_demo
[1.613s] -- Installing: /home/amma/Kinova_gen2_rl/install/kinova_demo/share/kinova_demo/environment/ament_prefix_path.sh
[1.613s] -- Installing: /home/amma/Kinova_gen2_rl/install/kinova_demo/share/kinova_demo/environment/ament_prefix_path.dsv
[1.613s] -- Installing: /home/amma/Kinova_gen2_rl/install/kinova_demo/share/kinova_demo/environment/path.sh
[1.613s] -- Installing: /home/amma/Kinova_gen2_rl/install/kinova_demo/share/kinova_demo/environment/path.dsv
[1.613s] -- Installing: /home/amma/Kinova_gen2_rl/install/kinova_demo/share/kinova_demo/local_setup.bash
[1.613s] -- Installing: /home/amma/Kinova_gen2_rl/install/kinova_demo/share/kinova_demo/local_setup.sh
[1.613s] -- Installing: /home/amma/Kinova_gen2_rl/install/kinova_demo/share/kinova_demo/local_setup.zsh
[1.613s] -- Installing: /home/amma/Kinova_gen2_rl/install/kinova_demo/share/kinova_demo/local_setup.dsv
[1.613s] -- Installing: /home/amma/Kinova_gen2_rl/install/kinova_demo/share/kinova_demo/package.dsv
[1.614s] -- Installing: /home/amma/Kinova_gen2_rl/install/kinova_demo/share/ament_index/resource_index/packages/kinova_demo
[1.614s] -- Installing: /home/amma/Kinova_gen2_rl/install/kinova_demo/share/kinova_demo/cmake/kinova_demoConfig.cmake
[1.614s] -- Installing: /home/amma/Kinova_gen2_rl/install/kinova_demo/share/kinova_demo/cmake/kinova_demoConfig-version.cmake
[1.614s] -- Installing: /home/amma/Kinova_gen2_rl/install/kinova_demo/share/kinova_demo/package.xml
[1.615s] Invoked command in '/home/amma/Kinova_gen2_rl/build/kinova_demo' returned '0': AMENT_PREFIX_PATH=/home/amma/Kinova_gen2_rl/install/kinova_driver:/home/amma/Kinova_gen2_rl/install/kinova_msgs:${AMENT_PREFIX_PATH} CMAKE_PREFIX_PATH=/home/amma/Kinova_gen2_rl/install/kinova_driver:/home/amma/Kinova_gen2_rl/install/kinova_msgs:/home/amma/kinova_ws/rl_v2-master/install/pymoveit2:/home/amma/kinova_ws/rl_v2-master/install/moveit_calibration_gui:/home/amma/kinova_ws/rl_v2-master/install/moveit_calibration_plugins:/home/amma/kinova_ws/rl_v2-master/install/kinova_demo:/home/amma/kinova_ws/rl_v2-master/install/kinova_driver:/home/amma/kinova_ws/rl_v2-master/install/kinova_msgs:/home/amma/kinova_ws/rl_v2-master/install/j2s6s200_moveit_config:/home/amma/kinova_ws/rl_v2-master/install/kinova_description:/home/amma/kinova_ws/rl_v2-master/install/kinova_bringup:/home/amma/kinova_ws/rl_v2-master/install/easy_handeye2_msgs:/home/amma/kinova_ws/rl_v2-master/install/click_pointer:/home/amma/kinova_ws/rl_v2-master/install/point_goal_test:/home/amma/kinova_ws/rl_v2-master/install/mouth_tracking:/home/amma/kinova_ws/rl_v2-master/install/kinova_rl:/home/amma/kinova_ws/rl_v2-master/install/easy_handeye2:/opt/ros/humble LD_LIBRARY_PATH=/home/amma/Kinova_gen2_rl/install/kinova_driver/lib:/home/amma/Kinova_gen2_rl/install/kinova_msgs/lib:${LD_LIBRARY_PATH} PYTHONPATH=/home/amma/Kinova_gen2_rl/install/kinova_msgs/local/lib/python3.10/dist-packages:${PYTHONPATH} /usr/bin/cmake --install /home/amma/Kinova_gen2_rl/build/kinova_demo
