[35m[1mConsolidate compiler generated dependencies of target kinova_tf_updater[0m
[35m[1mConsolidate compiler generated dependencies of target kinova_driver[0m
[ 17%] Built target kinova_tf_updater
[ 56%] Built target kinova_driver
[35m[1mConsolidate compiler generated dependencies of target joint_trajectory_action_server[0m
[35m[1mConsolidate compiler generated dependencies of target gripper_command_action_server[0m
[35m[1mConsolidate compiler generated dependencies of target positional_action_server[0m
[35m[1mConsolidate compiler generated dependencies of target kinova_interactive_control[0m
[35m[1mConsolidate compiler generated dependencies of target kinova_arm_driver[0m
[ 78%] Built target joint_trajectory_action_server
[ 78%] [32mBuilding CXX object CMakeFiles/gripper_command_action_server.dir/src/joint_trajectory_action/gripper_command_action_server.cpp.o[0m
[ 78%] Built target positional_action_server
[ 82%] [32mBuilding CXX object CMakeFiles/kinova_interactive_control.dir/src/nodes/kinova_interactive_control.cpp.o[0m
[ 91%] Built target kinova_arm_driver
[ 95%] [32m[1mLinking CXX executable gripper_command_action_server[0m
[ 95%] Built target gripper_command_action_server
[100%] [32m[1mLinking CXX executable kinova_interactive_control[0m
[100%] Built target kinova_interactive_control
-- Install configuration: ""
-- Installing: /home/amma/Kinova_gen2_rl/install/kinova_driver/lib/USBCommLayerUbuntu.so
-- Installing: /home/amma/Kinova_gen2_rl/install/kinova_driver/lib/USBCommandLayerUbuntu.so
-- Installing: /home/amma/Kinova_gen2_rl/install/kinova_driver/lib/EthCommLayerUbuntu.so
-- Installing: /home/amma/Kinova_gen2_rl/install/kinova_driver/lib/EthCommandLayerUbuntu.so
-- Installing: /home/amma/Kinova_gen2_rl/install/kinova_driver/include/kinova_driver
-- Installing: /home/amma/Kinova_gen2_rl/install/kinova_driver/include/kinova_driver/kinova_tool_pose_action.h
-- Installing: /home/amma/Kinova_gen2_rl/install/kinova_driver/include/kinova_driver/kinova_joint_angles_action.h
-- Installing: /home/amma/Kinova_gen2_rl/install/kinova_driver/include/kinova_driver/kinova_ros_types.h
-- Installing: /home/amma/Kinova_gen2_rl/install/kinova_driver/include/kinova_driver/kinova_comm.h
-- Installing: /home/amma/Kinova_gen2_rl/install/kinova_driver/include/kinova_driver/kinova_arm_kinematics.h
-- Installing: /home/amma/Kinova_gen2_rl/install/kinova_driver/include/kinova_driver/kinova_fingers_action.h
-- Installing: /home/amma/Kinova_gen2_rl/install/kinova_driver/include/kinova_driver/gripper_command_action_server.h
-- Installing: /home/amma/Kinova_gen2_rl/install/kinova_driver/include/kinova_driver/kinova_arm.h
-- Installing: /home/amma/Kinova_gen2_rl/install/kinova_driver/include/kinova_driver/joint_trajectory_action_server.h
-- Installing: /home/amma/Kinova_gen2_rl/install/kinova_driver/include/kinova_driver/kinova_tf_updater.h
-- Installing: /home/amma/Kinova_gen2_rl/install/kinova_driver/include/kinova_driver/kinova_api.h
-- Installing: /home/amma/Kinova_gen2_rl/install/kinova_driver/include/kinova_driver/kinova_joint_trajectory_controller.h
-- Installing: /home/amma/Kinova_gen2_rl/install/kinova_driver/lib/kinova_driver/kinova_arm_driver
-- Set runtime path of "/home/amma/Kinova_gen2_rl/install/kinova_driver/lib/kinova_driver/kinova_arm_driver" to ""
-- Installing: /home/amma/Kinova_gen2_rl/install/kinova_driver/lib/kinova_driver/kinova_tf_updater
-- Set runtime path of "/home/amma/Kinova_gen2_rl/install/kinova_driver/lib/kinova_driver/kinova_tf_updater" to ""
-- Installing: /home/amma/Kinova_gen2_rl/install/kinova_driver/lib/kinova_driver/kinova_interactive_control
-- Set runtime path of "/home/amma/Kinova_gen2_rl/install/kinova_driver/lib/kinova_driver/kinova_interactive_control" to ""
-- Installing: /home/amma/Kinova_gen2_rl/install/kinova_driver/lib/kinova_driver/libkinova_driver.a
-- Installing: /home/amma/Kinova_gen2_rl/install/kinova_driver/lib/kinova_driver/joint_trajectory_action_server
-- Set runtime path of "/home/amma/Kinova_gen2_rl/install/kinova_driver/lib/kinova_driver/joint_trajectory_action_server" to ""
-- Installing: /home/amma/Kinova_gen2_rl/install/kinova_driver/lib/kinova_driver/gripper_command_action_server
-- Set runtime path of "/home/amma/Kinova_gen2_rl/install/kinova_driver/lib/kinova_driver/gripper_command_action_server" to ""
-- Installing: /home/amma/Kinova_gen2_rl/install/kinova_driver/lib/kinova_driver/positional_action_server
-- Set runtime path of "/home/amma/Kinova_gen2_rl/install/kinova_driver/lib/kinova_driver/positional_action_server" to ""
-- Up-to-date: /home/amma/Kinova_gen2_rl/install/kinova_driver/include/kinova_driver
-- Up-to-date: /home/amma/Kinova_gen2_rl/install/kinova_driver/include/kinova_driver/kinova_tool_pose_action.h
-- Up-to-date: /home/amma/Kinova_gen2_rl/install/kinova_driver/include/kinova_driver/kinova_joint_angles_action.h
-- Up-to-date: /home/amma/Kinova_gen2_rl/install/kinova_driver/include/kinova_driver/kinova_ros_types.h
-- Up-to-date: /home/amma/Kinova_gen2_rl/install/kinova_driver/include/kinova_driver/kinova_comm.h
-- Up-to-date: /home/amma/Kinova_gen2_rl/install/kinova_driver/include/kinova_driver/kinova_arm_kinematics.h
-- Up-to-date: /home/amma/Kinova_gen2_rl/install/kinova_driver/include/kinova_driver/kinova_fingers_action.h
-- Up-to-date: /home/amma/Kinova_gen2_rl/install/kinova_driver/include/kinova_driver/gripper_command_action_server.h
-- Up-to-date: /home/amma/Kinova_gen2_rl/install/kinova_driver/include/kinova_driver/kinova_arm.h
-- Up-to-date: /home/amma/Kinova_gen2_rl/install/kinova_driver/include/kinova_driver/joint_trajectory_action_server.h
-- Up-to-date: /home/amma/Kinova_gen2_rl/install/kinova_driver/include/kinova_driver/kinova_tf_updater.h
-- Up-to-date: /home/amma/Kinova_gen2_rl/install/kinova_driver/include/kinova_driver/kinova_api.h
-- Up-to-date: /home/amma/Kinova_gen2_rl/install/kinova_driver/include/kinova_driver/kinova_joint_trajectory_controller.h
-- Installing: /home/amma/Kinova_gen2_rl/install/kinova_driver/share/ament_index/resource_index/package_run_dependencies/kinova_driver
-- Installing: /home/amma/Kinova_gen2_rl/install/kinova_driver/share/ament_index/resource_index/parent_prefix_path/kinova_driver
-- Installing: /home/amma/Kinova_gen2_rl/install/kinova_driver/share/kinova_driver/environment/ament_prefix_path.sh
-- Installing: /home/amma/Kinova_gen2_rl/install/kinova_driver/share/kinova_driver/environment/ament_prefix_path.dsv
-- Installing: /home/amma/Kinova_gen2_rl/install/kinova_driver/share/kinova_driver/environment/path.sh
-- Installing: /home/amma/Kinova_gen2_rl/install/kinova_driver/share/kinova_driver/environment/path.dsv
-- Installing: /home/amma/Kinova_gen2_rl/install/kinova_driver/share/kinova_driver/local_setup.bash
-- Installing: /home/amma/Kinova_gen2_rl/install/kinova_driver/share/kinova_driver/local_setup.sh
-- Installing: /home/amma/Kinova_gen2_rl/install/kinova_driver/share/kinova_driver/local_setup.zsh
-- Installing: /home/amma/Kinova_gen2_rl/install/kinova_driver/share/kinova_driver/local_setup.dsv
-- Installing: /home/amma/Kinova_gen2_rl/install/kinova_driver/share/kinova_driver/package.dsv
-- Installing: /home/amma/Kinova_gen2_rl/install/kinova_driver/share/ament_index/resource_index/packages/kinova_driver
-- Installing: /home/amma/Kinova_gen2_rl/install/kinova_driver/share/kinova_driver/cmake/kinova_driverConfig.cmake
-- Installing: /home/amma/Kinova_gen2_rl/install/kinova_driver/share/kinova_driver/cmake/kinova_driverConfig-version.cmake
-- Installing: /home/amma/Kinova_gen2_rl/install/kinova_driver/share/kinova_driver/package.xml
