-- The C compiler identification is GNU 11.4.0
-- The CXX compiler identification is GNU 11.4.0
-- Detecting C compiler ABI info
-- Detecting C compiler ABI info - done
-- Check for working C compiler: /usr/bin/cc - skipped
-- Detecting C compile features
-- Detecting C compile features - done
-- Detecting CXX compiler ABI info
-- Detecting CXX compiler ABI info - done
-- Check for working CXX compiler: /usr/bin/c++ - skipped
-- Detecting CXX compile features
-- Detecting CXX compile features - done
-- Found ament_cmake: 1.3.13 (/opt/ros/humble/share/ament_cmake/cmake)
-- Found Python3: /usr/bin/python3 (found version "3.10.12") found components: Interpreter 
-- Found kinova_driver: 0.0.1 (/home/amma/Kinova_gen2_rl/install/kinova_driver/share/kinova_driver/cmake)
-- Found kinova_msgs: 0.0.1 (/home/amma/Kinova_gen2_rl/install/kinova_msgs/share/kinova_msgs/cmake)
-- Found rosidl_generator_c: 3.1.8 (/opt/ros/humble/share/rosidl_generator_c/cmake)
-- Found rosidl_adapter: 3.1.8 (/opt/ros/humble/share/rosidl_adapter/cmake)
-- Found rosidl_generator_cpp: 3.1.8 (/opt/ros/humble/share/rosidl_generator_cpp/cmake)
-- Using all available rosidl_typesupport_c: rosidl_typesupport_fastrtps_c;rosidl_typesupport_introspection_c
-- Using all available rosidl_typesupport_cpp: rosidl_typesupport_fastrtps_cpp;rosidl_typesupport_introspection_cpp
-- Found rclcpp: 16.0.18 (/opt/ros/humble/share/rclcpp/cmake)
-- Found rmw_implementation_cmake: 6.1.2 (/opt/ros/humble/share/rmw_implementation_cmake/cmake)
-- Found rmw_fastrtps_cpp: 6.2.10 (/opt/ros/humble/share/rmw_fastrtps_cpp/cmake)
-- Found OpenSSL: /usr/lib/x86_64-linux-gnu/libcrypto.so (found version "3.0.2")  
-- Found FastRTPS: /opt/ros/humble/include  
-- Using RMW implementation 'rmw_fastrtps_cpp' as default
-- Looking for pthread.h
-- Looking for pthread.h - found
-- Performing Test CMAKE_HAVE_LIBC_PTHREAD
-- Performing Test CMAKE_HAVE_LIBC_PTHREAD - Success
-- Found Threads: TRUE  
-- Found rclpy: 3.3.20 (/opt/ros/humble/share/rclpy/cmake)
-- Configuring done
-- Generating done
-- Build files have been written to: /home/amma/Kinova_gen2_rl/build/kinova_demo
Built target ament_cmake_python_copy_kinova_demo
running egg_info
creating kinova_demo.egg-info
writing kinova_demo.egg-info/PKG-INFO
writing dependency_links to kinova_demo.egg-info/dependency_links.txt
writing top-level names to kinova_demo.egg-info/top_level.txt
writing manifest file 'kinova_demo.egg-info/SOURCES.txt'
reading manifest file 'kinova_demo.egg-info/SOURCES.txt'
writing manifest file 'kinova_demo.egg-info/SOURCES.txt'
Built target ament_cmake_python_build_kinova_demo_egg
-- Install configuration: ""
-- Installing: /home/amma/Kinova_gen2_rl/install/kinova_demo/share/kinova_demo/environment/pythonpath.sh
-- Installing: /home/amma/Kinova_gen2_rl/install/kinova_demo/share/kinova_demo/environment/pythonpath.dsv
-- Installing: /home/amma/Kinova_gen2_rl/install/kinova_demo/local/lib/python3.10/dist-packages/kinova_demo-0.0.1-py3.10.egg-info
-- Installing: /home/amma/Kinova_gen2_rl/install/kinova_demo/local/lib/python3.10/dist-packages/kinova_demo-0.0.1-py3.10.egg-info/top_level.txt
-- Installing: /home/amma/Kinova_gen2_rl/install/kinova_demo/local/lib/python3.10/dist-packages/kinova_demo-0.0.1-py3.10.egg-info/SOURCES.txt
-- Installing: /home/amma/Kinova_gen2_rl/install/kinova_demo/local/lib/python3.10/dist-packages/kinova_demo-0.0.1-py3.10.egg-info/dependency_links.txt
-- Installing: /home/amma/Kinova_gen2_rl/install/kinova_demo/local/lib/python3.10/dist-packages/kinova_demo-0.0.1-py3.10.egg-info/PKG-INFO
-- Installing: /home/amma/Kinova_gen2_rl/install/kinova_demo/local/lib/python3.10/dist-packages/kinova_demo
-- Installing: /home/amma/Kinova_gen2_rl/install/kinova_demo/local/lib/python3.10/dist-packages/kinova_demo/__init__.py
-- Installing: /home/amma/Kinova_gen2_rl/install/kinova_demo/local/lib/python3.10/dist-packages/kinova_demo/module_to_import.py
Listing '/home/amma/Kinova_gen2_rl/install/kinova_demo/local/lib/python3.10/dist-packages/kinova_demo'...
Compiling '/home/amma/Kinova_gen2_rl/install/kinova_demo/local/lib/python3.10/dist-packages/kinova_demo/__init__.py'...
Compiling '/home/amma/Kinova_gen2_rl/install/kinova_demo/local/lib/python3.10/dist-packages/kinova_demo/module_to_import.py'...
-- Installing: /home/amma/Kinova_gen2_rl/install/kinova_demo/lib/kinova_demo/pose_action_client.py
-- Installing: /home/amma/Kinova_gen2_rl/install/kinova_demo/share/ament_index/resource_index/package_run_dependencies/kinova_demo
-- Installing: /home/amma/Kinova_gen2_rl/install/kinova_demo/share/ament_index/resource_index/parent_prefix_path/kinova_demo
-- Installing: /home/amma/Kinova_gen2_rl/install/kinova_demo/share/kinova_demo/environment/ament_prefix_path.sh
-- Installing: /home/amma/Kinova_gen2_rl/install/kinova_demo/share/kinova_demo/environment/ament_prefix_path.dsv
-- Installing: /home/amma/Kinova_gen2_rl/install/kinova_demo/share/kinova_demo/environment/path.sh
-- Installing: /home/amma/Kinova_gen2_rl/install/kinova_demo/share/kinova_demo/environment/path.dsv
-- Installing: /home/amma/Kinova_gen2_rl/install/kinova_demo/share/kinova_demo/local_setup.bash
-- Installing: /home/amma/Kinova_gen2_rl/install/kinova_demo/share/kinova_demo/local_setup.sh
-- Installing: /home/amma/Kinova_gen2_rl/install/kinova_demo/share/kinova_demo/local_setup.zsh
-- Installing: /home/amma/Kinova_gen2_rl/install/kinova_demo/share/kinova_demo/local_setup.dsv
-- Installing: /home/amma/Kinova_gen2_rl/install/kinova_demo/share/kinova_demo/package.dsv
-- Installing: /home/amma/Kinova_gen2_rl/install/kinova_demo/share/ament_index/resource_index/packages/kinova_demo
-- Installing: /home/amma/Kinova_gen2_rl/install/kinova_demo/share/kinova_demo/cmake/kinova_demoConfig.cmake
-- Installing: /home/amma/Kinova_gen2_rl/install/kinova_demo/share/kinova_demo/cmake/kinova_demoConfig-version.cmake
-- Installing: /home/amma/Kinova_gen2_rl/install/kinova_demo/share/kinova_demo/package.xml
