[ 17%] Built target kinova_tf_updater
[ 56%] Built target kinova_driver
[ 65%] Built target positional_action_server
[ 86%] Built target kinova_interactive_control
[ 91%] Built target joint_trajectory_action_server
[ 95%] Built target kinova_arm_driver
[100%] Built target gripper_command_action_server
-- Install configuration: ""
-- Up-to-date: /home/amma/Kinova_gen2_rl/install/kinova_driver/lib/USBCommLayerUbuntu.so
-- Up-to-date: /home/amma/Kinova_gen2_rl/install/kinova_driver/lib/USBCommandLayerUbuntu.so
-- Up-to-date: /home/amma/Kinova_gen2_rl/install/kinova_driver/lib/EthCommLayerUbuntu.so
-- Up-to-date: /home/amma/Kinova_gen2_rl/install/kinova_driver/lib/EthCommandLayerUbuntu.so
-- Up-to-date: /home/amma/Kinova_gen2_rl/install/kinova_driver/include/kinova_driver
-- Up-to-date: /home/amma/Kinova_gen2_rl/install/kinova_driver/include/kinova_driver/gripper_command_action_server.h
-- Up-to-date: /home/amma/Kinova_gen2_rl/install/kinova_driver/include/kinova_driver/joint_trajectory_action_server.h
-- Up-to-date: /home/amma/Kinova_gen2_rl/install/kinova_driver/include/kinova_driver/kinova_tf_updater.h
-- Up-to-date: /home/amma/Kinova_gen2_rl/install/kinova_driver/include/kinova_driver/kinova_ros_types.h
-- Up-to-date: /home/amma/Kinova_gen2_rl/install/kinova_driver/include/kinova_driver/kinova_joint_angles_action.h
-- Up-to-date: /home/amma/Kinova_gen2_rl/install/kinova_driver/include/kinova_driver/kinova_comm.h
-- Up-to-date: /home/amma/Kinova_gen2_rl/install/kinova_driver/include/kinova_driver/kinova_tool_pose_action.h
-- Up-to-date: /home/amma/Kinova_gen2_rl/install/kinova_driver/include/kinova_driver/kinova_api.h
-- Up-to-date: /home/amma/Kinova_gen2_rl/install/kinova_driver/include/kinova_driver/kinova_fingers_action.h
-- Up-to-date: /home/amma/Kinova_gen2_rl/install/kinova_driver/include/kinova_driver/kinova_joint_trajectory_controller.h
-- Up-to-date: /home/amma/Kinova_gen2_rl/install/kinova_driver/include/kinova_driver/kinova_arm_kinematics.h
-- Up-to-date: /home/amma/Kinova_gen2_rl/install/kinova_driver/include/kinova_driver/kinova_arm.h
-- Up-to-date: /home/amma/Kinova_gen2_rl/install/kinova_driver/lib/kinova_driver/kinova_arm_driver
-- Up-to-date: /home/amma/Kinova_gen2_rl/install/kinova_driver/lib/kinova_driver/kinova_tf_updater
-- Up-to-date: /home/amma/Kinova_gen2_rl/install/kinova_driver/lib/kinova_driver/kinova_interactive_control
-- Up-to-date: /home/amma/Kinova_gen2_rl/install/kinova_driver/lib/kinova_driver/libkinova_driver.a
-- Up-to-date: /home/amma/Kinova_gen2_rl/install/kinova_driver/lib/kinova_driver/joint_trajectory_action_server
-- Up-to-date: /home/amma/Kinova_gen2_rl/install/kinova_driver/lib/kinova_driver/gripper_command_action_server
-- Up-to-date: /home/amma/Kinova_gen2_rl/install/kinova_driver/lib/kinova_driver/positional_action_server
-- Up-to-date: /home/amma/Kinova_gen2_rl/install/kinova_driver/include/kinova_driver
-- Up-to-date: /home/amma/Kinova_gen2_rl/install/kinova_driver/include/kinova_driver/gripper_command_action_server.h
-- Up-to-date: /home/amma/Kinova_gen2_rl/install/kinova_driver/include/kinova_driver/joint_trajectory_action_server.h
-- Up-to-date: /home/amma/Kinova_gen2_rl/install/kinova_driver/include/kinova_driver/kinova_tf_updater.h
-- Up-to-date: /home/amma/Kinova_gen2_rl/install/kinova_driver/include/kinova_driver/kinova_ros_types.h
-- Up-to-date: /home/amma/Kinova_gen2_rl/install/kinova_driver/include/kinova_driver/kinova_joint_angles_action.h
-- Up-to-date: /home/amma/Kinova_gen2_rl/install/kinova_driver/include/kinova_driver/kinova_comm.h
-- Up-to-date: /home/amma/Kinova_gen2_rl/install/kinova_driver/include/kinova_driver/kinova_tool_pose_action.h
-- Up-to-date: /home/amma/Kinova_gen2_rl/install/kinova_driver/include/kinova_driver/kinova_api.h
-- Up-to-date: /home/amma/Kinova_gen2_rl/install/kinova_driver/include/kinova_driver/kinova_fingers_action.h
-- Up-to-date: /home/amma/Kinova_gen2_rl/install/kinova_driver/include/kinova_driver/kinova_joint_trajectory_controller.h
-- Up-to-date: /home/amma/Kinova_gen2_rl/install/kinova_driver/include/kinova_driver/kinova_arm_kinematics.h
-- Up-to-date: /home/amma/Kinova_gen2_rl/install/kinova_driver/include/kinova_driver/kinova_arm.h
-- Up-to-date: /home/amma/Kinova_gen2_rl/install/kinova_driver/share/ament_index/resource_index/package_run_dependencies/kinova_driver
-- Up-to-date: /home/amma/Kinova_gen2_rl/install/kinova_driver/share/ament_index/resource_index/parent_prefix_path/kinova_driver
-- Up-to-date: /home/amma/Kinova_gen2_rl/install/kinova_driver/share/kinova_driver/environment/ament_prefix_path.sh
-- Up-to-date: /home/amma/Kinova_gen2_rl/install/kinova_driver/share/kinova_driver/environment/ament_prefix_path.dsv
-- Up-to-date: /home/amma/Kinova_gen2_rl/install/kinova_driver/share/kinova_driver/environment/path.sh
-- Up-to-date: /home/amma/Kinova_gen2_rl/install/kinova_driver/share/kinova_driver/environment/path.dsv
-- Up-to-date: /home/amma/Kinova_gen2_rl/install/kinova_driver/share/kinova_driver/local_setup.bash
-- Up-to-date: /home/amma/Kinova_gen2_rl/install/kinova_driver/share/kinova_driver/local_setup.sh
-- Up-to-date: /home/amma/Kinova_gen2_rl/install/kinova_driver/share/kinova_driver/local_setup.zsh
-- Up-to-date: /home/amma/Kinova_gen2_rl/install/kinova_driver/share/kinova_driver/local_setup.dsv
-- Installing: /home/amma/Kinova_gen2_rl/install/kinova_driver/share/kinova_driver/package.dsv
-- Up-to-date: /home/amma/Kinova_gen2_rl/install/kinova_driver/share/ament_index/resource_index/packages/kinova_driver
-- Up-to-date: /home/amma/Kinova_gen2_rl/install/kinova_driver/share/kinova_driver/cmake/kinova_driverConfig.cmake
-- Up-to-date: /home/amma/Kinova_gen2_rl/install/kinova_driver/share/kinova_driver/cmake/kinova_driverConfig-version.cmake
-- Up-to-date: /home/amma/Kinova_gen2_rl/install/kinova_driver/share/kinova_driver/package.xml
