-- The C compiler identification is GNU 11.4.0
-- The CXX compiler identification is GNU 11.4.0
-- Detecting C compiler ABI info
-- Detecting C compiler ABI info - done
-- Check for working C compiler: /usr/bin/cc - skipped
-- Detecting C compile features
-- Detecting C compile features - done
-- Detecting CXX compiler ABI info
-- Detecting CXX compiler ABI info - done
-- Check for working CXX compiler: /usr/bin/c++ - skipped
-- Detecting CXX compile features
-- Detecting CXX compile features - done
-- Found ament_cmake: 1.3.14 (/opt/ros/humble/share/ament_cmake/cmake)
-- Found Python3: /usr/bin/python3 (found version "3.10.12") found components: Interpreter 
-- Configuring done
-- Generating done
-- Build files have been written to: /home/amma/Kinova_gen2_rl/build/trac_ik
-- Install configuration: ""
-- Installing: /home/amma/Kinova_gen2_rl/install/trac_ik/share/ament_index/resource_index/package_run_dependencies/trac_ik
-- Installing: /home/amma/Kinova_gen2_rl/install/trac_ik/share/ament_index/resource_index/parent_prefix_path/trac_ik
-- Installing: /home/amma/Kinova_gen2_rl/install/trac_ik/share/trac_ik/environment/ament_prefix_path.sh
-- Installing: /home/amma/Kinova_gen2_rl/install/trac_ik/share/trac_ik/environment/ament_prefix_path.dsv
-- Installing: /home/amma/Kinova_gen2_rl/install/trac_ik/share/trac_ik/environment/path.sh
-- Installing: /home/amma/Kinova_gen2_rl/install/trac_ik/share/trac_ik/environment/path.dsv
-- Installing: /home/amma/Kinova_gen2_rl/install/trac_ik/share/trac_ik/local_setup.bash
-- Installing: /home/amma/Kinova_gen2_rl/install/trac_ik/share/trac_ik/local_setup.sh
-- Installing: /home/amma/Kinova_gen2_rl/install/trac_ik/share/trac_ik/local_setup.zsh
-- Installing: /home/amma/Kinova_gen2_rl/install/trac_ik/share/trac_ik/local_setup.dsv
-- Installing: /home/amma/Kinova_gen2_rl/install/trac_ik/share/trac_ik/package.dsv
-- Installing: /home/amma/Kinova_gen2_rl/install/trac_ik/share/ament_index/resource_index/packages/trac_ik
-- Installing: /home/amma/Kinova_gen2_rl/install/trac_ik/share/trac_ik/cmake/trac_ikConfig.cmake
-- Installing: /home/amma/Kinova_gen2_rl/install/trac_ik/share/trac_ik/cmake/trac_ikConfig-version.cmake
-- Installing: /home/amma/Kinova_gen2_rl/install/trac_ik/share/trac_ik/package.xml
