[0.020s] Invoking command in '/home/amma/Kinova_gen2_rl/build/kinova_description': CMAKE_PREFIX_PATH=${CMAKE_PREFIX_PATH}:/home/amma/Kinova_gen2_rl/install/mouth_tracking:/opt/ros/humble /usr/bin/cmake --build /home/amma/Kinova_gen2_rl/build/kinova_description -- -j12 -l12
[0.307s] Invoked command in '/home/amma/Kinova_gen2_rl/build/kinova_description' returned '0': CMAKE_PREFIX_PATH=${CMAKE_PREFIX_PATH}:/home/amma/Kinova_gen2_rl/install/mouth_tracking:/opt/ros/humble /usr/bin/cmake --build /home/amma/Kinova_gen2_rl/build/kinova_description -- -j12 -l12
[0.315s] Invoking command in '/home/amma/Kinova_gen2_rl/build/kinova_description': CMAKE_PREFIX_PATH=${CMAKE_PREFIX_PATH}:/home/amma/Kinova_gen2_rl/install/mouth_tracking:/opt/ros/humble /usr/bin/cmake --install /home/amma/Kinova_gen2_rl/build/kinova_description
[0.328s] -- Install configuration: ""
[0.328s] -- Up-to-date: /home/amma/Kinova_gen2_rl/install/kinova_description/share/kinova_description/urdf
[0.328s] -- Up-to-date: /home/amma/Kinova_gen2_rl/install/kinova_description/share/kinova_description/urdf/j2n7s300_standalone.xacro
[0.329s] -- Up-to-date: /home/amma/Kinova_gen2_rl/install/kinova_description/share/kinova_description/urdf/two_arm_robot_example_standalone.xacro
[0.329s] -- Up-to-date: /home/amma/Kinova_gen2_rl/install/kinova_description/share/kinova_description/urdf/m1n6s300.xacro
[0.330s] -- Up-to-date: /home/amma/Kinova_gen2_rl/install/kinova_description/share/kinova_description/urdf/j2n6s300.xacro
[0.330s] -- Up-to-date: /home/amma/Kinova_gen2_rl/install/kinova_description/share/kinova_description/urdf/kinova_finger_set.xacro
[0.331s] -- Up-to-date: /home/amma/Kinova_gen2_rl/install/kinova_description/share/kinova_description/urdf/j2n6s200.xacro
[0.331s] -- Up-to-date: /home/amma/Kinova_gen2_rl/install/kinova_description/share/kinova_description/urdf/j2s6s200.xacro
[0.332s] -- Up-to-date: /home/amma/Kinova_gen2_rl/install/kinova_description/share/kinova_description/urdf/j2s6s300_integration.xacro
[0.332s] -- Up-to-date: /home/amma/Kinova_gen2_rl/install/kinova_description/share/kinova_description/urdf/j2s6s300.xacro
[0.333s] -- Up-to-date: /home/amma/Kinova_gen2_rl/install/kinova_description/share/kinova_description/urdf/j2s7s300.xacro
[0.333s] -- Up-to-date: /home/amma/Kinova_gen2_rl/install/kinova_description/share/kinova_description/urdf/j2n6s200_standalone.xacro
[0.333s] -- Up-to-date: /home/amma/Kinova_gen2_rl/install/kinova_description/share/kinova_description/urdf/j2n4s300.xacro
[0.333s] -- Up-to-date: /home/amma/Kinova_gen2_rl/install/kinova_description/share/kinova_description/urdf/m1n6s300_standalone.xacro
[0.333s] -- Up-to-date: /home/amma/Kinova_gen2_rl/install/kinova_description/share/kinova_description/urdf/j2s6s200_integration.xacro
[0.334s] -- Up-to-date: /home/amma/Kinova_gen2_rl/install/kinova_description/share/kinova_description/urdf/kinova.gazebo
[0.334s] -- Up-to-date: /home/amma/Kinova_gen2_rl/install/kinova_description/share/kinova_description/urdf/j2s6s300_standalone.xacro
[0.334s] -- Up-to-date: /home/amma/Kinova_gen2_rl/install/kinova_description/share/kinova_description/urdf/m1n4s200.xacro
[0.334s] -- Up-to-date: /home/amma/Kinova_gen2_rl/install/kinova_description/share/kinova_description/urdf/j2s6s200_standalone.xacro
[0.335s] -- Up-to-date: /home/amma/Kinova_gen2_rl/install/kinova_description/share/kinova_description/urdf/m1n6s200_standalone.xacro
[0.335s] -- Up-to-date: /home/amma/Kinova_gen2_rl/install/kinova_description/share/kinova_description/urdf/j2n4s300_standalone.xacro
[0.335s] -- Up-to-date: /home/amma/Kinova_gen2_rl/install/kinova_description/share/kinova_description/urdf/kinova_inertial.xacro
[0.335s] -- Up-to-date: /home/amma/Kinova_gen2_rl/install/kinova_description/share/kinova_description/urdf/j2n7s300.xacro
[0.336s] -- Up-to-date: /home/amma/Kinova_gen2_rl/install/kinova_description/share/kinova_description/urdf/j2n6s300_standalone.xacro
[0.336s] -- Up-to-date: /home/amma/Kinova_gen2_rl/install/kinova_description/share/kinova_description/urdf/j2s7s300_standalone.xacro
[0.336s] -- Up-to-date: /home/amma/Kinova_gen2_rl/install/kinova_description/share/kinova_description/urdf/m1n6s200.xacro
[0.337s] -- Up-to-date: /home/amma/Kinova_gen2_rl/install/kinova_description/share/kinova_description/urdf/kinova_common.xacro
[0.337s] -- Up-to-date: /home/amma/Kinova_gen2_rl/install/kinova_description/share/kinova_description/urdf/m1n4s200_standalone.xacro
[0.337s] -- Up-to-date: /home/amma/Kinova_gen2_rl/install/kinova_description/share/kinova_description/meshes
[0.337s] -- Up-to-date: /home/amma/Kinova_gen2_rl/install/kinova_description/share/kinova_description/meshes/ring_big.STL
[0.337s] -- Up-to-date: /home/amma/Kinova_gen2_rl/install/kinova_description/share/kinova_description/meshes/forearm.dae
[0.338s] -- Up-to-date: /home/amma/Kinova_gen2_rl/install/kinova_description/share/kinova_description/meshes/hand_3finger.STL
[0.338s] -- Up-to-date: /home/amma/Kinova_gen2_rl/install/kinova_description/share/kinova_description/meshes/wrist.STL
[0.338s] -- Up-to-date: /home/amma/Kinova_gen2_rl/install/kinova_description/share/kinova_description/meshes/hand_2finger.STL
[0.338s] -- Up-to-date: /home/amma/Kinova_gen2_rl/install/kinova_description/share/kinova_description/meshes/arm_mico.dae
[0.339s] -- Up-to-date: /home/amma/Kinova_gen2_rl/install/kinova_description/share/kinova_description/meshes/forearm_mico.STL
[0.340s] -- Up-to-date: /home/amma/Kinova_gen2_rl/install/kinova_description/share/kinova_description/meshes/finger_distal.STL
[0.340s] -- Up-to-date: /home/amma/Kinova_gen2_rl/install/kinova_description/share/kinova_description/meshes/arm.STL
[0.340s] -- Up-to-date: /home/amma/Kinova_gen2_rl/install/kinova_description/share/kinova_description/meshes/finger_proximal.STL
[0.340s] -- Up-to-date: /home/amma/Kinova_gen2_rl/install/kinova_description/share/kinova_description/meshes/arm_half_1.dae
[0.340s] -- Up-to-date: /home/amma/Kinova_gen2_rl/install/kinova_description/share/kinova_description/meshes/arm_half_1.STL
[0.340s] -- Up-to-date: /home/amma/Kinova_gen2_rl/install/kinova_description/share/kinova_description/meshes/robot.urdf
[0.341s] -- Up-to-date: /home/amma/Kinova_gen2_rl/install/kinova_description/share/kinova_description/meshes/hand_3finger.dae
[0.341s] -- Up-to-date: /home/amma/Kinova_gen2_rl/install/kinova_description/share/kinova_description/meshes/forearm.STL
[0.341s] -- Up-to-date: /home/amma/Kinova_gen2_rl/install/kinova_description/share/kinova_description/meshes/base.STL
[0.341s] -- Up-to-date: /home/amma/Kinova_gen2_rl/install/kinova_description/share/kinova_description/meshes/wrist.dae
[0.341s] -- Up-to-date: /home/amma/Kinova_gen2_rl/install/kinova_description/share/kinova_description/meshes/ring_big.dae
[0.341s] -- Up-to-date: /home/amma/Kinova_gen2_rl/install/kinova_description/share/kinova_description/meshes/ring_small.dae
[0.342s] -- Up-to-date: /home/amma/Kinova_gen2_rl/install/kinova_description/share/kinova_description/meshes/base.dae
[0.342s] -- Up-to-date: /home/amma/Kinova_gen2_rl/install/kinova_description/share/kinova_description/meshes/finger_distal.dae
[0.342s] -- Up-to-date: /home/amma/Kinova_gen2_rl/install/kinova_description/share/kinova_description/meshes/finger_proximal.dae
[0.342s] -- Up-to-date: /home/amma/Kinova_gen2_rl/install/kinova_description/share/kinova_description/meshes/wrist_spherical_2.STL
[0.342s] -- Up-to-date: /home/amma/Kinova_gen2_rl/install/kinova_description/share/kinova_description/meshes/wrist_spherical_1.dae
[0.342s] -- Up-to-date: /home/amma/Kinova_gen2_rl/install/kinova_description/share/kinova_description/meshes/arm_half_2.STL
[0.342s] -- Up-to-date: /home/amma/Kinova_gen2_rl/install/kinova_description/share/kinova_description/meshes/wrist_spherical_2.dae
[0.343s] -- Up-to-date: /home/amma/Kinova_gen2_rl/install/kinova_description/share/kinova_description/meshes/shoulder.STL
[0.343s] -- Up-to-date: /home/amma/Kinova_gen2_rl/install/kinova_description/share/kinova_description/meshes/arm.dae
[0.343s] -- Up-to-date: /home/amma/Kinova_gen2_rl/install/kinova_description/share/kinova_description/meshes/arm_half_2.dae
[0.343s] -- Up-to-date: /home/amma/Kinova_gen2_rl/install/kinova_description/share/kinova_description/meshes/wrist_spherical_1.STL
[0.343s] -- Up-to-date: /home/amma/Kinova_gen2_rl/install/kinova_description/share/kinova_description/meshes/arm.SLDPRT
[0.343s] -- Up-to-date: /home/amma/Kinova_gen2_rl/install/kinova_description/share/kinova_description/meshes/arm_mico.STL
[0.343s] -- Up-to-date: /home/amma/Kinova_gen2_rl/install/kinova_description/share/kinova_description/meshes/forearm_mico.dae
[0.343s] -- Up-to-date: /home/amma/Kinova_gen2_rl/install/kinova_description/share/kinova_description/meshes/shoulder.dae
[0.344s] -- Up-to-date: /home/amma/Kinova_gen2_rl/install/kinova_description/share/kinova_description/meshes/hand_2finger.dae
[0.344s] -- Up-to-date: /home/amma/Kinova_gen2_rl/install/kinova_description/share/kinova_description/meshes/ring_small.STL
[0.344s] -- Up-to-date: /home/amma/Kinova_gen2_rl/install/kinova_description/share/ament_index/resource_index/package_run_dependencies/kinova_description
[0.344s] -- Up-to-date: /home/amma/Kinova_gen2_rl/install/kinova_description/share/ament_index/resource_index/parent_prefix_path/kinova_description
[0.345s] -- Up-to-date: /home/amma/Kinova_gen2_rl/install/kinova_description/share/kinova_description/environment/ament_prefix_path.sh
[0.345s] -- Up-to-date: /home/amma/Kinova_gen2_rl/install/kinova_description/share/kinova_description/environment/ament_prefix_path.dsv
[0.345s] -- Up-to-date: /home/amma/Kinova_gen2_rl/install/kinova_description/share/kinova_description/environment/path.sh
[0.346s] -- Up-to-date: /home/amma/Kinova_gen2_rl/install/kinova_description/share/kinova_description/environment/path.dsv
[0.346s] -- Up-to-date: /home/amma/Kinova_gen2_rl/install/kinova_description/share/kinova_description/local_setup.bash
[0.361s] -- Up-to-date: /home/amma/Kinova_gen2_rl/install/kinova_description/share/kinova_description/local_setup.sh
[0.361s] -- Up-to-date: /home/amma/Kinova_gen2_rl/install/kinova_description/share/kinova_description/local_setup.zsh
[0.361s] -- Up-to-date: /home/amma/Kinova_gen2_rl/install/kinova_description/share/kinova_description/local_setup.dsv
[0.362s] -- Installing: /home/amma/Kinova_gen2_rl/install/kinova_description/share/kinova_description/package.dsv
[0.362s] -- Up-to-date: /home/amma/Kinova_gen2_rl/install/kinova_description/share/ament_index/resource_index/packages/kinova_description
[0.363s] -- Up-to-date: /home/amma/Kinova_gen2_rl/install/kinova_description/share/kinova_description/cmake/kinova_descriptionConfig.cmake
[0.373s] -- Up-to-date: /home/amma/Kinova_gen2_rl/install/kinova_description/share/kinova_description/cmake/kinova_descriptionConfig-version.cmake
[0.373s] -- Up-to-date: /home/amma/Kinova_gen2_rl/install/kinova_description/share/kinova_description/package.xml
[0.380s] Invoked command in '/home/amma/Kinova_gen2_rl/build/kinova_description' returned '0': CMAKE_PREFIX_PATH=${CMAKE_PREFIX_PATH}:/home/amma/Kinova_gen2_rl/install/mouth_tracking:/opt/ros/humble /usr/bin/cmake --install /home/amma/Kinova_gen2_rl/build/kinova_description
