[0.016s] Invoking command in '/home/amma/Kinova_gen2_rl/build/j2s6s200_moveit_config': CMAKE_PREFIX_PATH=/home/amma/Kinova_gen2_rl/install/kinova_description:/home/amma/Kinova_gen2_rl/install/point_goal_test:/home/amma/Kinova_gen2_rl/install/kinova_demo:/home/amma/Kinova_gen2_rl/install/kinova_driver:/home/amma/Kinova_gen2_rl/install/kinova_msgs:/home/amma/Kinova_gen2_rl/install/j2s6s200_moveit_config:/home/amma/Kinova_gen2_rl/install/kinova_bringup:/home/amma/Kinova_gen2_rl/install/click_pointer:/home/amma/kinova_ws/rl_v2-master/install/pymoveit2:/home/amma/kinova_ws/rl_v2-master/install/moveit_calibration_gui:/home/amma/kinova_ws/rl_v2-master/install/moveit_calibration_plugins:/home/amma/kinova_ws/rl_v2-master/install/kinova_demo:/home/amma/kinova_ws/rl_v2-master/install/kinova_driver:/home/amma/kinova_ws/rl_v2-master/install/kinova_msgs:/home/amma/kinova_ws/rl_v2-master/install/j2s6s200_moveit_config:/home/amma/kinova_ws/rl_v2-master/install/kinova_description:/home/amma/kinova_ws/rl_v2-master/install/kinova_bringup:/home/amma/kinova_ws/rl_v2-master/install/easy_handeye2_msgs:/home/amma/kinova_ws/rl_v2-master/install/click_pointer:/home/amma/Kinova_gen2_rl/install/mouth_tracking:/home/amma/kinova_ws/rl_v2-master/install/point_goal_test:/home/amma/kinova_ws/rl_v2-master/install/mouth_tracking:/home/amma/kinova_ws/rl_v2-master/install/kinova_rl:/home/amma/kinova_ws/rl_v2-master/install/easy_handeye2:/opt/ros/humble /usr/bin/cmake --build /home/amma/Kinova_gen2_rl/build/j2s6s200_moveit_config -- -j12 -l12
[0.082s] Invoked command in '/home/amma/Kinova_gen2_rl/build/j2s6s200_moveit_config' returned '0': CMAKE_PREFIX_PATH=/home/amma/Kinova_gen2_rl/install/kinova_description:/home/amma/Kinova_gen2_rl/install/point_goal_test:/home/amma/Kinova_gen2_rl/install/kinova_demo:/home/amma/Kinova_gen2_rl/install/kinova_driver:/home/amma/Kinova_gen2_rl/install/kinova_msgs:/home/amma/Kinova_gen2_rl/install/j2s6s200_moveit_config:/home/amma/Kinova_gen2_rl/install/kinova_bringup:/home/amma/Kinova_gen2_rl/install/click_pointer:/home/amma/kinova_ws/rl_v2-master/install/pymoveit2:/home/amma/kinova_ws/rl_v2-master/install/moveit_calibration_gui:/home/amma/kinova_ws/rl_v2-master/install/moveit_calibration_plugins:/home/amma/kinova_ws/rl_v2-master/install/kinova_demo:/home/amma/kinova_ws/rl_v2-master/install/kinova_driver:/home/amma/kinova_ws/rl_v2-master/install/kinova_msgs:/home/amma/kinova_ws/rl_v2-master/install/j2s6s200_moveit_config:/home/amma/kinova_ws/rl_v2-master/install/kinova_description:/home/amma/kinova_ws/rl_v2-master/install/kinova_bringup:/home/amma/kinova_ws/rl_v2-master/install/easy_handeye2_msgs:/home/amma/kinova_ws/rl_v2-master/install/click_pointer:/home/amma/Kinova_gen2_rl/install/mouth_tracking:/home/amma/kinova_ws/rl_v2-master/install/point_goal_test:/home/amma/kinova_ws/rl_v2-master/install/mouth_tracking:/home/amma/kinova_ws/rl_v2-master/install/kinova_rl:/home/amma/kinova_ws/rl_v2-master/install/easy_handeye2:/opt/ros/humble /usr/bin/cmake --build /home/amma/Kinova_gen2_rl/build/j2s6s200_moveit_config -- -j12 -l12
[0.084s] Invoking command in '/home/amma/Kinova_gen2_rl/build/j2s6s200_moveit_config': CMAKE_PREFIX_PATH=/home/amma/Kinova_gen2_rl/install/kinova_description:/home/amma/Kinova_gen2_rl/install/point_goal_test:/home/amma/Kinova_gen2_rl/install/kinova_demo:/home/amma/Kinova_gen2_rl/install/kinova_driver:/home/amma/Kinova_gen2_rl/install/kinova_msgs:/home/amma/Kinova_gen2_rl/install/j2s6s200_moveit_config:/home/amma/Kinova_gen2_rl/install/kinova_bringup:/home/amma/Kinova_gen2_rl/install/click_pointer:/home/amma/kinova_ws/rl_v2-master/install/pymoveit2:/home/amma/kinova_ws/rl_v2-master/install/moveit_calibration_gui:/home/amma/kinova_ws/rl_v2-master/install/moveit_calibration_plugins:/home/amma/kinova_ws/rl_v2-master/install/kinova_demo:/home/amma/kinova_ws/rl_v2-master/install/kinova_driver:/home/amma/kinova_ws/rl_v2-master/install/kinova_msgs:/home/amma/kinova_ws/rl_v2-master/install/j2s6s200_moveit_config:/home/amma/kinova_ws/rl_v2-master/install/kinova_description:/home/amma/kinova_ws/rl_v2-master/install/kinova_bringup:/home/amma/kinova_ws/rl_v2-master/install/easy_handeye2_msgs:/home/amma/kinova_ws/rl_v2-master/install/click_pointer:/home/amma/Kinova_gen2_rl/install/mouth_tracking:/home/amma/kinova_ws/rl_v2-master/install/point_goal_test:/home/amma/kinova_ws/rl_v2-master/install/mouth_tracking:/home/amma/kinova_ws/rl_v2-master/install/kinova_rl:/home/amma/kinova_ws/rl_v2-master/install/easy_handeye2:/opt/ros/humble /usr/bin/cmake --install /home/amma/Kinova_gen2_rl/build/j2s6s200_moveit_config
[0.096s] -- Install configuration: ""
[0.096s] -- Up-to-date: /home/amma/Kinova_gen2_rl/install/j2s6s200_moveit_config/share/j2s6s200_moveit_config/config
[0.097s] -- Up-to-date: /home/amma/Kinova_gen2_rl/install/j2s6s200_moveit_config/share/j2s6s200_moveit_config/config/kinematics.yaml
[0.097s] -- Up-to-date: /home/amma/Kinova_gen2_rl/install/j2s6s200_moveit_config/share/j2s6s200_moveit_config/config/joint_limits.yaml
[0.097s] -- Up-to-date: /home/amma/Kinova_gen2_rl/install/j2s6s200_moveit_config/share/j2s6s200_moveit_config/config/moveit_controllers.yaml
[0.097s] -- Up-to-date: /home/amma/Kinova_gen2_rl/install/j2s6s200_moveit_config/share/j2s6s200_moveit_config/config/j2s6s200.srdf
[0.097s] -- Up-to-date: /home/amma/Kinova_gen2_rl/install/j2s6s200_moveit_config/share/j2s6s200_moveit_config/config/ompl_planning.yaml
[0.097s] -- Up-to-date: /home/amma/Kinova_gen2_rl/install/j2s6s200_moveit_config/share/j2s6s200_moveit_config/config/ros2_controllers.yaml
[0.097s] -- Up-to-date: /home/amma/Kinova_gen2_rl/install/j2s6s200_moveit_config/share/j2s6s200_moveit_config/launch
[0.098s] -- Up-to-date: /home/amma/Kinova_gen2_rl/install/j2s6s200_moveit_config/share/j2s6s200_moveit_config/launch/real_moveit_launch.py
[0.098s] -- Up-to-date: /home/amma/Kinova_gen2_rl/install/j2s6s200_moveit_config/share/j2s6s200_moveit_config/launch/j2s6s200_moveit.launch.py
[0.098s] -- Up-to-date: /home/amma/Kinova_gen2_rl/install/j2s6s200_moveit_config/share/j2s6s200_moveit_config/urdf
[0.098s] -- Up-to-date: /home/amma/Kinova_gen2_rl/install/j2s6s200_moveit_config/share/j2s6s200_moveit_config/urdf/j2s6s200.urdf.xacro
[0.098s] -- Up-to-date: /home/amma/Kinova_gen2_rl/install/j2s6s200_moveit_config/lib/j2s6s200_moveit_config/kinova_sdk_node
[0.098s] -- Up-to-date: /home/amma/Kinova_gen2_rl/install/j2s6s200_moveit_config/lib/j2s6s200_moveit_config/trajectory_executor
[0.098s] -- Up-to-date: /home/amma/Kinova_gen2_rl/install/j2s6s200_moveit_config/lib/j2s6s200_moveit_config/kinova_trajectory_bridge
[0.098s] -- Up-to-date: /home/amma/Kinova_gen2_rl/install/j2s6s200_moveit_config/lib/j2s6s200_moveit_config/joint_state_relay
[0.099s] -- Up-to-date: /home/amma/Kinova_gen2_rl/install/j2s6s200_moveit_config/lib/j2s6s200_moveit_config/scoop_action
[0.099s] -- Up-to-date: /home/amma/Kinova_gen2_rl/install/j2s6s200_moveit_config/share/ament_index/resource_index/package_run_dependencies/j2s6s200_moveit_config
[0.099s] -- Up-to-date: /home/amma/Kinova_gen2_rl/install/j2s6s200_moveit_config/share/ament_index/resource_index/parent_prefix_path/j2s6s200_moveit_config
[0.099s] -- Up-to-date: /home/amma/Kinova_gen2_rl/install/j2s6s200_moveit_config/share/j2s6s200_moveit_config/environment/ament_prefix_path.sh
[0.099s] -- Up-to-date: /home/amma/Kinova_gen2_rl/install/j2s6s200_moveit_config/share/j2s6s200_moveit_config/environment/ament_prefix_path.dsv
[0.099s] -- Up-to-date: /home/amma/Kinova_gen2_rl/install/j2s6s200_moveit_config/share/j2s6s200_moveit_config/environment/path.sh
[0.099s] -- Up-to-date: /home/amma/Kinova_gen2_rl/install/j2s6s200_moveit_config/share/j2s6s200_moveit_config/environment/path.dsv
[0.100s] -- Up-to-date: /home/amma/Kinova_gen2_rl/install/j2s6s200_moveit_config/share/j2s6s200_moveit_config/local_setup.bash
[0.100s] -- Up-to-date: /home/amma/Kinova_gen2_rl/install/j2s6s200_moveit_config/share/j2s6s200_moveit_config/local_setup.sh
[0.100s] -- Up-to-date: /home/amma/Kinova_gen2_rl/install/j2s6s200_moveit_config/share/j2s6s200_moveit_config/local_setup.zsh
[0.101s] -- Up-to-date: /home/amma/Kinova_gen2_rl/install/j2s6s200_moveit_config/share/j2s6s200_moveit_config/local_setup.dsv
[0.101s] -- Installing: /home/amma/Kinova_gen2_rl/install/j2s6s200_moveit_config/share/j2s6s200_moveit_config/package.dsv
[0.102s] -- Up-to-date: /home/amma/Kinova_gen2_rl/install/j2s6s200_moveit_config/share/ament_index/resource_index/packages/j2s6s200_moveit_config
[0.102s] -- Up-to-date: /home/amma/Kinova_gen2_rl/install/j2s6s200_moveit_config/share/j2s6s200_moveit_config/cmake/j2s6s200_moveit_configConfig.cmake
[0.102s] -- Up-to-date: /home/amma/Kinova_gen2_rl/install/j2s6s200_moveit_config/share/j2s6s200_moveit_config/cmake/j2s6s200_moveit_configConfig-version.cmake
[0.102s] -- Up-to-date: /home/amma/Kinova_gen2_rl/install/j2s6s200_moveit_config/share/j2s6s200_moveit_config/package.xml
[0.103s] Invoked command in '/home/amma/Kinova_gen2_rl/build/j2s6s200_moveit_config' returned '0': CMAKE_PREFIX_PATH=/home/amma/Kinova_gen2_rl/install/kinova_description:/home/amma/Kinova_gen2_rl/install/point_goal_test:/home/amma/Kinova_gen2_rl/install/kinova_demo:/home/amma/Kinova_gen2_rl/install/kinova_driver:/home/amma/Kinova_gen2_rl/install/kinova_msgs:/home/amma/Kinova_gen2_rl/install/j2s6s200_moveit_config:/home/amma/Kinova_gen2_rl/install/kinova_bringup:/home/amma/Kinova_gen2_rl/install/click_pointer:/home/amma/kinova_ws/rl_v2-master/install/pymoveit2:/home/amma/kinova_ws/rl_v2-master/install/moveit_calibration_gui:/home/amma/kinova_ws/rl_v2-master/install/moveit_calibration_plugins:/home/amma/kinova_ws/rl_v2-master/install/kinova_demo:/home/amma/kinova_ws/rl_v2-master/install/kinova_driver:/home/amma/kinova_ws/rl_v2-master/install/kinova_msgs:/home/amma/kinova_ws/rl_v2-master/install/j2s6s200_moveit_config:/home/amma/kinova_ws/rl_v2-master/install/kinova_description:/home/amma/kinova_ws/rl_v2-master/install/kinova_bringup:/home/amma/kinova_ws/rl_v2-master/install/easy_handeye2_msgs:/home/amma/kinova_ws/rl_v2-master/install/click_pointer:/home/amma/Kinova_gen2_rl/install/mouth_tracking:/home/amma/kinova_ws/rl_v2-master/install/point_goal_test:/home/amma/kinova_ws/rl_v2-master/install/mouth_tracking:/home/amma/kinova_ws/rl_v2-master/install/kinova_rl:/home/amma/kinova_ws/rl_v2-master/install/easy_handeye2:/opt/ros/humble /usr/bin/cmake --install /home/amma/Kinova_gen2_rl/build/j2s6s200_moveit_config
