[0.022s] Invoking command in '/home/amma/Kinova_gen2_rl/build/kinova_msgs': CMAKE_PREFIX_PATH=${CMAKE_PREFIX_PATH}:/home/amma/Kinova_gen2_rl/install/mouth_tracking:/opt/ros/humble /usr/bin/cmake --build /home/amma/Kinova_gen2_rl/build/kinova_msgs -- -j16 -l16
[0.255s] [  0%] Built target kinova_msgs__cpp
[0.255s] [ 13%] Built target kinova_msgs__rosidl_generator_c
[0.255s] [ 13%] Built target ament_cmake_python_copy_kinova_msgs
[0.255s] [ 38%] Built target kinova_msgs__rosidl_typesupport_introspection_cpp
[0.255s] [ 38%] Built target kinova_msgs__rosidl_typesupport_cpp
[0.255s] [ 62%] Built target kinova_msgs__rosidl_typesupport_c
[0.255s] [ 62%] Built target kinova_msgs__rosidl_typesupport_fastrtps_cpp
[0.255s] [ 74%] Built target kinova_msgs__rosidl_typesupport_introspection_c
[0.255s] [ 86%] Built target kinova_msgs__rosidl_typesupport_fastrtps_c
[0.256s] [ 86%] Built target kinova_msgs
[0.256s] [ 86%] Built target kinova_msgs__py
[0.256s] [ 97%] Built target kinova_msgs__rosidl_generator_py
[0.256s] [ 99%] Built target kinova_msgs__rosidl_typesupport_fastrtps_c__pyext
[0.256s] [ 99%] Built target kinova_msgs__rosidl_typesupport_c__pyext
[0.256s] [100%] Built target kinova_msgs__rosidl_typesupport_introspection_c__pyext
[0.285s] running egg_info
[0.286s] writing kinova_msgs.egg-info/PKG-INFO
[0.286s] writing dependency_links to kinova_msgs.egg-info/dependency_links.txt
[0.286s] writing top-level names to kinova_msgs.egg-info/top_level.txt
[0.288s] reading manifest file 'kinova_msgs.egg-info/SOURCES.txt'
[0.288s] writing manifest file 'kinova_msgs.egg-info/SOURCES.txt'
[0.310s] [100%] Built target ament_cmake_python_build_kinova_msgs_egg
[0.470s] Invoked command in '/home/amma/Kinova_gen2_rl/build/kinova_msgs' returned '0': CMAKE_PREFIX_PATH=${CMAKE_PREFIX_PATH}:/home/amma/Kinova_gen2_rl/install/mouth_tracking:/opt/ros/humble /usr/bin/cmake --build /home/amma/Kinova_gen2_rl/build/kinova_msgs -- -j16 -l16
[0.471s] Invoking command in '/home/amma/Kinova_gen2_rl/build/kinova_msgs': CMAKE_PREFIX_PATH=${CMAKE_PREFIX_PATH}:/home/amma/Kinova_gen2_rl/install/mouth_tracking:/opt/ros/humble /usr/bin/cmake --install /home/amma/Kinova_gen2_rl/build/kinova_msgs
[0.477s] -- Install configuration: ""
[0.478s] -- Up-to-date: /home/amma/Kinova_gen2_rl/install/kinova_msgs/share/ament_index/resource_index/rosidl_interfaces/kinova_msgs
[0.478s] -- Up-to-date: /home/amma/Kinova_gen2_rl/install/kinova_msgs/include/kinova_msgs/kinova_msgs
[0.478s] -- Up-to-date: /home/amma/Kinova_gen2_rl/install/kinova_msgs/include/kinova_msgs/kinova_msgs/msg
[0.478s] -- Up-to-date: /home/amma/Kinova_gen2_rl/install/kinova_msgs/include/kinova_msgs/kinova_msgs/msg/kinova_pose.h
[0.478s] -- Up-to-date: /home/amma/Kinova_gen2_rl/install/kinova_msgs/include/kinova_msgs/kinova_msgs/msg/joint_angles.h
[0.478s] -- Up-to-date: /home/amma/Kinova_gen2_rl/install/kinova_msgs/include/kinova_msgs/kinova_msgs/msg/finger_position.h
[0.478s] -- Up-to-date: /home/amma/Kinova_gen2_rl/install/kinova_msgs/include/kinova_msgs/kinova_msgs/msg/cartesian_force.h
[0.478s] -- Up-to-date: /home/amma/Kinova_gen2_rl/install/kinova_msgs/include/kinova_msgs/kinova_msgs/msg/pose_velocity.h
[0.479s] -- Up-to-date: /home/amma/Kinova_gen2_rl/install/kinova_msgs/include/kinova_msgs/kinova_msgs/msg/pose_velocity_with_finger_velocity.h
[0.479s] -- Up-to-date: /home/amma/Kinova_gen2_rl/install/kinova_msgs/include/kinova_msgs/kinova_msgs/msg/joint_torque.h
[0.479s] -- Up-to-date: /home/amma/Kinova_gen2_rl/install/kinova_msgs/include/kinova_msgs/kinova_msgs/msg/joint_velocity.h
[0.479s] -- Up-to-date: /home/amma/Kinova_gen2_rl/install/kinova_msgs/include/kinova_msgs/kinova_msgs/msg/pose_velocity_with_fingers.h
[0.479s] -- Up-to-date: /home/amma/Kinova_gen2_rl/install/kinova_msgs/include/kinova_msgs/kinova_msgs/msg/detail
[0.479s] -- Up-to-date: /home/amma/Kinova_gen2_rl/install/kinova_msgs/include/kinova_msgs/kinova_msgs/msg/detail/joint_torque__functions.h
[0.479s] -- Up-to-date: /home/amma/Kinova_gen2_rl/install/kinova_msgs/include/kinova_msgs/kinova_msgs/msg/detail/cartesian_force__struct.h
[0.479s] -- Up-to-date: /home/amma/Kinova_gen2_rl/install/kinova_msgs/include/kinova_msgs/kinova_msgs/msg/detail/cartesian_force__functions.c
[0.479s] -- Up-to-date: /home/amma/Kinova_gen2_rl/install/kinova_msgs/include/kinova_msgs/kinova_msgs/msg/detail/kinova_pose__functions.h
[0.479s] -- Up-to-date: /home/amma/Kinova_gen2_rl/install/kinova_msgs/include/kinova_msgs/kinova_msgs/msg/detail/joint_torque__type_support.h
[0.479s] -- Up-to-date: /home/amma/Kinova_gen2_rl/install/kinova_msgs/include/kinova_msgs/kinova_msgs/msg/detail/pose_velocity__type_support.h
[0.479s] -- Up-to-date: /home/amma/Kinova_gen2_rl/install/kinova_msgs/include/kinova_msgs/kinova_msgs/msg/detail/joint_torque__functions.c
[0.479s] -- Up-to-date: /home/amma/Kinova_gen2_rl/install/kinova_msgs/include/kinova_msgs/kinova_msgs/msg/detail/joint_angles__functions.c
[0.479s] -- Up-to-date: /home/amma/Kinova_gen2_rl/install/kinova_msgs/include/kinova_msgs/kinova_msgs/msg/detail/pose_velocity_with_fingers__struct.h
[0.479s] -- Up-to-date: /home/amma/Kinova_gen2_rl/install/kinova_msgs/include/kinova_msgs/kinova_msgs/msg/detail/finger_position__functions.c
[0.479s] -- Up-to-date: /home/amma/Kinova_gen2_rl/install/kinova_msgs/include/kinova_msgs/kinova_msgs/msg/detail/cartesian_force__type_support.h
[0.480s] -- Up-to-date: /home/amma/Kinova_gen2_rl/install/kinova_msgs/include/kinova_msgs/kinova_msgs/msg/detail/cartesian_force__functions.h
[0.480s] -- Up-to-date: /home/amma/Kinova_gen2_rl/install/kinova_msgs/include/kinova_msgs/kinova_msgs/msg/detail/joint_velocity__functions.c
[0.480s] -- Up-to-date: /home/amma/Kinova_gen2_rl/install/kinova_msgs/include/kinova_msgs/kinova_msgs/msg/detail/pose_velocity_with_fingers__functions.h
[0.480s] -- Up-to-date: /home/amma/Kinova_gen2_rl/install/kinova_msgs/include/kinova_msgs/kinova_msgs/msg/detail/finger_position__type_support.h
[0.480s] -- Up-to-date: /home/amma/Kinova_gen2_rl/install/kinova_msgs/include/kinova_msgs/kinova_msgs/msg/detail/joint_velocity__struct.h
[0.480s] -- Up-to-date: /home/amma/Kinova_gen2_rl/install/kinova_msgs/include/kinova_msgs/kinova_msgs/msg/detail/pose_velocity__functions.h
[0.480s] -- Up-to-date: /home/amma/Kinova_gen2_rl/install/kinova_msgs/include/kinova_msgs/kinova_msgs/msg/detail/kinova_pose__type_support.h
[0.480s] -- Up-to-date: /home/amma/Kinova_gen2_rl/install/kinova_msgs/include/kinova_msgs/kinova_msgs/msg/detail/joint_angles__functions.h
[0.480s] -- Up-to-date: /home/amma/Kinova_gen2_rl/install/kinova_msgs/include/kinova_msgs/kinova_msgs/msg/detail/joint_torque__struct.h
[0.480s] -- Up-to-date: /home/amma/Kinova_gen2_rl/install/kinova_msgs/include/kinova_msgs/kinova_msgs/msg/detail/pose_velocity_with_finger_velocity__functions.h
[0.480s] -- Up-to-date: /home/amma/Kinova_gen2_rl/install/kinova_msgs/include/kinova_msgs/kinova_msgs/msg/detail/joint_angles__struct.h
[0.480s] -- Up-to-date: /home/amma/Kinova_gen2_rl/install/kinova_msgs/include/kinova_msgs/kinova_msgs/msg/detail/kinova_pose__struct.h
[0.480s] -- Up-to-date: /home/amma/Kinova_gen2_rl/install/kinova_msgs/include/kinova_msgs/kinova_msgs/msg/detail/pose_velocity_with_fingers__type_support.h
[0.480s] -- Up-to-date: /home/amma/Kinova_gen2_rl/install/kinova_msgs/include/kinova_msgs/kinova_msgs/msg/detail/pose_velocity__functions.c
[0.480s] -- Up-to-date: /home/amma/Kinova_gen2_rl/install/kinova_msgs/include/kinova_msgs/kinova_msgs/msg/detail/finger_position__struct.h
[0.480s] -- Up-to-date: /home/amma/Kinova_gen2_rl/install/kinova_msgs/include/kinova_msgs/kinova_msgs/msg/detail/pose_velocity__struct.h
[0.480s] -- Up-to-date: /home/amma/Kinova_gen2_rl/install/kinova_msgs/include/kinova_msgs/kinova_msgs/msg/detail/pose_velocity_with_fingers__functions.c
[0.480s] -- Up-to-date: /home/amma/Kinova_gen2_rl/install/kinova_msgs/include/kinova_msgs/kinova_msgs/msg/detail/kinova_pose__functions.c
[0.481s] -- Up-to-date: /home/amma/Kinova_gen2_rl/install/kinova_msgs/include/kinova_msgs/kinova_msgs/msg/detail/pose_velocity_with_finger_velocity__functions.c
[0.481s] -- Up-to-date: /home/amma/Kinova_gen2_rl/install/kinova_msgs/include/kinova_msgs/kinova_msgs/msg/detail/pose_velocity_with_finger_velocity__type_support.h
[0.481s] -- Up-to-date: /home/amma/Kinova_gen2_rl/install/kinova_msgs/include/kinova_msgs/kinova_msgs/msg/detail/joint_velocity__type_support.h
[0.481s] -- Up-to-date: /home/amma/Kinova_gen2_rl/install/kinova_msgs/include/kinova_msgs/kinova_msgs/msg/detail/pose_velocity_with_finger_velocity__struct.h
[0.481s] -- Up-to-date: /home/amma/Kinova_gen2_rl/install/kinova_msgs/include/kinova_msgs/kinova_msgs/msg/detail/finger_position__functions.h
[0.481s] -- Up-to-date: /home/amma/Kinova_gen2_rl/install/kinova_msgs/include/kinova_msgs/kinova_msgs/msg/detail/joint_velocity__functions.h
[0.481s] -- Up-to-date: /home/amma/Kinova_gen2_rl/install/kinova_msgs/include/kinova_msgs/kinova_msgs/msg/detail/joint_angles__type_support.h
[0.481s] -- Up-to-date: /home/amma/Kinova_gen2_rl/install/kinova_msgs/include/kinova_msgs/kinova_msgs/msg/rosidl_generator_c__visibility_control.h
[0.481s] -- Up-to-date: /home/amma/Kinova_gen2_rl/install/kinova_msgs/include/kinova_msgs/kinova_msgs/action
[0.481s] -- Up-to-date: /home/amma/Kinova_gen2_rl/install/kinova_msgs/include/kinova_msgs/kinova_msgs/action/arm_joint_angles.h
[0.481s] -- Up-to-date: /home/amma/Kinova_gen2_rl/install/kinova_msgs/include/kinova_msgs/kinova_msgs/action/arm_pose.h
[0.481s] -- Up-to-date: /home/amma/Kinova_gen2_rl/install/kinova_msgs/include/kinova_msgs/kinova_msgs/action/set_fingers_position.h
[0.482s] -- Up-to-date: /home/amma/Kinova_gen2_rl/install/kinova_msgs/include/kinova_msgs/kinova_msgs/action/detail
[0.482s] -- Up-to-date: /home/amma/Kinova_gen2_rl/install/kinova_msgs/include/kinova_msgs/kinova_msgs/action/detail/arm_joint_angles__type_support.h
[0.482s] -- Up-to-date: /home/amma/Kinova_gen2_rl/install/kinova_msgs/include/kinova_msgs/kinova_msgs/action/detail/arm_pose__functions.c
[0.482s] -- Up-to-date: /home/amma/Kinova_gen2_rl/install/kinova_msgs/include/kinova_msgs/kinova_msgs/action/detail/set_fingers_position__functions.c
[0.482s] -- Up-to-date: /home/amma/Kinova_gen2_rl/install/kinova_msgs/include/kinova_msgs/kinova_msgs/action/detail/arm_joint_angles__functions.h
[0.482s] -- Up-to-date: /home/amma/Kinova_gen2_rl/install/kinova_msgs/include/kinova_msgs/kinova_msgs/action/detail/arm_pose__struct.h
[0.482s] -- Up-to-date: /home/amma/Kinova_gen2_rl/install/kinova_msgs/include/kinova_msgs/kinova_msgs/action/detail/set_fingers_position__struct.h
[0.482s] -- Up-to-date: /home/amma/Kinova_gen2_rl/install/kinova_msgs/include/kinova_msgs/kinova_msgs/action/detail/arm_pose__type_support.h
[0.482s] -- Up-to-date: /home/amma/Kinova_gen2_rl/install/kinova_msgs/include/kinova_msgs/kinova_msgs/action/detail/arm_kinova_pose__functions.c
[0.482s] -- Up-to-date: /home/amma/Kinova_gen2_rl/install/kinova_msgs/include/kinova_msgs/kinova_msgs/action/detail/arm_pose__functions.h
[0.482s] -- Up-to-date: /home/amma/Kinova_gen2_rl/install/kinova_msgs/include/kinova_msgs/kinova_msgs/action/detail/arm_joint_angles__functions.c
[0.482s] -- Up-to-date: /home/amma/Kinova_gen2_rl/install/kinova_msgs/include/kinova_msgs/kinova_msgs/action/detail/arm_kinova_pose__struct.h
[0.482s] -- Up-to-date: /home/amma/Kinova_gen2_rl/install/kinova_msgs/include/kinova_msgs/kinova_msgs/action/detail/set_fingers_position__functions.h
[0.482s] -- Up-to-date: /home/amma/Kinova_gen2_rl/install/kinova_msgs/include/kinova_msgs/kinova_msgs/action/detail/set_fingers_position__type_support.h
[0.482s] -- Up-to-date: /home/amma/Kinova_gen2_rl/install/kinova_msgs/include/kinova_msgs/kinova_msgs/action/detail/arm_kinova_pose__type_support.h
[0.482s] -- Up-to-date: /home/amma/Kinova_gen2_rl/install/kinova_msgs/include/kinova_msgs/kinova_msgs/action/detail/arm_kinova_pose__functions.h
[0.482s] -- Up-to-date: /home/amma/Kinova_gen2_rl/install/kinova_msgs/include/kinova_msgs/kinova_msgs/action/detail/arm_joint_angles__struct.h
[0.482s] -- Up-to-date: /home/amma/Kinova_gen2_rl/install/kinova_msgs/include/kinova_msgs/kinova_msgs/action/arm_kinova_pose.h
[0.483s] -- Up-to-date: /home/amma/Kinova_gen2_rl/install/kinova_msgs/include/kinova_msgs/kinova_msgs/srv
[0.483s] -- Up-to-date: /home/amma/Kinova_gen2_rl/install/kinova_msgs/include/kinova_msgs/kinova_msgs/srv/start.h
[0.483s] -- Up-to-date: /home/amma/Kinova_gen2_rl/install/kinova_msgs/include/kinova_msgs/kinova_msgs/srv/add_pose_to_cartesian_trajectory.h
[0.483s] -- Up-to-date: /home/amma/Kinova_gen2_rl/install/kinova_msgs/include/kinova_msgs/kinova_msgs/srv/clear_trajectories.h
[0.483s] -- Up-to-date: /home/amma/Kinova_gen2_rl/install/kinova_msgs/include/kinova_msgs/kinova_msgs/srv/set_force_control_params.h
[0.483s] -- Up-to-date: /home/amma/Kinova_gen2_rl/install/kinova_msgs/include/kinova_msgs/kinova_msgs/srv/set_torque_control_parameters.h
[0.483s] -- Up-to-date: /home/amma/Kinova_gen2_rl/install/kinova_msgs/include/kinova_msgs/kinova_msgs/srv/zero_torques.h
[0.483s] -- Up-to-date: /home/amma/Kinova_gen2_rl/install/kinova_msgs/include/kinova_msgs/kinova_msgs/srv/set_null_space_mode_state.h
[0.483s] -- Up-to-date: /home/amma/Kinova_gen2_rl/install/kinova_msgs/include/kinova_msgs/kinova_msgs/srv/set_end_effector_offset.h
[0.483s] -- Up-to-date: /home/amma/Kinova_gen2_rl/install/kinova_msgs/include/kinova_msgs/kinova_msgs/srv/set_torque_control_mode.h
[0.483s] -- Up-to-date: /home/amma/Kinova_gen2_rl/install/kinova_msgs/include/kinova_msgs/kinova_msgs/srv/home_arm.h
[0.483s] -- Up-to-date: /home/amma/Kinova_gen2_rl/install/kinova_msgs/include/kinova_msgs/kinova_msgs/srv/stop.h
[0.483s] -- Up-to-date: /home/amma/Kinova_gen2_rl/install/kinova_msgs/include/kinova_msgs/kinova_msgs/srv/detail
[0.483s] -- Up-to-date: /home/amma/Kinova_gen2_rl/install/kinova_msgs/include/kinova_msgs/kinova_msgs/srv/detail/stop__struct.h
[0.483s] -- Up-to-date: /home/amma/Kinova_gen2_rl/install/kinova_msgs/include/kinova_msgs/kinova_msgs/srv/detail/set_force_control_params__functions.h
[0.483s] -- Up-to-date: /home/amma/Kinova_gen2_rl/install/kinova_msgs/include/kinova_msgs/kinova_msgs/srv/detail/run_com_parameters_estimation__functions.h
[0.484s] -- Up-to-date: /home/amma/Kinova_gen2_rl/install/kinova_msgs/include/kinova_msgs/kinova_msgs/srv/detail/home_arm__struct.h
[0.484s] -- Up-to-date: /home/amma/Kinova_gen2_rl/install/kinova_msgs/include/kinova_msgs/kinova_msgs/srv/detail/set_torque_control_mode__struct.h
[0.484s] -- Up-to-date: /home/amma/Kinova_gen2_rl/install/kinova_msgs/include/kinova_msgs/kinova_msgs/srv/detail/stop__functions.h
[0.484s] -- Up-to-date: /home/amma/Kinova_gen2_rl/install/kinova_msgs/include/kinova_msgs/kinova_msgs/srv/detail/set_torque_control_parameters__struct.h
[0.484s] -- Up-to-date: /home/amma/Kinova_gen2_rl/install/kinova_msgs/include/kinova_msgs/kinova_msgs/srv/detail/start__struct.h
[0.484s] -- Up-to-date: /home/amma/Kinova_gen2_rl/install/kinova_msgs/include/kinova_msgs/kinova_msgs/srv/detail/run_com_parameters_estimation__type_support.h
[0.484s] -- Up-to-date: /home/amma/Kinova_gen2_rl/install/kinova_msgs/include/kinova_msgs/kinova_msgs/srv/detail/set_end_effector_offset__struct.h
[0.484s] -- Up-to-date: /home/amma/Kinova_gen2_rl/install/kinova_msgs/include/kinova_msgs/kinova_msgs/srv/detail/set_torque_control_parameters__functions.c
[0.484s] -- Up-to-date: /home/amma/Kinova_gen2_rl/install/kinova_msgs/include/kinova_msgs/kinova_msgs/srv/detail/run_com_parameters_estimation__functions.c
[0.484s] -- Up-to-date: /home/amma/Kinova_gen2_rl/install/kinova_msgs/include/kinova_msgs/kinova_msgs/srv/detail/zero_torques__struct.h
[0.484s] -- Up-to-date: /home/amma/Kinova_gen2_rl/install/kinova_msgs/include/kinova_msgs/kinova_msgs/srv/detail/set_torque_control_parameters__type_support.h
[0.484s] -- Up-to-date: /home/amma/Kinova_gen2_rl/install/kinova_msgs/include/kinova_msgs/kinova_msgs/srv/detail/start__functions.h
[0.484s] -- Up-to-date: /home/amma/Kinova_gen2_rl/install/kinova_msgs/include/kinova_msgs/kinova_msgs/srv/detail/stop__functions.c
[0.484s] -- Up-to-date: /home/amma/Kinova_gen2_rl/install/kinova_msgs/include/kinova_msgs/kinova_msgs/srv/detail/set_null_space_mode_state__type_support.h
[0.484s] -- Up-to-date: /home/amma/Kinova_gen2_rl/install/kinova_msgs/include/kinova_msgs/kinova_msgs/srv/detail/zero_torques__functions.h
[0.484s] -- Up-to-date: /home/amma/Kinova_gen2_rl/install/kinova_msgs/include/kinova_msgs/kinova_msgs/srv/detail/clear_trajectories__functions.h
[0.484s] -- Up-to-date: /home/amma/Kinova_gen2_rl/install/kinova_msgs/include/kinova_msgs/kinova_msgs/srv/detail/set_force_control_params__type_support.h
[0.484s] -- Up-to-date: /home/amma/Kinova_gen2_rl/install/kinova_msgs/include/kinova_msgs/kinova_msgs/srv/detail/set_end_effector_offset__type_support.h
[0.484s] -- Up-to-date: /home/amma/Kinova_gen2_rl/install/kinova_msgs/include/kinova_msgs/kinova_msgs/srv/detail/home_arm__functions.h
[0.484s] -- Up-to-date: /home/amma/Kinova_gen2_rl/install/kinova_msgs/include/kinova_msgs/kinova_msgs/srv/detail/add_pose_to_cartesian_trajectory__type_support.h
[0.484s] -- Up-to-date: /home/amma/Kinova_gen2_rl/install/kinova_msgs/include/kinova_msgs/kinova_msgs/srv/detail/add_pose_to_cartesian_trajectory__functions.h
[0.484s] -- Up-to-date: /home/amma/Kinova_gen2_rl/install/kinova_msgs/include/kinova_msgs/kinova_msgs/srv/detail/add_pose_to_cartesian_trajectory__functions.c
[0.484s] -- Up-to-date: /home/amma/Kinova_gen2_rl/install/kinova_msgs/include/kinova_msgs/kinova_msgs/srv/detail/zero_torques__type_support.h
[0.485s] -- Up-to-date: /home/amma/Kinova_gen2_rl/install/kinova_msgs/include/kinova_msgs/kinova_msgs/srv/detail/clear_trajectories__struct.h
[0.485s] -- Up-to-date: /home/amma/Kinova_gen2_rl/install/kinova_msgs/include/kinova_msgs/kinova_msgs/srv/detail/set_null_space_mode_state__functions.h
[0.485s] -- Up-to-date: /home/amma/Kinova_gen2_rl/install/kinova_msgs/include/kinova_msgs/kinova_msgs/srv/detail/home_arm__functions.c
[0.485s] -- Up-to-date: /home/amma/Kinova_gen2_rl/install/kinova_msgs/include/kinova_msgs/kinova_msgs/srv/detail/zero_torques__functions.c
[0.485s] -- Up-to-date: /home/amma/Kinova_gen2_rl/install/kinova_msgs/include/kinova_msgs/kinova_msgs/srv/detail/start__type_support.h
[0.485s] -- Up-to-date: /home/amma/Kinova_gen2_rl/install/kinova_msgs/include/kinova_msgs/kinova_msgs/srv/detail/set_torque_control_mode__type_support.h
[0.485s] -- Up-to-date: /home/amma/Kinova_gen2_rl/install/kinova_msgs/include/kinova_msgs/kinova_msgs/srv/detail/set_torque_control_mode__functions.h
[0.485s] -- Up-to-date: /home/amma/Kinova_gen2_rl/install/kinova_msgs/include/kinova_msgs/kinova_msgs/srv/detail/set_torque_control_mode__functions.c
[0.485s] -- Up-to-date: /home/amma/Kinova_gen2_rl/install/kinova_msgs/include/kinova_msgs/kinova_msgs/srv/detail/start__functions.c
[0.485s] -- Up-to-date: /home/amma/Kinova_gen2_rl/install/kinova_msgs/include/kinova_msgs/kinova_msgs/srv/detail/set_null_space_mode_state__struct.h
[0.485s] -- Up-to-date: /home/amma/Kinova_gen2_rl/install/kinova_msgs/include/kinova_msgs/kinova_msgs/srv/detail/clear_trajectories__functions.c
[0.485s] -- Up-to-date: /home/amma/Kinova_gen2_rl/install/kinova_msgs/include/kinova_msgs/kinova_msgs/srv/detail/stop__type_support.h
[0.485s] -- Up-to-date: /home/amma/Kinova_gen2_rl/install/kinova_msgs/include/kinova_msgs/kinova_msgs/srv/detail/set_force_control_params__functions.c
[0.485s] -- Up-to-date: /home/amma/Kinova_gen2_rl/install/kinova_msgs/include/kinova_msgs/kinova_msgs/srv/detail/set_torque_control_parameters__functions.h
[0.485s] -- Up-to-date: /home/amma/Kinova_gen2_rl/install/kinova_msgs/include/kinova_msgs/kinova_msgs/srv/detail/home_arm__type_support.h
[0.485s] -- Up-to-date: /home/amma/Kinova_gen2_rl/install/kinova_msgs/include/kinova_msgs/kinova_msgs/srv/detail/set_end_effector_offset__functions.c
[0.485s] -- Up-to-date: /home/amma/Kinova_gen2_rl/install/kinova_msgs/include/kinova_msgs/kinova_msgs/srv/detail/clear_trajectories__type_support.h
[0.485s] -- Up-to-date: /home/amma/Kinova_gen2_rl/install/kinova_msgs/include/kinova_msgs/kinova_msgs/srv/detail/set_end_effector_offset__functions.h
[0.485s] -- Up-to-date: /home/amma/Kinova_gen2_rl/install/kinova_msgs/include/kinova_msgs/kinova_msgs/srv/detail/set_null_space_mode_state__functions.c
[0.485s] -- Up-to-date: /home/amma/Kinova_gen2_rl/install/kinova_msgs/include/kinova_msgs/kinova_msgs/srv/detail/run_com_parameters_estimation__struct.h
[0.485s] -- Up-to-date: /home/amma/Kinova_gen2_rl/install/kinova_msgs/include/kinova_msgs/kinova_msgs/srv/detail/set_force_control_params__struct.h
[0.485s] -- Up-to-date: /home/amma/Kinova_gen2_rl/install/kinova_msgs/include/kinova_msgs/kinova_msgs/srv/detail/add_pose_to_cartesian_trajectory__struct.h
[0.485s] -- Up-to-date: /home/amma/Kinova_gen2_rl/install/kinova_msgs/include/kinova_msgs/kinova_msgs/srv/run_com_parameters_estimation.h
[0.486s] -- Up-to-date: /home/amma/Kinova_gen2_rl/install/kinova_msgs/share/kinova_msgs/environment/library_path.sh
[0.486s] -- Up-to-date: /home/amma/Kinova_gen2_rl/install/kinova_msgs/share/kinova_msgs/environment/library_path.dsv
[0.486s] -- Up-to-date: /home/amma/Kinova_gen2_rl/install/kinova_msgs/lib/libkinova_msgs__rosidl_generator_c.so
[0.486s] -- Up-to-date: /home/amma/Kinova_gen2_rl/install/kinova_msgs/include/kinova_msgs/kinova_msgs
[0.486s] -- Up-to-date: /home/amma/Kinova_gen2_rl/install/kinova_msgs/include/kinova_msgs/kinova_msgs/msg
[0.486s] -- Up-to-date: /home/amma/Kinova_gen2_rl/install/kinova_msgs/include/kinova_msgs/kinova_msgs/msg/rosidl_typesupport_fastrtps_c__visibility_control.h
[0.486s] -- Up-to-date: /home/amma/Kinova_gen2_rl/install/kinova_msgs/include/kinova_msgs/kinova_msgs/msg/detail
[0.486s] -- Up-to-date: /home/amma/Kinova_gen2_rl/install/kinova_msgs/include/kinova_msgs/kinova_msgs/msg/detail/finger_position__rosidl_typesupport_fastrtps_c.h
[0.486s] -- Up-to-date: /home/amma/Kinova_gen2_rl/install/kinova_msgs/include/kinova_msgs/kinova_msgs/msg/detail/pose_velocity__rosidl_typesupport_fastrtps_c.h
[0.486s] -- Up-to-date: /home/amma/Kinova_gen2_rl/install/kinova_msgs/include/kinova_msgs/kinova_msgs/msg/detail/pose_velocity_with_fingers__rosidl_typesupport_fastrtps_c.h
[0.486s] -- Up-to-date: /home/amma/Kinova_gen2_rl/install/kinova_msgs/include/kinova_msgs/kinova_msgs/msg/detail/joint_torque__rosidl_typesupport_fastrtps_c.h
[0.486s] -- Up-to-date: /home/amma/Kinova_gen2_rl/install/kinova_msgs/include/kinova_msgs/kinova_msgs/msg/detail/pose_velocity_with_finger_velocity__rosidl_typesupport_fastrtps_c.h
[0.486s] -- Up-to-date: /home/amma/Kinova_gen2_rl/install/kinova_msgs/include/kinova_msgs/kinova_msgs/msg/detail/joint_angles__rosidl_typesupport_fastrtps_c.h
[0.486s] -- Up-to-date: /home/amma/Kinova_gen2_rl/install/kinova_msgs/include/kinova_msgs/kinova_msgs/msg/detail/cartesian_force__rosidl_typesupport_fastrtps_c.h
[0.486s] -- Up-to-date: /home/amma/Kinova_gen2_rl/install/kinova_msgs/include/kinova_msgs/kinova_msgs/msg/detail/kinova_pose__rosidl_typesupport_fastrtps_c.h
[0.486s] -- Up-to-date: /home/amma/Kinova_gen2_rl/install/kinova_msgs/include/kinova_msgs/kinova_msgs/msg/detail/joint_velocity__rosidl_typesupport_fastrtps_c.h
[0.486s] -- Up-to-date: /home/amma/Kinova_gen2_rl/install/kinova_msgs/include/kinova_msgs/kinova_msgs/action
[0.486s] -- Up-to-date: /home/amma/Kinova_gen2_rl/install/kinova_msgs/include/kinova_msgs/kinova_msgs/action/detail
[0.486s] -- Up-to-date: /home/amma/Kinova_gen2_rl/install/kinova_msgs/include/kinova_msgs/kinova_msgs/action/detail/arm_pose__rosidl_typesupport_fastrtps_c.h
[0.486s] -- Up-to-date: /home/amma/Kinova_gen2_rl/install/kinova_msgs/include/kinova_msgs/kinova_msgs/action/detail/set_fingers_position__rosidl_typesupport_fastrtps_c.h
[0.486s] -- Up-to-date: /home/amma/Kinova_gen2_rl/install/kinova_msgs/include/kinova_msgs/kinova_msgs/action/detail/arm_joint_angles__rosidl_typesupport_fastrtps_c.h
[0.486s] -- Up-to-date: /home/amma/Kinova_gen2_rl/install/kinova_msgs/include/kinova_msgs/kinova_msgs/action/detail/arm_kinova_pose__rosidl_typesupport_fastrtps_c.h
[0.486s] -- Up-to-date: /home/amma/Kinova_gen2_rl/install/kinova_msgs/include/kinova_msgs/kinova_msgs/srv
[0.486s] -- Up-to-date: /home/amma/Kinova_gen2_rl/install/kinova_msgs/include/kinova_msgs/kinova_msgs/srv/detail
[0.486s] -- Up-to-date: /home/amma/Kinova_gen2_rl/install/kinova_msgs/include/kinova_msgs/kinova_msgs/srv/detail/set_torque_control_parameters__rosidl_typesupport_fastrtps_c.h
[0.486s] -- Up-to-date: /home/amma/Kinova_gen2_rl/install/kinova_msgs/include/kinova_msgs/kinova_msgs/srv/detail/set_null_space_mode_state__rosidl_typesupport_fastrtps_c.h
[0.486s] -- Up-to-date: /home/amma/Kinova_gen2_rl/install/kinova_msgs/include/kinova_msgs/kinova_msgs/srv/detail/clear_trajectories__rosidl_typesupport_fastrtps_c.h
[0.486s] -- Up-to-date: /home/amma/Kinova_gen2_rl/install/kinova_msgs/include/kinova_msgs/kinova_msgs/srv/detail/set_end_effector_offset__rosidl_typesupport_fastrtps_c.h
[0.487s] -- Up-to-date: /home/amma/Kinova_gen2_rl/install/kinova_msgs/include/kinova_msgs/kinova_msgs/srv/detail/set_torque_control_mode__rosidl_typesupport_fastrtps_c.h
[0.487s] -- Up-to-date: /home/amma/Kinova_gen2_rl/install/kinova_msgs/include/kinova_msgs/kinova_msgs/srv/detail/start__rosidl_typesupport_fastrtps_c.h
[0.487s] -- Up-to-date: /home/amma/Kinova_gen2_rl/install/kinova_msgs/include/kinova_msgs/kinova_msgs/srv/detail/set_force_control_params__rosidl_typesupport_fastrtps_c.h
[0.487s] -- Up-to-date: /home/amma/Kinova_gen2_rl/install/kinova_msgs/include/kinova_msgs/kinova_msgs/srv/detail/home_arm__rosidl_typesupport_fastrtps_c.h
[0.487s] -- Up-to-date: /home/amma/Kinova_gen2_rl/install/kinova_msgs/include/kinova_msgs/kinova_msgs/srv/detail/stop__rosidl_typesupport_fastrtps_c.h
[0.487s] -- Up-to-date: /home/amma/Kinova_gen2_rl/install/kinova_msgs/include/kinova_msgs/kinova_msgs/srv/detail/add_pose_to_cartesian_trajectory__rosidl_typesupport_fastrtps_c.h
[0.487s] -- Up-to-date: /home/amma/Kinova_gen2_rl/install/kinova_msgs/include/kinova_msgs/kinova_msgs/srv/detail/run_com_parameters_estimation__rosidl_typesupport_fastrtps_c.h
[0.487s] -- Up-to-date: /home/amma/Kinova_gen2_rl/install/kinova_msgs/include/kinova_msgs/kinova_msgs/srv/detail/zero_torques__rosidl_typesupport_fastrtps_c.h
[0.487s] -- Up-to-date: /home/amma/Kinova_gen2_rl/install/kinova_msgs/lib/libkinova_msgs__rosidl_typesupport_fastrtps_c.so
[0.487s] -- Up-to-date: /home/amma/Kinova_gen2_rl/install/kinova_msgs/include/kinova_msgs/kinova_msgs
[0.487s] -- Up-to-date: /home/amma/Kinova_gen2_rl/install/kinova_msgs/include/kinova_msgs/kinova_msgs/msg
[0.487s] -- Up-to-date: /home/amma/Kinova_gen2_rl/install/kinova_msgs/include/kinova_msgs/kinova_msgs/msg/cartesian_force.hpp
[0.487s] -- Up-to-date: /home/amma/Kinova_gen2_rl/install/kinova_msgs/include/kinova_msgs/kinova_msgs/msg/pose_velocity_with_fingers.hpp
[0.487s] -- Up-to-date: /home/amma/Kinova_gen2_rl/install/kinova_msgs/include/kinova_msgs/kinova_msgs/msg/finger_position.hpp
[0.487s] -- Up-to-date: /home/amma/Kinova_gen2_rl/install/kinova_msgs/include/kinova_msgs/kinova_msgs/msg/joint_angles.hpp
[0.487s] -- Up-to-date: /home/amma/Kinova_gen2_rl/install/kinova_msgs/include/kinova_msgs/kinova_msgs/msg/joint_torque.hpp
[0.487s] -- Up-to-date: /home/amma/Kinova_gen2_rl/install/kinova_msgs/include/kinova_msgs/kinova_msgs/msg/rosidl_generator_cpp__visibility_control.hpp
[0.487s] -- Up-to-date: /home/amma/Kinova_gen2_rl/install/kinova_msgs/include/kinova_msgs/kinova_msgs/msg/kinova_pose.hpp
[0.487s] -- Up-to-date: /home/amma/Kinova_gen2_rl/install/kinova_msgs/include/kinova_msgs/kinova_msgs/msg/joint_velocity.hpp
[0.487s] -- Up-to-date: /home/amma/Kinova_gen2_rl/install/kinova_msgs/include/kinova_msgs/kinova_msgs/msg/pose_velocity_with_finger_velocity.hpp
[0.487s] -- Up-to-date: /home/amma/Kinova_gen2_rl/install/kinova_msgs/include/kinova_msgs/kinova_msgs/msg/detail
[0.487s] -- Up-to-date: /home/amma/Kinova_gen2_rl/install/kinova_msgs/include/kinova_msgs/kinova_msgs/msg/detail/finger_position__traits.hpp
[0.487s] -- Up-to-date: /home/amma/Kinova_gen2_rl/install/kinova_msgs/include/kinova_msgs/kinova_msgs/msg/detail/pose_velocity__builder.hpp
[0.487s] -- Up-to-date: /home/amma/Kinova_gen2_rl/install/kinova_msgs/include/kinova_msgs/kinova_msgs/msg/detail/finger_position__type_support.hpp
[0.487s] -- Up-to-date: /home/amma/Kinova_gen2_rl/install/kinova_msgs/include/kinova_msgs/kinova_msgs/msg/detail/joint_angles__builder.hpp
[0.487s] -- Up-to-date: /home/amma/Kinova_gen2_rl/install/kinova_msgs/include/kinova_msgs/kinova_msgs/msg/detail/joint_velocity__builder.hpp
[0.487s] -- Up-to-date: /home/amma/Kinova_gen2_rl/install/kinova_msgs/include/kinova_msgs/kinova_msgs/msg/detail/kinova_pose__builder.hpp
[0.487s] -- Up-to-date: /home/amma/Kinova_gen2_rl/install/kinova_msgs/include/kinova_msgs/kinova_msgs/msg/detail/pose_velocity_with_finger_velocity__builder.hpp
[0.488s] -- Up-to-date: /home/amma/Kinova_gen2_rl/install/kinova_msgs/include/kinova_msgs/kinova_msgs/msg/detail/joint_velocity__struct.hpp
[0.488s] -- Up-to-date: /home/amma/Kinova_gen2_rl/install/kinova_msgs/include/kinova_msgs/kinova_msgs/msg/detail/pose_velocity__traits.hpp
[0.488s] -- Up-to-date: /home/amma/Kinova_gen2_rl/install/kinova_msgs/include/kinova_msgs/kinova_msgs/msg/detail/joint_torque__type_support.hpp
[0.488s] -- Up-to-date: /home/amma/Kinova_gen2_rl/install/kinova_msgs/include/kinova_msgs/kinova_msgs/msg/detail/finger_position__struct.hpp
[0.488s] -- Up-to-date: /home/amma/Kinova_gen2_rl/install/kinova_msgs/include/kinova_msgs/kinova_msgs/msg/detail/finger_position__builder.hpp
[0.488s] -- Up-to-date: /home/amma/Kinova_gen2_rl/install/kinova_msgs/include/kinova_msgs/kinova_msgs/msg/detail/pose_velocity_with_fingers__builder.hpp
[0.488s] -- Up-to-date: /home/amma/Kinova_gen2_rl/install/kinova_msgs/include/kinova_msgs/kinova_msgs/msg/detail/pose_velocity_with_fingers__traits.hpp
[0.488s] -- Up-to-date: /home/amma/Kinova_gen2_rl/install/kinova_msgs/include/kinova_msgs/kinova_msgs/msg/detail/pose_velocity_with_fingers__type_support.hpp
[0.488s] -- Up-to-date: /home/amma/Kinova_gen2_rl/install/kinova_msgs/include/kinova_msgs/kinova_msgs/msg/detail/kinova_pose__type_support.hpp
[0.488s] -- Up-to-date: /home/amma/Kinova_gen2_rl/install/kinova_msgs/include/kinova_msgs/kinova_msgs/msg/detail/cartesian_force__struct.hpp
[0.488s] -- Up-to-date: /home/amma/Kinova_gen2_rl/install/kinova_msgs/include/kinova_msgs/kinova_msgs/msg/detail/kinova_pose__traits.hpp
[0.488s] -- Up-to-date: /home/amma/Kinova_gen2_rl/install/kinova_msgs/include/kinova_msgs/kinova_msgs/msg/detail/pose_velocity__struct.hpp
[0.488s] -- Up-to-date: /home/amma/Kinova_gen2_rl/install/kinova_msgs/include/kinova_msgs/kinova_msgs/msg/detail/kinova_pose__struct.hpp
[0.488s] -- Up-to-date: /home/amma/Kinova_gen2_rl/install/kinova_msgs/include/kinova_msgs/kinova_msgs/msg/detail/pose_velocity_with_finger_velocity__type_support.hpp
[0.488s] -- Up-to-date: /home/amma/Kinova_gen2_rl/install/kinova_msgs/include/kinova_msgs/kinova_msgs/msg/detail/pose_velocity__type_support.hpp
[0.488s] -- Up-to-date: /home/amma/Kinova_gen2_rl/install/kinova_msgs/include/kinova_msgs/kinova_msgs/msg/detail/joint_torque__builder.hpp
[0.488s] -- Up-to-date: /home/amma/Kinova_gen2_rl/install/kinova_msgs/include/kinova_msgs/kinova_msgs/msg/detail/pose_velocity_with_finger_velocity__struct.hpp
[0.488s] -- Up-to-date: /home/amma/Kinova_gen2_rl/install/kinova_msgs/include/kinova_msgs/kinova_msgs/msg/detail/pose_velocity_with_finger_velocity__traits.hpp
[0.488s] -- Up-to-date: /home/amma/Kinova_gen2_rl/install/kinova_msgs/include/kinova_msgs/kinova_msgs/msg/detail/joint_torque__traits.hpp
[0.488s] -- Up-to-date: /home/amma/Kinova_gen2_rl/install/kinova_msgs/include/kinova_msgs/kinova_msgs/msg/detail/joint_velocity__type_support.hpp
[0.488s] -- Up-to-date: /home/amma/Kinova_gen2_rl/install/kinova_msgs/include/kinova_msgs/kinova_msgs/msg/detail/cartesian_force__type_support.hpp
[0.488s] -- Up-to-date: /home/amma/Kinova_gen2_rl/install/kinova_msgs/include/kinova_msgs/kinova_msgs/msg/detail/cartesian_force__traits.hpp
[0.488s] -- Up-to-date: /home/amma/Kinova_gen2_rl/install/kinova_msgs/include/kinova_msgs/kinova_msgs/msg/detail/joint_angles__traits.hpp
[0.488s] -- Up-to-date: /home/amma/Kinova_gen2_rl/install/kinova_msgs/include/kinova_msgs/kinova_msgs/msg/detail/pose_velocity_with_fingers__struct.hpp
[0.488s] -- Up-to-date: /home/amma/Kinova_gen2_rl/install/kinova_msgs/include/kinova_msgs/kinova_msgs/msg/detail/joint_angles__type_support.hpp
[0.488s] -- Up-to-date: /home/amma/Kinova_gen2_rl/install/kinova_msgs/include/kinova_msgs/kinova_msgs/msg/detail/joint_torque__struct.hpp
[0.488s] -- Up-to-date: /home/amma/Kinova_gen2_rl/install/kinova_msgs/include/kinova_msgs/kinova_msgs/msg/detail/joint_angles__struct.hpp
[0.488s] -- Up-to-date: /home/amma/Kinova_gen2_rl/install/kinova_msgs/include/kinova_msgs/kinova_msgs/msg/detail/cartesian_force__builder.hpp
[0.488s] -- Up-to-date: /home/amma/Kinova_gen2_rl/install/kinova_msgs/include/kinova_msgs/kinova_msgs/msg/detail/joint_velocity__traits.hpp
[0.489s] -- Up-to-date: /home/amma/Kinova_gen2_rl/install/kinova_msgs/include/kinova_msgs/kinova_msgs/msg/pose_velocity.hpp
[0.489s] -- Up-to-date: /home/amma/Kinova_gen2_rl/install/kinova_msgs/include/kinova_msgs/kinova_msgs/action
[0.489s] -- Up-to-date: /home/amma/Kinova_gen2_rl/install/kinova_msgs/include/kinova_msgs/kinova_msgs/action/set_fingers_position.hpp
[0.489s] -- Up-to-date: /home/amma/Kinova_gen2_rl/install/kinova_msgs/include/kinova_msgs/kinova_msgs/action/arm_pose.hpp
[0.489s] -- Up-to-date: /home/amma/Kinova_gen2_rl/install/kinova_msgs/include/kinova_msgs/kinova_msgs/action/arm_kinova_pose.hpp
[0.489s] -- Up-to-date: /home/amma/Kinova_gen2_rl/install/kinova_msgs/include/kinova_msgs/kinova_msgs/action/arm_joint_angles.hpp
[0.489s] -- Up-to-date: /home/amma/Kinova_gen2_rl/install/kinova_msgs/include/kinova_msgs/kinova_msgs/action/detail
[0.489s] -- Up-to-date: /home/amma/Kinova_gen2_rl/install/kinova_msgs/include/kinova_msgs/kinova_msgs/action/detail/arm_pose__builder.hpp
[0.489s] -- Up-to-date: /home/amma/Kinova_gen2_rl/install/kinova_msgs/include/kinova_msgs/kinova_msgs/action/detail/arm_joint_angles__builder.hpp
[0.489s] -- Up-to-date: /home/amma/Kinova_gen2_rl/install/kinova_msgs/include/kinova_msgs/kinova_msgs/action/detail/arm_joint_angles__traits.hpp
[0.489s] -- Up-to-date: /home/amma/Kinova_gen2_rl/install/kinova_msgs/include/kinova_msgs/kinova_msgs/action/detail/arm_joint_angles__struct.hpp
[0.489s] -- Up-to-date: /home/amma/Kinova_gen2_rl/install/kinova_msgs/include/kinova_msgs/kinova_msgs/action/detail/arm_kinova_pose__traits.hpp
[0.489s] -- Up-to-date: /home/amma/Kinova_gen2_rl/install/kinova_msgs/include/kinova_msgs/kinova_msgs/action/detail/set_fingers_position__traits.hpp
[0.489s] -- Up-to-date: /home/amma/Kinova_gen2_rl/install/kinova_msgs/include/kinova_msgs/kinova_msgs/action/detail/set_fingers_position__type_support.hpp
[0.489s] -- Up-to-date: /home/amma/Kinova_gen2_rl/install/kinova_msgs/include/kinova_msgs/kinova_msgs/action/detail/set_fingers_position__builder.hpp
[0.489s] -- Up-to-date: /home/amma/Kinova_gen2_rl/install/kinova_msgs/include/kinova_msgs/kinova_msgs/action/detail/arm_kinova_pose__struct.hpp
[0.489s] -- Up-to-date: /home/amma/Kinova_gen2_rl/install/kinova_msgs/include/kinova_msgs/kinova_msgs/action/detail/arm_pose__type_support.hpp
[0.489s] -- Up-to-date: /home/amma/Kinova_gen2_rl/install/kinova_msgs/include/kinova_msgs/kinova_msgs/action/detail/arm_pose__struct.hpp
[0.489s] -- Up-to-date: /home/amma/Kinova_gen2_rl/install/kinova_msgs/include/kinova_msgs/kinova_msgs/action/detail/set_fingers_position__struct.hpp
[0.489s] -- Up-to-date: /home/amma/Kinova_gen2_rl/install/kinova_msgs/include/kinova_msgs/kinova_msgs/action/detail/arm_joint_angles__type_support.hpp
[0.489s] -- Up-to-date: /home/amma/Kinova_gen2_rl/install/kinova_msgs/include/kinova_msgs/kinova_msgs/action/detail/arm_kinova_pose__type_support.hpp
[0.489s] -- Up-to-date: /home/amma/Kinova_gen2_rl/install/kinova_msgs/include/kinova_msgs/kinova_msgs/action/detail/arm_pose__traits.hpp
[0.489s] -- Up-to-date: /home/amma/Kinova_gen2_rl/install/kinova_msgs/include/kinova_msgs/kinova_msgs/action/detail/arm_kinova_pose__builder.hpp
[0.489s] -- Up-to-date: /home/amma/Kinova_gen2_rl/install/kinova_msgs/include/kinova_msgs/kinova_msgs/srv
[0.489s] -- Up-to-date: /home/amma/Kinova_gen2_rl/install/kinova_msgs/include/kinova_msgs/kinova_msgs/srv/clear_trajectories.hpp
[0.490s] -- Up-to-date: /home/amma/Kinova_gen2_rl/install/kinova_msgs/include/kinova_msgs/kinova_msgs/srv/set_force_control_params.hpp
[0.490s] -- Up-to-date: /home/amma/Kinova_gen2_rl/install/kinova_msgs/include/kinova_msgs/kinova_msgs/srv/zero_torques.hpp
[0.490s] -- Up-to-date: /home/amma/Kinova_gen2_rl/install/kinova_msgs/include/kinova_msgs/kinova_msgs/srv/set_end_effector_offset.hpp
[0.490s] -- Up-to-date: /home/amma/Kinova_gen2_rl/install/kinova_msgs/include/kinova_msgs/kinova_msgs/srv/add_pose_to_cartesian_trajectory.hpp
[0.490s] -- Up-to-date: /home/amma/Kinova_gen2_rl/install/kinova_msgs/include/kinova_msgs/kinova_msgs/srv/run_com_parameters_estimation.hpp
[0.490s] -- Up-to-date: /home/amma/Kinova_gen2_rl/install/kinova_msgs/include/kinova_msgs/kinova_msgs/srv/start.hpp
[0.490s] -- Up-to-date: /home/amma/Kinova_gen2_rl/install/kinova_msgs/include/kinova_msgs/kinova_msgs/srv/set_torque_control_parameters.hpp
[0.490s] -- Up-to-date: /home/amma/Kinova_gen2_rl/install/kinova_msgs/include/kinova_msgs/kinova_msgs/srv/set_null_space_mode_state.hpp
[0.490s] -- Up-to-date: /home/amma/Kinova_gen2_rl/install/kinova_msgs/include/kinova_msgs/kinova_msgs/srv/detail
[0.490s] -- Up-to-date: /home/amma/Kinova_gen2_rl/install/kinova_msgs/include/kinova_msgs/kinova_msgs/srv/detail/set_null_space_mode_state__type_support.hpp
[0.490s] -- Up-to-date: /home/amma/Kinova_gen2_rl/install/kinova_msgs/include/kinova_msgs/kinova_msgs/srv/detail/zero_torques__traits.hpp
[0.490s] -- Up-to-date: /home/amma/Kinova_gen2_rl/install/kinova_msgs/include/kinova_msgs/kinova_msgs/srv/detail/start__type_support.hpp
[0.490s] -- Up-to-date: /home/amma/Kinova_gen2_rl/install/kinova_msgs/include/kinova_msgs/kinova_msgs/srv/detail/add_pose_to_cartesian_trajectory__type_support.hpp
[0.490s] -- Up-to-date: /home/amma/Kinova_gen2_rl/install/kinova_msgs/include/kinova_msgs/kinova_msgs/srv/detail/home_arm__builder.hpp
[0.490s] -- Up-to-date: /home/amma/Kinova_gen2_rl/install/kinova_msgs/include/kinova_msgs/kinova_msgs/srv/detail/set_end_effector_offset__type_support.hpp
[0.490s] -- Up-to-date: /home/amma/Kinova_gen2_rl/install/kinova_msgs/include/kinova_msgs/kinova_msgs/srv/detail/run_com_parameters_estimation__struct.hpp
[0.490s] -- Up-to-date: /home/amma/Kinova_gen2_rl/install/kinova_msgs/include/kinova_msgs/kinova_msgs/srv/detail/home_arm__struct.hpp
[0.490s] -- Up-to-date: /home/amma/Kinova_gen2_rl/install/kinova_msgs/include/kinova_msgs/kinova_msgs/srv/detail/set_torque_control_parameters__struct.hpp
[0.490s] -- Up-to-date: /home/amma/Kinova_gen2_rl/install/kinova_msgs/include/kinova_msgs/kinova_msgs/srv/detail/run_com_parameters_estimation__type_support.hpp
[0.490s] -- Up-to-date: /home/amma/Kinova_gen2_rl/install/kinova_msgs/include/kinova_msgs/kinova_msgs/srv/detail/set_null_space_mode_state__builder.hpp
[0.490s] -- Up-to-date: /home/amma/Kinova_gen2_rl/install/kinova_msgs/include/kinova_msgs/kinova_msgs/srv/detail/zero_torques__builder.hpp
[0.490s] -- Up-to-date: /home/amma/Kinova_gen2_rl/install/kinova_msgs/include/kinova_msgs/kinova_msgs/srv/detail/home_arm__traits.hpp
[0.490s] -- Up-to-date: /home/amma/Kinova_gen2_rl/install/kinova_msgs/include/kinova_msgs/kinova_msgs/srv/detail/set_torque_control_mode__builder.hpp
[0.490s] -- Up-to-date: /home/amma/Kinova_gen2_rl/install/kinova_msgs/include/kinova_msgs/kinova_msgs/srv/detail/set_end_effector_offset__traits.hpp
[0.491s] -- Up-to-date: /home/amma/Kinova_gen2_rl/install/kinova_msgs/include/kinova_msgs/kinova_msgs/srv/detail/run_com_parameters_estimation__traits.hpp
[0.491s] -- Up-to-date: /home/amma/Kinova_gen2_rl/install/kinova_msgs/include/kinova_msgs/kinova_msgs/srv/detail/stop__traits.hpp
[0.491s] -- Up-to-date: /home/amma/Kinova_gen2_rl/install/kinova_msgs/include/kinova_msgs/kinova_msgs/srv/detail/set_torque_control_mode__struct.hpp
[0.491s] -- Up-to-date: /home/amma/Kinova_gen2_rl/install/kinova_msgs/include/kinova_msgs/kinova_msgs/srv/detail/set_torque_control_mode__type_support.hpp
[0.491s] -- Up-to-date: /home/amma/Kinova_gen2_rl/install/kinova_msgs/include/kinova_msgs/kinova_msgs/srv/detail/add_pose_to_cartesian_trajectory__traits.hpp
[0.491s] -- Up-to-date: /home/amma/Kinova_gen2_rl/install/kinova_msgs/include/kinova_msgs/kinova_msgs/srv/detail/clear_trajectories__traits.hpp
[0.491s] -- Up-to-date: /home/amma/Kinova_gen2_rl/install/kinova_msgs/include/kinova_msgs/kinova_msgs/srv/detail/set_end_effector_offset__builder.hpp
[0.491s] -- Up-to-date: /home/amma/Kinova_gen2_rl/install/kinova_msgs/include/kinova_msgs/kinova_msgs/srv/detail/clear_trajectories__type_support.hpp
[0.491s] -- Up-to-date: /home/amma/Kinova_gen2_rl/install/kinova_msgs/include/kinova_msgs/kinova_msgs/srv/detail/set_force_control_params__builder.hpp
[0.491s] -- Up-to-date: /home/amma/Kinova_gen2_rl/install/kinova_msgs/include/kinova_msgs/kinova_msgs/srv/detail/set_torque_control_mode__traits.hpp
[0.491s] -- Up-to-date: /home/amma/Kinova_gen2_rl/install/kinova_msgs/include/kinova_msgs/kinova_msgs/srv/detail/set_end_effector_offset__struct.hpp
[0.491s] -- Up-to-date: /home/amma/Kinova_gen2_rl/install/kinova_msgs/include/kinova_msgs/kinova_msgs/srv/detail/set_torque_control_parameters__type_support.hpp
[0.491s] -- Up-to-date: /home/amma/Kinova_gen2_rl/install/kinova_msgs/include/kinova_msgs/kinova_msgs/srv/detail/home_arm__type_support.hpp
[0.491s] -- Up-to-date: /home/amma/Kinova_gen2_rl/install/kinova_msgs/include/kinova_msgs/kinova_msgs/srv/detail/start__struct.hpp
[0.491s] -- Up-to-date: /home/amma/Kinova_gen2_rl/install/kinova_msgs/include/kinova_msgs/kinova_msgs/srv/detail/zero_torques__struct.hpp
[0.491s] -- Up-to-date: /home/amma/Kinova_gen2_rl/install/kinova_msgs/include/kinova_msgs/kinova_msgs/srv/detail/run_com_parameters_estimation__builder.hpp
[0.491s] -- Up-to-date: /home/amma/Kinova_gen2_rl/install/kinova_msgs/include/kinova_msgs/kinova_msgs/srv/detail/stop__type_support.hpp
[0.491s] -- Up-to-date: /home/amma/Kinova_gen2_rl/install/kinova_msgs/include/kinova_msgs/kinova_msgs/srv/detail/clear_trajectories__builder.hpp
[0.491s] -- Up-to-date: /home/amma/Kinova_gen2_rl/install/kinova_msgs/include/kinova_msgs/kinova_msgs/srv/detail/zero_torques__type_support.hpp
[0.491s] -- Up-to-date: /home/amma/Kinova_gen2_rl/install/kinova_msgs/include/kinova_msgs/kinova_msgs/srv/detail/add_pose_to_cartesian_trajectory__struct.hpp
[0.491s] -- Up-to-date: /home/amma/Kinova_gen2_rl/install/kinova_msgs/include/kinova_msgs/kinova_msgs/srv/detail/set_torque_control_parameters__builder.hpp
[0.491s] -- Up-to-date: /home/amma/Kinova_gen2_rl/install/kinova_msgs/include/kinova_msgs/kinova_msgs/srv/detail/stop__builder.hpp
[0.491s] -- Up-to-date: /home/amma/Kinova_gen2_rl/install/kinova_msgs/include/kinova_msgs/kinova_msgs/srv/detail/set_null_space_mode_state__traits.hpp
[0.491s] -- Up-to-date: /home/amma/Kinova_gen2_rl/install/kinova_msgs/include/kinova_msgs/kinova_msgs/srv/detail/set_force_control_params__struct.hpp
[0.492s] -- Up-to-date: /home/amma/Kinova_gen2_rl/install/kinova_msgs/include/kinova_msgs/kinova_msgs/srv/detail/start__traits.hpp
[0.492s] -- Up-to-date: /home/amma/Kinova_gen2_rl/install/kinova_msgs/include/kinova_msgs/kinova_msgs/srv/detail/clear_trajectories__struct.hpp
[0.492s] -- Up-to-date: /home/amma/Kinova_gen2_rl/install/kinova_msgs/include/kinova_msgs/kinova_msgs/srv/detail/stop__struct.hpp
[0.492s] -- Up-to-date: /home/amma/Kinova_gen2_rl/install/kinova_msgs/include/kinova_msgs/kinova_msgs/srv/detail/start__builder.hpp
[0.492s] -- Up-to-date: /home/amma/Kinova_gen2_rl/install/kinova_msgs/include/kinova_msgs/kinova_msgs/srv/detail/set_torque_control_parameters__traits.hpp
[0.492s] -- Up-to-date: /home/amma/Kinova_gen2_rl/install/kinova_msgs/include/kinova_msgs/kinova_msgs/srv/detail/set_null_space_mode_state__struct.hpp
[0.492s] -- Up-to-date: /home/amma/Kinova_gen2_rl/install/kinova_msgs/include/kinova_msgs/kinova_msgs/srv/detail/set_force_control_params__traits.hpp
[0.492s] -- Up-to-date: /home/amma/Kinova_gen2_rl/install/kinova_msgs/include/kinova_msgs/kinova_msgs/srv/detail/set_force_control_params__type_support.hpp
[0.492s] -- Up-to-date: /home/amma/Kinova_gen2_rl/install/kinova_msgs/include/kinova_msgs/kinova_msgs/srv/detail/add_pose_to_cartesian_trajectory__builder.hpp
[0.492s] -- Up-to-date: /home/amma/Kinova_gen2_rl/install/kinova_msgs/include/kinova_msgs/kinova_msgs/srv/home_arm.hpp
[0.492s] -- Up-to-date: /home/amma/Kinova_gen2_rl/install/kinova_msgs/include/kinova_msgs/kinova_msgs/srv/set_torque_control_mode.hpp
[0.492s] -- Up-to-date: /home/amma/Kinova_gen2_rl/install/kinova_msgs/include/kinova_msgs/kinova_msgs/srv/stop.hpp
[0.492s] -- Up-to-date: /home/amma/Kinova_gen2_rl/install/kinova_msgs/include/kinova_msgs/kinova_msgs
[0.492s] -- Up-to-date: /home/amma/Kinova_gen2_rl/install/kinova_msgs/include/kinova_msgs/kinova_msgs/msg
[0.492s] -- Up-to-date: /home/amma/Kinova_gen2_rl/install/kinova_msgs/include/kinova_msgs/kinova_msgs/msg/rosidl_typesupport_fastrtps_cpp__visibility_control.h
[0.492s] -- Up-to-date: /home/amma/Kinova_gen2_rl/install/kinova_msgs/include/kinova_msgs/kinova_msgs/msg/detail
[0.492s] -- Up-to-date: /home/amma/Kinova_gen2_rl/install/kinova_msgs/include/kinova_msgs/kinova_msgs/msg/detail/finger_position__rosidl_typesupport_fastrtps_cpp.hpp
[0.492s] -- Up-to-date: /home/amma/Kinova_gen2_rl/install/kinova_msgs/include/kinova_msgs/kinova_msgs/msg/detail/dds_fastrtps
[0.492s] -- Up-to-date: /home/amma/Kinova_gen2_rl/install/kinova_msgs/include/kinova_msgs/kinova_msgs/msg/detail/pose_velocity_with_fingers__rosidl_typesupport_fastrtps_cpp.hpp
[0.492s] -- Up-to-date: /home/amma/Kinova_gen2_rl/install/kinova_msgs/include/kinova_msgs/kinova_msgs/msg/detail/joint_torque__rosidl_typesupport_fastrtps_cpp.hpp
[0.492s] -- Up-to-date: /home/amma/Kinova_gen2_rl/install/kinova_msgs/include/kinova_msgs/kinova_msgs/msg/detail/pose_velocity__rosidl_typesupport_fastrtps_cpp.hpp
[0.492s] -- Up-to-date: /home/amma/Kinova_gen2_rl/install/kinova_msgs/include/kinova_msgs/kinova_msgs/msg/detail/cartesian_force__rosidl_typesupport_fastrtps_cpp.hpp
[0.492s] -- Up-to-date: /home/amma/Kinova_gen2_rl/install/kinova_msgs/include/kinova_msgs/kinova_msgs/msg/detail/kinova_pose__rosidl_typesupport_fastrtps_cpp.hpp
[0.492s] -- Up-to-date: /home/amma/Kinova_gen2_rl/install/kinova_msgs/include/kinova_msgs/kinova_msgs/msg/detail/joint_velocity__rosidl_typesupport_fastrtps_cpp.hpp
[0.492s] -- Up-to-date: /home/amma/Kinova_gen2_rl/install/kinova_msgs/include/kinova_msgs/kinova_msgs/msg/detail/joint_angles__rosidl_typesupport_fastrtps_cpp.hpp
[0.492s] -- Up-to-date: /home/amma/Kinova_gen2_rl/install/kinova_msgs/include/kinova_msgs/kinova_msgs/msg/detail/pose_velocity_with_finger_velocity__rosidl_typesupport_fastrtps_cpp.hpp
[0.493s] -- Up-to-date: /home/amma/Kinova_gen2_rl/install/kinova_msgs/include/kinova_msgs/kinova_msgs/action
[0.493s] -- Up-to-date: /home/amma/Kinova_gen2_rl/install/kinova_msgs/include/kinova_msgs/kinova_msgs/action/detail
[0.493s] -- Up-to-date: /home/amma/Kinova_gen2_rl/install/kinova_msgs/include/kinova_msgs/kinova_msgs/action/detail/arm_joint_angles__rosidl_typesupport_fastrtps_cpp.hpp
[0.493s] -- Up-to-date: /home/amma/Kinova_gen2_rl/install/kinova_msgs/include/kinova_msgs/kinova_msgs/action/detail/dds_fastrtps
[0.493s] -- Up-to-date: /home/amma/Kinova_gen2_rl/install/kinova_msgs/include/kinova_msgs/kinova_msgs/action/detail/arm_pose__rosidl_typesupport_fastrtps_cpp.hpp
[0.493s] -- Up-to-date: /home/amma/Kinova_gen2_rl/install/kinova_msgs/include/kinova_msgs/kinova_msgs/action/detail/arm_kinova_pose__rosidl_typesupport_fastrtps_cpp.hpp
[0.493s] -- Up-to-date: /home/amma/Kinova_gen2_rl/install/kinova_msgs/include/kinova_msgs/kinova_msgs/action/detail/set_fingers_position__rosidl_typesupport_fastrtps_cpp.hpp
[0.493s] -- Up-to-date: /home/amma/Kinova_gen2_rl/install/kinova_msgs/include/kinova_msgs/kinova_msgs/srv
[0.493s] -- Up-to-date: /home/amma/Kinova_gen2_rl/install/kinova_msgs/include/kinova_msgs/kinova_msgs/srv/detail
[0.493s] -- Up-to-date: /home/amma/Kinova_gen2_rl/install/kinova_msgs/include/kinova_msgs/kinova_msgs/srv/detail/set_torque_control_mode__rosidl_typesupport_fastrtps_cpp.hpp
[0.493s] -- Up-to-date: /home/amma/Kinova_gen2_rl/install/kinova_msgs/include/kinova_msgs/kinova_msgs/srv/detail/set_force_control_params__rosidl_typesupport_fastrtps_cpp.hpp
[0.493s] -- Up-to-date: /home/amma/Kinova_gen2_rl/install/kinova_msgs/include/kinova_msgs/kinova_msgs/srv/detail/dds_fastrtps
[0.493s] -- Up-to-date: /home/amma/Kinova_gen2_rl/install/kinova_msgs/include/kinova_msgs/kinova_msgs/srv/detail/clear_trajectories__rosidl_typesupport_fastrtps_cpp.hpp
[0.493s] -- Up-to-date: /home/amma/Kinova_gen2_rl/install/kinova_msgs/include/kinova_msgs/kinova_msgs/srv/detail/set_end_effector_offset__rosidl_typesupport_fastrtps_cpp.hpp
[0.493s] -- Up-to-date: /home/amma/Kinova_gen2_rl/install/kinova_msgs/include/kinova_msgs/kinova_msgs/srv/detail/run_com_parameters_estimation__rosidl_typesupport_fastrtps_cpp.hpp
[0.493s] -- Up-to-date: /home/amma/Kinova_gen2_rl/install/kinova_msgs/include/kinova_msgs/kinova_msgs/srv/detail/zero_torques__rosidl_typesupport_fastrtps_cpp.hpp
[0.493s] -- Up-to-date: /home/amma/Kinova_gen2_rl/install/kinova_msgs/include/kinova_msgs/kinova_msgs/srv/detail/add_pose_to_cartesian_trajectory__rosidl_typesupport_fastrtps_cpp.hpp
[0.493s] -- Up-to-date: /home/amma/Kinova_gen2_rl/install/kinova_msgs/include/kinova_msgs/kinova_msgs/srv/detail/stop__rosidl_typesupport_fastrtps_cpp.hpp
[0.493s] -- Up-to-date: /home/amma/Kinova_gen2_rl/install/kinova_msgs/include/kinova_msgs/kinova_msgs/srv/detail/set_null_space_mode_state__rosidl_typesupport_fastrtps_cpp.hpp
[0.493s] -- Up-to-date: /home/amma/Kinova_gen2_rl/install/kinova_msgs/include/kinova_msgs/kinova_msgs/srv/detail/start__rosidl_typesupport_fastrtps_cpp.hpp
[0.493s] -- Up-to-date: /home/amma/Kinova_gen2_rl/install/kinova_msgs/include/kinova_msgs/kinova_msgs/srv/detail/home_arm__rosidl_typesupport_fastrtps_cpp.hpp
[0.493s] -- Up-to-date: /home/amma/Kinova_gen2_rl/install/kinova_msgs/include/kinova_msgs/kinova_msgs/srv/detail/set_torque_control_parameters__rosidl_typesupport_fastrtps_cpp.hpp
[0.493s] -- Up-to-date: /home/amma/Kinova_gen2_rl/install/kinova_msgs/lib/libkinova_msgs__rosidl_typesupport_fastrtps_cpp.so
[0.493s] -- Up-to-date: /home/amma/Kinova_gen2_rl/install/kinova_msgs/include/kinova_msgs/kinova_msgs
[0.493s] -- Up-to-date: /home/amma/Kinova_gen2_rl/install/kinova_msgs/include/kinova_msgs/kinova_msgs/msg
[0.493s] -- Up-to-date: /home/amma/Kinova_gen2_rl/install/kinova_msgs/include/kinova_msgs/kinova_msgs/msg/rosidl_typesupport_introspection_c__visibility_control.h
[0.493s] -- Up-to-date: /home/amma/Kinova_gen2_rl/install/kinova_msgs/include/kinova_msgs/kinova_msgs/msg/detail
[0.493s] -- Up-to-date: /home/amma/Kinova_gen2_rl/install/kinova_msgs/include/kinova_msgs/kinova_msgs/msg/detail/kinova_pose__type_support.c
[0.493s] -- Up-to-date: /home/amma/Kinova_gen2_rl/install/kinova_msgs/include/kinova_msgs/kinova_msgs/msg/detail/pose_velocity_with_finger_velocity__rosidl_typesupport_introspection_c.h
[0.494s] -- Up-to-date: /home/amma/Kinova_gen2_rl/install/kinova_msgs/include/kinova_msgs/kinova_msgs/msg/detail/joint_angles__type_support.c
[0.494s] -- Up-to-date: /home/amma/Kinova_gen2_rl/install/kinova_msgs/include/kinova_msgs/kinova_msgs/msg/detail/pose_velocity_with_fingers__rosidl_typesupport_introspection_c.h
[0.494s] -- Up-to-date: /home/amma/Kinova_gen2_rl/install/kinova_msgs/include/kinova_msgs/kinova_msgs/msg/detail/pose_velocity_with_fingers__type_support.c
[0.494s] -- Up-to-date: /home/amma/Kinova_gen2_rl/install/kinova_msgs/include/kinova_msgs/kinova_msgs/msg/detail/cartesian_force__rosidl_typesupport_introspection_c.h
[0.494s] -- Up-to-date: /home/amma/Kinova_gen2_rl/install/kinova_msgs/include/kinova_msgs/kinova_msgs/msg/detail/pose_velocity_with_finger_velocity__type_support.c
[0.494s] -- Up-to-date: /home/amma/Kinova_gen2_rl/install/kinova_msgs/include/kinova_msgs/kinova_msgs/msg/detail/finger_position__type_support.c
[0.494s] -- Up-to-date: /home/amma/Kinova_gen2_rl/install/kinova_msgs/include/kinova_msgs/kinova_msgs/msg/detail/joint_torque__rosidl_typesupport_introspection_c.h
[0.494s] -- Up-to-date: /home/amma/Kinova_gen2_rl/install/kinova_msgs/include/kinova_msgs/kinova_msgs/msg/detail/joint_velocity__rosidl_typesupport_introspection_c.h
[0.494s] -- Up-to-date: /home/amma/Kinova_gen2_rl/install/kinova_msgs/include/kinova_msgs/kinova_msgs/msg/detail/joint_velocity__type_support.c
[0.494s] -- Up-to-date: /home/amma/Kinova_gen2_rl/install/kinova_msgs/include/kinova_msgs/kinova_msgs/msg/detail/joint_torque__type_support.c
[0.494s] -- Up-to-date: /home/amma/Kinova_gen2_rl/install/kinova_msgs/include/kinova_msgs/kinova_msgs/msg/detail/pose_velocity__rosidl_typesupport_introspection_c.h
[0.494s] -- Up-to-date: /home/amma/Kinova_gen2_rl/install/kinova_msgs/include/kinova_msgs/kinova_msgs/msg/detail/finger_position__rosidl_typesupport_introspection_c.h
[0.494s] -- Up-to-date: /home/amma/Kinova_gen2_rl/install/kinova_msgs/include/kinova_msgs/kinova_msgs/msg/detail/joint_angles__rosidl_typesupport_introspection_c.h
[0.494s] -- Up-to-date: /home/amma/Kinova_gen2_rl/install/kinova_msgs/include/kinova_msgs/kinova_msgs/msg/detail/pose_velocity__type_support.c
[0.494s] -- Up-to-date: /home/amma/Kinova_gen2_rl/install/kinova_msgs/include/kinova_msgs/kinova_msgs/msg/detail/cartesian_force__type_support.c
[0.494s] -- Up-to-date: /home/amma/Kinova_gen2_rl/install/kinova_msgs/include/kinova_msgs/kinova_msgs/msg/detail/kinova_pose__rosidl_typesupport_introspection_c.h
[0.494s] -- Up-to-date: /home/amma/Kinova_gen2_rl/install/kinova_msgs/include/kinova_msgs/kinova_msgs/action
[0.494s] -- Up-to-date: /home/amma/Kinova_gen2_rl/install/kinova_msgs/include/kinova_msgs/kinova_msgs/action/detail
[0.494s] -- Up-to-date: /home/amma/Kinova_gen2_rl/install/kinova_msgs/include/kinova_msgs/kinova_msgs/action/detail/set_fingers_position__type_support.c
[0.494s] -- Up-to-date: /home/amma/Kinova_gen2_rl/install/kinova_msgs/include/kinova_msgs/kinova_msgs/action/detail/arm_pose__type_support.c
[0.494s] -- Up-to-date: /home/amma/Kinova_gen2_rl/install/kinova_msgs/include/kinova_msgs/kinova_msgs/action/detail/arm_kinova_pose__rosidl_typesupport_introspection_c.h
[0.494s] -- Up-to-date: /home/amma/Kinova_gen2_rl/install/kinova_msgs/include/kinova_msgs/kinova_msgs/action/detail/arm_joint_angles__rosidl_typesupport_introspection_c.h
[0.494s] -- Up-to-date: /home/amma/Kinova_gen2_rl/install/kinova_msgs/include/kinova_msgs/kinova_msgs/action/detail/arm_pose__rosidl_typesupport_introspection_c.h
[0.494s] -- Up-to-date: /home/amma/Kinova_gen2_rl/install/kinova_msgs/include/kinova_msgs/kinova_msgs/action/detail/set_fingers_position__rosidl_typesupport_introspection_c.h
[0.494s] -- Up-to-date: /home/amma/Kinova_gen2_rl/install/kinova_msgs/include/kinova_msgs/kinova_msgs/action/detail/arm_kinova_pose__type_support.c
[0.494s] -- Up-to-date: /home/amma/Kinova_gen2_rl/install/kinova_msgs/include/kinova_msgs/kinova_msgs/action/detail/arm_joint_angles__type_support.c
[0.494s] -- Up-to-date: /home/amma/Kinova_gen2_rl/install/kinova_msgs/include/kinova_msgs/kinova_msgs/srv
[0.494s] -- Up-to-date: /home/amma/Kinova_gen2_rl/install/kinova_msgs/include/kinova_msgs/kinova_msgs/srv/detail
[0.494s] -- Up-to-date: /home/amma/Kinova_gen2_rl/install/kinova_msgs/include/kinova_msgs/kinova_msgs/srv/detail/stop__rosidl_typesupport_introspection_c.h
[0.495s] -- Up-to-date: /home/amma/Kinova_gen2_rl/install/kinova_msgs/include/kinova_msgs/kinova_msgs/srv/detail/set_force_control_params__rosidl_typesupport_introspection_c.h
[0.495s] -- Up-to-date: /home/amma/Kinova_gen2_rl/install/kinova_msgs/include/kinova_msgs/kinova_msgs/srv/detail/run_com_parameters_estimation__type_support.c
[0.495s] -- Up-to-date: /home/amma/Kinova_gen2_rl/install/kinova_msgs/include/kinova_msgs/kinova_msgs/srv/detail/start__type_support.c
[0.495s] -- Up-to-date: /home/amma/Kinova_gen2_rl/install/kinova_msgs/include/kinova_msgs/kinova_msgs/srv/detail/home_arm__rosidl_typesupport_introspection_c.h
[0.495s] -- Up-to-date: /home/amma/Kinova_gen2_rl/install/kinova_msgs/include/kinova_msgs/kinova_msgs/srv/detail/add_pose_to_cartesian_trajectory__rosidl_typesupport_introspection_c.h
[0.495s] -- Up-to-date: /home/amma/Kinova_gen2_rl/install/kinova_msgs/include/kinova_msgs/kinova_msgs/srv/detail/add_pose_to_cartesian_trajectory__type_support.c
[0.495s] -- Up-to-date: /home/amma/Kinova_gen2_rl/install/kinova_msgs/include/kinova_msgs/kinova_msgs/srv/detail/clear_trajectories__rosidl_typesupport_introspection_c.h
[0.495s] -- Up-to-date: /home/amma/Kinova_gen2_rl/install/kinova_msgs/include/kinova_msgs/kinova_msgs/srv/detail/set_null_space_mode_state__type_support.c
[0.495s] -- Up-to-date: /home/amma/Kinova_gen2_rl/install/kinova_msgs/include/kinova_msgs/kinova_msgs/srv/detail/zero_torques__type_support.c
[0.495s] -- Up-to-date: /home/amma/Kinova_gen2_rl/install/kinova_msgs/include/kinova_msgs/kinova_msgs/srv/detail/start__rosidl_typesupport_introspection_c.h
[0.495s] -- Up-to-date: /home/amma/Kinova_gen2_rl/install/kinova_msgs/include/kinova_msgs/kinova_msgs/srv/detail/set_end_effector_offset__rosidl_typesupport_introspection_c.h
[0.495s] -- Up-to-date: /home/amma/Kinova_gen2_rl/install/kinova_msgs/include/kinova_msgs/kinova_msgs/srv/detail/set_torque_control_mode__type_support.c
[0.495s] -- Up-to-date: /home/amma/Kinova_gen2_rl/install/kinova_msgs/include/kinova_msgs/kinova_msgs/srv/detail/set_end_effector_offset__type_support.c
[0.495s] -- Up-to-date: /home/amma/Kinova_gen2_rl/install/kinova_msgs/include/kinova_msgs/kinova_msgs/srv/detail/set_null_space_mode_state__rosidl_typesupport_introspection_c.h
[0.495s] -- Up-to-date: /home/amma/Kinova_gen2_rl/install/kinova_msgs/include/kinova_msgs/kinova_msgs/srv/detail/set_torque_control_parameters__rosidl_typesupport_introspection_c.h
[0.495s] -- Up-to-date: /home/amma/Kinova_gen2_rl/install/kinova_msgs/include/kinova_msgs/kinova_msgs/srv/detail/set_force_control_params__type_support.c
[0.495s] -- Up-to-date: /home/amma/Kinova_gen2_rl/install/kinova_msgs/include/kinova_msgs/kinova_msgs/srv/detail/clear_trajectories__type_support.c
[0.495s] -- Up-to-date: /home/amma/Kinova_gen2_rl/install/kinova_msgs/include/kinova_msgs/kinova_msgs/srv/detail/home_arm__type_support.c
[0.495s] -- Up-to-date: /home/amma/Kinova_gen2_rl/install/kinova_msgs/include/kinova_msgs/kinova_msgs/srv/detail/stop__type_support.c
[0.495s] -- Up-to-date: /home/amma/Kinova_gen2_rl/install/kinova_msgs/include/kinova_msgs/kinova_msgs/srv/detail/zero_torques__rosidl_typesupport_introspection_c.h
[0.495s] -- Up-to-date: /home/amma/Kinova_gen2_rl/install/kinova_msgs/include/kinova_msgs/kinova_msgs/srv/detail/set_torque_control_mode__rosidl_typesupport_introspection_c.h
[0.495s] -- Up-to-date: /home/amma/Kinova_gen2_rl/install/kinova_msgs/include/kinova_msgs/kinova_msgs/srv/detail/run_com_parameters_estimation__rosidl_typesupport_introspection_c.h
[0.495s] -- Up-to-date: /home/amma/Kinova_gen2_rl/install/kinova_msgs/include/kinova_msgs/kinova_msgs/srv/detail/set_torque_control_parameters__type_support.c
[0.495s] -- Up-to-date: /home/amma/Kinova_gen2_rl/install/kinova_msgs/lib/libkinova_msgs__rosidl_typesupport_introspection_c.so
[0.495s] -- Up-to-date: /home/amma/Kinova_gen2_rl/install/kinova_msgs/lib/libkinova_msgs__rosidl_typesupport_c.so
[0.496s] -- Up-to-date: /home/amma/Kinova_gen2_rl/install/kinova_msgs/include/kinova_msgs/kinova_msgs
[0.496s] -- Up-to-date: /home/amma/Kinova_gen2_rl/install/kinova_msgs/include/kinova_msgs/kinova_msgs/msg
[0.496s] -- Up-to-date: /home/amma/Kinova_gen2_rl/install/kinova_msgs/include/kinova_msgs/kinova_msgs/msg/detail
[0.496s] -- Up-to-date: /home/amma/Kinova_gen2_rl/install/kinova_msgs/include/kinova_msgs/kinova_msgs/msg/detail/joint_angles__rosidl_typesupport_introspection_cpp.hpp
[0.496s] -- Up-to-date: /home/amma/Kinova_gen2_rl/install/kinova_msgs/include/kinova_msgs/kinova_msgs/msg/detail/joint_torque__type_support.cpp
[0.496s] -- Up-to-date: /home/amma/Kinova_gen2_rl/install/kinova_msgs/include/kinova_msgs/kinova_msgs/msg/detail/finger_position__type_support.cpp
[0.496s] -- Up-to-date: /home/amma/Kinova_gen2_rl/install/kinova_msgs/include/kinova_msgs/kinova_msgs/msg/detail/joint_angles__type_support.cpp
[0.496s] -- Up-to-date: /home/amma/Kinova_gen2_rl/install/kinova_msgs/include/kinova_msgs/kinova_msgs/msg/detail/joint_velocity__type_support.cpp
[0.496s] -- Up-to-date: /home/amma/Kinova_gen2_rl/install/kinova_msgs/include/kinova_msgs/kinova_msgs/msg/detail/joint_torque__rosidl_typesupport_introspection_cpp.hpp
[0.496s] -- Up-to-date: /home/amma/Kinova_gen2_rl/install/kinova_msgs/include/kinova_msgs/kinova_msgs/msg/detail/cartesian_force__rosidl_typesupport_introspection_cpp.hpp
[0.496s] -- Up-to-date: /home/amma/Kinova_gen2_rl/install/kinova_msgs/include/kinova_msgs/kinova_msgs/msg/detail/kinova_pose__type_support.cpp
[0.496s] -- Up-to-date: /home/amma/Kinova_gen2_rl/install/kinova_msgs/include/kinova_msgs/kinova_msgs/msg/detail/pose_velocity__rosidl_typesupport_introspection_cpp.hpp
[0.496s] -- Up-to-date: /home/amma/Kinova_gen2_rl/install/kinova_msgs/include/kinova_msgs/kinova_msgs/msg/detail/joint_velocity__rosidl_typesupport_introspection_cpp.hpp
[0.496s] -- Up-to-date: /home/amma/Kinova_gen2_rl/install/kinova_msgs/include/kinova_msgs/kinova_msgs/msg/detail/pose_velocity_with_fingers__type_support.cpp
[0.496s] -- Up-to-date: /home/amma/Kinova_gen2_rl/install/kinova_msgs/include/kinova_msgs/kinova_msgs/msg/detail/pose_velocity_with_fingers__rosidl_typesupport_introspection_cpp.hpp
[0.496s] -- Up-to-date: /home/amma/Kinova_gen2_rl/install/kinova_msgs/include/kinova_msgs/kinova_msgs/msg/detail/cartesian_force__type_support.cpp
[0.496s] -- Up-to-date: /home/amma/Kinova_gen2_rl/install/kinova_msgs/include/kinova_msgs/kinova_msgs/msg/detail/pose_velocity__type_support.cpp
[0.496s] -- Up-to-date: /home/amma/Kinova_gen2_rl/install/kinova_msgs/include/kinova_msgs/kinova_msgs/msg/detail/finger_position__rosidl_typesupport_introspection_cpp.hpp
[0.496s] -- Up-to-date: /home/amma/Kinova_gen2_rl/install/kinova_msgs/include/kinova_msgs/kinova_msgs/msg/detail/pose_velocity_with_finger_velocity__rosidl_typesupport_introspection_cpp.hpp
[0.496s] -- Up-to-date: /home/amma/Kinova_gen2_rl/install/kinova_msgs/include/kinova_msgs/kinova_msgs/msg/detail/kinova_pose__rosidl_typesupport_introspection_cpp.hpp
[0.496s] -- Up-to-date: /home/amma/Kinova_gen2_rl/install/kinova_msgs/include/kinova_msgs/kinova_msgs/msg/detail/pose_velocity_with_finger_velocity__type_support.cpp
[0.496s] -- Up-to-date: /home/amma/Kinova_gen2_rl/install/kinova_msgs/include/kinova_msgs/kinova_msgs/action
[0.496s] -- Up-to-date: /home/amma/Kinova_gen2_rl/install/kinova_msgs/include/kinova_msgs/kinova_msgs/action/detail
[0.496s] -- Up-to-date: /home/amma/Kinova_gen2_rl/install/kinova_msgs/include/kinova_msgs/kinova_msgs/action/detail/arm_pose__type_support.cpp
[0.496s] -- Up-to-date: /home/amma/Kinova_gen2_rl/install/kinova_msgs/include/kinova_msgs/kinova_msgs/action/detail/arm_kinova_pose__type_support.cpp
[0.496s] -- Up-to-date: /home/amma/Kinova_gen2_rl/install/kinova_msgs/include/kinova_msgs/kinova_msgs/action/detail/arm_joint_angles__rosidl_typesupport_introspection_cpp.hpp
[0.496s] -- Up-to-date: /home/amma/Kinova_gen2_rl/install/kinova_msgs/include/kinova_msgs/kinova_msgs/action/detail/arm_pose__rosidl_typesupport_introspection_cpp.hpp
[0.496s] -- Up-to-date: /home/amma/Kinova_gen2_rl/install/kinova_msgs/include/kinova_msgs/kinova_msgs/action/detail/arm_joint_angles__type_support.cpp
[0.496s] -- Up-to-date: /home/amma/Kinova_gen2_rl/install/kinova_msgs/include/kinova_msgs/kinova_msgs/action/detail/set_fingers_position__type_support.cpp
[0.497s] -- Up-to-date: /home/amma/Kinova_gen2_rl/install/kinova_msgs/include/kinova_msgs/kinova_msgs/action/detail/set_fingers_position__rosidl_typesupport_introspection_cpp.hpp
[0.497s] -- Up-to-date: /home/amma/Kinova_gen2_rl/install/kinova_msgs/include/kinova_msgs/kinova_msgs/action/detail/arm_kinova_pose__rosidl_typesupport_introspection_cpp.hpp
[0.497s] -- Up-to-date: /home/amma/Kinova_gen2_rl/install/kinova_msgs/include/kinova_msgs/kinova_msgs/srv
[0.497s] -- Up-to-date: /home/amma/Kinova_gen2_rl/install/kinova_msgs/include/kinova_msgs/kinova_msgs/srv/detail
[0.497s] -- Up-to-date: /home/amma/Kinova_gen2_rl/install/kinova_msgs/include/kinova_msgs/kinova_msgs/srv/detail/set_force_control_params__type_support.cpp
[0.497s] -- Up-to-date: /home/amma/Kinova_gen2_rl/install/kinova_msgs/include/kinova_msgs/kinova_msgs/srv/detail/clear_trajectories__rosidl_typesupport_introspection_cpp.hpp
[0.497s] -- Up-to-date: /home/amma/Kinova_gen2_rl/install/kinova_msgs/include/kinova_msgs/kinova_msgs/srv/detail/set_force_control_params__rosidl_typesupport_introspection_cpp.hpp
[0.497s] -- Up-to-date: /home/amma/Kinova_gen2_rl/install/kinova_msgs/include/kinova_msgs/kinova_msgs/srv/detail/zero_torques__rosidl_typesupport_introspection_cpp.hpp
[0.497s] -- Up-to-date: /home/amma/Kinova_gen2_rl/install/kinova_msgs/include/kinova_msgs/kinova_msgs/srv/detail/add_pose_to_cartesian_trajectory__type_support.cpp
[0.497s] -- Up-to-date: /home/amma/Kinova_gen2_rl/install/kinova_msgs/include/kinova_msgs/kinova_msgs/srv/detail/set_null_space_mode_state__rosidl_typesupport_introspection_cpp.hpp
[0.497s] -- Up-to-date: /home/amma/Kinova_gen2_rl/install/kinova_msgs/include/kinova_msgs/kinova_msgs/srv/detail/set_torque_control_mode__type_support.cpp
[0.497s] -- Up-to-date: /home/amma/Kinova_gen2_rl/install/kinova_msgs/include/kinova_msgs/kinova_msgs/srv/detail/home_arm__rosidl_typesupport_introspection_cpp.hpp
[0.497s] -- Up-to-date: /home/amma/Kinova_gen2_rl/install/kinova_msgs/include/kinova_msgs/kinova_msgs/srv/detail/clear_trajectories__type_support.cpp
[0.497s] -- Up-to-date: /home/amma/Kinova_gen2_rl/install/kinova_msgs/include/kinova_msgs/kinova_msgs/srv/detail/run_com_parameters_estimation__type_support.cpp
[0.497s] -- Up-to-date: /home/amma/Kinova_gen2_rl/install/kinova_msgs/include/kinova_msgs/kinova_msgs/srv/detail/stop__rosidl_typesupport_introspection_cpp.hpp
[0.497s] -- Up-to-date: /home/amma/Kinova_gen2_rl/install/kinova_msgs/include/kinova_msgs/kinova_msgs/srv/detail/set_end_effector_offset__rosidl_typesupport_introspection_cpp.hpp
[0.497s] -- Up-to-date: /home/amma/Kinova_gen2_rl/install/kinova_msgs/include/kinova_msgs/kinova_msgs/srv/detail/zero_torques__type_support.cpp
[0.497s] -- Up-to-date: /home/amma/Kinova_gen2_rl/install/kinova_msgs/include/kinova_msgs/kinova_msgs/srv/detail/set_torque_control_mode__rosidl_typesupport_introspection_cpp.hpp
[0.497s] -- Up-to-date: /home/amma/Kinova_gen2_rl/install/kinova_msgs/include/kinova_msgs/kinova_msgs/srv/detail/stop__type_support.cpp
[0.497s] -- Up-to-date: /home/amma/Kinova_gen2_rl/install/kinova_msgs/include/kinova_msgs/kinova_msgs/srv/detail/set_torque_control_parameters__rosidl_typesupport_introspection_cpp.hpp
[0.497s] -- Up-to-date: /home/amma/Kinova_gen2_rl/install/kinova_msgs/include/kinova_msgs/kinova_msgs/srv/detail/set_torque_control_parameters__type_support.cpp
[0.497s] -- Up-to-date: /home/amma/Kinova_gen2_rl/install/kinova_msgs/include/kinova_msgs/kinova_msgs/srv/detail/start__rosidl_typesupport_introspection_cpp.hpp
[0.497s] -- Up-to-date: /home/amma/Kinova_gen2_rl/install/kinova_msgs/include/kinova_msgs/kinova_msgs/srv/detail/home_arm__type_support.cpp
[0.497s] -- Up-to-date: /home/amma/Kinova_gen2_rl/install/kinova_msgs/include/kinova_msgs/kinova_msgs/srv/detail/add_pose_to_cartesian_trajectory__rosidl_typesupport_introspection_cpp.hpp
[0.497s] -- Up-to-date: /home/amma/Kinova_gen2_rl/install/kinova_msgs/include/kinova_msgs/kinova_msgs/srv/detail/set_end_effector_offset__type_support.cpp
[0.497s] -- Up-to-date: /home/amma/Kinova_gen2_rl/install/kinova_msgs/include/kinova_msgs/kinova_msgs/srv/detail/run_com_parameters_estimation__rosidl_typesupport_introspection_cpp.hpp
[0.497s] -- Up-to-date: /home/amma/Kinova_gen2_rl/install/kinova_msgs/include/kinova_msgs/kinova_msgs/srv/detail/set_null_space_mode_state__type_support.cpp
[0.497s] -- Up-to-date: /home/amma/Kinova_gen2_rl/install/kinova_msgs/include/kinova_msgs/kinova_msgs/srv/detail/start__type_support.cpp
[0.497s] -- Up-to-date: /home/amma/Kinova_gen2_rl/install/kinova_msgs/lib/libkinova_msgs__rosidl_typesupport_introspection_cpp.so
[0.498s] -- Up-to-date: /home/amma/Kinova_gen2_rl/install/kinova_msgs/lib/libkinova_msgs__rosidl_typesupport_cpp.so
[0.498s] -- Up-to-date: /home/amma/Kinova_gen2_rl/install/kinova_msgs/share/kinova_msgs/environment/pythonpath.sh
[0.498s] -- Up-to-date: /home/amma/Kinova_gen2_rl/install/kinova_msgs/share/kinova_msgs/environment/pythonpath.dsv
[0.498s] -- Up-to-date: /home/amma/Kinova_gen2_rl/install/kinova_msgs/local/lib/python3.10/dist-packages/kinova_msgs-0.0.1-py3.10.egg-info
[0.498s] -- Installing: /home/amma/Kinova_gen2_rl/install/kinova_msgs/local/lib/python3.10/dist-packages/kinova_msgs-0.0.1-py3.10.egg-info/top_level.txt
[0.498s] -- Installing: /home/amma/Kinova_gen2_rl/install/kinova_msgs/local/lib/python3.10/dist-packages/kinova_msgs-0.0.1-py3.10.egg-info/SOURCES.txt
[0.498s] -- Installing: /home/amma/Kinova_gen2_rl/install/kinova_msgs/local/lib/python3.10/dist-packages/kinova_msgs-0.0.1-py3.10.egg-info/dependency_links.txt
[0.498s] -- Installing: /home/amma/Kinova_gen2_rl/install/kinova_msgs/local/lib/python3.10/dist-packages/kinova_msgs-0.0.1-py3.10.egg-info/PKG-INFO
[0.498s] -- Up-to-date: /home/amma/Kinova_gen2_rl/install/kinova_msgs/local/lib/python3.10/dist-packages/kinova_msgs
[0.498s] -- Up-to-date: /home/amma/Kinova_gen2_rl/install/kinova_msgs/local/lib/python3.10/dist-packages/kinova_msgs/msg
[0.498s] -- Up-to-date: /home/amma/Kinova_gen2_rl/install/kinova_msgs/local/lib/python3.10/dist-packages/kinova_msgs/msg/_kinova_pose.py
[0.498s] -- Up-to-date: /home/amma/Kinova_gen2_rl/install/kinova_msgs/local/lib/python3.10/dist-packages/kinova_msgs/msg/_joint_torque.py
[0.498s] -- Up-to-date: /home/amma/Kinova_gen2_rl/install/kinova_msgs/local/lib/python3.10/dist-packages/kinova_msgs/msg/_pose_velocity_with_finger_velocity_s.c
[0.498s] -- Up-to-date: /home/amma/Kinova_gen2_rl/install/kinova_msgs/local/lib/python3.10/dist-packages/kinova_msgs/msg/_finger_position_s.c
[0.498s] -- Up-to-date: /home/amma/Kinova_gen2_rl/install/kinova_msgs/local/lib/python3.10/dist-packages/kinova_msgs/msg/_joint_velocity.py
[0.498s] -- Up-to-date: /home/amma/Kinova_gen2_rl/install/kinova_msgs/local/lib/python3.10/dist-packages/kinova_msgs/msg/_pose_velocity.py
[0.498s] -- Up-to-date: /home/amma/Kinova_gen2_rl/install/kinova_msgs/local/lib/python3.10/dist-packages/kinova_msgs/msg/_joint_torque_s.c
[0.498s] -- Up-to-date: /home/amma/Kinova_gen2_rl/install/kinova_msgs/local/lib/python3.10/dist-packages/kinova_msgs/msg/_joint_velocity_s.c
[0.498s] -- Up-to-date: /home/amma/Kinova_gen2_rl/install/kinova_msgs/local/lib/python3.10/dist-packages/kinova_msgs/msg/_pose_velocity_s.c
[0.498s] -- Up-to-date: /home/amma/Kinova_gen2_rl/install/kinova_msgs/local/lib/python3.10/dist-packages/kinova_msgs/msg/_finger_position.py
[0.498s] -- Up-to-date: /home/amma/Kinova_gen2_rl/install/kinova_msgs/local/lib/python3.10/dist-packages/kinova_msgs/msg/_cartesian_force.py
[0.498s] -- Up-to-date: /home/amma/Kinova_gen2_rl/install/kinova_msgs/local/lib/python3.10/dist-packages/kinova_msgs/msg/_kinova_pose_s.c
[0.498s] -- Up-to-date: /home/amma/Kinova_gen2_rl/install/kinova_msgs/local/lib/python3.10/dist-packages/kinova_msgs/msg/_pose_velocity_with_fingers.py
[0.498s] -- Up-to-date: /home/amma/Kinova_gen2_rl/install/kinova_msgs/local/lib/python3.10/dist-packages/kinova_msgs/msg/__init__.py
[0.498s] -- Up-to-date: /home/amma/Kinova_gen2_rl/install/kinova_msgs/local/lib/python3.10/dist-packages/kinova_msgs/msg/_pose_velocity_with_fingers_s.c
[0.498s] -- Up-to-date: /home/amma/Kinova_gen2_rl/install/kinova_msgs/local/lib/python3.10/dist-packages/kinova_msgs/msg/_joint_angles_s.c
[0.498s] -- Up-to-date: /home/amma/Kinova_gen2_rl/install/kinova_msgs/local/lib/python3.10/dist-packages/kinova_msgs/msg/_pose_velocity_with_finger_velocity.py
[0.499s] -- Up-to-date: /home/amma/Kinova_gen2_rl/install/kinova_msgs/local/lib/python3.10/dist-packages/kinova_msgs/msg/_cartesian_force_s.c
[0.499s] -- Up-to-date: /home/amma/Kinova_gen2_rl/install/kinova_msgs/local/lib/python3.10/dist-packages/kinova_msgs/msg/_joint_angles.py
[0.499s] -- Up-to-date: /home/amma/Kinova_gen2_rl/install/kinova_msgs/local/lib/python3.10/dist-packages/kinova_msgs/_kinova_msgs_s.ep.rosidl_typesupport_introspection_c.c
[0.499s] -- Up-to-date: /home/amma/Kinova_gen2_rl/install/kinova_msgs/local/lib/python3.10/dist-packages/kinova_msgs/action
[0.499s] -- Up-to-date: /home/amma/Kinova_gen2_rl/install/kinova_msgs/local/lib/python3.10/dist-packages/kinova_msgs/action/_arm_joint_angles_s.c
[0.499s] -- Up-to-date: /home/amma/Kinova_gen2_rl/install/kinova_msgs/local/lib/python3.10/dist-packages/kinova_msgs/action/_arm_kinova_pose_s.c
[0.499s] -- Up-to-date: /home/amma/Kinova_gen2_rl/install/kinova_msgs/local/lib/python3.10/dist-packages/kinova_msgs/action/_set_fingers_position_s.c
[0.499s] -- Up-to-date: /home/amma/Kinova_gen2_rl/install/kinova_msgs/local/lib/python3.10/dist-packages/kinova_msgs/action/_arm_pose_s.c
[0.499s] -- Up-to-date: /home/amma/Kinova_gen2_rl/install/kinova_msgs/local/lib/python3.10/dist-packages/kinova_msgs/action/_arm_kinova_pose.py
[0.499s] -- Up-to-date: /home/amma/Kinova_gen2_rl/install/kinova_msgs/local/lib/python3.10/dist-packages/kinova_msgs/action/__init__.py
[0.499s] -- Up-to-date: /home/amma/Kinova_gen2_rl/install/kinova_msgs/local/lib/python3.10/dist-packages/kinova_msgs/action/_set_fingers_position.py
[0.499s] -- Up-to-date: /home/amma/Kinova_gen2_rl/install/kinova_msgs/local/lib/python3.10/dist-packages/kinova_msgs/action/_arm_joint_angles.py
[0.499s] -- Up-to-date: /home/amma/Kinova_gen2_rl/install/kinova_msgs/local/lib/python3.10/dist-packages/kinova_msgs/action/_arm_pose.py
[0.499s] -- Up-to-date: /home/amma/Kinova_gen2_rl/install/kinova_msgs/local/lib/python3.10/dist-packages/kinova_msgs/libkinova_msgs__rosidl_generator_py.so
[0.499s] -- Up-to-date: /home/amma/Kinova_gen2_rl/install/kinova_msgs/local/lib/python3.10/dist-packages/kinova_msgs/srv
[0.499s] -- Up-to-date: /home/amma/Kinova_gen2_rl/install/kinova_msgs/local/lib/python3.10/dist-packages/kinova_msgs/srv/_add_pose_to_cartesian_trajectory.py
[0.499s] -- Up-to-date: /home/amma/Kinova_gen2_rl/install/kinova_msgs/local/lib/python3.10/dist-packages/kinova_msgs/srv/_set_end_effector_offset.py
[0.499s] -- Up-to-date: /home/amma/Kinova_gen2_rl/install/kinova_msgs/local/lib/python3.10/dist-packages/kinova_msgs/srv/_set_force_control_params.py
[0.499s] -- Up-to-date: /home/amma/Kinova_gen2_rl/install/kinova_msgs/local/lib/python3.10/dist-packages/kinova_msgs/srv/_set_torque_control_mode_s.c
[0.499s] -- Up-to-date: /home/amma/Kinova_gen2_rl/install/kinova_msgs/local/lib/python3.10/dist-packages/kinova_msgs/srv/_set_end_effector_offset_s.c
[0.499s] -- Up-to-date: /home/amma/Kinova_gen2_rl/install/kinova_msgs/local/lib/python3.10/dist-packages/kinova_msgs/srv/_stop.py
[0.499s] -- Up-to-date: /home/amma/Kinova_gen2_rl/install/kinova_msgs/local/lib/python3.10/dist-packages/kinova_msgs/srv/_set_torque_control_parameters.py
[0.500s] -- Up-to-date: /home/amma/Kinova_gen2_rl/install/kinova_msgs/local/lib/python3.10/dist-packages/kinova_msgs/srv/_start.py
[0.500s] -- Up-to-date: /home/amma/Kinova_gen2_rl/install/kinova_msgs/local/lib/python3.10/dist-packages/kinova_msgs/srv/_zero_torques_s.c
[0.500s] -- Up-to-date: /home/amma/Kinova_gen2_rl/install/kinova_msgs/local/lib/python3.10/dist-packages/kinova_msgs/srv/_clear_trajectories.py
[0.500s] -- Up-to-date: /home/amma/Kinova_gen2_rl/install/kinova_msgs/local/lib/python3.10/dist-packages/kinova_msgs/srv/_set_torque_control_mode.py
[0.500s] -- Up-to-date: /home/amma/Kinova_gen2_rl/install/kinova_msgs/local/lib/python3.10/dist-packages/kinova_msgs/srv/_start_s.c
[0.500s] -- Up-to-date: /home/amma/Kinova_gen2_rl/install/kinova_msgs/local/lib/python3.10/dist-packages/kinova_msgs/srv/_home_arm.py
[0.500s] -- Up-to-date: /home/amma/Kinova_gen2_rl/install/kinova_msgs/local/lib/python3.10/dist-packages/kinova_msgs/srv/_set_force_control_params_s.c
[0.500s] -- Up-to-date: /home/amma/Kinova_gen2_rl/install/kinova_msgs/local/lib/python3.10/dist-packages/kinova_msgs/srv/_stop_s.c
[0.500s] -- Up-to-date: /home/amma/Kinova_gen2_rl/install/kinova_msgs/local/lib/python3.10/dist-packages/kinova_msgs/srv/_run_com_parameters_estimation_s.c
[0.500s] -- Up-to-date: /home/amma/Kinova_gen2_rl/install/kinova_msgs/local/lib/python3.10/dist-packages/kinova_msgs/srv/_set_null_space_mode_state_s.c
[0.500s] -- Up-to-date: /home/amma/Kinova_gen2_rl/install/kinova_msgs/local/lib/python3.10/dist-packages/kinova_msgs/srv/_zero_torques.py
[0.500s] -- Up-to-date: /home/amma/Kinova_gen2_rl/install/kinova_msgs/local/lib/python3.10/dist-packages/kinova_msgs/srv/_run_com_parameters_estimation.py
[0.500s] -- Up-to-date: /home/amma/Kinova_gen2_rl/install/kinova_msgs/local/lib/python3.10/dist-packages/kinova_msgs/srv/_add_pose_to_cartesian_trajectory_s.c
[0.500s] -- Up-to-date: /home/amma/Kinova_gen2_rl/install/kinova_msgs/local/lib/python3.10/dist-packages/kinova_msgs/srv/__init__.py
[0.500s] -- Up-to-date: /home/amma/Kinova_gen2_rl/install/kinova_msgs/local/lib/python3.10/dist-packages/kinova_msgs/srv/_clear_trajectories_s.c
[0.500s] -- Up-to-date: /home/amma/Kinova_gen2_rl/install/kinova_msgs/local/lib/python3.10/dist-packages/kinova_msgs/srv/_home_arm_s.c
[0.501s] -- Up-to-date: /home/amma/Kinova_gen2_rl/install/kinova_msgs/local/lib/python3.10/dist-packages/kinova_msgs/srv/_set_torque_control_parameters_s.c
[0.501s] -- Up-to-date: /home/amma/Kinova_gen2_rl/install/kinova_msgs/local/lib/python3.10/dist-packages/kinova_msgs/srv/_set_null_space_mode_state.py
[0.501s] -- Up-to-date: /home/amma/Kinova_gen2_rl/install/kinova_msgs/local/lib/python3.10/dist-packages/kinova_msgs/kinova_msgs_s__rosidl_typesupport_fastrtps_c.cpython-310-x86_64-linux-gnu.so
[0.501s] -- Up-to-date: /home/amma/Kinova_gen2_rl/install/kinova_msgs/local/lib/python3.10/dist-packages/kinova_msgs/_kinova_msgs_s.ep.rosidl_typesupport_c.c
[0.501s] -- Up-to-date: /home/amma/Kinova_gen2_rl/install/kinova_msgs/local/lib/python3.10/dist-packages/kinova_msgs/__init__.py
[0.501s] -- Up-to-date: /home/amma/Kinova_gen2_rl/install/kinova_msgs/local/lib/python3.10/dist-packages/kinova_msgs/kinova_msgs_s__rosidl_typesupport_introspection_c.cpython-310-x86_64-linux-gnu.so
[0.501s] -- Up-to-date: /home/amma/Kinova_gen2_rl/install/kinova_msgs/local/lib/python3.10/dist-packages/kinova_msgs/kinova_msgs_s__rosidl_typesupport_c.cpython-310-x86_64-linux-gnu.so
[0.501s] -- Up-to-date: /home/amma/Kinova_gen2_rl/install/kinova_msgs/local/lib/python3.10/dist-packages/kinova_msgs/_kinova_msgs_s.ep.rosidl_typesupport_fastrtps_c.c
[0.510s] Listing '/home/amma/Kinova_gen2_rl/install/kinova_msgs/local/lib/python3.10/dist-packages/kinova_msgs'...
[0.510s] Listing '/home/amma/Kinova_gen2_rl/install/kinova_msgs/local/lib/python3.10/dist-packages/kinova_msgs/action'...
[0.510s] Listing '/home/amma/Kinova_gen2_rl/install/kinova_msgs/local/lib/python3.10/dist-packages/kinova_msgs/msg'...
[0.510s] Listing '/home/amma/Kinova_gen2_rl/install/kinova_msgs/local/lib/python3.10/dist-packages/kinova_msgs/srv'...
[0.512s] -- Up-to-date: /home/amma/Kinova_gen2_rl/install/kinova_msgs/local/lib/python3.10/dist-packages/kinova_msgs/kinova_msgs_s__rosidl_typesupport_fastrtps_c.cpython-310-x86_64-linux-gnu.so
[0.513s] -- Up-to-date: /home/amma/Kinova_gen2_rl/install/kinova_msgs/local/lib/python3.10/dist-packages/kinova_msgs/kinova_msgs_s__rosidl_typesupport_introspection_c.cpython-310-x86_64-linux-gnu.so
[0.513s] -- Up-to-date: /home/amma/Kinova_gen2_rl/install/kinova_msgs/local/lib/python3.10/dist-packages/kinova_msgs/kinova_msgs_s__rosidl_typesupport_c.cpython-310-x86_64-linux-gnu.so
[0.513s] -- Up-to-date: /home/amma/Kinova_gen2_rl/install/kinova_msgs/lib/libkinova_msgs__rosidl_generator_py.so
[0.513s] -- Up-to-date: /home/amma/Kinova_gen2_rl/install/kinova_msgs/share/kinova_msgs/msg/FingerPosition.idl
[0.514s] -- Up-to-date: /home/amma/Kinova_gen2_rl/install/kinova_msgs/share/kinova_msgs/msg/JointAngles.idl
[0.514s] -- Up-to-date: /home/amma/Kinova_gen2_rl/install/kinova_msgs/share/kinova_msgs/msg/JointVelocity.idl
[0.514s] -- Up-to-date: /home/amma/Kinova_gen2_rl/install/kinova_msgs/share/kinova_msgs/msg/JointTorque.idl
[0.514s] -- Up-to-date: /home/amma/Kinova_gen2_rl/install/kinova_msgs/share/kinova_msgs/msg/KinovaPose.idl
[0.514s] -- Up-to-date: /home/amma/Kinova_gen2_rl/install/kinova_msgs/share/kinova_msgs/msg/PoseVelocity.idl
[0.514s] -- Up-to-date: /home/amma/Kinova_gen2_rl/install/kinova_msgs/share/kinova_msgs/msg/PoseVelocityWithFingers.idl
[0.514s] -- Up-to-date: /home/amma/Kinova_gen2_rl/install/kinova_msgs/share/kinova_msgs/msg/PoseVelocityWithFingerVelocity.idl
[0.514s] -- Up-to-date: /home/amma/Kinova_gen2_rl/install/kinova_msgs/share/kinova_msgs/msg/CartesianForce.idl
[0.514s] -- Up-to-date: /home/amma/Kinova_gen2_rl/install/kinova_msgs/share/kinova_msgs/srv/Start.idl
[0.514s] -- Up-to-date: /home/amma/Kinova_gen2_rl/install/kinova_msgs/share/kinova_msgs/srv/Stop.idl
[0.514s] -- Up-to-date: /home/amma/Kinova_gen2_rl/install/kinova_msgs/share/kinova_msgs/srv/HomeArm.idl
[0.515s] -- Up-to-date: /home/amma/Kinova_gen2_rl/install/kinova_msgs/share/kinova_msgs/srv/SetForceControlParams.idl
[0.515s] -- Up-to-date: /home/amma/Kinova_gen2_rl/install/kinova_msgs/share/kinova_msgs/srv/SetEndEffectorOffset.idl
[0.515s] -- Up-to-date: /home/amma/Kinova_gen2_rl/install/kinova_msgs/share/kinova_msgs/srv/SetNullSpaceModeState.idl
[0.515s] -- Up-to-date: /home/amma/Kinova_gen2_rl/install/kinova_msgs/share/kinova_msgs/srv/SetTorqueControlMode.idl
[0.515s] -- Up-to-date: /home/amma/Kinova_gen2_rl/install/kinova_msgs/share/kinova_msgs/srv/SetTorqueControlParameters.idl
[0.515s] -- Up-to-date: /home/amma/Kinova_gen2_rl/install/kinova_msgs/share/kinova_msgs/srv/ClearTrajectories.idl
[0.515s] -- Up-to-date: /home/amma/Kinova_gen2_rl/install/kinova_msgs/share/kinova_msgs/srv/ZeroTorques.idl
[0.515s] -- Up-to-date: /home/amma/Kinova_gen2_rl/install/kinova_msgs/share/kinova_msgs/srv/AddPoseToCartesianTrajectory.idl
[0.515s] -- Up-to-date: /home/amma/Kinova_gen2_rl/install/kinova_msgs/share/kinova_msgs/srv/RunCOMParametersEstimation.idl
[0.515s] -- Up-to-date: /home/amma/Kinova_gen2_rl/install/kinova_msgs/share/kinova_msgs/action/ArmJointAngles.idl
[0.515s] -- Up-to-date: /home/amma/Kinova_gen2_rl/install/kinova_msgs/share/kinova_msgs/action/ArmKinovaPose.idl
[0.515s] -- Up-to-date: /home/amma/Kinova_gen2_rl/install/kinova_msgs/share/kinova_msgs/action/ArmPose.idl
[0.515s] -- Up-to-date: /home/amma/Kinova_gen2_rl/install/kinova_msgs/share/kinova_msgs/action/SetFingersPosition.idl
[0.515s] -- Up-to-date: /home/amma/Kinova_gen2_rl/install/kinova_msgs/share/kinova_msgs/msg/FingerPosition.msg
[0.515s] -- Up-to-date: /home/amma/Kinova_gen2_rl/install/kinova_msgs/share/kinova_msgs/msg/JointAngles.msg
[0.516s] -- Up-to-date: /home/amma/Kinova_gen2_rl/install/kinova_msgs/share/kinova_msgs/msg/JointVelocity.msg
[0.516s] -- Up-to-date: /home/amma/Kinova_gen2_rl/install/kinova_msgs/share/kinova_msgs/msg/JointTorque.msg
[0.516s] -- Up-to-date: /home/amma/Kinova_gen2_rl/install/kinova_msgs/share/kinova_msgs/msg/KinovaPose.msg
[0.516s] -- Up-to-date: /home/amma/Kinova_gen2_rl/install/kinova_msgs/share/kinova_msgs/msg/PoseVelocity.msg
[0.516s] -- Up-to-date: /home/amma/Kinova_gen2_rl/install/kinova_msgs/share/kinova_msgs/msg/PoseVelocityWithFingers.msg
[0.516s] -- Up-to-date: /home/amma/Kinova_gen2_rl/install/kinova_msgs/share/kinova_msgs/msg/PoseVelocityWithFingerVelocity.msg
[0.516s] -- Up-to-date: /home/amma/Kinova_gen2_rl/install/kinova_msgs/share/kinova_msgs/msg/CartesianForce.msg
[0.516s] -- Up-to-date: /home/amma/Kinova_gen2_rl/install/kinova_msgs/share/kinova_msgs/srv/Start.srv
[0.516s] -- Up-to-date: /home/amma/Kinova_gen2_rl/install/kinova_msgs/share/kinova_msgs/srv/Start_Request.msg
[0.516s] -- Up-to-date: /home/amma/Kinova_gen2_rl/install/kinova_msgs/share/kinova_msgs/srv/Start_Response.msg
[0.516s] -- Up-to-date: /home/amma/Kinova_gen2_rl/install/kinova_msgs/share/kinova_msgs/srv/Stop.srv
[0.516s] -- Up-to-date: /home/amma/Kinova_gen2_rl/install/kinova_msgs/share/kinova_msgs/srv/Stop_Request.msg
[0.516s] -- Up-to-date: /home/amma/Kinova_gen2_rl/install/kinova_msgs/share/kinova_msgs/srv/Stop_Response.msg
[0.516s] -- Up-to-date: /home/amma/Kinova_gen2_rl/install/kinova_msgs/share/kinova_msgs/srv/HomeArm.srv
[0.517s] -- Up-to-date: /home/amma/Kinova_gen2_rl/install/kinova_msgs/share/kinova_msgs/srv/HomeArm_Request.msg
[0.517s] -- Up-to-date: /home/amma/Kinova_gen2_rl/install/kinova_msgs/share/kinova_msgs/srv/HomeArm_Response.msg
[0.517s] -- Up-to-date: /home/amma/Kinova_gen2_rl/install/kinova_msgs/share/kinova_msgs/srv/SetForceControlParams.srv
[0.517s] -- Up-to-date: /home/amma/Kinova_gen2_rl/install/kinova_msgs/share/kinova_msgs/srv/SetForceControlParams_Request.msg
[0.517s] -- Up-to-date: /home/amma/Kinova_gen2_rl/install/kinova_msgs/share/kinova_msgs/srv/SetForceControlParams_Response.msg
[0.517s] -- Up-to-date: /home/amma/Kinova_gen2_rl/install/kinova_msgs/share/kinova_msgs/srv/SetEndEffectorOffset.srv
[0.517s] -- Up-to-date: /home/amma/Kinova_gen2_rl/install/kinova_msgs/share/kinova_msgs/srv/SetEndEffectorOffset_Request.msg
[0.517s] -- Up-to-date: /home/amma/Kinova_gen2_rl/install/kinova_msgs/share/kinova_msgs/srv/SetEndEffectorOffset_Response.msg
[0.517s] -- Up-to-date: /home/amma/Kinova_gen2_rl/install/kinova_msgs/share/kinova_msgs/srv/SetNullSpaceModeState.srv
[0.517s] -- Up-to-date: /home/amma/Kinova_gen2_rl/install/kinova_msgs/share/kinova_msgs/srv/SetNullSpaceModeState_Request.msg
[0.517s] -- Up-to-date: /home/amma/Kinova_gen2_rl/install/kinova_msgs/share/kinova_msgs/srv/SetNullSpaceModeState_Response.msg
[0.517s] -- Up-to-date: /home/amma/Kinova_gen2_rl/install/kinova_msgs/share/kinova_msgs/srv/SetTorqueControlMode.srv
[0.517s] -- Up-to-date: /home/amma/Kinova_gen2_rl/install/kinova_msgs/share/kinova_msgs/srv/SetTorqueControlMode_Request.msg
[0.517s] -- Up-to-date: /home/amma/Kinova_gen2_rl/install/kinova_msgs/share/kinova_msgs/srv/SetTorqueControlMode_Response.msg
[0.517s] -- Up-to-date: /home/amma/Kinova_gen2_rl/install/kinova_msgs/share/kinova_msgs/srv/SetTorqueControlParameters.srv
[0.517s] -- Up-to-date: /home/amma/Kinova_gen2_rl/install/kinova_msgs/share/kinova_msgs/srv/SetTorqueControlParameters_Request.msg
[0.517s] -- Up-to-date: /home/amma/Kinova_gen2_rl/install/kinova_msgs/share/kinova_msgs/srv/SetTorqueControlParameters_Response.msg
[0.518s] -- Up-to-date: /home/amma/Kinova_gen2_rl/install/kinova_msgs/share/kinova_msgs/srv/ClearTrajectories.srv
[0.518s] -- Up-to-date: /home/amma/Kinova_gen2_rl/install/kinova_msgs/share/kinova_msgs/srv/ClearTrajectories_Request.msg
[0.518s] -- Up-to-date: /home/amma/Kinova_gen2_rl/install/kinova_msgs/share/kinova_msgs/srv/ClearTrajectories_Response.msg
[0.518s] -- Up-to-date: /home/amma/Kinova_gen2_rl/install/kinova_msgs/share/kinova_msgs/srv/ZeroTorques.srv
[0.518s] -- Up-to-date: /home/amma/Kinova_gen2_rl/install/kinova_msgs/share/kinova_msgs/srv/ZeroTorques_Request.msg
[0.518s] -- Up-to-date: /home/amma/Kinova_gen2_rl/install/kinova_msgs/share/kinova_msgs/srv/ZeroTorques_Response.msg
[0.518s] -- Up-to-date: /home/amma/Kinova_gen2_rl/install/kinova_msgs/share/kinova_msgs/srv/AddPoseToCartesianTrajectory.srv
[0.518s] -- Up-to-date: /home/amma/Kinova_gen2_rl/install/kinova_msgs/share/kinova_msgs/srv/AddPoseToCartesianTrajectory_Request.msg
[0.518s] -- Up-to-date: /home/amma/Kinova_gen2_rl/install/kinova_msgs/share/kinova_msgs/srv/AddPoseToCartesianTrajectory_Response.msg
[0.518s] -- Up-to-date: /home/amma/Kinova_gen2_rl/install/kinova_msgs/share/kinova_msgs/srv/RunCOMParametersEstimation.srv
[0.518s] -- Up-to-date: /home/amma/Kinova_gen2_rl/install/kinova_msgs/share/kinova_msgs/srv/RunCOMParametersEstimation_Request.msg
[0.518s] -- Up-to-date: /home/amma/Kinova_gen2_rl/install/kinova_msgs/share/kinova_msgs/srv/RunCOMParametersEstimation_Response.msg
[0.518s] -- Up-to-date: /home/amma/Kinova_gen2_rl/install/kinova_msgs/share/kinova_msgs/action/ArmJointAngles.action
[0.519s] -- Up-to-date: /home/amma/Kinova_gen2_rl/install/kinova_msgs/share/kinova_msgs/action/ArmKinovaPose.action
[0.519s] -- Up-to-date: /home/amma/Kinova_gen2_rl/install/kinova_msgs/share/kinova_msgs/action/ArmPose.action
[0.519s] -- Up-to-date: /home/amma/Kinova_gen2_rl/install/kinova_msgs/share/kinova_msgs/action/SetFingersPosition.action
[0.519s] -- Up-to-date: /home/amma/Kinova_gen2_rl/install/kinova_msgs/share/ament_index/resource_index/package_run_dependencies/kinova_msgs
[0.519s] -- Up-to-date: /home/amma/Kinova_gen2_rl/install/kinova_msgs/share/ament_index/resource_index/parent_prefix_path/kinova_msgs
[0.519s] -- Up-to-date: /home/amma/Kinova_gen2_rl/install/kinova_msgs/share/kinova_msgs/environment/ament_prefix_path.sh
[0.519s] -- Up-to-date: /home/amma/Kinova_gen2_rl/install/kinova_msgs/share/kinova_msgs/environment/ament_prefix_path.dsv
[0.519s] -- Up-to-date: /home/amma/Kinova_gen2_rl/install/kinova_msgs/share/kinova_msgs/environment/path.sh
[0.519s] -- Up-to-date: /home/amma/Kinova_gen2_rl/install/kinova_msgs/share/kinova_msgs/environment/path.dsv
[0.519s] -- Up-to-date: /home/amma/Kinova_gen2_rl/install/kinova_msgs/share/kinova_msgs/local_setup.bash
[0.519s] -- Up-to-date: /home/amma/Kinova_gen2_rl/install/kinova_msgs/share/kinova_msgs/local_setup.sh
[0.519s] -- Up-to-date: /home/amma/Kinova_gen2_rl/install/kinova_msgs/share/kinova_msgs/local_setup.zsh
[0.519s] -- Up-to-date: /home/amma/Kinova_gen2_rl/install/kinova_msgs/share/kinova_msgs/local_setup.dsv
[0.519s] -- Installing: /home/amma/Kinova_gen2_rl/install/kinova_msgs/share/kinova_msgs/package.dsv
[0.519s] -- Up-to-date: /home/amma/Kinova_gen2_rl/install/kinova_msgs/share/ament_index/resource_index/packages/kinova_msgs
[0.519s] -- Up-to-date: /home/amma/Kinova_gen2_rl/install/kinova_msgs/share/kinova_msgs/cmake/export_kinova_msgs__rosidl_generator_cExport.cmake
[0.519s] -- Up-to-date: /home/amma/Kinova_gen2_rl/install/kinova_msgs/share/kinova_msgs/cmake/export_kinova_msgs__rosidl_generator_cExport-noconfig.cmake
[0.520s] -- Up-to-date: /home/amma/Kinova_gen2_rl/install/kinova_msgs/share/kinova_msgs/cmake/export_kinova_msgs__rosidl_typesupport_fastrtps_cExport.cmake
[0.520s] -- Up-to-date: /home/amma/Kinova_gen2_rl/install/kinova_msgs/share/kinova_msgs/cmake/export_kinova_msgs__rosidl_typesupport_fastrtps_cExport-noconfig.cmake
[0.520s] -- Up-to-date: /home/amma/Kinova_gen2_rl/install/kinova_msgs/share/kinova_msgs/cmake/export_kinova_msgs__rosidl_generator_cppExport.cmake
[0.520s] -- Up-to-date: /home/amma/Kinova_gen2_rl/install/kinova_msgs/share/kinova_msgs/cmake/export_kinova_msgs__rosidl_typesupport_fastrtps_cppExport.cmake
[0.520s] -- Up-to-date: /home/amma/Kinova_gen2_rl/install/kinova_msgs/share/kinova_msgs/cmake/export_kinova_msgs__rosidl_typesupport_fastrtps_cppExport-noconfig.cmake
[0.520s] -- Up-to-date: /home/amma/Kinova_gen2_rl/install/kinova_msgs/share/kinova_msgs/cmake/kinova_msgs__rosidl_typesupport_introspection_cExport.cmake
[0.520s] -- Up-to-date: /home/amma/Kinova_gen2_rl/install/kinova_msgs/share/kinova_msgs/cmake/kinova_msgs__rosidl_typesupport_introspection_cExport-noconfig.cmake
[0.520s] -- Up-to-date: /home/amma/Kinova_gen2_rl/install/kinova_msgs/share/kinova_msgs/cmake/kinova_msgs__rosidl_typesupport_cExport.cmake
[0.520s] -- Up-to-date: /home/amma/Kinova_gen2_rl/install/kinova_msgs/share/kinova_msgs/cmake/kinova_msgs__rosidl_typesupport_cExport-noconfig.cmake
[0.520s] -- Up-to-date: /home/amma/Kinova_gen2_rl/install/kinova_msgs/share/kinova_msgs/cmake/kinova_msgs__rosidl_typesupport_introspection_cppExport.cmake
[0.520s] -- Up-to-date: /home/amma/Kinova_gen2_rl/install/kinova_msgs/share/kinova_msgs/cmake/kinova_msgs__rosidl_typesupport_introspection_cppExport-noconfig.cmake
[0.520s] -- Up-to-date: /home/amma/Kinova_gen2_rl/install/kinova_msgs/share/kinova_msgs/cmake/kinova_msgs__rosidl_typesupport_cppExport.cmake
[0.521s] -- Up-to-date: /home/amma/Kinova_gen2_rl/install/kinova_msgs/share/kinova_msgs/cmake/kinova_msgs__rosidl_typesupport_cppExport-noconfig.cmake
[0.521s] -- Up-to-date: /home/amma/Kinova_gen2_rl/install/kinova_msgs/share/kinova_msgs/cmake/export_kinova_msgs__rosidl_generator_pyExport.cmake
[0.521s] -- Up-to-date: /home/amma/Kinova_gen2_rl/install/kinova_msgs/share/kinova_msgs/cmake/export_kinova_msgs__rosidl_generator_pyExport-noconfig.cmake
[0.521s] -- Up-to-date: /home/amma/Kinova_gen2_rl/install/kinova_msgs/share/kinova_msgs/cmake/rosidl_cmake-extras.cmake
[0.521s] -- Up-to-date: /home/amma/Kinova_gen2_rl/install/kinova_msgs/share/kinova_msgs/cmake/ament_cmake_export_dependencies-extras.cmake
[0.521s] -- Up-to-date: /home/amma/Kinova_gen2_rl/install/kinova_msgs/share/kinova_msgs/cmake/ament_cmake_export_include_directories-extras.cmake
[0.521s] -- Up-to-date: /home/amma/Kinova_gen2_rl/install/kinova_msgs/share/kinova_msgs/cmake/ament_cmake_export_libraries-extras.cmake
[0.521s] -- Up-to-date: /home/amma/Kinova_gen2_rl/install/kinova_msgs/share/kinova_msgs/cmake/ament_cmake_export_targets-extras.cmake
[0.521s] -- Up-to-date: /home/amma/Kinova_gen2_rl/install/kinova_msgs/share/kinova_msgs/cmake/rosidl_cmake_export_typesupport_targets-extras.cmake
[0.521s] -- Up-to-date: /home/amma/Kinova_gen2_rl/install/kinova_msgs/share/kinova_msgs/cmake/rosidl_cmake_export_typesupport_libraries-extras.cmake
[0.521s] -- Up-to-date: /home/amma/Kinova_gen2_rl/install/kinova_msgs/share/kinova_msgs/cmake/kinova_msgsConfig.cmake
[0.521s] -- Up-to-date: /home/amma/Kinova_gen2_rl/install/kinova_msgs/share/kinova_msgs/cmake/kinova_msgsConfig-version.cmake
[0.521s] -- Up-to-date: /home/amma/Kinova_gen2_rl/install/kinova_msgs/share/kinova_msgs/package.xml
[0.528s] Invoked command in '/home/amma/Kinova_gen2_rl/build/kinova_msgs' returned '0': CMAKE_PREFIX_PATH=${CMAKE_PREFIX_PATH}:/home/amma/Kinova_gen2_rl/install/mouth_tracking:/opt/ros/humble /usr/bin/cmake --install /home/amma/Kinova_gen2_rl/build/kinova_msgs
