[0.014s] Invoking command in '/home/amma/Kinova_gen2_rl/build/kinova_driver': AMENT_PREFIX_PATH=/home/amma/Kinova_gen2_rl/install/kinova_msgs:${AMENT_PREFIX_PATH} CMAKE_PREFIX_PATH=/home/amma/Kinova_gen2_rl/install/kinova_msgs:/home/amma/kinova_ws/rl_v2-master/install/pymoveit2:/home/amma/kinova_ws/rl_v2-master/install/moveit_calibration_gui:/home/amma/kinova_ws/rl_v2-master/install/moveit_calibration_plugins:/home/amma/kinova_ws/rl_v2-master/install/kinova_demo:/home/amma/kinova_ws/rl_v2-master/install/kinova_driver:/home/amma/kinova_ws/rl_v2-master/install/kinova_msgs:/home/amma/kinova_ws/rl_v2-master/install/j2s6s200_moveit_config:/home/amma/kinova_ws/rl_v2-master/install/kinova_description:/home/amma/kinova_ws/rl_v2-master/install/kinova_bringup:/home/amma/kinova_ws/rl_v2-master/install/easy_handeye2_msgs:/home/amma/kinova_ws/rl_v2-master/install/click_pointer:/home/amma/kinova_ws/rl_v2-master/install/point_goal_test:/home/amma/kinova_ws/rl_v2-master/install/mouth_tracking:/home/amma/kinova_ws/rl_v2-master/install/kinova_rl:/home/amma/kinova_ws/rl_v2-master/install/easy_handeye2:/opt/ros/humble LD_LIBRARY_PATH=/home/amma/Kinova_gen2_rl/install/kinova_msgs/lib:${LD_LIBRARY_PATH} PYTHONPATH=/home/amma/Kinova_gen2_rl/install/kinova_msgs/local/lib/python3.10/dist-packages:${PYTHONPATH} /usr/bin/cmake --build /home/amma/Kinova_gen2_rl/build/kinova_driver -- -j12 -l12
[0.071s] [35m[1mConsolidate compiler generated dependencies of target kinova_tf_updater[0m
[0.079s] [35m[1mConsolidate compiler generated dependencies of target kinova_driver[0m
[0.104s] [ 17%] Built target kinova_tf_updater
[0.140s] [ 56%] Built target kinova_driver
[0.150s] [35m[1mConsolidate compiler generated dependencies of target gripper_command_action_server[0m
[0.154s] [35m[1mConsolidate compiler generated dependencies of target joint_trajectory_action_server[0m
[0.155s] [35m[1mConsolidate compiler generated dependencies of target positional_action_server[0m
[0.156s] [35m[1mConsolidate compiler generated dependencies of target kinova_arm_driver[0m
[0.157s] [35m[1mConsolidate compiler generated dependencies of target kinova_interactive_control[0m
[0.164s] [ 65%] Built target gripper_command_action_server
[0.176s] [ 73%] Built target positional_action_server
[0.181s] [ 82%] Built target joint_trajectory_action_server
[0.194s] [ 91%] Built target kinova_interactive_control
[0.196s] [100%] Built target kinova_arm_driver
[0.210s] Invoked command in '/home/amma/Kinova_gen2_rl/build/kinova_driver' returned '0': AMENT_PREFIX_PATH=/home/amma/Kinova_gen2_rl/install/kinova_msgs:${AMENT_PREFIX_PATH} CMAKE_PREFIX_PATH=/home/amma/Kinova_gen2_rl/install/kinova_msgs:/home/amma/kinova_ws/rl_v2-master/install/pymoveit2:/home/amma/kinova_ws/rl_v2-master/install/moveit_calibration_gui:/home/amma/kinova_ws/rl_v2-master/install/moveit_calibration_plugins:/home/amma/kinova_ws/rl_v2-master/install/kinova_demo:/home/amma/kinova_ws/rl_v2-master/install/kinova_driver:/home/amma/kinova_ws/rl_v2-master/install/kinova_msgs:/home/amma/kinova_ws/rl_v2-master/install/j2s6s200_moveit_config:/home/amma/kinova_ws/rl_v2-master/install/kinova_description:/home/amma/kinova_ws/rl_v2-master/install/kinova_bringup:/home/amma/kinova_ws/rl_v2-master/install/easy_handeye2_msgs:/home/amma/kinova_ws/rl_v2-master/install/click_pointer:/home/amma/kinova_ws/rl_v2-master/install/point_goal_test:/home/amma/kinova_ws/rl_v2-master/install/mouth_tracking:/home/amma/kinova_ws/rl_v2-master/install/kinova_rl:/home/amma/kinova_ws/rl_v2-master/install/easy_handeye2:/opt/ros/humble LD_LIBRARY_PATH=/home/amma/Kinova_gen2_rl/install/kinova_msgs/lib:${LD_LIBRARY_PATH} PYTHONPATH=/home/amma/Kinova_gen2_rl/install/kinova_msgs/local/lib/python3.10/dist-packages:${PYTHONPATH} /usr/bin/cmake --build /home/amma/Kinova_gen2_rl/build/kinova_driver -- -j12 -l12
[0.212s] Invoking command in '/home/amma/Kinova_gen2_rl/build/kinova_driver': AMENT_PREFIX_PATH=/home/amma/Kinova_gen2_rl/install/kinova_msgs:${AMENT_PREFIX_PATH} CMAKE_PREFIX_PATH=/home/amma/Kinova_gen2_rl/install/kinova_msgs:/home/amma/kinova_ws/rl_v2-master/install/pymoveit2:/home/amma/kinova_ws/rl_v2-master/install/moveit_calibration_gui:/home/amma/kinova_ws/rl_v2-master/install/moveit_calibration_plugins:/home/amma/kinova_ws/rl_v2-master/install/kinova_demo:/home/amma/kinova_ws/rl_v2-master/install/kinova_driver:/home/amma/kinova_ws/rl_v2-master/install/kinova_msgs:/home/amma/kinova_ws/rl_v2-master/install/j2s6s200_moveit_config:/home/amma/kinova_ws/rl_v2-master/install/kinova_description:/home/amma/kinova_ws/rl_v2-master/install/kinova_bringup:/home/amma/kinova_ws/rl_v2-master/install/easy_handeye2_msgs:/home/amma/kinova_ws/rl_v2-master/install/click_pointer:/home/amma/kinova_ws/rl_v2-master/install/point_goal_test:/home/amma/kinova_ws/rl_v2-master/install/mouth_tracking:/home/amma/kinova_ws/rl_v2-master/install/kinova_rl:/home/amma/kinova_ws/rl_v2-master/install/easy_handeye2:/opt/ros/humble LD_LIBRARY_PATH=/home/amma/Kinova_gen2_rl/install/kinova_msgs/lib:${LD_LIBRARY_PATH} PYTHONPATH=/home/amma/Kinova_gen2_rl/install/kinova_msgs/local/lib/python3.10/dist-packages:${PYTHONPATH} /usr/bin/cmake --install /home/amma/Kinova_gen2_rl/build/kinova_driver
[0.221s] -- Install configuration: ""
[0.221s] -- Installing: /home/amma/Kinova_gen2_rl/install/kinova_driver/lib/USBCommLayerUbuntu.so
[0.222s] -- Installing: /home/amma/Kinova_gen2_rl/install/kinova_driver/lib/USBCommandLayerUbuntu.so
[0.222s] -- Installing: /home/amma/Kinova_gen2_rl/install/kinova_driver/lib/EthCommLayerUbuntu.so
[0.223s] -- Installing: /home/amma/Kinova_gen2_rl/install/kinova_driver/lib/EthCommandLayerUbuntu.so
[0.224s] -- Installing: /home/amma/Kinova_gen2_rl/install/kinova_driver/include/kinova_driver
[0.224s] -- Installing: /home/amma/Kinova_gen2_rl/install/kinova_driver/include/kinova_driver/gripper_command_action_server.h
[0.224s] -- Installing: /home/amma/Kinova_gen2_rl/install/kinova_driver/include/kinova_driver/joint_trajectory_action_server.h
[0.224s] -- Installing: /home/amma/Kinova_gen2_rl/install/kinova_driver/include/kinova_driver/kinova_tf_updater.h
[0.224s] -- Installing: /home/amma/Kinova_gen2_rl/install/kinova_driver/include/kinova_driver/kinova_ros_types.h
[0.224s] -- Installing: /home/amma/Kinova_gen2_rl/install/kinova_driver/include/kinova_driver/kinova_joint_angles_action.h
[0.224s] -- Installing: /home/amma/Kinova_gen2_rl/install/kinova_driver/include/kinova_driver/kinova_comm.h
[0.224s] -- Installing: /home/amma/Kinova_gen2_rl/install/kinova_driver/include/kinova_driver/kinova_tool_pose_action.h
[0.225s] -- Installing: /home/amma/Kinova_gen2_rl/install/kinova_driver/include/kinova_driver/kinova_api.h
[0.225s] -- Installing: /home/amma/Kinova_gen2_rl/install/kinova_driver/include/kinova_driver/kinova_fingers_action.h
[0.225s] -- Installing: /home/amma/Kinova_gen2_rl/install/kinova_driver/include/kinova_driver/kinova_joint_trajectory_controller.h
[0.225s] -- Installing: /home/amma/Kinova_gen2_rl/install/kinova_driver/include/kinova_driver/kinova_arm_kinematics.h
[0.225s] -- Installing: /home/amma/Kinova_gen2_rl/install/kinova_driver/include/kinova_driver/kinova_arm.h
[0.225s] -- Installing: /home/amma/Kinova_gen2_rl/install/kinova_driver/lib/kinova_driver/kinova_arm_driver
[0.237s] -- Set runtime path of "/home/amma/Kinova_gen2_rl/install/kinova_driver/lib/kinova_driver/kinova_arm_driver" to ""
[0.237s] -- Installing: /home/amma/Kinova_gen2_rl/install/kinova_driver/lib/kinova_driver/kinova_tf_updater
[0.239s] -- Set runtime path of "/home/amma/Kinova_gen2_rl/install/kinova_driver/lib/kinova_driver/kinova_tf_updater" to ""
[0.239s] -- Installing: /home/amma/Kinova_gen2_rl/install/kinova_driver/lib/kinova_driver/kinova_interactive_control
[0.243s] -- Set runtime path of "/home/amma/Kinova_gen2_rl/install/kinova_driver/lib/kinova_driver/kinova_interactive_control" to ""
[0.243s] -- Installing: /home/amma/Kinova_gen2_rl/install/kinova_driver/lib/kinova_driver/libkinova_driver.a
[0.280s] -- Installing: /home/amma/Kinova_gen2_rl/install/kinova_driver/lib/kinova_driver/joint_trajectory_action_server
[0.284s] -- Set runtime path of "/home/amma/Kinova_gen2_rl/install/kinova_driver/lib/kinova_driver/joint_trajectory_action_server" to ""
[0.284s] -- Installing: /home/amma/Kinova_gen2_rl/install/kinova_driver/lib/kinova_driver/gripper_command_action_server
[0.287s] -- Set runtime path of "/home/amma/Kinova_gen2_rl/install/kinova_driver/lib/kinova_driver/gripper_command_action_server" to ""
[0.287s] -- Installing: /home/amma/Kinova_gen2_rl/install/kinova_driver/lib/kinova_driver/positional_action_server
[0.288s] -- Set runtime path of "/home/amma/Kinova_gen2_rl/install/kinova_driver/lib/kinova_driver/positional_action_server" to ""
[0.289s] -- Up-to-date: /home/amma/Kinova_gen2_rl/install/kinova_driver/include/kinova_driver
[0.289s] -- Up-to-date: /home/amma/Kinova_gen2_rl/install/kinova_driver/include/kinova_driver/gripper_command_action_server.h
[0.289s] -- Up-to-date: /home/amma/Kinova_gen2_rl/install/kinova_driver/include/kinova_driver/joint_trajectory_action_server.h
[0.289s] -- Up-to-date: /home/amma/Kinova_gen2_rl/install/kinova_driver/include/kinova_driver/kinova_tf_updater.h
[0.289s] -- Up-to-date: /home/amma/Kinova_gen2_rl/install/kinova_driver/include/kinova_driver/kinova_ros_types.h
[0.289s] -- Up-to-date: /home/amma/Kinova_gen2_rl/install/kinova_driver/include/kinova_driver/kinova_joint_angles_action.h
[0.290s] -- Up-to-date: /home/amma/Kinova_gen2_rl/install/kinova_driver/include/kinova_driver/kinova_comm.h
[0.290s] -- Up-to-date: /home/amma/Kinova_gen2_rl/install/kinova_driver/include/kinova_driver/kinova_tool_pose_action.h
[0.290s] -- Up-to-date: /home/amma/Kinova_gen2_rl/install/kinova_driver/include/kinova_driver/kinova_api.h
[0.290s] -- Up-to-date: /home/amma/Kinova_gen2_rl/install/kinova_driver/include/kinova_driver/kinova_fingers_action.h
[0.290s] -- Up-to-date: /home/amma/Kinova_gen2_rl/install/kinova_driver/include/kinova_driver/kinova_joint_trajectory_controller.h
[0.290s] -- Up-to-date: /home/amma/Kinova_gen2_rl/install/kinova_driver/include/kinova_driver/kinova_arm_kinematics.h
[0.290s] -- Up-to-date: /home/amma/Kinova_gen2_rl/install/kinova_driver/include/kinova_driver/kinova_arm.h
[0.290s] -- Installing: /home/amma/Kinova_gen2_rl/install/kinova_driver/share/ament_index/resource_index/package_run_dependencies/kinova_driver
[0.290s] -- Installing: /home/amma/Kinova_gen2_rl/install/kinova_driver/share/ament_index/resource_index/parent_prefix_path/kinova_driver
[0.291s] -- Installing: /home/amma/Kinova_gen2_rl/install/kinova_driver/share/kinova_driver/environment/ament_prefix_path.sh
[0.291s] -- Installing: /home/amma/Kinova_gen2_rl/install/kinova_driver/share/kinova_driver/environment/ament_prefix_path.dsv
[0.291s] -- Installing: /home/amma/Kinova_gen2_rl/install/kinova_driver/share/kinova_driver/environment/path.sh
[0.291s] -- Installing: /home/amma/Kinova_gen2_rl/install/kinova_driver/share/kinova_driver/environment/path.dsv
[0.291s] -- Installing: /home/amma/Kinova_gen2_rl/install/kinova_driver/share/kinova_driver/local_setup.bash
[0.292s] -- Installing: /home/amma/Kinova_gen2_rl/install/kinova_driver/share/kinova_driver/local_setup.sh
[0.292s] -- Installing: /home/amma/Kinova_gen2_rl/install/kinova_driver/share/kinova_driver/local_setup.zsh
[0.293s] -- Installing: /home/amma/Kinova_gen2_rl/install/kinova_driver/share/kinova_driver/local_setup.dsv
[0.294s] -- Installing: /home/amma/Kinova_gen2_rl/install/kinova_driver/share/kinova_driver/package.dsv
[0.294s] -- Installing: /home/amma/Kinova_gen2_rl/install/kinova_driver/share/ament_index/resource_index/packages/kinova_driver
[0.294s] -- Installing: /home/amma/Kinova_gen2_rl/install/kinova_driver/share/kinova_driver/cmake/kinova_driverConfig.cmake
[0.294s] -- Installing: /home/amma/Kinova_gen2_rl/install/kinova_driver/share/kinova_driver/cmake/kinova_driverConfig-version.cmake
[0.294s] -- Installing: /home/amma/Kinova_gen2_rl/install/kinova_driver/share/kinova_driver/package.xml
[0.295s] Invoked command in '/home/amma/Kinova_gen2_rl/build/kinova_driver' returned '0': AMENT_PREFIX_PATH=/home/amma/Kinova_gen2_rl/install/kinova_msgs:${AMENT_PREFIX_PATH} CMAKE_PREFIX_PATH=/home/amma/Kinova_gen2_rl/install/kinova_msgs:/home/amma/kinova_ws/rl_v2-master/install/pymoveit2:/home/amma/kinova_ws/rl_v2-master/install/moveit_calibration_gui:/home/amma/kinova_ws/rl_v2-master/install/moveit_calibration_plugins:/home/amma/kinova_ws/rl_v2-master/install/kinova_demo:/home/amma/kinova_ws/rl_v2-master/install/kinova_driver:/home/amma/kinova_ws/rl_v2-master/install/kinova_msgs:/home/amma/kinova_ws/rl_v2-master/install/j2s6s200_moveit_config:/home/amma/kinova_ws/rl_v2-master/install/kinova_description:/home/amma/kinova_ws/rl_v2-master/install/kinova_bringup:/home/amma/kinova_ws/rl_v2-master/install/easy_handeye2_msgs:/home/amma/kinova_ws/rl_v2-master/install/click_pointer:/home/amma/kinova_ws/rl_v2-master/install/point_goal_test:/home/amma/kinova_ws/rl_v2-master/install/mouth_tracking:/home/amma/kinova_ws/rl_v2-master/install/kinova_rl:/home/amma/kinova_ws/rl_v2-master/install/easy_handeye2:/opt/ros/humble LD_LIBRARY_PATH=/home/amma/Kinova_gen2_rl/install/kinova_msgs/lib:${LD_LIBRARY_PATH} PYTHONPATH=/home/amma/Kinova_gen2_rl/install/kinova_msgs/local/lib/python3.10/dist-packages:${PYTHONPATH} /usr/bin/cmake --install /home/amma/Kinova_gen2_rl/build/kinova_driver
