[0.016s] Invoking command in '/home/amma/Kinova_gen2_rl/build/trac_ik_examples': AMENT_PREFIX_PATH=/home/amma/Kinova_gen2_rl/install/trac_ik_lib:${AMENT_PREFIX_PATH} CMAKE_PREFIX_PATH=/home/amma/Kinova_gen2_rl/install/trac_ik_lib:/home/amma/Kinova_gen2_rl/install/point_goal_test:/home/amma/Kinova_gen2_rl/install/kinova_demo:/home/amma/Kinova_gen2_rl/install/kinova_driver:/home/amma/Kinova_gen2_rl/install/kinova_msgs:/home/amma/Kinova_gen2_rl/install/j2s6s200_moveit_config:/home/amma/Kinova_gen2_rl/install/kinova_description:/home/amma/Kinova_gen2_rl/install/kinova_bringup:/home/amma/Kinova_gen2_rl/install/click_pointer:/home/amma/Kinova_gen2_rl/install/mouth_tracking:/opt/ros/humble LD_LIBRARY_PATH=/home/amma/Kinova_gen2_rl/install/trac_ik_lib/lib:${LD_LIBRARY_PATH} /usr/bin/cmake /home/amma/Kinova_gen2_rl/src/trac_ik/trac_ik_examples -DCMAKE_INSTALL_PREFIX=/home/amma/Kinova_gen2_rl/install/trac_ik_examples
[0.091s] -- The C compiler identification is GNU 11.4.0
[0.168s] -- The CXX compiler identification is GNU 11.4.0
[0.178s] -- Detecting C compiler ABI info
[0.273s] -- Detecting C compiler ABI info - done
[0.285s] -- Check for working C compiler: /usr/bin/cc - skipped
[0.285s] -- Detecting C compile features
[0.286s] -- Detecting C compile features - done
[0.290s] -- Detecting CXX compiler ABI info
[0.392s] -- Detecting CXX compiler ABI info - done
[0.404s] -- Check for working CXX compiler: /usr/bin/c++ - skipped
[0.405s] -- Detecting CXX compile features
[0.406s] -- Detecting CXX compile features - done
[0.410s] -- Found ament_cmake: 1.3.14 (/opt/ros/humble/share/ament_cmake/cmake)
[0.635s] -- Found Python3: /usr/bin/python3 (found version "3.10.12") found components: Interpreter 
[0.759s] -- Found rclcpp: 16.0.19 (/opt/ros/humble/share/rclcpp/cmake)
[0.802s] -- Found rosidl_generator_c: 3.1.8 (/opt/ros/humble/share/rosidl_generator_c/cmake)
[0.807s] -- Found rosidl_adapter: 3.1.8 (/opt/ros/humble/share/rosidl_adapter/cmake)
[0.815s] -- Found rosidl_generator_cpp: 3.1.8 (/opt/ros/humble/share/rosidl_generator_cpp/cmake)
[0.826s] -- Using all available rosidl_typesupport_c: rosidl_typesupport_fastrtps_c;rosidl_typesupport_introspection_c
[0.841s] -- Using all available rosidl_typesupport_cpp: rosidl_typesupport_fastrtps_cpp;rosidl_typesupport_introspection_cpp
[0.883s] -- Found rmw_implementation_cmake: 6.1.2 (/opt/ros/humble/share/rmw_implementation_cmake/cmake)
[0.886s] -- Found rmw_fastrtps_cpp: 6.2.10 (/opt/ros/humble/share/rmw_fastrtps_cpp/cmake)
[0.983s] -- Found OpenSSL: /usr/lib/x86_64-linux-gnu/libcrypto.so (found version "3.0.2")  
[1.012s] -- Found FastRTPS: /opt/ros/humble/include  
[1.062s] -- Using RMW implementation 'rmw_fastrtps_cpp' as default
[1.070s] -- Looking for pthread.h
[1.153s] -- Looking for pthread.h - found
[1.153s] -- Performing Test CMAKE_HAVE_LIBC_PTHREAD
[1.241s] -- Performing Test CMAKE_HAVE_LIBC_PTHREAD - Success
[1.243s] -- Found Threads: TRUE  
[1.309s] -- Found trac_ik_lib: 0.1.0 (/home/amma/Kinova_gen2_rl/install/trac_ik_lib/share/trac_ik_lib/cmake)
[1.315s] -- Found eigen3_cmake_module: 0.1.1 (/opt/ros/humble/share/eigen3_cmake_module/cmake)
[1.317s] -- Found Eigen3: TRUE (found version "3.4.0") 
[1.317s] -- Ensuring Eigen3 include directory is part of orocos-kdl CMake target
[1.351s] -- Found ament_lint_auto: 0.12.15 (/opt/ros/humble/share/ament_lint_auto/cmake)
[1.474s] -- Added test 'copyright' to check source files copyright and LICENSE
[1.475s] -- Added test 'cppcheck' to perform static code analysis on C / C++ code
[1.475s] -- Configured cppcheck include dirs: 
[1.476s] -- Configured cppcheck exclude dirs and/or files: 
[1.477s] -- Added test 'cpplint' to check C / C++ code against the Google style
[1.477s] -- Configured cpplint exclude dirs and/or files: 
[1.478s] -- Added test 'flake8' to check Python code syntax and style conventions
[1.479s] -- Added test 'lint_cmake' to check CMake code style
[1.479s] -- Added test 'pep257' to check Python code against some of the docstring style conventions in PEP 257
[1.481s] -- Added test 'uncrustify' to check C / C++ code style
[1.481s] -- Configured uncrustify additional arguments: 
[1.482s] -- Added test 'xmllint' to check XML markup files
[1.484s] -- Configuring done
[1.497s] -- Generating done
[1.503s] -- Build files have been written to: /home/amma/Kinova_gen2_rl/build/trac_ik_examples
[1.516s] Invoked command in '/home/amma/Kinova_gen2_rl/build/trac_ik_examples' returned '0': AMENT_PREFIX_PATH=/home/amma/Kinova_gen2_rl/install/trac_ik_lib:${AMENT_PREFIX_PATH} CMAKE_PREFIX_PATH=/home/amma/Kinova_gen2_rl/install/trac_ik_lib:/home/amma/Kinova_gen2_rl/install/point_goal_test:/home/amma/Kinova_gen2_rl/install/kinova_demo:/home/amma/Kinova_gen2_rl/install/kinova_driver:/home/amma/Kinova_gen2_rl/install/kinova_msgs:/home/amma/Kinova_gen2_rl/install/j2s6s200_moveit_config:/home/amma/Kinova_gen2_rl/install/kinova_description:/home/amma/Kinova_gen2_rl/install/kinova_bringup:/home/amma/Kinova_gen2_rl/install/click_pointer:/home/amma/Kinova_gen2_rl/install/mouth_tracking:/opt/ros/humble LD_LIBRARY_PATH=/home/amma/Kinova_gen2_rl/install/trac_ik_lib/lib:${LD_LIBRARY_PATH} /usr/bin/cmake /home/amma/Kinova_gen2_rl/src/trac_ik/trac_ik_examples -DCMAKE_INSTALL_PREFIX=/home/amma/Kinova_gen2_rl/install/trac_ik_examples
[1.518s] Invoking command in '/home/amma/Kinova_gen2_rl/build/trac_ik_examples': AMENT_PREFIX_PATH=/home/amma/Kinova_gen2_rl/install/trac_ik_lib:${AMENT_PREFIX_PATH} CMAKE_PREFIX_PATH=/home/amma/Kinova_gen2_rl/install/trac_ik_lib:/home/amma/Kinova_gen2_rl/install/point_goal_test:/home/amma/Kinova_gen2_rl/install/kinova_demo:/home/amma/Kinova_gen2_rl/install/kinova_driver:/home/amma/Kinova_gen2_rl/install/kinova_msgs:/home/amma/Kinova_gen2_rl/install/j2s6s200_moveit_config:/home/amma/Kinova_gen2_rl/install/kinova_description:/home/amma/Kinova_gen2_rl/install/kinova_bringup:/home/amma/Kinova_gen2_rl/install/click_pointer:/home/amma/Kinova_gen2_rl/install/mouth_tracking:/opt/ros/humble LD_LIBRARY_PATH=/home/amma/Kinova_gen2_rl/install/trac_ik_lib/lib:${LD_LIBRARY_PATH} /usr/bin/cmake --build /home/amma/Kinova_gen2_rl/build/trac_ik_examples -- -j12 -l12
[1.585s] [ 50%] [32mBuilding CXX object CMakeFiles/ik_tests.dir/src/ik_tests.cpp.o[0m
[6.521s] [100%] [32m[1mLinking CXX executable ik_tests[0m
[6.803s] [100%] Built target ik_tests
[6.821s] Invoked command in '/home/amma/Kinova_gen2_rl/build/trac_ik_examples' returned '0': AMENT_PREFIX_PATH=/home/amma/Kinova_gen2_rl/install/trac_ik_lib:${AMENT_PREFIX_PATH} CMAKE_PREFIX_PATH=/home/amma/Kinova_gen2_rl/install/trac_ik_lib:/home/amma/Kinova_gen2_rl/install/point_goal_test:/home/amma/Kinova_gen2_rl/install/kinova_demo:/home/amma/Kinova_gen2_rl/install/kinova_driver:/home/amma/Kinova_gen2_rl/install/kinova_msgs:/home/amma/Kinova_gen2_rl/install/j2s6s200_moveit_config:/home/amma/Kinova_gen2_rl/install/kinova_description:/home/amma/Kinova_gen2_rl/install/kinova_bringup:/home/amma/Kinova_gen2_rl/install/click_pointer:/home/amma/Kinova_gen2_rl/install/mouth_tracking:/opt/ros/humble LD_LIBRARY_PATH=/home/amma/Kinova_gen2_rl/install/trac_ik_lib/lib:${LD_LIBRARY_PATH} /usr/bin/cmake --build /home/amma/Kinova_gen2_rl/build/trac_ik_examples -- -j12 -l12
[6.823s] Invoking command in '/home/amma/Kinova_gen2_rl/build/trac_ik_examples': AMENT_PREFIX_PATH=/home/amma/Kinova_gen2_rl/install/trac_ik_lib:${AMENT_PREFIX_PATH} CMAKE_PREFIX_PATH=/home/amma/Kinova_gen2_rl/install/trac_ik_lib:/home/amma/Kinova_gen2_rl/install/point_goal_test:/home/amma/Kinova_gen2_rl/install/kinova_demo:/home/amma/Kinova_gen2_rl/install/kinova_driver:/home/amma/Kinova_gen2_rl/install/kinova_msgs:/home/amma/Kinova_gen2_rl/install/j2s6s200_moveit_config:/home/amma/Kinova_gen2_rl/install/kinova_description:/home/amma/Kinova_gen2_rl/install/kinova_bringup:/home/amma/Kinova_gen2_rl/install/click_pointer:/home/amma/Kinova_gen2_rl/install/mouth_tracking:/opt/ros/humble LD_LIBRARY_PATH=/home/amma/Kinova_gen2_rl/install/trac_ik_lib/lib:${LD_LIBRARY_PATH} /usr/bin/cmake --install /home/amma/Kinova_gen2_rl/build/trac_ik_examples
[6.856s] -- Install configuration: ""
[6.856s] -- Installing: /home/amma/Kinova_gen2_rl/install/trac_ik_examples/lib/trac_ik_examples/ik_tests
[6.856s] -- Set runtime path of "/home/amma/Kinova_gen2_rl/install/trac_ik_examples/lib/trac_ik_examples/ik_tests" to ""
[6.856s] -- Installing: /home/amma/Kinova_gen2_rl/install/trac_ik_examples/share/trac_ik_examples/launch
[6.857s] -- Installing: /home/amma/Kinova_gen2_rl/install/trac_ik_examples/share/trac_ik_examples/launch/pr2_arm.launch.py
[6.857s] -- Installing: /home/amma/Kinova_gen2_rl/install/trac_ik_examples/share/trac_ik_examples/launch/pr2.urdf
[6.857s] -- Installing: /home/amma/Kinova_gen2_rl/install/trac_ik_examples/share/ament_index/resource_index/package_run_dependencies/trac_ik_examples
[6.857s] -- Installing: /home/amma/Kinova_gen2_rl/install/trac_ik_examples/share/ament_index/resource_index/parent_prefix_path/trac_ik_examples
[6.857s] -- Installing: /home/amma/Kinova_gen2_rl/install/trac_ik_examples/share/trac_ik_examples/environment/ament_prefix_path.sh
[6.857s] -- Installing: /home/amma/Kinova_gen2_rl/install/trac_ik_examples/share/trac_ik_examples/environment/ament_prefix_path.dsv
[6.857s] -- Installing: /home/amma/Kinova_gen2_rl/install/trac_ik_examples/share/trac_ik_examples/environment/path.sh
[6.857s] -- Installing: /home/amma/Kinova_gen2_rl/install/trac_ik_examples/share/trac_ik_examples/environment/path.dsv
[6.857s] -- Installing: /home/amma/Kinova_gen2_rl/install/trac_ik_examples/share/trac_ik_examples/local_setup.bash
[6.858s] -- Installing: /home/amma/Kinova_gen2_rl/install/trac_ik_examples/share/trac_ik_examples/local_setup.sh
[6.858s] -- Installing: /home/amma/Kinova_gen2_rl/install/trac_ik_examples/share/trac_ik_examples/local_setup.zsh
[6.858s] -- Installing: /home/amma/Kinova_gen2_rl/install/trac_ik_examples/share/trac_ik_examples/local_setup.dsv
[6.858s] -- Installing: /home/amma/Kinova_gen2_rl/install/trac_ik_examples/share/trac_ik_examples/package.dsv
[6.858s] -- Installing: /home/amma/Kinova_gen2_rl/install/trac_ik_examples/share/ament_index/resource_index/packages/trac_ik_examples
[6.858s] -- Installing: /home/amma/Kinova_gen2_rl/install/trac_ik_examples/share/trac_ik_examples/cmake/trac_ik_examplesConfig.cmake
[6.858s] -- Installing: /home/amma/Kinova_gen2_rl/install/trac_ik_examples/share/trac_ik_examples/cmake/trac_ik_examplesConfig-version.cmake
[6.858s] -- Installing: /home/amma/Kinova_gen2_rl/install/trac_ik_examples/share/trac_ik_examples/package.xml
[6.862s] Invoked command in '/home/amma/Kinova_gen2_rl/build/trac_ik_examples' returned '0': AMENT_PREFIX_PATH=/home/amma/Kinova_gen2_rl/install/trac_ik_lib:${AMENT_PREFIX_PATH} CMAKE_PREFIX_PATH=/home/amma/Kinova_gen2_rl/install/trac_ik_lib:/home/amma/Kinova_gen2_rl/install/point_goal_test:/home/amma/Kinova_gen2_rl/install/kinova_demo:/home/amma/Kinova_gen2_rl/install/kinova_driver:/home/amma/Kinova_gen2_rl/install/kinova_msgs:/home/amma/Kinova_gen2_rl/install/j2s6s200_moveit_config:/home/amma/Kinova_gen2_rl/install/kinova_description:/home/amma/Kinova_gen2_rl/install/kinova_bringup:/home/amma/Kinova_gen2_rl/install/click_pointer:/home/amma/Kinova_gen2_rl/install/mouth_tracking:/opt/ros/humble LD_LIBRARY_PATH=/home/amma/Kinova_gen2_rl/install/trac_ik_lib/lib:${LD_LIBRARY_PATH} /usr/bin/cmake --install /home/amma/Kinova_gen2_rl/build/trac_ik_examples
