[0.008s] Invoking command in '/home/amma/Kinova_gen2_rl/build/j2s6s200_moveit_config': AMENT_PREFIX_PATH=/home/amma/Kinova_gen2_rl/install/kinova_description:${AMENT_PREFIX_PATH} CMAKE_PREFIX_PATH=/home/amma/Kinova_gen2_rl/install/kinova_description:/home/amma/Kinova_gen2_rl/install/point_goal_test:/opt/ros/humble /usr/bin/cmake --build /home/amma/Kinova_gen2_rl/build/j2s6s200_moveit_config -- -j16 -l16
[0.043s] Invoked command in '/home/amma/Kinova_gen2_rl/build/j2s6s200_moveit_config' returned '0': AMENT_PREFIX_PATH=/home/amma/Kinova_gen2_rl/install/kinova_description:${AMENT_PREFIX_PATH} CMAKE_PREFIX_PATH=/home/amma/Kinova_gen2_rl/install/kinova_description:/home/amma/Kinova_gen2_rl/install/point_goal_test:/opt/ros/humble /usr/bin/cmake --build /home/amma/Kinova_gen2_rl/build/j2s6s200_moveit_config -- -j16 -l16
[0.044s] Invoking command in '/home/amma/Kinova_gen2_rl/build/j2s6s200_moveit_config': AMENT_PREFIX_PATH=/home/amma/Kinova_gen2_rl/install/kinova_description:${AMENT_PREFIX_PATH} CMAKE_PREFIX_PATH=/home/amma/Kinova_gen2_rl/install/kinova_description:/home/amma/Kinova_gen2_rl/install/point_goal_test:/opt/ros/humble /usr/bin/cmake --install /home/amma/Kinova_gen2_rl/build/j2s6s200_moveit_config
[0.046s] -- Install configuration: ""
[0.046s] -- Up-to-date: /home/amma/Kinova_gen2_rl/install/j2s6s200_moveit_config/share/j2s6s200_moveit_config/config
[0.046s] -- Up-to-date: /home/amma/Kinova_gen2_rl/install/j2s6s200_moveit_config/share/j2s6s200_moveit_config/config/ompl_planning.yaml
[0.046s] -- Up-to-date: /home/amma/Kinova_gen2_rl/install/j2s6s200_moveit_config/share/j2s6s200_moveit_config/config/kinematics.yaml
[0.046s] -- Up-to-date: /home/amma/Kinova_gen2_rl/install/j2s6s200_moveit_config/share/j2s6s200_moveit_config/config/moveit_controllers.yaml
[0.046s] -- Up-to-date: /home/amma/Kinova_gen2_rl/install/j2s6s200_moveit_config/share/j2s6s200_moveit_config/config/ros2_controllers.yaml
[0.046s] -- Up-to-date: /home/amma/Kinova_gen2_rl/install/j2s6s200_moveit_config/share/j2s6s200_moveit_config/config/joint_limits.yaml
[0.047s] -- Up-to-date: /home/amma/Kinova_gen2_rl/install/j2s6s200_moveit_config/share/j2s6s200_moveit_config/config/j2s6s200.srdf
[0.047s] -- Up-to-date: /home/amma/Kinova_gen2_rl/install/j2s6s200_moveit_config/share/j2s6s200_moveit_config/launch
[0.047s] -- Up-to-date: /home/amma/Kinova_gen2_rl/install/j2s6s200_moveit_config/share/j2s6s200_moveit_config/launch/real_moveit_launch.py
[0.047s] -- Up-to-date: /home/amma/Kinova_gen2_rl/install/j2s6s200_moveit_config/share/j2s6s200_moveit_config/launch/j2s6s200_moveit.launch.py
[0.047s] -- Up-to-date: /home/amma/Kinova_gen2_rl/install/j2s6s200_moveit_config/share/j2s6s200_moveit_config/urdf
[0.047s] -- Up-to-date: /home/amma/Kinova_gen2_rl/install/j2s6s200_moveit_config/share/j2s6s200_moveit_config/urdf/j2s6s200.urdf.xacro
[0.047s] -- Up-to-date: /home/amma/Kinova_gen2_rl/install/j2s6s200_moveit_config/lib/j2s6s200_moveit_config/kinova_sdk_node
[0.047s] -- Up-to-date: /home/amma/Kinova_gen2_rl/install/j2s6s200_moveit_config/lib/j2s6s200_moveit_config/trajectory_executor
[0.047s] -- Up-to-date: /home/amma/Kinova_gen2_rl/install/j2s6s200_moveit_config/lib/j2s6s200_moveit_config/kinova_trajectory_bridge
[0.047s] -- Up-to-date: /home/amma/Kinova_gen2_rl/install/j2s6s200_moveit_config/lib/j2s6s200_moveit_config/joint_state_relay
[0.047s] -- Up-to-date: /home/amma/Kinova_gen2_rl/install/j2s6s200_moveit_config/lib/j2s6s200_moveit_config/scoop_action
[0.047s] -- Up-to-date: /home/amma/Kinova_gen2_rl/install/j2s6s200_moveit_config/share/ament_index/resource_index/package_run_dependencies/j2s6s200_moveit_config
[0.047s] -- Up-to-date: /home/amma/Kinova_gen2_rl/install/j2s6s200_moveit_config/share/ament_index/resource_index/parent_prefix_path/j2s6s200_moveit_config
[0.047s] -- Up-to-date: /home/amma/Kinova_gen2_rl/install/j2s6s200_moveit_config/share/j2s6s200_moveit_config/environment/ament_prefix_path.sh
[0.047s] -- Up-to-date: /home/amma/Kinova_gen2_rl/install/j2s6s200_moveit_config/share/j2s6s200_moveit_config/environment/ament_prefix_path.dsv
[0.047s] -- Up-to-date: /home/amma/Kinova_gen2_rl/install/j2s6s200_moveit_config/share/j2s6s200_moveit_config/environment/path.sh
[0.047s] -- Up-to-date: /home/amma/Kinova_gen2_rl/install/j2s6s200_moveit_config/share/j2s6s200_moveit_config/environment/path.dsv
[0.047s] -- Up-to-date: /home/amma/Kinova_gen2_rl/install/j2s6s200_moveit_config/share/j2s6s200_moveit_config/local_setup.bash
[0.047s] -- Up-to-date: /home/amma/Kinova_gen2_rl/install/j2s6s200_moveit_config/share/j2s6s200_moveit_config/local_setup.sh
[0.047s] -- Up-to-date: /home/amma/Kinova_gen2_rl/install/j2s6s200_moveit_config/share/j2s6s200_moveit_config/local_setup.zsh
[0.047s] -- Up-to-date: /home/amma/Kinova_gen2_rl/install/j2s6s200_moveit_config/share/j2s6s200_moveit_config/local_setup.dsv
[0.047s] -- Up-to-date: /home/amma/Kinova_gen2_rl/install/j2s6s200_moveit_config/share/j2s6s200_moveit_config/package.dsv
[0.047s] -- Up-to-date: /home/amma/Kinova_gen2_rl/install/j2s6s200_moveit_config/share/ament_index/resource_index/packages/j2s6s200_moveit_config
[0.048s] -- Up-to-date: /home/amma/Kinova_gen2_rl/install/j2s6s200_moveit_config/share/j2s6s200_moveit_config/cmake/j2s6s200_moveit_configConfig.cmake
[0.048s] -- Up-to-date: /home/amma/Kinova_gen2_rl/install/j2s6s200_moveit_config/share/j2s6s200_moveit_config/cmake/j2s6s200_moveit_configConfig-version.cmake
[0.048s] -- Up-to-date: /home/amma/Kinova_gen2_rl/install/j2s6s200_moveit_config/share/j2s6s200_moveit_config/package.xml
[0.050s] Invoked command in '/home/amma/Kinova_gen2_rl/build/j2s6s200_moveit_config' returned '0': AMENT_PREFIX_PATH=/home/amma/Kinova_gen2_rl/install/kinova_description:${AMENT_PREFIX_PATH} CMAKE_PREFIX_PATH=/home/amma/Kinova_gen2_rl/install/kinova_description:/home/amma/Kinova_gen2_rl/install/point_goal_test:/opt/ros/humble /usr/bin/cmake --install /home/amma/Kinova_gen2_rl/build/j2s6s200_moveit_config
