-- Install configuration: ""
-- Up-to-date: /home/amma/Kinova_gen2_rl/install/kinova_description/share/kinova_description/urdf
-- Up-to-date: /home/amma/Kinova_gen2_rl/install/kinova_description/share/kinova_description/urdf/j2n4s300_standalone.xacro
-- Up-to-date: /home/amma/Kinova_gen2_rl/install/kinova_description/share/kinova_description/urdf/j2n6s200.xacro
-- Up-to-date: /home/amma/Kinova_gen2_rl/install/kinova_description/share/kinova_description/urdf/m1n4s200.xacro
-- Up-to-date: /home/amma/Kinova_gen2_rl/install/kinova_description/share/kinova_description/urdf/j2s7s300.xacro
-- Up-to-date: /home/amma/Kinova_gen2_rl/install/kinova_description/share/kinova_description/urdf/j2s6s300_standalone.xacro
-- Up-to-date: /home/amma/Kinova_gen2_rl/install/kinova_description/share/kinova_description/urdf/j2s6s300_integration.xacro
-- Up-to-date: /home/amma/Kinova_gen2_rl/install/kinova_description/share/kinova_description/urdf/j2n6s300.xacro
-- Up-to-date: /home/amma/Kinova_gen2_rl/install/kinova_description/share/kinova_description/urdf/j2s6s200_standalone.xacro
-- Up-to-date: /home/amma/Kinova_gen2_rl/install/kinova_description/share/kinova_description/urdf/kinova_inertial.xacro
-- Up-to-date: /home/amma/Kinova_gen2_rl/install/kinova_description/share/kinova_description/urdf/m1n6s200.xacro
-- Up-to-date: /home/amma/Kinova_gen2_rl/install/kinova_description/share/kinova_description/urdf/j2s6s300.xacro
-- Up-to-date: /home/amma/Kinova_gen2_rl/install/kinova_description/share/kinova_description/urdf/j2n6s300_standalone.xacro
-- Up-to-date: /home/amma/Kinova_gen2_rl/install/kinova_description/share/kinova_description/urdf/m1n6s200_standalone.xacro
-- Up-to-date: /home/amma/Kinova_gen2_rl/install/kinova_description/share/kinova_description/urdf/j2n6s200_standalone.xacro
-- Up-to-date: /home/amma/Kinova_gen2_rl/install/kinova_description/share/kinova_description/urdf/kinova_common.xacro
-- Up-to-date: /home/amma/Kinova_gen2_rl/install/kinova_description/share/kinova_description/urdf/m1n4s200_standalone.xacro
-- Up-to-date: /home/amma/Kinova_gen2_rl/install/kinova_description/share/kinova_description/urdf/j2s6s200_integration.xacro
-- Up-to-date: /home/amma/Kinova_gen2_rl/install/kinova_description/share/kinova_description/urdf/two_arm_robot_example_standalone.xacro
-- Up-to-date: /home/amma/Kinova_gen2_rl/install/kinova_description/share/kinova_description/urdf/j2n4s300.xacro
-- Up-to-date: /home/amma/Kinova_gen2_rl/install/kinova_description/share/kinova_description/urdf/j2s6s200.xacro
-- Up-to-date: /home/amma/Kinova_gen2_rl/install/kinova_description/share/kinova_description/urdf/j2n7s300_standalone.xacro
-- Up-to-date: /home/amma/Kinova_gen2_rl/install/kinova_description/share/kinova_description/urdf/j2n7s300.xacro
-- Up-to-date: /home/amma/Kinova_gen2_rl/install/kinova_description/share/kinova_description/urdf/m1n6s300_standalone.xacro
-- Up-to-date: /home/amma/Kinova_gen2_rl/install/kinova_description/share/kinova_description/urdf/kinova.gazebo
-- Up-to-date: /home/amma/Kinova_gen2_rl/install/kinova_description/share/kinova_description/urdf/m1n6s300.xacro
-- Up-to-date: /home/amma/Kinova_gen2_rl/install/kinova_description/share/kinova_description/urdf/kinova_finger_set.xacro
-- Up-to-date: /home/amma/Kinova_gen2_rl/install/kinova_description/share/kinova_description/urdf/j2s7s300_standalone.xacro
-- Up-to-date: /home/amma/Kinova_gen2_rl/install/kinova_description/share/kinova_description/meshes
-- Up-to-date: /home/amma/Kinova_gen2_rl/install/kinova_description/share/kinova_description/meshes/ring_big.dae
-- Up-to-date: /home/amma/Kinova_gen2_rl/install/kinova_description/share/kinova_description/meshes/forearm.dae
-- Up-to-date: /home/amma/Kinova_gen2_rl/install/kinova_description/share/kinova_description/meshes/arm_half_2.STL
-- Up-to-date: /home/amma/Kinova_gen2_rl/install/kinova_description/share/kinova_description/meshes/robot.urdf
-- Up-to-date: /home/amma/Kinova_gen2_rl/install/kinova_description/share/kinova_description/meshes/arm_half_2.dae
-- Up-to-date: /home/amma/Kinova_gen2_rl/install/kinova_description/share/kinova_description/meshes/finger_distal.STL
-- Up-to-date: /home/amma/Kinova_gen2_rl/install/kinova_description/share/kinova_description/meshes/arm.STL
-- Up-to-date: /home/amma/Kinova_gen2_rl/install/kinova_description/share/kinova_description/meshes/shoulder.STL
-- Up-to-date: /home/amma/Kinova_gen2_rl/install/kinova_description/share/kinova_description/meshes/hand_2finger.STL
-- Up-to-date: /home/amma/Kinova_gen2_rl/install/kinova_description/share/kinova_description/meshes/finger_proximal.dae
-- Up-to-date: /home/amma/Kinova_gen2_rl/install/kinova_description/share/kinova_description/meshes/hand_3finger.STL
-- Up-to-date: /home/amma/Kinova_gen2_rl/install/kinova_description/share/kinova_description/meshes/arm_mico.STL
-- Up-to-date: /home/amma/Kinova_gen2_rl/install/kinova_description/share/kinova_description/meshes/wrist_spherical_2.dae
-- Up-to-date: /home/amma/Kinova_gen2_rl/install/kinova_description/share/kinova_description/meshes/wrist.dae
-- Up-to-date: /home/amma/Kinova_gen2_rl/install/kinova_description/share/kinova_description/meshes/forearm.STL
-- Up-to-date: /home/amma/Kinova_gen2_rl/install/kinova_description/share/kinova_description/meshes/arm.SLDPRT
-- Up-to-date: /home/amma/Kinova_gen2_rl/install/kinova_description/share/kinova_description/meshes/forearm_mico.dae
-- Up-to-date: /home/amma/Kinova_gen2_rl/install/kinova_description/share/kinova_description/meshes/ring_small.dae
-- Up-to-date: /home/amma/Kinova_gen2_rl/install/kinova_description/share/kinova_description/meshes/arm.dae
-- Up-to-date: /home/amma/Kinova_gen2_rl/install/kinova_description/share/kinova_description/meshes/wrist_spherical_1.STL
-- Up-to-date: /home/amma/Kinova_gen2_rl/install/kinova_description/share/kinova_description/meshes/arm_half_1.STL
-- Up-to-date: /home/amma/Kinova_gen2_rl/install/kinova_description/share/kinova_description/meshes/hand_2finger.dae
-- Up-to-date: /home/amma/Kinova_gen2_rl/install/kinova_description/share/kinova_description/meshes/base.STL
-- Up-to-date: /home/amma/Kinova_gen2_rl/install/kinova_description/share/kinova_description/meshes/arm_mico.dae
-- Up-to-date: /home/amma/Kinova_gen2_rl/install/kinova_description/share/kinova_description/meshes/wrist.STL
-- Up-to-date: /home/amma/Kinova_gen2_rl/install/kinova_description/share/kinova_description/meshes/wrist_spherical_1.dae
-- Up-to-date: /home/amma/Kinova_gen2_rl/install/kinova_description/share/kinova_description/meshes/forearm_mico.STL
-- Up-to-date: /home/amma/Kinova_gen2_rl/install/kinova_description/share/kinova_description/meshes/finger_distal.dae
-- Up-to-date: /home/amma/Kinova_gen2_rl/install/kinova_description/share/kinova_description/meshes/ring_big.STL
-- Up-to-date: /home/amma/Kinova_gen2_rl/install/kinova_description/share/kinova_description/meshes/arm_half_1.dae
-- Up-to-date: /home/amma/Kinova_gen2_rl/install/kinova_description/share/kinova_description/meshes/base.dae
-- Up-to-date: /home/amma/Kinova_gen2_rl/install/kinova_description/share/kinova_description/meshes/hand_3finger.dae
-- Up-to-date: /home/amma/Kinova_gen2_rl/install/kinova_description/share/kinova_description/meshes/finger_proximal.STL
-- Up-to-date: /home/amma/Kinova_gen2_rl/install/kinova_description/share/kinova_description/meshes/ring_small.STL
-- Up-to-date: /home/amma/Kinova_gen2_rl/install/kinova_description/share/kinova_description/meshes/wrist_spherical_2.STL
-- Up-to-date: /home/amma/Kinova_gen2_rl/install/kinova_description/share/kinova_description/meshes/shoulder.dae
-- Up-to-date: /home/amma/Kinova_gen2_rl/install/kinova_description/share/ament_index/resource_index/package_run_dependencies/kinova_description
-- Up-to-date: /home/amma/Kinova_gen2_rl/install/kinova_description/share/ament_index/resource_index/parent_prefix_path/kinova_description
-- Up-to-date: /home/amma/Kinova_gen2_rl/install/kinova_description/share/kinova_description/environment/ament_prefix_path.sh
-- Up-to-date: /home/amma/Kinova_gen2_rl/install/kinova_description/share/kinova_description/environment/ament_prefix_path.dsv
-- Up-to-date: /home/amma/Kinova_gen2_rl/install/kinova_description/share/kinova_description/environment/path.sh
-- Up-to-date: /home/amma/Kinova_gen2_rl/install/kinova_description/share/kinova_description/environment/path.dsv
-- Up-to-date: /home/amma/Kinova_gen2_rl/install/kinova_description/share/kinova_description/local_setup.bash
-- Up-to-date: /home/amma/Kinova_gen2_rl/install/kinova_description/share/kinova_description/local_setup.sh
-- Up-to-date: /home/amma/Kinova_gen2_rl/install/kinova_description/share/kinova_description/local_setup.zsh
-- Up-to-date: /home/amma/Kinova_gen2_rl/install/kinova_description/share/kinova_description/local_setup.dsv
-- Up-to-date: /home/amma/Kinova_gen2_rl/install/kinova_description/share/kinova_description/package.dsv
-- Up-to-date: /home/amma/Kinova_gen2_rl/install/kinova_description/share/ament_index/resource_index/packages/kinova_description
-- Up-to-date: /home/amma/Kinova_gen2_rl/install/kinova_description/share/kinova_description/cmake/kinova_descriptionConfig.cmake
-- Up-to-date: /home/amma/Kinova_gen2_rl/install/kinova_description/share/kinova_description/cmake/kinova_descriptionConfig-version.cmake
-- Up-to-date: /home/amma/Kinova_gen2_rl/install/kinova_description/share/kinova_description/package.xml
