[0.009s] Invoking command in '/home/amma/Kinova_gen2_rl/build/kinova_demo': CMAKE_PREFIX_PATH=/home/amma/Kinova_gen2_rl/install/kinova_driver:/home/amma/Kinova_gen2_rl/install/kinova_msgs:/home/amma/Kinova_gen2_rl/install/kinova_demo:/home/amma/Kinova_gen2_rl/install/j2s6s200_moveit_config:/home/amma/Kinova_gen2_rl/install/kinova_description:/home/amma/Kinova_gen2_rl/install/kinova_bringup:/home/amma/Kinova_gen2_rl/install/click_pointer:/home/amma/Kinova_gen2_rl/install/point_goal_test:/home/amma/Kinova_gen2_rl/install/mouth_tracking:/opt/ros/humble LD_LIBRARY_PATH=/home/amma/Kinova_gen2_rl/install/kinova_driver/lib:/home/amma/Kinova_gen2_rl/install/kinova_msgs/lib:/opt/ros/humble/opt/rviz_ogre_vendor/lib:/opt/ros/humble/lib/x86_64-linux-gnu:/opt/ros/humble/lib:/usr/lib/x86_64-linux-gnu/gazebo-11/plugins /usr/bin/cmake --build /home/amma/Kinova_gen2_rl/build/kinova_demo -- -j16 -l16
[0.056s] Built target ament_cmake_python_copy_kinova_demo
[0.507s] running egg_info
[0.509s] writing kinova_demo.egg-info/PKG-INFO
[0.510s] writing dependency_links to kinova_demo.egg-info/dependency_links.txt
[0.511s] writing top-level names to kinova_demo.egg-info/top_level.txt
[0.519s] reading manifest file 'kinova_demo.egg-info/SOURCES.txt'
[0.521s] writing manifest file 'kinova_demo.egg-info/SOURCES.txt'
[0.604s] Built target ament_cmake_python_build_kinova_demo_egg
[0.647s] Invoked command in '/home/amma/Kinova_gen2_rl/build/kinova_demo' returned '0': CMAKE_PREFIX_PATH=/home/amma/Kinova_gen2_rl/install/kinova_driver:/home/amma/Kinova_gen2_rl/install/kinova_msgs:/home/amma/Kinova_gen2_rl/install/kinova_demo:/home/amma/Kinova_gen2_rl/install/j2s6s200_moveit_config:/home/amma/Kinova_gen2_rl/install/kinova_description:/home/amma/Kinova_gen2_rl/install/kinova_bringup:/home/amma/Kinova_gen2_rl/install/click_pointer:/home/amma/Kinova_gen2_rl/install/point_goal_test:/home/amma/Kinova_gen2_rl/install/mouth_tracking:/opt/ros/humble LD_LIBRARY_PATH=/home/amma/Kinova_gen2_rl/install/kinova_driver/lib:/home/amma/Kinova_gen2_rl/install/kinova_msgs/lib:/opt/ros/humble/opt/rviz_ogre_vendor/lib:/opt/ros/humble/lib/x86_64-linux-gnu:/opt/ros/humble/lib:/usr/lib/x86_64-linux-gnu/gazebo-11/plugins /usr/bin/cmake --build /home/amma/Kinova_gen2_rl/build/kinova_demo -- -j16 -l16
[0.650s] Invoking command in '/home/amma/Kinova_gen2_rl/build/kinova_demo': CMAKE_PREFIX_PATH=/home/amma/Kinova_gen2_rl/install/kinova_driver:/home/amma/Kinova_gen2_rl/install/kinova_msgs:/home/amma/Kinova_gen2_rl/install/kinova_demo:/home/amma/Kinova_gen2_rl/install/j2s6s200_moveit_config:/home/amma/Kinova_gen2_rl/install/kinova_description:/home/amma/Kinova_gen2_rl/install/kinova_bringup:/home/amma/Kinova_gen2_rl/install/click_pointer:/home/amma/Kinova_gen2_rl/install/point_goal_test:/home/amma/Kinova_gen2_rl/install/mouth_tracking:/opt/ros/humble LD_LIBRARY_PATH=/home/amma/Kinova_gen2_rl/install/kinova_driver/lib:/home/amma/Kinova_gen2_rl/install/kinova_msgs/lib:/opt/ros/humble/opt/rviz_ogre_vendor/lib:/opt/ros/humble/lib/x86_64-linux-gnu:/opt/ros/humble/lib:/usr/lib/x86_64-linux-gnu/gazebo-11/plugins /usr/bin/cmake --install /home/amma/Kinova_gen2_rl/build/kinova_demo
[0.669s] -- Install configuration: ""
[0.670s] -- Up-to-date: /home/amma/Kinova_gen2_rl/install/kinova_demo/share/kinova_demo/environment/pythonpath.sh
[0.670s] -- Up-to-date: /home/amma/Kinova_gen2_rl/install/kinova_demo/share/kinova_demo/environment/pythonpath.dsv
[0.670s] -- Up-to-date: /home/amma/Kinova_gen2_rl/install/kinova_demo/local/lib/python3.10/dist-packages/kinova_demo-0.0.1-py3.10.egg-info
[0.671s] -- Installing: /home/amma/Kinova_gen2_rl/install/kinova_demo/local/lib/python3.10/dist-packages/kinova_demo-0.0.1-py3.10.egg-info/top_level.txt
[0.671s] -- Installing: /home/amma/Kinova_gen2_rl/install/kinova_demo/local/lib/python3.10/dist-packages/kinova_demo-0.0.1-py3.10.egg-info/SOURCES.txt
[0.671s] -- Installing: /home/amma/Kinova_gen2_rl/install/kinova_demo/local/lib/python3.10/dist-packages/kinova_demo-0.0.1-py3.10.egg-info/dependency_links.txt
[0.672s] -- Installing: /home/amma/Kinova_gen2_rl/install/kinova_demo/local/lib/python3.10/dist-packages/kinova_demo-0.0.1-py3.10.egg-info/PKG-INFO
[0.672s] -- Up-to-date: /home/amma/Kinova_gen2_rl/install/kinova_demo/local/lib/python3.10/dist-packages/kinova_demo
[0.672s] -- Up-to-date: /home/amma/Kinova_gen2_rl/install/kinova_demo/local/lib/python3.10/dist-packages/kinova_demo/__init__.py
[0.672s] -- Up-to-date: /home/amma/Kinova_gen2_rl/install/kinova_demo/local/lib/python3.10/dist-packages/kinova_demo/module_to_import.py
[0.794s] Listing '/home/amma/Kinova_gen2_rl/install/kinova_demo/local/lib/python3.10/dist-packages/kinova_demo'...
[0.809s] -- Up-to-date: /home/amma/Kinova_gen2_rl/install/kinova_demo/lib/kinova_demo/pose_action_client.py
[0.810s] -- Up-to-date: /home/amma/Kinova_gen2_rl/install/kinova_demo/share/ament_index/resource_index/package_run_dependencies/kinova_demo
[0.810s] -- Up-to-date: /home/amma/Kinova_gen2_rl/install/kinova_demo/share/ament_index/resource_index/parent_prefix_path/kinova_demo
[0.810s] -- Up-to-date: /home/amma/Kinova_gen2_rl/install/kinova_demo/share/kinova_demo/environment/ament_prefix_path.sh
[0.811s] -- Up-to-date: /home/amma/Kinova_gen2_rl/install/kinova_demo/share/kinova_demo/environment/ament_prefix_path.dsv
[0.811s] -- Up-to-date: /home/amma/Kinova_gen2_rl/install/kinova_demo/share/kinova_demo/environment/path.sh
[0.811s] -- Up-to-date: /home/amma/Kinova_gen2_rl/install/kinova_demo/share/kinova_demo/environment/path.dsv
[0.812s] -- Up-to-date: /home/amma/Kinova_gen2_rl/install/kinova_demo/share/kinova_demo/local_setup.bash
[0.812s] -- Up-to-date: /home/amma/Kinova_gen2_rl/install/kinova_demo/share/kinova_demo/local_setup.sh
[0.812s] -- Up-to-date: /home/amma/Kinova_gen2_rl/install/kinova_demo/share/kinova_demo/local_setup.zsh
[0.812s] -- Up-to-date: /home/amma/Kinova_gen2_rl/install/kinova_demo/share/kinova_demo/local_setup.dsv
[0.813s] -- Installing: /home/amma/Kinova_gen2_rl/install/kinova_demo/share/kinova_demo/package.dsv
[0.813s] -- Up-to-date: /home/amma/Kinova_gen2_rl/install/kinova_demo/share/ament_index/resource_index/packages/kinova_demo
[0.813s] -- Up-to-date: /home/amma/Kinova_gen2_rl/install/kinova_demo/share/kinova_demo/cmake/kinova_demoConfig.cmake
[0.813s] -- Up-to-date: /home/amma/Kinova_gen2_rl/install/kinova_demo/share/kinova_demo/cmake/kinova_demoConfig-version.cmake
[0.813s] -- Up-to-date: /home/amma/Kinova_gen2_rl/install/kinova_demo/share/kinova_demo/package.xml
[0.837s] Invoked command in '/home/amma/Kinova_gen2_rl/build/kinova_demo' returned '0': CMAKE_PREFIX_PATH=/home/amma/Kinova_gen2_rl/install/kinova_driver:/home/amma/Kinova_gen2_rl/install/kinova_msgs:/home/amma/Kinova_gen2_rl/install/kinova_demo:/home/amma/Kinova_gen2_rl/install/j2s6s200_moveit_config:/home/amma/Kinova_gen2_rl/install/kinova_description:/home/amma/Kinova_gen2_rl/install/kinova_bringup:/home/amma/Kinova_gen2_rl/install/click_pointer:/home/amma/Kinova_gen2_rl/install/point_goal_test:/home/amma/Kinova_gen2_rl/install/mouth_tracking:/opt/ros/humble LD_LIBRARY_PATH=/home/amma/Kinova_gen2_rl/install/kinova_driver/lib:/home/amma/Kinova_gen2_rl/install/kinova_msgs/lib:/opt/ros/humble/opt/rviz_ogre_vendor/lib:/opt/ros/humble/lib/x86_64-linux-gnu:/opt/ros/humble/lib:/usr/lib/x86_64-linux-gnu/gazebo-11/plugins /usr/bin/cmake --install /home/amma/Kinova_gen2_rl/build/kinova_demo
