[1.008s] Invoking command in '/home/amma/Kinova_gen2_rl/src/mouth_tracking': PYTHONPATH=/home/amma/Kinova_gen2_rl/build/mouth_tracking/prefix_override:/usr/lib/python3/dist-packages/colcon_core/task/python/colcon_distutils_commands:/home/amma/Kinova_gen2_rl/install/mouth_tracking/lib/python3.10/site-packages:${PYTHONPATH} /usr/bin/python3 -W ignore:setup.py install is deprecated -W ignore:easy_install command is deprecated setup.py egg_info --egg-base ../../build/mouth_tracking build --build-base /home/amma/Kinova_gen2_rl/build/mouth_tracking/build install --record /home/amma/Kinova_gen2_rl/build/mouth_tracking/install.log --single-version-externally-managed install_data
[1.382s] running egg_info
[1.383s] creating ../../build/mouth_tracking/mouth_tracking.egg-info
[1.383s] writing ../../build/mouth_tracking/mouth_tracking.egg-info/PKG-INFO
[1.383s] writing dependency_links to ../../build/mouth_tracking/mouth_tracking.egg-info/dependency_links.txt
[1.384s] writing entry points to ../../build/mouth_tracking/mouth_tracking.egg-info/entry_points.txt
[1.384s] writing requirements to ../../build/mouth_tracking/mouth_tracking.egg-info/requires.txt
[1.384s] writing top-level names to ../../build/mouth_tracking/mouth_tracking.egg-info/top_level.txt
[1.385s] writing manifest file '../../build/mouth_tracking/mouth_tracking.egg-info/SOURCES.txt'
[1.387s] reading manifest file '../../build/mouth_tracking/mouth_tracking.egg-info/SOURCES.txt'
[1.388s] writing manifest file '../../build/mouth_tracking/mouth_tracking.egg-info/SOURCES.txt'
[1.388s] running build
[1.388s] running build_py
[1.389s] creating /home/amma/Kinova_gen2_rl/build/mouth_tracking/build
[1.389s] creating /home/amma/Kinova_gen2_rl/build/mouth_tracking/build/lib
[1.389s] creating /home/amma/Kinova_gen2_rl/build/mouth_tracking/build/lib/mouth_tracking
[1.389s] copying mouth_tracking/mouth_tracker.py -> /home/amma/Kinova_gen2_rl/build/mouth_tracking/build/lib/mouth_tracking
[1.389s] copying mouth_tracking/room_mapper.py -> /home/amma/Kinova_gen2_rl/build/mouth_tracking/build/lib/mouth_tracking
[1.390s] copying mouth_tracking/__init__.py -> /home/amma/Kinova_gen2_rl/build/mouth_tracking/build/lib/mouth_tracking
[1.390s] copying mouth_tracking/static_pointcloud.py -> /home/amma/Kinova_gen2_rl/build/mouth_tracking/build/lib/mouth_tracking
[1.390s] running install
[1.390s] running install_lib
[1.391s] creating /home/amma/Kinova_gen2_rl/install/mouth_tracking/lib/python3.10/site-packages/mouth_tracking
[1.391s] copying /home/amma/Kinova_gen2_rl/build/mouth_tracking/build/lib/mouth_tracking/mouth_tracker.py -> /home/amma/Kinova_gen2_rl/install/mouth_tracking/lib/python3.10/site-packages/mouth_tracking
[1.391s] copying /home/amma/Kinova_gen2_rl/build/mouth_tracking/build/lib/mouth_tracking/room_mapper.py -> /home/amma/Kinova_gen2_rl/install/mouth_tracking/lib/python3.10/site-packages/mouth_tracking
[1.392s] copying /home/amma/Kinova_gen2_rl/build/mouth_tracking/build/lib/mouth_tracking/__init__.py -> /home/amma/Kinova_gen2_rl/install/mouth_tracking/lib/python3.10/site-packages/mouth_tracking
[1.392s] copying /home/amma/Kinova_gen2_rl/build/mouth_tracking/build/lib/mouth_tracking/static_pointcloud.py -> /home/amma/Kinova_gen2_rl/install/mouth_tracking/lib/python3.10/site-packages/mouth_tracking
[1.392s] byte-compiling /home/amma/Kinova_gen2_rl/install/mouth_tracking/lib/python3.10/site-packages/mouth_tracking/mouth_tracker.py to mouth_tracker.cpython-310.pyc
[1.395s] byte-compiling /home/amma/Kinova_gen2_rl/install/mouth_tracking/lib/python3.10/site-packages/mouth_tracking/room_mapper.py to room_mapper.cpython-310.pyc
[1.396s] byte-compiling /home/amma/Kinova_gen2_rl/install/mouth_tracking/lib/python3.10/site-packages/mouth_tracking/__init__.py to __init__.cpython-310.pyc
[1.397s] byte-compiling /home/amma/Kinova_gen2_rl/install/mouth_tracking/lib/python3.10/site-packages/mouth_tracking/static_pointcloud.py to static_pointcloud.cpython-310.pyc
[1.398s] running install_data
[1.398s] creating /home/amma/Kinova_gen2_rl/install/mouth_tracking/share/ament_index
[1.398s] creating /home/amma/Kinova_gen2_rl/install/mouth_tracking/share/ament_index/resource_index
[1.398s] creating /home/amma/Kinova_gen2_rl/install/mouth_tracking/share/ament_index/resource_index/packages
[1.398s] copying resource/mouth_tracking -> /home/amma/Kinova_gen2_rl/install/mouth_tracking/share/ament_index/resource_index/packages
[1.399s] copying package.xml -> /home/amma/Kinova_gen2_rl/install/mouth_tracking/share/mouth_tracking
[1.399s] running install_egg_info
[1.401s] Copying ../../build/mouth_tracking/mouth_tracking.egg-info to /home/amma/Kinova_gen2_rl/install/mouth_tracking/lib/python3.10/site-packages/mouth_tracking-0.0.0-py3.10.egg-info
[1.402s] running install_scripts
[1.433s] Installing mouth_tracker script to /home/amma/Kinova_gen2_rl/install/mouth_tracking/lib/mouth_tracking
[1.433s] Installing room_mapper script to /home/amma/Kinova_gen2_rl/install/mouth_tracking/lib/mouth_tracking
[1.434s] Installing static_pointcloud script to /home/amma/Kinova_gen2_rl/install/mouth_tracking/lib/mouth_tracking
[1.434s] writing list of installed files to '/home/amma/Kinova_gen2_rl/build/mouth_tracking/install.log'
[1.468s] Invoked command in '/home/amma/Kinova_gen2_rl/src/mouth_tracking' returned '0': PYTHONPATH=/home/amma/Kinova_gen2_rl/build/mouth_tracking/prefix_override:/usr/lib/python3/dist-packages/colcon_core/task/python/colcon_distutils_commands:/home/amma/Kinova_gen2_rl/install/mouth_tracking/lib/python3.10/site-packages:${PYTHONPATH} /usr/bin/python3 -W ignore:setup.py install is deprecated -W ignore:easy_install command is deprecated setup.py egg_info --egg-base ../../build/mouth_tracking build --build-base /home/amma/Kinova_gen2_rl/build/mouth_tracking/build install --record /home/amma/Kinova_gen2_rl/build/mouth_tracking/install.log --single-version-externally-managed install_data
