[0.020s] Invoking command in '/home/amma/Kinova_gen2_rl/build/trac_ik_lib': CMAKE_PREFIX_PATH=${CMAKE_PREFIX_PATH}:/home/amma/Kinova_gen2_rl/install/mouth_tracking:/opt/ros/humble /usr/bin/cmake /home/amma/Kinova_gen2_rl/src/trac_ik/trac_ik_lib -DCMAKE_INSTALL_PREFIX=/home/amma/Kinova_gen2_rl/install/trac_ik_lib
[0.469s] -- The C compiler identification is GNU 11.4.0
[0.469s] -- The CXX compiler identification is GNU 11.4.0
[0.469s] -- Detecting C compiler ABI info
[0.469s] -- Detecting C compiler ABI info - done
[0.469s] -- Check for working C compiler: /usr/bin/cc - skipped
[0.469s] -- Detecting C compile features
[0.469s] -- Detecting C compile features - done
[0.469s] -- Detecting CXX compiler ABI info
[0.469s] -- Detecting CXX compiler ABI info - done
[0.469s] -- Check for working CXX compiler: /usr/bin/c++ - skipped
[0.470s] -- Detecting CXX compile features
[0.470s] -- Detecting CXX compile features - done
[0.470s] -- Found ament_cmake: 1.3.14 (/opt/ros/humble/share/ament_cmake/cmake)
[0.540s] -- Found Python3: /usr/bin/python3 (found version "3.10.12") found components: Interpreter 
[0.664s] -- Found eigen3_cmake_module: 0.1.1 (/opt/ros/humble/share/eigen3_cmake_module/cmake)
[0.674s] -- Found Eigen3: TRUE (found version "3.4.0") 
[0.676s] -- Found kdl_parser: 2.6.4 (/opt/ros/humble/share/kdl_parser/cmake)
[0.695s] -- Ensuring Eigen3 include directory is part of orocos-kdl CMake target
[0.710s] -- Found rclcpp: 16.0.19 (/opt/ros/humble/share/rclcpp/cmake)
[0.752s] -- Found rosidl_generator_c: 3.1.8 (/opt/ros/humble/share/rosidl_generator_c/cmake)
[0.759s] -- Found rosidl_adapter: 3.1.8 (/opt/ros/humble/share/rosidl_adapter/cmake)
[0.771s] -- Found rosidl_generator_cpp: 3.1.8 (/opt/ros/humble/share/rosidl_generator_cpp/cmake)
[0.789s] -- Using all available rosidl_typesupport_c: rosidl_typesupport_fastrtps_c;rosidl_typesupport_introspection_c
[0.811s] -- Using all available rosidl_typesupport_cpp: rosidl_typesupport_fastrtps_cpp;rosidl_typesupport_introspection_cpp
[0.873s] -- Found rmw_implementation_cmake: 6.1.2 (/opt/ros/humble/share/rmw_implementation_cmake/cmake)
[0.877s] -- Found rmw_fastrtps_cpp: 6.2.10 (/opt/ros/humble/share/rmw_fastrtps_cpp/cmake)
[0.985s] -- Found OpenSSL: /usr/lib/x86_64-linux-gnu/libcrypto.so (found version "3.0.2")  
[1.024s] -- Found FastRTPS: /opt/ros/humble/include  
[1.067s] -- Using RMW implementation 'rmw_fastrtps_cpp' as default
[1.078s] -- Looking for pthread.h
[1.153s] -- Looking for pthread.h - found
[1.153s] -- Performing Test CMAKE_HAVE_LIBC_PTHREAD
[1.227s] -- Performing Test CMAKE_HAVE_LIBC_PTHREAD - Success
[1.229s] -- Found Threads: TRUE  
[1.266s] -- Found urdf: 2.6.1 (/opt/ros/humble/share/urdf/cmake)
[1.295s] -- Found ament_lint_auto: 0.12.15 (/opt/ros/humble/share/ament_lint_auto/cmake)
[1.366s] -- Added test 'copyright' to check source files copyright and LICENSE
[1.366s] -- Added test 'cpplint' to check C / C++ code against the Google style
[1.367s] -- Configured cpplint exclude dirs and/or files: 
[1.367s] -- Added test 'lint_cmake' to check CMake code style
[1.368s] -- Added test 'xmllint' to check XML markup files
[1.369s] -- Configuring done
[1.375s] -- Generating done
[1.377s] -- Build files have been written to: /home/amma/Kinova_gen2_rl/build/trac_ik_lib
[1.384s] Invoked command in '/home/amma/Kinova_gen2_rl/build/trac_ik_lib' returned '0': CMAKE_PREFIX_PATH=${CMAKE_PREFIX_PATH}:/home/amma/Kinova_gen2_rl/install/mouth_tracking:/opt/ros/humble /usr/bin/cmake /home/amma/Kinova_gen2_rl/src/trac_ik/trac_ik_lib -DCMAKE_INSTALL_PREFIX=/home/amma/Kinova_gen2_rl/install/trac_ik_lib
[1.386s] Invoking command in '/home/amma/Kinova_gen2_rl/build/trac_ik_lib': CMAKE_PREFIX_PATH=${CMAKE_PREFIX_PATH}:/home/amma/Kinova_gen2_rl/install/mouth_tracking:/opt/ros/humble /usr/bin/cmake --build /home/amma/Kinova_gen2_rl/build/trac_ik_lib -- -j12 -l12
[1.438s] [ 50%] [32mBuilding CXX object CMakeFiles/trac_ik_lib.dir/src/nlopt_ik.cpp.o[0m
[1.438s] [ 50%] [32mBuilding CXX object CMakeFiles/trac_ik_lib.dir/src/trac_ik.cpp.o[0m
[1.442s] [ 75%] [32mBuilding CXX object CMakeFiles/trac_ik_lib.dir/src/kdl_tl.cpp.o[0m
[12.924s] [100%] [32m[1mLinking CXX shared library libtrac_ik_lib.so[0m
[13.573s] [100%] Built target trac_ik_lib
[13.593s] Invoked command in '/home/amma/Kinova_gen2_rl/build/trac_ik_lib' returned '0': CMAKE_PREFIX_PATH=${CMAKE_PREFIX_PATH}:/home/amma/Kinova_gen2_rl/install/mouth_tracking:/opt/ros/humble /usr/bin/cmake --build /home/amma/Kinova_gen2_rl/build/trac_ik_lib -- -j12 -l12
[13.596s] Invoking command in '/home/amma/Kinova_gen2_rl/build/trac_ik_lib': CMAKE_PREFIX_PATH=${CMAKE_PREFIX_PATH}:/home/amma/Kinova_gen2_rl/install/mouth_tracking:/opt/ros/humble /usr/bin/cmake --install /home/amma/Kinova_gen2_rl/build/trac_ik_lib
[13.609s] -- Install configuration: ""
[13.609s] -- Installing: /home/amma/Kinova_gen2_rl/install/trac_ik_lib/share/trac_ik_lib/environment/library_path.sh
[13.609s] -- Installing: /home/amma/Kinova_gen2_rl/install/trac_ik_lib/share/trac_ik_lib/environment/library_path.dsv
[13.610s] -- Installing: /home/amma/Kinova_gen2_rl/install/trac_ik_lib/include
[13.610s] -- Installing: /home/amma/Kinova_gen2_rl/install/trac_ik_lib/include/trac_ik
[13.610s] -- Installing: /home/amma/Kinova_gen2_rl/install/trac_ik_lib/include/trac_ik/trac_ik.hpp
[13.610s] -- Installing: /home/amma/Kinova_gen2_rl/install/trac_ik_lib/include/trac_ik/nlopt_ik.hpp
[13.611s] -- Installing: /home/amma/Kinova_gen2_rl/install/trac_ik_lib/include/trac_ik/kdl_tl.hpp
[13.611s] -- Installing: /home/amma/Kinova_gen2_rl/install/trac_ik_lib/include/trac_ik/dual_quaternion.h
[13.611s] -- Installing: /home/amma/Kinova_gen2_rl/install/trac_ik_lib/include/trac_ik/math3d.h
[13.611s] -- Installing: /home/amma/Kinova_gen2_rl/install/trac_ik_lib/include/trac_ik/visibility_control.hpp
[13.611s] -- Installing: /home/amma/Kinova_gen2_rl/install/trac_ik_lib/lib/libtrac_ik_lib.so
[13.621s] -- Set runtime path of "/home/amma/Kinova_gen2_rl/install/trac_ik_lib/lib/libtrac_ik_lib.so" to ""
[13.621s] -- Installing: /home/amma/Kinova_gen2_rl/install/trac_ik_lib/share/ament_index/resource_index/package_run_dependencies/trac_ik_lib
[13.621s] -- Installing: /home/amma/Kinova_gen2_rl/install/trac_ik_lib/share/ament_index/resource_index/parent_prefix_path/trac_ik_lib
[13.621s] -- Installing: /home/amma/Kinova_gen2_rl/install/trac_ik_lib/share/trac_ik_lib/environment/ament_prefix_path.sh
[13.622s] -- Installing: /home/amma/Kinova_gen2_rl/install/trac_ik_lib/share/trac_ik_lib/environment/ament_prefix_path.dsv
[13.622s] -- Installing: /home/amma/Kinova_gen2_rl/install/trac_ik_lib/share/trac_ik_lib/environment/path.sh
[13.622s] -- Installing: /home/amma/Kinova_gen2_rl/install/trac_ik_lib/share/trac_ik_lib/environment/path.dsv
[13.622s] -- Installing: /home/amma/Kinova_gen2_rl/install/trac_ik_lib/share/trac_ik_lib/local_setup.bash
[13.622s] -- Installing: /home/amma/Kinova_gen2_rl/install/trac_ik_lib/share/trac_ik_lib/local_setup.sh
[13.623s] -- Installing: /home/amma/Kinova_gen2_rl/install/trac_ik_lib/share/trac_ik_lib/local_setup.zsh
[13.623s] -- Installing: /home/amma/Kinova_gen2_rl/install/trac_ik_lib/share/trac_ik_lib/local_setup.dsv
[13.623s] -- Installing: /home/amma/Kinova_gen2_rl/install/trac_ik_lib/share/trac_ik_lib/package.dsv
[13.623s] -- Installing: /home/amma/Kinova_gen2_rl/install/trac_ik_lib/share/ament_index/resource_index/packages/trac_ik_lib
[13.623s] -- Installing: /home/amma/Kinova_gen2_rl/install/trac_ik_lib/share/trac_ik_lib/cmake/export_trac_ik_libExport.cmake
[13.624s] -- Installing: /home/amma/Kinova_gen2_rl/install/trac_ik_lib/share/trac_ik_lib/cmake/export_trac_ik_libExport-noconfig.cmake
[13.624s] -- Installing: /home/amma/Kinova_gen2_rl/install/trac_ik_lib/share/trac_ik_lib/cmake/ament_cmake_export_targets-extras.cmake
[13.624s] -- Installing: /home/amma/Kinova_gen2_rl/install/trac_ik_lib/share/trac_ik_lib/cmake/ament_cmake_export_dependencies-extras.cmake
[13.624s] -- Installing: /home/amma/Kinova_gen2_rl/install/trac_ik_lib/share/trac_ik_lib/cmake/trac_ik_libConfig.cmake
[13.624s] -- Installing: /home/amma/Kinova_gen2_rl/install/trac_ik_lib/share/trac_ik_lib/cmake/trac_ik_libConfig-version.cmake
[13.625s] -- Installing: /home/amma/Kinova_gen2_rl/install/trac_ik_lib/share/trac_ik_lib/package.xml
[13.629s] Invoked command in '/home/amma/Kinova_gen2_rl/build/trac_ik_lib' returned '0': CMAKE_PREFIX_PATH=${CMAKE_PREFIX_PATH}:/home/amma/Kinova_gen2_rl/install/mouth_tracking:/opt/ros/humble /usr/bin/cmake --install /home/amma/Kinova_gen2_rl/build/trac_ik_lib
