[0.017s] Invoking command in '/home/amma/Kinova_gen2_rl/build/kinova_description': CMAKE_PREFIX_PATH=${CMAKE_PREFIX_PATH}:/home/amma/Kinova_gen2_rl/install/mouth_tracking:/opt/ros/humble /usr/bin/cmake /home/amma/Kinova_gen2_rl/src/kinova-ros2/kinova_description -DCMAKE_INSTALL_PREFIX=/home/amma/Kinova_gen2_rl/install/kinova_description
[0.469s] -- The C compiler identification is GNU 11.4.0
[0.469s] -- The CXX compiler identification is GNU 11.4.0
[0.469s] -- Detecting C compiler ABI info
[0.469s] -- Detecting C compiler ABI info - done
[0.469s] -- Check for working C compiler: /usr/bin/cc - skipped
[0.469s] -- Detecting C compile features
[0.469s] -- Detecting C compile features - done
[0.469s] -- Detecting CXX compiler ABI info
[0.469s] -- Detecting CXX compiler ABI info - done
[0.469s] -- Check for working CXX compiler: /usr/bin/c++ - skipped
[0.469s] -- Detecting CXX compile features
[0.469s] -- Detecting CXX compile features - done
[0.469s] -- Found ament_cmake: 1.3.14 (/opt/ros/humble/share/ament_cmake/cmake)
[0.523s] -- Found Python3: /usr/bin/python3 (found version "3.10.12") found components: Interpreter 
[0.652s] -- Configuring done
[0.655s] -- Generating done
[0.657s] -- Build files have been written to: /home/amma/Kinova_gen2_rl/build/kinova_description
[0.663s] Invoked command in '/home/amma/Kinova_gen2_rl/build/kinova_description' returned '0': CMAKE_PREFIX_PATH=${CMAKE_PREFIX_PATH}:/home/amma/Kinova_gen2_rl/install/mouth_tracking:/opt/ros/humble /usr/bin/cmake /home/amma/Kinova_gen2_rl/src/kinova-ros2/kinova_description -DCMAKE_INSTALL_PREFIX=/home/amma/Kinova_gen2_rl/install/kinova_description
[0.665s] Invoking command in '/home/amma/Kinova_gen2_rl/build/kinova_description': CMAKE_PREFIX_PATH=${CMAKE_PREFIX_PATH}:/home/amma/Kinova_gen2_rl/install/mouth_tracking:/opt/ros/humble /usr/bin/cmake --build /home/amma/Kinova_gen2_rl/build/kinova_description -- -j12 -l12
[0.696s] Invoked command in '/home/amma/Kinova_gen2_rl/build/kinova_description' returned '0': CMAKE_PREFIX_PATH=${CMAKE_PREFIX_PATH}:/home/amma/Kinova_gen2_rl/install/mouth_tracking:/opt/ros/humble /usr/bin/cmake --build /home/amma/Kinova_gen2_rl/build/kinova_description -- -j12 -l12
[0.706s] Invoking command in '/home/amma/Kinova_gen2_rl/build/kinova_description': CMAKE_PREFIX_PATH=${CMAKE_PREFIX_PATH}:/home/amma/Kinova_gen2_rl/install/mouth_tracking:/opt/ros/humble /usr/bin/cmake --install /home/amma/Kinova_gen2_rl/build/kinova_description
[0.713s] -- Install configuration: ""
[0.713s] -- Installing: /home/amma/Kinova_gen2_rl/install/kinova_description/share/kinova_description/urdf
[0.713s] -- Installing: /home/amma/Kinova_gen2_rl/install/kinova_description/share/kinova_description/urdf/j2n7s300_standalone.xacro
[0.714s] -- Installing: /home/amma/Kinova_gen2_rl/install/kinova_description/share/kinova_description/urdf/two_arm_robot_example_standalone.xacro
[0.714s] -- Installing: /home/amma/Kinova_gen2_rl/install/kinova_description/share/kinova_description/urdf/m1n6s300.xacro
[0.714s] -- Installing: /home/amma/Kinova_gen2_rl/install/kinova_description/share/kinova_description/urdf/j2n6s300.xacro
[0.714s] -- Installing: /home/amma/Kinova_gen2_rl/install/kinova_description/share/kinova_description/urdf/kinova_finger_set.xacro
[0.714s] -- Installing: /home/amma/Kinova_gen2_rl/install/kinova_description/share/kinova_description/urdf/j2n6s200.xacro
[0.714s] -- Installing: /home/amma/Kinova_gen2_rl/install/kinova_description/share/kinova_description/urdf/j2s6s200.xacro
[0.714s] -- Installing: /home/amma/Kinova_gen2_rl/install/kinova_description/share/kinova_description/urdf/j2s6s300_integration.xacro
[0.714s] -- Installing: /home/amma/Kinova_gen2_rl/install/kinova_description/share/kinova_description/urdf/j2s6s300.xacro
[0.715s] -- Installing: /home/amma/Kinova_gen2_rl/install/kinova_description/share/kinova_description/urdf/j2s7s300.xacro
[0.715s] -- Installing: /home/amma/Kinova_gen2_rl/install/kinova_description/share/kinova_description/urdf/j2n6s200_standalone.xacro
[0.715s] -- Installing: /home/amma/Kinova_gen2_rl/install/kinova_description/share/kinova_description/urdf/j2n4s300.xacro
[0.715s] -- Installing: /home/amma/Kinova_gen2_rl/install/kinova_description/share/kinova_description/urdf/m1n6s300_standalone.xacro
[0.716s] -- Installing: /home/amma/Kinova_gen2_rl/install/kinova_description/share/kinova_description/urdf/j2s6s200_integration.xacro
[0.716s] -- Installing: /home/amma/Kinova_gen2_rl/install/kinova_description/share/kinova_description/urdf/kinova.gazebo
[0.716s] -- Installing: /home/amma/Kinova_gen2_rl/install/kinova_description/share/kinova_description/urdf/j2s6s300_standalone.xacro
[0.716s] -- Installing: /home/amma/Kinova_gen2_rl/install/kinova_description/share/kinova_description/urdf/m1n4s200.xacro
[0.716s] -- Installing: /home/amma/Kinova_gen2_rl/install/kinova_description/share/kinova_description/urdf/j2s6s200_standalone.xacro
[0.717s] -- Installing: /home/amma/Kinova_gen2_rl/install/kinova_description/share/kinova_description/urdf/m1n6s200_standalone.xacro
[0.717s] -- Installing: /home/amma/Kinova_gen2_rl/install/kinova_description/share/kinova_description/urdf/j2n4s300_standalone.xacro
[0.717s] -- Installing: /home/amma/Kinova_gen2_rl/install/kinova_description/share/kinova_description/urdf/kinova_inertial.xacro
[0.717s] -- Installing: /home/amma/Kinova_gen2_rl/install/kinova_description/share/kinova_description/urdf/j2n7s300.xacro
[0.718s] -- Installing: /home/amma/Kinova_gen2_rl/install/kinova_description/share/kinova_description/urdf/j2n6s300_standalone.xacro
[0.718s] -- Installing: /home/amma/Kinova_gen2_rl/install/kinova_description/share/kinova_description/urdf/j2s7s300_standalone.xacro
[0.718s] -- Installing: /home/amma/Kinova_gen2_rl/install/kinova_description/share/kinova_description/urdf/m1n6s200.xacro
[0.718s] -- Installing: /home/amma/Kinova_gen2_rl/install/kinova_description/share/kinova_description/urdf/kinova_common.xacro
[0.719s] -- Installing: /home/amma/Kinova_gen2_rl/install/kinova_description/share/kinova_description/urdf/m1n4s200_standalone.xacro
[0.719s] -- Installing: /home/amma/Kinova_gen2_rl/install/kinova_description/share/kinova_description/meshes
[0.719s] -- Installing: /home/amma/Kinova_gen2_rl/install/kinova_description/share/kinova_description/meshes/ring_big.STL
[0.720s] -- Installing: /home/amma/Kinova_gen2_rl/install/kinova_description/share/kinova_description/meshes/forearm.dae
[0.725s] -- Installing: /home/amma/Kinova_gen2_rl/install/kinova_description/share/kinova_description/meshes/hand_3finger.STL
[0.731s] -- Installing: /home/amma/Kinova_gen2_rl/install/kinova_description/share/kinova_description/meshes/wrist.STL
[0.731s] -- Installing: /home/amma/Kinova_gen2_rl/install/kinova_description/share/kinova_description/meshes/hand_2finger.STL
[0.732s] -- Installing: /home/amma/Kinova_gen2_rl/install/kinova_description/share/kinova_description/meshes/arm_mico.dae
[0.732s] -- Installing: /home/amma/Kinova_gen2_rl/install/kinova_description/share/kinova_description/meshes/forearm_mico.STL
[0.733s] -- Installing: /home/amma/Kinova_gen2_rl/install/kinova_description/share/kinova_description/meshes/finger_distal.STL
[0.733s] -- Installing: /home/amma/Kinova_gen2_rl/install/kinova_description/share/kinova_description/meshes/arm.STL
[0.733s] -- Installing: /home/amma/Kinova_gen2_rl/install/kinova_description/share/kinova_description/meshes/finger_proximal.STL
[0.733s] -- Installing: /home/amma/Kinova_gen2_rl/install/kinova_description/share/kinova_description/meshes/arm_half_1.dae
[0.733s] -- Installing: /home/amma/Kinova_gen2_rl/install/kinova_description/share/kinova_description/meshes/arm_half_1.STL
[0.733s] -- Installing: /home/amma/Kinova_gen2_rl/install/kinova_description/share/kinova_description/meshes/robot.urdf
[0.733s] -- Installing: /home/amma/Kinova_gen2_rl/install/kinova_description/share/kinova_description/meshes/hand_3finger.dae
[0.737s] -- Installing: /home/amma/Kinova_gen2_rl/install/kinova_description/share/kinova_description/meshes/forearm.STL
[0.738s] -- Installing: /home/amma/Kinova_gen2_rl/install/kinova_description/share/kinova_description/meshes/base.STL
[0.739s] -- Installing: /home/amma/Kinova_gen2_rl/install/kinova_description/share/kinova_description/meshes/wrist.dae
[0.740s] -- Installing: /home/amma/Kinova_gen2_rl/install/kinova_description/share/kinova_description/meshes/ring_big.dae
[0.741s] -- Installing: /home/amma/Kinova_gen2_rl/install/kinova_description/share/kinova_description/meshes/ring_small.dae
[0.741s] -- Installing: /home/amma/Kinova_gen2_rl/install/kinova_description/share/kinova_description/meshes/base.dae
[0.744s] -- Installing: /home/amma/Kinova_gen2_rl/install/kinova_description/share/kinova_description/meshes/finger_distal.dae
[0.745s] -- Installing: /home/amma/Kinova_gen2_rl/install/kinova_description/share/kinova_description/meshes/finger_proximal.dae
[0.745s] -- Installing: /home/amma/Kinova_gen2_rl/install/kinova_description/share/kinova_description/meshes/wrist_spherical_2.STL
[0.747s] -- Installing: /home/amma/Kinova_gen2_rl/install/kinova_description/share/kinova_description/meshes/wrist_spherical_1.dae
[0.748s] -- Installing: /home/amma/Kinova_gen2_rl/install/kinova_description/share/kinova_description/meshes/arm_half_2.STL
[0.749s] -- Installing: /home/amma/Kinova_gen2_rl/install/kinova_description/share/kinova_description/meshes/wrist_spherical_2.dae
[0.750s] -- Installing: /home/amma/Kinova_gen2_rl/install/kinova_description/share/kinova_description/meshes/shoulder.STL
[0.751s] -- Installing: /home/amma/Kinova_gen2_rl/install/kinova_description/share/kinova_description/meshes/arm.dae
[0.753s] -- Installing: /home/amma/Kinova_gen2_rl/install/kinova_description/share/kinova_description/meshes/arm_half_2.dae
[0.754s] -- Installing: /home/amma/Kinova_gen2_rl/install/kinova_description/share/kinova_description/meshes/wrist_spherical_1.STL
[0.755s] -- Installing: /home/amma/Kinova_gen2_rl/install/kinova_description/share/kinova_description/meshes/arm.SLDPRT
[0.757s] -- Installing: /home/amma/Kinova_gen2_rl/install/kinova_description/share/kinova_description/meshes/arm_mico.STL
[0.758s] -- Installing: /home/amma/Kinova_gen2_rl/install/kinova_description/share/kinova_description/meshes/forearm_mico.dae
[0.759s] -- Installing: /home/amma/Kinova_gen2_rl/install/kinova_description/share/kinova_description/meshes/shoulder.dae
[0.761s] -- Installing: /home/amma/Kinova_gen2_rl/install/kinova_description/share/kinova_description/meshes/hand_2finger.dae
[0.768s] -- Installing: /home/amma/Kinova_gen2_rl/install/kinova_description/share/kinova_description/meshes/ring_small.STL
[0.768s] -- Installing: /home/amma/Kinova_gen2_rl/install/kinova_description/share/ament_index/resource_index/package_run_dependencies/kinova_description
[0.768s] -- Installing: /home/amma/Kinova_gen2_rl/install/kinova_description/share/ament_index/resource_index/parent_prefix_path/kinova_description
[0.769s] -- Installing: /home/amma/Kinova_gen2_rl/install/kinova_description/share/kinova_description/environment/ament_prefix_path.sh
[0.769s] -- Installing: /home/amma/Kinova_gen2_rl/install/kinova_description/share/kinova_description/environment/ament_prefix_path.dsv
[0.769s] -- Installing: /home/amma/Kinova_gen2_rl/install/kinova_description/share/kinova_description/environment/path.sh
[0.769s] -- Installing: /home/amma/Kinova_gen2_rl/install/kinova_description/share/kinova_description/environment/path.dsv
[0.769s] -- Installing: /home/amma/Kinova_gen2_rl/install/kinova_description/share/kinova_description/local_setup.bash
[0.769s] -- Installing: /home/amma/Kinova_gen2_rl/install/kinova_description/share/kinova_description/local_setup.sh
[0.769s] -- Installing: /home/amma/Kinova_gen2_rl/install/kinova_description/share/kinova_description/local_setup.zsh
[0.770s] -- Installing: /home/amma/Kinova_gen2_rl/install/kinova_description/share/kinova_description/local_setup.dsv
[0.770s] -- Installing: /home/amma/Kinova_gen2_rl/install/kinova_description/share/kinova_description/package.dsv
[0.770s] -- Installing: /home/amma/Kinova_gen2_rl/install/kinova_description/share/ament_index/resource_index/packages/kinova_description
[0.770s] -- Installing: /home/amma/Kinova_gen2_rl/install/kinova_description/share/kinova_description/cmake/kinova_descriptionConfig.cmake
[0.770s] -- Installing: /home/amma/Kinova_gen2_rl/install/kinova_description/share/kinova_description/cmake/kinova_descriptionConfig-version.cmake
[0.770s] -- Installing: /home/amma/Kinova_gen2_rl/install/kinova_description/share/kinova_description/package.xml
[0.772s] Invoked command in '/home/amma/Kinova_gen2_rl/build/kinova_description' returned '0': CMAKE_PREFIX_PATH=${CMAKE_PREFIX_PATH}:/home/amma/Kinova_gen2_rl/install/mouth_tracking:/opt/ros/humble /usr/bin/cmake --install /home/amma/Kinova_gen2_rl/build/kinova_description
