[0.010s] Invoking command in '/home/amma/Kinova_gen2_rl/build/kinova_demo': CMAKE_PREFIX_PATH=/home/amma/Kinova_gen2_rl/install/kinova_driver:/home/amma/Kinova_gen2_rl/install/kinova_msgs:/home/amma/Kinova_gen2_rl/install/kinova_demo:/home/amma/Kinova_gen2_rl/install/j2s6s200_moveit_config:/home/amma/Kinova_gen2_rl/install/kinova_description:/home/amma/Kinova_gen2_rl/install/kinova_bringup:/home/amma/Kinova_gen2_rl/install/click_pointer:/home/amma/Kinova_gen2_rl/install/point_goal_test:/home/amma/Kinova_gen2_rl/install/mouth_tracking:/opt/ros/humble LD_LIBRARY_PATH=/home/amma/Kinova_gen2_rl/install/kinova_driver/lib:/home/amma/Kinova_gen2_rl/install/kinova_msgs/lib:/opt/ros/humble/opt/rviz_ogre_vendor/lib:/opt/ros/humble/lib/x86_64-linux-gnu:/opt/ros/humble/lib:/usr/lib/x86_64-linux-gnu/gazebo-11/plugins /usr/bin/cmake --build /home/amma/Kinova_gen2_rl/build/kinova_demo -- -j16 -l16
[0.060s] Built target ament_cmake_python_copy_kinova_demo
[0.288s] running egg_info
[0.288s] writing kinova_demo.egg-info/PKG-INFO
[0.288s] writing dependency_links to kinova_demo.egg-info/dependency_links.txt
[0.289s] writing top-level names to kinova_demo.egg-info/top_level.txt
[0.290s] reading manifest file 'kinova_demo.egg-info/SOURCES.txt'
[0.291s] writing manifest file 'kinova_demo.egg-info/SOURCES.txt'
[0.316s] Built target ament_cmake_python_build_kinova_demo_egg
[0.329s] Invoked command in '/home/amma/Kinova_gen2_rl/build/kinova_demo' returned '0': CMAKE_PREFIX_PATH=/home/amma/Kinova_gen2_rl/install/kinova_driver:/home/amma/Kinova_gen2_rl/install/kinova_msgs:/home/amma/Kinova_gen2_rl/install/kinova_demo:/home/amma/Kinova_gen2_rl/install/j2s6s200_moveit_config:/home/amma/Kinova_gen2_rl/install/kinova_description:/home/amma/Kinova_gen2_rl/install/kinova_bringup:/home/amma/Kinova_gen2_rl/install/click_pointer:/home/amma/Kinova_gen2_rl/install/point_goal_test:/home/amma/Kinova_gen2_rl/install/mouth_tracking:/opt/ros/humble LD_LIBRARY_PATH=/home/amma/Kinova_gen2_rl/install/kinova_driver/lib:/home/amma/Kinova_gen2_rl/install/kinova_msgs/lib:/opt/ros/humble/opt/rviz_ogre_vendor/lib:/opt/ros/humble/lib/x86_64-linux-gnu:/opt/ros/humble/lib:/usr/lib/x86_64-linux-gnu/gazebo-11/plugins /usr/bin/cmake --build /home/amma/Kinova_gen2_rl/build/kinova_demo -- -j16 -l16
[0.331s] Invoking command in '/home/amma/Kinova_gen2_rl/build/kinova_demo': CMAKE_PREFIX_PATH=/home/amma/Kinova_gen2_rl/install/kinova_driver:/home/amma/Kinova_gen2_rl/install/kinova_msgs:/home/amma/Kinova_gen2_rl/install/kinova_demo:/home/amma/Kinova_gen2_rl/install/j2s6s200_moveit_config:/home/amma/Kinova_gen2_rl/install/kinova_description:/home/amma/Kinova_gen2_rl/install/kinova_bringup:/home/amma/Kinova_gen2_rl/install/click_pointer:/home/amma/Kinova_gen2_rl/install/point_goal_test:/home/amma/Kinova_gen2_rl/install/mouth_tracking:/opt/ros/humble LD_LIBRARY_PATH=/home/amma/Kinova_gen2_rl/install/kinova_driver/lib:/home/amma/Kinova_gen2_rl/install/kinova_msgs/lib:/opt/ros/humble/opt/rviz_ogre_vendor/lib:/opt/ros/humble/lib/x86_64-linux-gnu:/opt/ros/humble/lib:/usr/lib/x86_64-linux-gnu/gazebo-11/plugins /usr/bin/cmake --install /home/amma/Kinova_gen2_rl/build/kinova_demo
[0.337s] -- Install configuration: ""
[0.337s] -- Up-to-date: /home/amma/Kinova_gen2_rl/install/kinova_demo/share/kinova_demo/environment/pythonpath.sh
[0.337s] -- Up-to-date: /home/amma/Kinova_gen2_rl/install/kinova_demo/share/kinova_demo/environment/pythonpath.dsv
[0.337s] -- Up-to-date: /home/amma/Kinova_gen2_rl/install/kinova_demo/local/lib/python3.10/dist-packages/kinova_demo-0.0.1-py3.10.egg-info
[0.337s] -- Installing: /home/amma/Kinova_gen2_rl/install/kinova_demo/local/lib/python3.10/dist-packages/kinova_demo-0.0.1-py3.10.egg-info/top_level.txt
[0.338s] -- Installing: /home/amma/Kinova_gen2_rl/install/kinova_demo/local/lib/python3.10/dist-packages/kinova_demo-0.0.1-py3.10.egg-info/SOURCES.txt
[0.338s] -- Installing: /home/amma/Kinova_gen2_rl/install/kinova_demo/local/lib/python3.10/dist-packages/kinova_demo-0.0.1-py3.10.egg-info/dependency_links.txt
[0.338s] -- Installing: /home/amma/Kinova_gen2_rl/install/kinova_demo/local/lib/python3.10/dist-packages/kinova_demo-0.0.1-py3.10.egg-info/PKG-INFO
[0.338s] -- Up-to-date: /home/amma/Kinova_gen2_rl/install/kinova_demo/local/lib/python3.10/dist-packages/kinova_demo
[0.338s] -- Up-to-date: /home/amma/Kinova_gen2_rl/install/kinova_demo/local/lib/python3.10/dist-packages/kinova_demo/__init__.py
[0.338s] -- Up-to-date: /home/amma/Kinova_gen2_rl/install/kinova_demo/local/lib/python3.10/dist-packages/kinova_demo/module_to_import.py
[0.376s] Listing '/home/amma/Kinova_gen2_rl/install/kinova_demo/local/lib/python3.10/dist-packages/kinova_demo'...
[0.380s] -- Up-to-date: /home/amma/Kinova_gen2_rl/install/kinova_demo/lib/kinova_demo/pose_action_client.py
[0.380s] -- Up-to-date: /home/amma/Kinova_gen2_rl/install/kinova_demo/share/ament_index/resource_index/package_run_dependencies/kinova_demo
[0.380s] -- Up-to-date: /home/amma/Kinova_gen2_rl/install/kinova_demo/share/ament_index/resource_index/parent_prefix_path/kinova_demo
[0.380s] -- Up-to-date: /home/amma/Kinova_gen2_rl/install/kinova_demo/share/kinova_demo/environment/ament_prefix_path.sh
[0.380s] -- Up-to-date: /home/amma/Kinova_gen2_rl/install/kinova_demo/share/kinova_demo/environment/ament_prefix_path.dsv
[0.380s] -- Up-to-date: /home/amma/Kinova_gen2_rl/install/kinova_demo/share/kinova_demo/environment/path.sh
[0.380s] -- Up-to-date: /home/amma/Kinova_gen2_rl/install/kinova_demo/share/kinova_demo/environment/path.dsv
[0.380s] -- Up-to-date: /home/amma/Kinova_gen2_rl/install/kinova_demo/share/kinova_demo/local_setup.bash
[0.380s] -- Up-to-date: /home/amma/Kinova_gen2_rl/install/kinova_demo/share/kinova_demo/local_setup.sh
[0.380s] -- Up-to-date: /home/amma/Kinova_gen2_rl/install/kinova_demo/share/kinova_demo/local_setup.zsh
[0.380s] -- Up-to-date: /home/amma/Kinova_gen2_rl/install/kinova_demo/share/kinova_demo/local_setup.dsv
[0.380s] -- Installing: /home/amma/Kinova_gen2_rl/install/kinova_demo/share/kinova_demo/package.dsv
[0.380s] -- Up-to-date: /home/amma/Kinova_gen2_rl/install/kinova_demo/share/ament_index/resource_index/packages/kinova_demo
[0.380s] -- Up-to-date: /home/amma/Kinova_gen2_rl/install/kinova_demo/share/kinova_demo/cmake/kinova_demoConfig.cmake
[0.380s] -- Up-to-date: /home/amma/Kinova_gen2_rl/install/kinova_demo/share/kinova_demo/cmake/kinova_demoConfig-version.cmake
[0.381s] -- Up-to-date: /home/amma/Kinova_gen2_rl/install/kinova_demo/share/kinova_demo/package.xml
[0.382s] Invoked command in '/home/amma/Kinova_gen2_rl/build/kinova_demo' returned '0': CMAKE_PREFIX_PATH=/home/amma/Kinova_gen2_rl/install/kinova_driver:/home/amma/Kinova_gen2_rl/install/kinova_msgs:/home/amma/Kinova_gen2_rl/install/kinova_demo:/home/amma/Kinova_gen2_rl/install/j2s6s200_moveit_config:/home/amma/Kinova_gen2_rl/install/kinova_description:/home/amma/Kinova_gen2_rl/install/kinova_bringup:/home/amma/Kinova_gen2_rl/install/click_pointer:/home/amma/Kinova_gen2_rl/install/point_goal_test:/home/amma/Kinova_gen2_rl/install/mouth_tracking:/opt/ros/humble LD_LIBRARY_PATH=/home/amma/Kinova_gen2_rl/install/kinova_driver/lib:/home/amma/Kinova_gen2_rl/install/kinova_msgs/lib:/opt/ros/humble/opt/rviz_ogre_vendor/lib:/opt/ros/humble/lib/x86_64-linux-gnu:/opt/ros/humble/lib:/usr/lib/x86_64-linux-gnu/gazebo-11/plugins /usr/bin/cmake --install /home/amma/Kinova_gen2_rl/build/kinova_demo
