[35m[1mConsolidate compiler generated dependencies of target ik_tests[0m
[100%] Built target ik_tests
-- Install configuration: ""
-- Up-to-date: /home/amma/Kinova_gen2_rl/install/trac_ik_examples/lib/trac_ik_examples/ik_tests
-- Up-to-date: /home/amma/Kinova_gen2_rl/install/trac_ik_examples/share/trac_ik_examples/launch
-- Up-to-date: /home/amma/Kinova_gen2_rl/install/trac_ik_examples/share/trac_ik_examples/launch/pr2_arm.launch.py
-- Up-to-date: /home/amma/Kinova_gen2_rl/install/trac_ik_examples/share/trac_ik_examples/launch/pr2.urdf
-- Up-to-date: /home/amma/Kinova_gen2_rl/install/trac_ik_examples/share/ament_index/resource_index/package_run_dependencies/trac_ik_examples
-- Up-to-date: /home/amma/Kinova_gen2_rl/install/trac_ik_examples/share/ament_index/resource_index/parent_prefix_path/trac_ik_examples
-- Up-to-date: /home/amma/Kinova_gen2_rl/install/trac_ik_examples/share/trac_ik_examples/environment/ament_prefix_path.sh
-- Up-to-date: /home/amma/Kinova_gen2_rl/install/trac_ik_examples/share/trac_ik_examples/environment/ament_prefix_path.dsv
-- Up-to-date: /home/amma/Kinova_gen2_rl/install/trac_ik_examples/share/trac_ik_examples/environment/path.sh
-- Up-to-date: /home/amma/Kinova_gen2_rl/install/trac_ik_examples/share/trac_ik_examples/environment/path.dsv
-- Up-to-date: /home/amma/Kinova_gen2_rl/install/trac_ik_examples/share/trac_ik_examples/local_setup.bash
-- Up-to-date: /home/amma/Kinova_gen2_rl/install/trac_ik_examples/share/trac_ik_examples/local_setup.sh
-- Up-to-date: /home/amma/Kinova_gen2_rl/install/trac_ik_examples/share/trac_ik_examples/local_setup.zsh
-- Up-to-date: /home/amma/Kinova_gen2_rl/install/trac_ik_examples/share/trac_ik_examples/local_setup.dsv
-- Installing: /home/amma/Kinova_gen2_rl/install/trac_ik_examples/share/trac_ik_examples/package.dsv
-- Up-to-date: /home/amma/Kinova_gen2_rl/install/trac_ik_examples/share/ament_index/resource_index/packages/trac_ik_examples
-- Up-to-date: /home/amma/Kinova_gen2_rl/install/trac_ik_examples/share/trac_ik_examples/cmake/trac_ik_examplesConfig.cmake
-- Up-to-date: /home/amma/Kinova_gen2_rl/install/trac_ik_examples/share/trac_ik_examples/cmake/trac_ik_examplesConfig-version.cmake
-- Up-to-date: /home/amma/Kinova_gen2_rl/install/trac_ik_examples/share/trac_ik_examples/package.xml
