[0.018s] Invoking command in '/home/amma/Kinova_gen2_rl/build/kinova_driver': CMAKE_PREFIX_PATH=/home/amma/Kinova_gen2_rl/install/kinova_msgs:/home/amma/Kinova_gen2_rl/install/point_goal_test:/home/amma/Kinova_gen2_rl/install/kinova_demo:/home/amma/Kinova_gen2_rl/install/kinova_driver:/home/amma/Kinova_gen2_rl/install/j2s6s200_moveit_config:/home/amma/Kinova_gen2_rl/install/kinova_description:/home/amma/Kinova_gen2_rl/install/kinova_bringup:/home/amma/Kinova_gen2_rl/install/click_pointer:/home/amma/kinova_ws/rl_v2-master/install/pymoveit2:/home/amma/kinova_ws/rl_v2-master/install/moveit_calibration_gui:/home/amma/kinova_ws/rl_v2-master/install/moveit_calibration_plugins:/home/amma/kinova_ws/rl_v2-master/install/kinova_demo:/home/amma/kinova_ws/rl_v2-master/install/kinova_driver:/home/amma/kinova_ws/rl_v2-master/install/kinova_msgs:/home/amma/kinova_ws/rl_v2-master/install/j2s6s200_moveit_config:/home/amma/kinova_ws/rl_v2-master/install/kinova_description:/home/amma/kinova_ws/rl_v2-master/install/kinova_bringup:/home/amma/kinova_ws/rl_v2-master/install/easy_handeye2_msgs:/home/amma/kinova_ws/rl_v2-master/install/click_pointer:/home/amma/Kinova_gen2_rl/install/mouth_tracking:/home/amma/kinova_ws/rl_v2-master/install/point_goal_test:/home/amma/kinova_ws/rl_v2-master/install/mouth_tracking:/home/amma/kinova_ws/rl_v2-master/install/kinova_rl:/home/amma/kinova_ws/rl_v2-master/install/easy_handeye2:/opt/ros/humble LD_LIBRARY_PATH=/home/amma/Kinova_gen2_rl/install/kinova_msgs/lib:/home/amma/Kinova_gen2_rl/install/kinova_driver/lib:/home/amma/kinova_ws/rl_v2-master/install/moveit_calibration_gui/lib:/home/amma/kinova_ws/rl_v2-master/install/moveit_calibration_plugins/lib:/home/amma/kinova_ws/rl_v2-master/install/kinova_driver/lib:/home/amma/kinova_ws/rl_v2-master/install/kinova_msgs/lib:/home/amma/kinova_ws/rl_v2-master/install/easy_handeye2_msgs/lib:/opt/ros/humble/opt/rviz_ogre_vendor/lib:/opt/ros/humble/lib/x86_64-linux-gnu:/opt/ros/humble/lib /usr/bin/cmake --build /home/amma/Kinova_gen2_rl/build/kinova_driver -- -j12 -l12
[0.114s] [ 17%] Built target kinova_tf_updater
[0.130s] [ 56%] Built target kinova_driver
[0.168s] [ 65%] Built target positional_action_server
[0.170s] [ 73%] Built target joint_trajectory_action_server
[0.174s] [ 82%] Built target gripper_command_action_server
[0.185s] [ 95%] Built target kinova_arm_driver
[0.185s] [100%] Built target kinova_interactive_control
[0.198s] Invoked command in '/home/amma/Kinova_gen2_rl/build/kinova_driver' returned '0': CMAKE_PREFIX_PATH=/home/amma/Kinova_gen2_rl/install/kinova_msgs:/home/amma/Kinova_gen2_rl/install/point_goal_test:/home/amma/Kinova_gen2_rl/install/kinova_demo:/home/amma/Kinova_gen2_rl/install/kinova_driver:/home/amma/Kinova_gen2_rl/install/j2s6s200_moveit_config:/home/amma/Kinova_gen2_rl/install/kinova_description:/home/amma/Kinova_gen2_rl/install/kinova_bringup:/home/amma/Kinova_gen2_rl/install/click_pointer:/home/amma/kinova_ws/rl_v2-master/install/pymoveit2:/home/amma/kinova_ws/rl_v2-master/install/moveit_calibration_gui:/home/amma/kinova_ws/rl_v2-master/install/moveit_calibration_plugins:/home/amma/kinova_ws/rl_v2-master/install/kinova_demo:/home/amma/kinova_ws/rl_v2-master/install/kinova_driver:/home/amma/kinova_ws/rl_v2-master/install/kinova_msgs:/home/amma/kinova_ws/rl_v2-master/install/j2s6s200_moveit_config:/home/amma/kinova_ws/rl_v2-master/install/kinova_description:/home/amma/kinova_ws/rl_v2-master/install/kinova_bringup:/home/amma/kinova_ws/rl_v2-master/install/easy_handeye2_msgs:/home/amma/kinova_ws/rl_v2-master/install/click_pointer:/home/amma/Kinova_gen2_rl/install/mouth_tracking:/home/amma/kinova_ws/rl_v2-master/install/point_goal_test:/home/amma/kinova_ws/rl_v2-master/install/mouth_tracking:/home/amma/kinova_ws/rl_v2-master/install/kinova_rl:/home/amma/kinova_ws/rl_v2-master/install/easy_handeye2:/opt/ros/humble LD_LIBRARY_PATH=/home/amma/Kinova_gen2_rl/install/kinova_msgs/lib:/home/amma/Kinova_gen2_rl/install/kinova_driver/lib:/home/amma/kinova_ws/rl_v2-master/install/moveit_calibration_gui/lib:/home/amma/kinova_ws/rl_v2-master/install/moveit_calibration_plugins/lib:/home/amma/kinova_ws/rl_v2-master/install/kinova_driver/lib:/home/amma/kinova_ws/rl_v2-master/install/kinova_msgs/lib:/home/amma/kinova_ws/rl_v2-master/install/easy_handeye2_msgs/lib:/opt/ros/humble/opt/rviz_ogre_vendor/lib:/opt/ros/humble/lib/x86_64-linux-gnu:/opt/ros/humble/lib /usr/bin/cmake --build /home/amma/Kinova_gen2_rl/build/kinova_driver -- -j12 -l12
[0.200s] Invoking command in '/home/amma/Kinova_gen2_rl/build/kinova_driver': CMAKE_PREFIX_PATH=/home/amma/Kinova_gen2_rl/install/kinova_msgs:/home/amma/Kinova_gen2_rl/install/point_goal_test:/home/amma/Kinova_gen2_rl/install/kinova_demo:/home/amma/Kinova_gen2_rl/install/kinova_driver:/home/amma/Kinova_gen2_rl/install/j2s6s200_moveit_config:/home/amma/Kinova_gen2_rl/install/kinova_description:/home/amma/Kinova_gen2_rl/install/kinova_bringup:/home/amma/Kinova_gen2_rl/install/click_pointer:/home/amma/kinova_ws/rl_v2-master/install/pymoveit2:/home/amma/kinova_ws/rl_v2-master/install/moveit_calibration_gui:/home/amma/kinova_ws/rl_v2-master/install/moveit_calibration_plugins:/home/amma/kinova_ws/rl_v2-master/install/kinova_demo:/home/amma/kinova_ws/rl_v2-master/install/kinova_driver:/home/amma/kinova_ws/rl_v2-master/install/kinova_msgs:/home/amma/kinova_ws/rl_v2-master/install/j2s6s200_moveit_config:/home/amma/kinova_ws/rl_v2-master/install/kinova_description:/home/amma/kinova_ws/rl_v2-master/install/kinova_bringup:/home/amma/kinova_ws/rl_v2-master/install/easy_handeye2_msgs:/home/amma/kinova_ws/rl_v2-master/install/click_pointer:/home/amma/Kinova_gen2_rl/install/mouth_tracking:/home/amma/kinova_ws/rl_v2-master/install/point_goal_test:/home/amma/kinova_ws/rl_v2-master/install/mouth_tracking:/home/amma/kinova_ws/rl_v2-master/install/kinova_rl:/home/amma/kinova_ws/rl_v2-master/install/easy_handeye2:/opt/ros/humble LD_LIBRARY_PATH=/home/amma/Kinova_gen2_rl/install/kinova_msgs/lib:/home/amma/Kinova_gen2_rl/install/kinova_driver/lib:/home/amma/kinova_ws/rl_v2-master/install/moveit_calibration_gui/lib:/home/amma/kinova_ws/rl_v2-master/install/moveit_calibration_plugins/lib:/home/amma/kinova_ws/rl_v2-master/install/kinova_driver/lib:/home/amma/kinova_ws/rl_v2-master/install/kinova_msgs/lib:/home/amma/kinova_ws/rl_v2-master/install/easy_handeye2_msgs/lib:/opt/ros/humble/opt/rviz_ogre_vendor/lib:/opt/ros/humble/lib/x86_64-linux-gnu:/opt/ros/humble/lib /usr/bin/cmake --install /home/amma/Kinova_gen2_rl/build/kinova_driver
[0.212s] -- Install configuration: ""
[0.212s] -- Up-to-date: /home/amma/Kinova_gen2_rl/install/kinova_driver/lib/USBCommLayerUbuntu.so
[0.212s] -- Up-to-date: /home/amma/Kinova_gen2_rl/install/kinova_driver/lib/USBCommandLayerUbuntu.so
[0.212s] -- Up-to-date: /home/amma/Kinova_gen2_rl/install/kinova_driver/lib/EthCommLayerUbuntu.so
[0.212s] -- Up-to-date: /home/amma/Kinova_gen2_rl/install/kinova_driver/lib/EthCommandLayerUbuntu.so
[0.212s] -- Up-to-date: /home/amma/Kinova_gen2_rl/install/kinova_driver/include/kinova_driver
[0.213s] -- Up-to-date: /home/amma/Kinova_gen2_rl/install/kinova_driver/include/kinova_driver/gripper_command_action_server.h
[0.213s] -- Up-to-date: /home/amma/Kinova_gen2_rl/install/kinova_driver/include/kinova_driver/joint_trajectory_action_server.h
[0.213s] -- Up-to-date: /home/amma/Kinova_gen2_rl/install/kinova_driver/include/kinova_driver/kinova_tf_updater.h
[0.213s] -- Up-to-date: /home/amma/Kinova_gen2_rl/install/kinova_driver/include/kinova_driver/kinova_ros_types.h
[0.213s] -- Up-to-date: /home/amma/Kinova_gen2_rl/install/kinova_driver/include/kinova_driver/kinova_joint_angles_action.h
[0.213s] -- Up-to-date: /home/amma/Kinova_gen2_rl/install/kinova_driver/include/kinova_driver/kinova_comm.h
[0.213s] -- Up-to-date: /home/amma/Kinova_gen2_rl/install/kinova_driver/include/kinova_driver/kinova_tool_pose_action.h
[0.213s] -- Up-to-date: /home/amma/Kinova_gen2_rl/install/kinova_driver/include/kinova_driver/kinova_api.h
[0.213s] -- Up-to-date: /home/amma/Kinova_gen2_rl/install/kinova_driver/include/kinova_driver/kinova_fingers_action.h
[0.213s] -- Up-to-date: /home/amma/Kinova_gen2_rl/install/kinova_driver/include/kinova_driver/kinova_joint_trajectory_controller.h
[0.214s] -- Up-to-date: /home/amma/Kinova_gen2_rl/install/kinova_driver/include/kinova_driver/kinova_arm_kinematics.h
[0.214s] -- Up-to-date: /home/amma/Kinova_gen2_rl/install/kinova_driver/include/kinova_driver/kinova_arm.h
[0.214s] -- Up-to-date: /home/amma/Kinova_gen2_rl/install/kinova_driver/lib/kinova_driver/kinova_arm_driver
[0.214s] -- Up-to-date: /home/amma/Kinova_gen2_rl/install/kinova_driver/lib/kinova_driver/kinova_tf_updater
[0.214s] -- Up-to-date: /home/amma/Kinova_gen2_rl/install/kinova_driver/lib/kinova_driver/kinova_interactive_control
[0.214s] -- Up-to-date: /home/amma/Kinova_gen2_rl/install/kinova_driver/lib/kinova_driver/libkinova_driver.a
[0.214s] -- Up-to-date: /home/amma/Kinova_gen2_rl/install/kinova_driver/lib/kinova_driver/joint_trajectory_action_server
[0.215s] -- Up-to-date: /home/amma/Kinova_gen2_rl/install/kinova_driver/lib/kinova_driver/gripper_command_action_server
[0.215s] -- Up-to-date: /home/amma/Kinova_gen2_rl/install/kinova_driver/lib/kinova_driver/positional_action_server
[0.216s] -- Up-to-date: /home/amma/Kinova_gen2_rl/install/kinova_driver/include/kinova_driver
[0.216s] -- Up-to-date: /home/amma/Kinova_gen2_rl/install/kinova_driver/include/kinova_driver/gripper_command_action_server.h
[0.216s] -- Up-to-date: /home/amma/Kinova_gen2_rl/install/kinova_driver/include/kinova_driver/joint_trajectory_action_server.h
[0.216s] -- Up-to-date: /home/amma/Kinova_gen2_rl/install/kinova_driver/include/kinova_driver/kinova_tf_updater.h
[0.216s] -- Up-to-date: /home/amma/Kinova_gen2_rl/install/kinova_driver/include/kinova_driver/kinova_ros_types.h
[0.216s] -- Up-to-date: /home/amma/Kinova_gen2_rl/install/kinova_driver/include/kinova_driver/kinova_joint_angles_action.h
[0.216s] -- Up-to-date: /home/amma/Kinova_gen2_rl/install/kinova_driver/include/kinova_driver/kinova_comm.h
[0.216s] -- Up-to-date: /home/amma/Kinova_gen2_rl/install/kinova_driver/include/kinova_driver/kinova_tool_pose_action.h
[0.216s] -- Up-to-date: /home/amma/Kinova_gen2_rl/install/kinova_driver/include/kinova_driver/kinova_api.h
[0.216s] -- Up-to-date: /home/amma/Kinova_gen2_rl/install/kinova_driver/include/kinova_driver/kinova_fingers_action.h
[0.216s] -- Up-to-date: /home/amma/Kinova_gen2_rl/install/kinova_driver/include/kinova_driver/kinova_joint_trajectory_controller.h
[0.217s] -- Up-to-date: /home/amma/Kinova_gen2_rl/install/kinova_driver/include/kinova_driver/kinova_arm_kinematics.h
[0.217s] -- Up-to-date: /home/amma/Kinova_gen2_rl/install/kinova_driver/include/kinova_driver/kinova_arm.h
[0.217s] -- Up-to-date: /home/amma/Kinova_gen2_rl/install/kinova_driver/share/ament_index/resource_index/package_run_dependencies/kinova_driver
[0.217s] -- Up-to-date: /home/amma/Kinova_gen2_rl/install/kinova_driver/share/ament_index/resource_index/parent_prefix_path/kinova_driver
[0.217s] -- Up-to-date: /home/amma/Kinova_gen2_rl/install/kinova_driver/share/kinova_driver/environment/ament_prefix_path.sh
[0.217s] -- Up-to-date: /home/amma/Kinova_gen2_rl/install/kinova_driver/share/kinova_driver/environment/ament_prefix_path.dsv
[0.217s] -- Up-to-date: /home/amma/Kinova_gen2_rl/install/kinova_driver/share/kinova_driver/environment/path.sh
[0.217s] -- Up-to-date: /home/amma/Kinova_gen2_rl/install/kinova_driver/share/kinova_driver/environment/path.dsv
[0.217s] -- Up-to-date: /home/amma/Kinova_gen2_rl/install/kinova_driver/share/kinova_driver/local_setup.bash
[0.217s] -- Up-to-date: /home/amma/Kinova_gen2_rl/install/kinova_driver/share/kinova_driver/local_setup.sh
[0.217s] -- Up-to-date: /home/amma/Kinova_gen2_rl/install/kinova_driver/share/kinova_driver/local_setup.zsh
[0.217s] -- Up-to-date: /home/amma/Kinova_gen2_rl/install/kinova_driver/share/kinova_driver/local_setup.dsv
[0.217s] -- Installing: /home/amma/Kinova_gen2_rl/install/kinova_driver/share/kinova_driver/package.dsv
[0.217s] -- Up-to-date: /home/amma/Kinova_gen2_rl/install/kinova_driver/share/ament_index/resource_index/packages/kinova_driver
[0.217s] -- Up-to-date: /home/amma/Kinova_gen2_rl/install/kinova_driver/share/kinova_driver/cmake/kinova_driverConfig.cmake
[0.217s] -- Up-to-date: /home/amma/Kinova_gen2_rl/install/kinova_driver/share/kinova_driver/cmake/kinova_driverConfig-version.cmake
[0.217s] -- Up-to-date: /home/amma/Kinova_gen2_rl/install/kinova_driver/share/kinova_driver/package.xml
[0.220s] Invoked command in '/home/amma/Kinova_gen2_rl/build/kinova_driver' returned '0': CMAKE_PREFIX_PATH=/home/amma/Kinova_gen2_rl/install/kinova_msgs:/home/amma/Kinova_gen2_rl/install/point_goal_test:/home/amma/Kinova_gen2_rl/install/kinova_demo:/home/amma/Kinova_gen2_rl/install/kinova_driver:/home/amma/Kinova_gen2_rl/install/j2s6s200_moveit_config:/home/amma/Kinova_gen2_rl/install/kinova_description:/home/amma/Kinova_gen2_rl/install/kinova_bringup:/home/amma/Kinova_gen2_rl/install/click_pointer:/home/amma/kinova_ws/rl_v2-master/install/pymoveit2:/home/amma/kinova_ws/rl_v2-master/install/moveit_calibration_gui:/home/amma/kinova_ws/rl_v2-master/install/moveit_calibration_plugins:/home/amma/kinova_ws/rl_v2-master/install/kinova_demo:/home/amma/kinova_ws/rl_v2-master/install/kinova_driver:/home/amma/kinova_ws/rl_v2-master/install/kinova_msgs:/home/amma/kinova_ws/rl_v2-master/install/j2s6s200_moveit_config:/home/amma/kinova_ws/rl_v2-master/install/kinova_description:/home/amma/kinova_ws/rl_v2-master/install/kinova_bringup:/home/amma/kinova_ws/rl_v2-master/install/easy_handeye2_msgs:/home/amma/kinova_ws/rl_v2-master/install/click_pointer:/home/amma/Kinova_gen2_rl/install/mouth_tracking:/home/amma/kinova_ws/rl_v2-master/install/point_goal_test:/home/amma/kinova_ws/rl_v2-master/install/mouth_tracking:/home/amma/kinova_ws/rl_v2-master/install/kinova_rl:/home/amma/kinova_ws/rl_v2-master/install/easy_handeye2:/opt/ros/humble LD_LIBRARY_PATH=/home/amma/Kinova_gen2_rl/install/kinova_msgs/lib:/home/amma/Kinova_gen2_rl/install/kinova_driver/lib:/home/amma/kinova_ws/rl_v2-master/install/moveit_calibration_gui/lib:/home/amma/kinova_ws/rl_v2-master/install/moveit_calibration_plugins/lib:/home/amma/kinova_ws/rl_v2-master/install/kinova_driver/lib:/home/amma/kinova_ws/rl_v2-master/install/kinova_msgs/lib:/home/amma/kinova_ws/rl_v2-master/install/easy_handeye2_msgs/lib:/opt/ros/humble/opt/rviz_ogre_vendor/lib:/opt/ros/humble/lib/x86_64-linux-gnu:/opt/ros/humble/lib /usr/bin/cmake --install /home/amma/Kinova_gen2_rl/build/kinova_driver
