[0.025s] Invoking command in '/home/amma/Kinova_gen2_rl/build/trac_ik_examples': CMAKE_PREFIX_PATH=/home/amma/Kinova_gen2_rl/install/trac_ik_lib:/home/amma/Kinova_gen2_rl/install/trac_ik:/home/amma/Kinova_gen2_rl/install/trac_ik_kinematics:/home/amma/Kinova_gen2_rl/install/trac_ik_examples:/home/amma/Kinova_gen2_rl/install/point_goal_test:/home/amma/Kinova_gen2_rl/install/kinova_demo:/home/amma/Kinova_gen2_rl/install/kinova_driver:/home/amma/Kinova_gen2_rl/install/kinova_msgs:/home/amma/Kinova_gen2_rl/install/j2s6s200_moveit_config:/home/amma/Kinova_gen2_rl/install/kinova_description:/home/amma/Kinova_gen2_rl/install/kinova_bringup:/home/amma/Kinova_gen2_rl/install/click_pointer:/home/amma/Kinova_gen2_rl/install/mouth_tracking:/opt/ros/humble LD_LIBRARY_PATH=/home/amma/Kinova_gen2_rl/install/trac_ik_lib/lib:/home/amma/Kinova_gen2_rl/install/trac_ik_kinematics/lib:/home/amma/Kinova_gen2_rl/install/kinova_driver/lib:/home/amma/Kinova_gen2_rl/install/kinova_msgs/lib:/opt/ros/humble/opt/rviz_ogre_vendor/lib:/opt/ros/humble/lib/x86_64-linux-gnu:/opt/ros/humble/lib /usr/bin/cmake --build /home/amma/Kinova_gen2_rl/build/trac_ik_examples -- -j12 -l12
[0.092s] [100%] Built target ik_tests
[0.101s] Invoked command in '/home/amma/Kinova_gen2_rl/build/trac_ik_examples' returned '0': CMAKE_PREFIX_PATH=/home/amma/Kinova_gen2_rl/install/trac_ik_lib:/home/amma/Kinova_gen2_rl/install/trac_ik:/home/amma/Kinova_gen2_rl/install/trac_ik_kinematics:/home/amma/Kinova_gen2_rl/install/trac_ik_examples:/home/amma/Kinova_gen2_rl/install/point_goal_test:/home/amma/Kinova_gen2_rl/install/kinova_demo:/home/amma/Kinova_gen2_rl/install/kinova_driver:/home/amma/Kinova_gen2_rl/install/kinova_msgs:/home/amma/Kinova_gen2_rl/install/j2s6s200_moveit_config:/home/amma/Kinova_gen2_rl/install/kinova_description:/home/amma/Kinova_gen2_rl/install/kinova_bringup:/home/amma/Kinova_gen2_rl/install/click_pointer:/home/amma/Kinova_gen2_rl/install/mouth_tracking:/opt/ros/humble LD_LIBRARY_PATH=/home/amma/Kinova_gen2_rl/install/trac_ik_lib/lib:/home/amma/Kinova_gen2_rl/install/trac_ik_kinematics/lib:/home/amma/Kinova_gen2_rl/install/kinova_driver/lib:/home/amma/Kinova_gen2_rl/install/kinova_msgs/lib:/opt/ros/humble/opt/rviz_ogre_vendor/lib:/opt/ros/humble/lib/x86_64-linux-gnu:/opt/ros/humble/lib /usr/bin/cmake --build /home/amma/Kinova_gen2_rl/build/trac_ik_examples -- -j12 -l12
[0.103s] Invoking command in '/home/amma/Kinova_gen2_rl/build/trac_ik_examples': CMAKE_PREFIX_PATH=/home/amma/Kinova_gen2_rl/install/trac_ik_lib:/home/amma/Kinova_gen2_rl/install/trac_ik:/home/amma/Kinova_gen2_rl/install/trac_ik_kinematics:/home/amma/Kinova_gen2_rl/install/trac_ik_examples:/home/amma/Kinova_gen2_rl/install/point_goal_test:/home/amma/Kinova_gen2_rl/install/kinova_demo:/home/amma/Kinova_gen2_rl/install/kinova_driver:/home/amma/Kinova_gen2_rl/install/kinova_msgs:/home/amma/Kinova_gen2_rl/install/j2s6s200_moveit_config:/home/amma/Kinova_gen2_rl/install/kinova_description:/home/amma/Kinova_gen2_rl/install/kinova_bringup:/home/amma/Kinova_gen2_rl/install/click_pointer:/home/amma/Kinova_gen2_rl/install/mouth_tracking:/opt/ros/humble LD_LIBRARY_PATH=/home/amma/Kinova_gen2_rl/install/trac_ik_lib/lib:/home/amma/Kinova_gen2_rl/install/trac_ik_kinematics/lib:/home/amma/Kinova_gen2_rl/install/kinova_driver/lib:/home/amma/Kinova_gen2_rl/install/kinova_msgs/lib:/opt/ros/humble/opt/rviz_ogre_vendor/lib:/opt/ros/humble/lib/x86_64-linux-gnu:/opt/ros/humble/lib /usr/bin/cmake --install /home/amma/Kinova_gen2_rl/build/trac_ik_examples
[0.124s] -- Install configuration: ""
[0.125s] -- Up-to-date: /home/amma/Kinova_gen2_rl/install/trac_ik_examples/lib/trac_ik_examples/ik_tests
[0.126s] -- Up-to-date: /home/amma/Kinova_gen2_rl/install/trac_ik_examples/share/trac_ik_examples/launch
[0.126s] -- Up-to-date: /home/amma/Kinova_gen2_rl/install/trac_ik_examples/share/trac_ik_examples/launch/pr2_arm.launch.py
[0.126s] -- Up-to-date: /home/amma/Kinova_gen2_rl/install/trac_ik_examples/share/trac_ik_examples/launch/pr2.urdf
[0.126s] -- Up-to-date: /home/amma/Kinova_gen2_rl/install/trac_ik_examples/share/ament_index/resource_index/package_run_dependencies/trac_ik_examples
[0.127s] -- Up-to-date: /home/amma/Kinova_gen2_rl/install/trac_ik_examples/share/ament_index/resource_index/parent_prefix_path/trac_ik_examples
[0.127s] -- Up-to-date: /home/amma/Kinova_gen2_rl/install/trac_ik_examples/share/trac_ik_examples/environment/ament_prefix_path.sh
[0.127s] -- Up-to-date: /home/amma/Kinova_gen2_rl/install/trac_ik_examples/share/trac_ik_examples/environment/ament_prefix_path.dsv
[0.127s] -- Up-to-date: /home/amma/Kinova_gen2_rl/install/trac_ik_examples/share/trac_ik_examples/environment/path.sh
[0.129s] -- Up-to-date: /home/amma/Kinova_gen2_rl/install/trac_ik_examples/share/trac_ik_examples/environment/path.dsv
[0.130s] -- Up-to-date: /home/amma/Kinova_gen2_rl/install/trac_ik_examples/share/trac_ik_examples/local_setup.bash
[0.131s] -- Up-to-date: /home/amma/Kinova_gen2_rl/install/trac_ik_examples/share/trac_ik_examples/local_setup.sh
[0.131s] -- Up-to-date: /home/amma/Kinova_gen2_rl/install/trac_ik_examples/share/trac_ik_examples/local_setup.zsh
[0.131s] -- Up-to-date: /home/amma/Kinova_gen2_rl/install/trac_ik_examples/share/trac_ik_examples/local_setup.dsv
[0.135s] -- Installing: /home/amma/Kinova_gen2_rl/install/trac_ik_examples/share/trac_ik_examples/package.dsv
[0.136s] -- Up-to-date: /home/amma/Kinova_gen2_rl/install/trac_ik_examples/share/ament_index/resource_index/packages/trac_ik_examples
[0.136s] -- Up-to-date: /home/amma/Kinova_gen2_rl/install/trac_ik_examples/share/trac_ik_examples/cmake/trac_ik_examplesConfig.cmake
[0.136s] -- Up-to-date: /home/amma/Kinova_gen2_rl/install/trac_ik_examples/share/trac_ik_examples/cmake/trac_ik_examplesConfig-version.cmake
[0.136s] -- Up-to-date: /home/amma/Kinova_gen2_rl/install/trac_ik_examples/share/trac_ik_examples/package.xml
[0.146s] Invoked command in '/home/amma/Kinova_gen2_rl/build/trac_ik_examples' returned '0': CMAKE_PREFIX_PATH=/home/amma/Kinova_gen2_rl/install/trac_ik_lib:/home/amma/Kinova_gen2_rl/install/trac_ik:/home/amma/Kinova_gen2_rl/install/trac_ik_kinematics:/home/amma/Kinova_gen2_rl/install/trac_ik_examples:/home/amma/Kinova_gen2_rl/install/point_goal_test:/home/amma/Kinova_gen2_rl/install/kinova_demo:/home/amma/Kinova_gen2_rl/install/kinova_driver:/home/amma/Kinova_gen2_rl/install/kinova_msgs:/home/amma/Kinova_gen2_rl/install/j2s6s200_moveit_config:/home/amma/Kinova_gen2_rl/install/kinova_description:/home/amma/Kinova_gen2_rl/install/kinova_bringup:/home/amma/Kinova_gen2_rl/install/click_pointer:/home/amma/Kinova_gen2_rl/install/mouth_tracking:/opt/ros/humble LD_LIBRARY_PATH=/home/amma/Kinova_gen2_rl/install/trac_ik_lib/lib:/home/amma/Kinova_gen2_rl/install/trac_ik_kinematics/lib:/home/amma/Kinova_gen2_rl/install/kinova_driver/lib:/home/amma/Kinova_gen2_rl/install/kinova_msgs/lib:/opt/ros/humble/opt/rviz_ogre_vendor/lib:/opt/ros/humble/lib/x86_64-linux-gnu:/opt/ros/humble/lib /usr/bin/cmake --install /home/amma/Kinova_gen2_rl/build/trac_ik_examples
