[0.018s] Invoking command in '/home/amma/Kinova_gen2_rl/build/trac_ik': CMAKE_PREFIX_PATH=/home/amma/Kinova_gen2_rl/install/trac_ik_kinematics:/home/amma/Kinova_gen2_rl/install/trac_ik_examples:/home/amma/Kinova_gen2_rl/install/trac_ik_lib:/home/amma/Kinova_gen2_rl/install/trac_ik:/home/amma/Kinova_gen2_rl/install/point_goal_test:/home/amma/Kinova_gen2_rl/install/kinova_demo:/home/amma/Kinova_gen2_rl/install/kinova_driver:/home/amma/Kinova_gen2_rl/install/kinova_msgs:/home/amma/Kinova_gen2_rl/install/j2s6s200_moveit_config:/home/amma/Kinova_gen2_rl/install/kinova_description:/home/amma/Kinova_gen2_rl/install/kinova_bringup:/home/amma/Kinova_gen2_rl/install/click_pointer:/home/amma/Kinova_gen2_rl/install/mouth_tracking:/opt/ros/humble /usr/bin/cmake --build /home/amma/Kinova_gen2_rl/build/trac_ik -- -j12 -l12
[0.064s] Invoked command in '/home/amma/Kinova_gen2_rl/build/trac_ik' returned '0': CMAKE_PREFIX_PATH=/home/amma/Kinova_gen2_rl/install/trac_ik_kinematics:/home/amma/Kinova_gen2_rl/install/trac_ik_examples:/home/amma/Kinova_gen2_rl/install/trac_ik_lib:/home/amma/Kinova_gen2_rl/install/trac_ik:/home/amma/Kinova_gen2_rl/install/point_goal_test:/home/amma/Kinova_gen2_rl/install/kinova_demo:/home/amma/Kinova_gen2_rl/install/kinova_driver:/home/amma/Kinova_gen2_rl/install/kinova_msgs:/home/amma/Kinova_gen2_rl/install/j2s6s200_moveit_config:/home/amma/Kinova_gen2_rl/install/kinova_description:/home/amma/Kinova_gen2_rl/install/kinova_bringup:/home/amma/Kinova_gen2_rl/install/click_pointer:/home/amma/Kinova_gen2_rl/install/mouth_tracking:/opt/ros/humble /usr/bin/cmake --build /home/amma/Kinova_gen2_rl/build/trac_ik -- -j12 -l12
[0.066s] Invoking command in '/home/amma/Kinova_gen2_rl/build/trac_ik': CMAKE_PREFIX_PATH=/home/amma/Kinova_gen2_rl/install/trac_ik_kinematics:/home/amma/Kinova_gen2_rl/install/trac_ik_examples:/home/amma/Kinova_gen2_rl/install/trac_ik_lib:/home/amma/Kinova_gen2_rl/install/trac_ik:/home/amma/Kinova_gen2_rl/install/point_goal_test:/home/amma/Kinova_gen2_rl/install/kinova_demo:/home/amma/Kinova_gen2_rl/install/kinova_driver:/home/amma/Kinova_gen2_rl/install/kinova_msgs:/home/amma/Kinova_gen2_rl/install/j2s6s200_moveit_config:/home/amma/Kinova_gen2_rl/install/kinova_description:/home/amma/Kinova_gen2_rl/install/kinova_bringup:/home/amma/Kinova_gen2_rl/install/click_pointer:/home/amma/Kinova_gen2_rl/install/mouth_tracking:/opt/ros/humble /usr/bin/cmake --install /home/amma/Kinova_gen2_rl/build/trac_ik
[0.077s] -- Install configuration: ""
[0.077s] -- Up-to-date: /home/amma/Kinova_gen2_rl/install/trac_ik/share/ament_index/resource_index/package_run_dependencies/trac_ik
[0.077s] -- Up-to-date: /home/amma/Kinova_gen2_rl/install/trac_ik/share/ament_index/resource_index/parent_prefix_path/trac_ik
[0.077s] -- Up-to-date: /home/amma/Kinova_gen2_rl/install/trac_ik/share/trac_ik/environment/ament_prefix_path.sh
[0.077s] -- Up-to-date: /home/amma/Kinova_gen2_rl/install/trac_ik/share/trac_ik/environment/ament_prefix_path.dsv
[0.077s] -- Up-to-date: /home/amma/Kinova_gen2_rl/install/trac_ik/share/trac_ik/environment/path.sh
[0.077s] -- Up-to-date: /home/amma/Kinova_gen2_rl/install/trac_ik/share/trac_ik/environment/path.dsv
[0.077s] -- Up-to-date: /home/amma/Kinova_gen2_rl/install/trac_ik/share/trac_ik/local_setup.bash
[0.077s] -- Up-to-date: /home/amma/Kinova_gen2_rl/install/trac_ik/share/trac_ik/local_setup.sh
[0.077s] -- Up-to-date: /home/amma/Kinova_gen2_rl/install/trac_ik/share/trac_ik/local_setup.zsh
[0.077s] -- Up-to-date: /home/amma/Kinova_gen2_rl/install/trac_ik/share/trac_ik/local_setup.dsv
[0.078s] -- Up-to-date: /home/amma/Kinova_gen2_rl/install/trac_ik/share/trac_ik/package.dsv
[0.078s] -- Up-to-date: /home/amma/Kinova_gen2_rl/install/trac_ik/share/ament_index/resource_index/packages/trac_ik
[0.078s] -- Up-to-date: /home/amma/Kinova_gen2_rl/install/trac_ik/share/trac_ik/cmake/trac_ikConfig.cmake
[0.078s] -- Up-to-date: /home/amma/Kinova_gen2_rl/install/trac_ik/share/trac_ik/cmake/trac_ikConfig-version.cmake
[0.078s] -- Up-to-date: /home/amma/Kinova_gen2_rl/install/trac_ik/share/trac_ik/package.xml
[0.096s] Invoked command in '/home/amma/Kinova_gen2_rl/build/trac_ik' returned '0': CMAKE_PREFIX_PATH=/home/amma/Kinova_gen2_rl/install/trac_ik_kinematics:/home/amma/Kinova_gen2_rl/install/trac_ik_examples:/home/amma/Kinova_gen2_rl/install/trac_ik_lib:/home/amma/Kinova_gen2_rl/install/trac_ik:/home/amma/Kinova_gen2_rl/install/point_goal_test:/home/amma/Kinova_gen2_rl/install/kinova_demo:/home/amma/Kinova_gen2_rl/install/kinova_driver:/home/amma/Kinova_gen2_rl/install/kinova_msgs:/home/amma/Kinova_gen2_rl/install/j2s6s200_moveit_config:/home/amma/Kinova_gen2_rl/install/kinova_description:/home/amma/Kinova_gen2_rl/install/kinova_bringup:/home/amma/Kinova_gen2_rl/install/click_pointer:/home/amma/Kinova_gen2_rl/install/mouth_tracking:/opt/ros/humble /usr/bin/cmake --install /home/amma/Kinova_gen2_rl/build/trac_ik
