[0.019s] Invoking command in '/home/amma/Kinova_gen2_rl/build/kinova_bringup': CMAKE_PREFIX_PATH=${CMAKE_PREFIX_PATH}:/home/amma/Kinova_gen2_rl/install/mouth_tracking:/opt/ros/humble /usr/bin/cmake /home/amma/Kinova_gen2_rl/src/kinova-ros2/kinova_bringup -DCMAKE_INSTALL_PREFIX=/home/amma/Kinova_gen2_rl/install/kinova_bringup
[0.465s] -- The C compiler identification is GNU 11.4.0
[0.465s] -- The CXX compiler identification is GNU 11.4.0
[0.466s] -- Detecting C compiler ABI info
[0.466s] -- Detecting C compiler ABI info - done
[0.466s] -- Check for working C compiler: /usr/bin/cc - skipped
[0.466s] -- Detecting C compile features
[0.466s] -- Detecting C compile features - done
[0.466s] -- Detecting CXX compiler ABI info
[0.466s] -- Detecting CXX compiler ABI info - done
[0.466s] -- Check for working CXX compiler: /usr/bin/c++ - skipped
[0.466s] -- Detecting CXX compile features
[0.466s] -- Detecting CXX compile features - done
[0.466s] -- Found ament_cmake: 1.3.14 (/opt/ros/humble/share/ament_cmake/cmake)
[0.525s] -- Found Python3: /usr/bin/python3 (found version "3.10.12") found components: Interpreter 
[0.665s] -- Configuring done
[0.670s] -- Generating done
[0.670s] -- Build files have been written to: /home/amma/Kinova_gen2_rl/build/kinova_bringup
[0.676s] Invoked command in '/home/amma/Kinova_gen2_rl/build/kinova_bringup' returned '0': CMAKE_PREFIX_PATH=${CMAKE_PREFIX_PATH}:/home/amma/Kinova_gen2_rl/install/mouth_tracking:/opt/ros/humble /usr/bin/cmake /home/amma/Kinova_gen2_rl/src/kinova-ros2/kinova_bringup -DCMAKE_INSTALL_PREFIX=/home/amma/Kinova_gen2_rl/install/kinova_bringup
[0.677s] Invoking command in '/home/amma/Kinova_gen2_rl/build/kinova_bringup': CMAKE_PREFIX_PATH=${CMAKE_PREFIX_PATH}:/home/amma/Kinova_gen2_rl/install/mouth_tracking:/opt/ros/humble /usr/bin/cmake --build /home/amma/Kinova_gen2_rl/build/kinova_bringup -- -j12 -l12
[0.706s] Invoked command in '/home/amma/Kinova_gen2_rl/build/kinova_bringup' returned '0': CMAKE_PREFIX_PATH=${CMAKE_PREFIX_PATH}:/home/amma/Kinova_gen2_rl/install/mouth_tracking:/opt/ros/humble /usr/bin/cmake --build /home/amma/Kinova_gen2_rl/build/kinova_bringup -- -j12 -l12
[0.708s] Invoking command in '/home/amma/Kinova_gen2_rl/build/kinova_bringup': CMAKE_PREFIX_PATH=${CMAKE_PREFIX_PATH}:/home/amma/Kinova_gen2_rl/install/mouth_tracking:/opt/ros/humble /usr/bin/cmake --install /home/amma/Kinova_gen2_rl/build/kinova_bringup
[0.714s] -- Install configuration: ""
[0.715s] -- Installing: /home/amma/Kinova_gen2_rl/install/kinova_bringup/share/kinova_bringup/launch
[0.715s] -- Installing: /home/amma/Kinova_gen2_rl/install/kinova_bringup/share/kinova_bringup/launch/moveit_robot_launch.py
[0.715s] -- Installing: /home/amma/Kinova_gen2_rl/install/kinova_bringup/share/kinova_bringup/launch/kinova_robot.launch
[0.715s] -- Installing: /home/amma/Kinova_gen2_rl/install/kinova_bringup/share/kinova_bringup/launch/intrinsic.py
[0.716s] -- Installing: /home/amma/Kinova_gen2_rl/install/kinova_bringup/share/kinova_bringup/launch/handeye_calibration.launch.py
[0.716s] -- Installing: /home/amma/Kinova_gen2_rl/install/kinova_bringup/share/kinova_bringup/launch/easy_handeye.launch.py
[0.716s] -- Installing: /home/amma/Kinova_gen2_rl/install/kinova_bringup/share/kinova_bringup/launch/kinova_robot_launch.py
[0.716s] -- Installing: /home/amma/Kinova_gen2_rl/install/kinova_bringup/share/kinova_bringup/launch/sample.launch.py
[0.717s] -- Installing: /home/amma/Kinova_gen2_rl/install/kinova_bringup/share/kinova_bringup/launch/config
[0.717s] -- Installing: /home/amma/Kinova_gen2_rl/install/kinova_bringup/share/kinova_bringup/launch/config/multiple_robots.yaml
[0.718s] -- Installing: /home/amma/Kinova_gen2_rl/install/kinova_bringup/share/kinova_bringup/launch/config/robot_parameters.yaml
[0.718s] -- Installing: /home/amma/Kinova_gen2_rl/install/kinova_bringup/lib/kinova_bringup/kinova_sdk_node
[0.719s] -- Installing: /home/amma/Kinova_gen2_rl/install/kinova_bringup/lib/kinova_bringup/kinova_trajectory_bridge
[0.719s] -- Installing: /home/amma/Kinova_gen2_rl/install/kinova_bringup/lib/kinova_bringup/demo_feed_planner
[0.720s] -- Installing: /home/amma/Kinova_gen2_rl/install/kinova_bringup/lib/kinova_bringup/aruco_tf_publisher.py
[0.720s] -- Installing: /home/amma/Kinova_gen2_rl/install/kinova_bringup/share/kinova_bringup/moveit_resource
[0.720s] -- Installing: /home/amma/Kinova_gen2_rl/install/kinova_bringup/share/kinova_bringup/moveit_resource/visualization.rviz
[0.721s] -- Installing: /home/amma/Kinova_gen2_rl/install/kinova_bringup/share/kinova_bringup/moveit_resource/kinematics.yaml
[0.721s] -- Installing: /home/amma/Kinova_gen2_rl/install/kinova_bringup/share/kinova_bringup/moveit_resource/fake_controllers.yaml
[0.721s] -- Installing: /home/amma/Kinova_gen2_rl/install/kinova_bringup/share/kinova_bringup/moveit_resource/joint_limits.yaml
[0.721s] -- Installing: /home/amma/Kinova_gen2_rl/install/kinova_bringup/share/kinova_bringup/moveit_resource/joint_names.yaml
[0.721s] -- Installing: /home/amma/Kinova_gen2_rl/install/kinova_bringup/share/kinova_bringup/moveit_resource/handeye_calibration.rviz
[0.721s] -- Installing: /home/amma/Kinova_gen2_rl/install/kinova_bringup/share/kinova_bringup/moveit_resource/j2n6s300.srdf
[0.721s] -- Installing: /home/amma/Kinova_gen2_rl/install/kinova_bringup/share/kinova_bringup/moveit_resource/controllers_real.yaml
[0.722s] -- Installing: /home/amma/Kinova_gen2_rl/install/kinova_bringup/share/kinova_bringup/moveit_resource/ompl_planning.yaml
[0.722s] -- Installing: /home/amma/Kinova_gen2_rl/install/kinova_bringup/share/kinova_bringup/moveit_resource/controllers.yaml
[0.722s] -- Installing: /home/amma/Kinova_gen2_rl/install/kinova_bringup/share/kinova_bringup/moveit_resource/ros2_controllers.yaml
[0.722s] -- Installing: /home/amma/Kinova_gen2_rl/install/kinova_bringup/share/kinova_bringup/moveit_resource/controllers_ros_control.yaml
[0.722s] -- Installing: /home/amma/Kinova_gen2_rl/install/kinova_bringup/share/kinova_bringup/moveit_resource/rviz2_params.yaml
[0.723s] -- Installing: /home/amma/Kinova_gen2_rl/install/kinova_bringup/share/kinova_bringup/worlds
[0.723s] -- Installing: /home/amma/Kinova_gen2_rl/install/kinova_bringup/share/kinova_bringup/worlds/feeding_scene.sdf
[0.724s] -- Installing: /home/amma/Kinova_gen2_rl/install/kinova_bringup/share/ament_index/resource_index/package_run_dependencies/kinova_bringup
[0.724s] -- Installing: /home/amma/Kinova_gen2_rl/install/kinova_bringup/share/ament_index/resource_index/parent_prefix_path/kinova_bringup
[0.725s] -- Installing: /home/amma/Kinova_gen2_rl/install/kinova_bringup/share/kinova_bringup/environment/ament_prefix_path.sh
[0.726s] -- Installing: /home/amma/Kinova_gen2_rl/install/kinova_bringup/share/kinova_bringup/environment/ament_prefix_path.dsv
[0.726s] -- Installing: /home/amma/Kinova_gen2_rl/install/kinova_bringup/share/kinova_bringup/environment/path.sh
[0.726s] -- Installing: /home/amma/Kinova_gen2_rl/install/kinova_bringup/share/kinova_bringup/environment/path.dsv
[0.726s] -- Installing: /home/amma/Kinova_gen2_rl/install/kinova_bringup/share/kinova_bringup/local_setup.bash
[0.726s] -- Installing: /home/amma/Kinova_gen2_rl/install/kinova_bringup/share/kinova_bringup/local_setup.sh
[0.726s] -- Installing: /home/amma/Kinova_gen2_rl/install/kinova_bringup/share/kinova_bringup/local_setup.zsh
[0.727s] -- Installing: /home/amma/Kinova_gen2_rl/install/kinova_bringup/share/kinova_bringup/local_setup.dsv
[0.727s] -- Installing: /home/amma/Kinova_gen2_rl/install/kinova_bringup/share/kinova_bringup/package.dsv
[0.727s] -- Installing: /home/amma/Kinova_gen2_rl/install/kinova_bringup/share/ament_index/resource_index/packages/kinova_bringup
[0.727s] -- Installing: /home/amma/Kinova_gen2_rl/install/kinova_bringup/share/kinova_bringup/cmake/kinova_bringupConfig.cmake
[0.727s] -- Installing: /home/amma/Kinova_gen2_rl/install/kinova_bringup/share/kinova_bringup/cmake/kinova_bringupConfig-version.cmake
[0.728s] -- Installing: /home/amma/Kinova_gen2_rl/install/kinova_bringup/share/kinova_bringup/package.xml
[0.743s] Invoked command in '/home/amma/Kinova_gen2_rl/build/kinova_bringup' returned '0': CMAKE_PREFIX_PATH=${CMAKE_PREFIX_PATH}:/home/amma/Kinova_gen2_rl/install/mouth_tracking:/opt/ros/humble /usr/bin/cmake --install /home/amma/Kinova_gen2_rl/build/kinova_bringup
