[0.048s] Invoking command in '/home/amma/Kinova_gen2_rl/build/trac_ik_kinematics': CMAKE_PREFIX_PATH=/home/amma/Kinova_gen2_rl/install/trac_ik_lib:/home/amma/Kinova_gen2_rl/install/trac_ik:/home/amma/Kinova_gen2_rl/install/trac_ik_kinematics:/home/amma/Kinova_gen2_rl/install/trac_ik_examples:/home/amma/Kinova_gen2_rl/install/point_goal_test:/home/amma/Kinova_gen2_rl/install/kinova_demo:/home/amma/Kinova_gen2_rl/install/kinova_driver:/home/amma/Kinova_gen2_rl/install/kinova_msgs:/home/amma/Kinova_gen2_rl/install/j2s6s200_moveit_config:/home/amma/Kinova_gen2_rl/install/kinova_description:/home/amma/Kinova_gen2_rl/install/kinova_bringup:/home/amma/Kinova_gen2_rl/install/click_pointer:/home/amma/Kinova_gen2_rl/install/mouth_tracking:/opt/ros/humble LD_LIBRARY_PATH=/home/amma/Kinova_gen2_rl/install/trac_ik_lib/lib:/home/amma/Kinova_gen2_rl/install/trac_ik_kinematics/lib:/home/amma/Kinova_gen2_rl/install/kinova_driver/lib:/home/amma/Kinova_gen2_rl/install/kinova_msgs/lib:/opt/ros/humble/opt/rviz_ogre_vendor/lib:/opt/ros/humble/lib/x86_64-linux-gnu:/opt/ros/humble/lib /usr/bin/cmake --build /home/amma/Kinova_gen2_rl/build/trac_ik_kinematics -- -j12 -l12
[0.103s] [35m[1mConsolidate compiler generated dependencies of target moveit_trac_ik_kinematics_plugin[0m
[0.120s] [100%] Built target moveit_trac_ik_kinematics_plugin
[0.135s] Invoked command in '/home/amma/Kinova_gen2_rl/build/trac_ik_kinematics' returned '0': CMAKE_PREFIX_PATH=/home/amma/Kinova_gen2_rl/install/trac_ik_lib:/home/amma/Kinova_gen2_rl/install/trac_ik:/home/amma/Kinova_gen2_rl/install/trac_ik_kinematics:/home/amma/Kinova_gen2_rl/install/trac_ik_examples:/home/amma/Kinova_gen2_rl/install/point_goal_test:/home/amma/Kinova_gen2_rl/install/kinova_demo:/home/amma/Kinova_gen2_rl/install/kinova_driver:/home/amma/Kinova_gen2_rl/install/kinova_msgs:/home/amma/Kinova_gen2_rl/install/j2s6s200_moveit_config:/home/amma/Kinova_gen2_rl/install/kinova_description:/home/amma/Kinova_gen2_rl/install/kinova_bringup:/home/amma/Kinova_gen2_rl/install/click_pointer:/home/amma/Kinova_gen2_rl/install/mouth_tracking:/opt/ros/humble LD_LIBRARY_PATH=/home/amma/Kinova_gen2_rl/install/trac_ik_lib/lib:/home/amma/Kinova_gen2_rl/install/trac_ik_kinematics/lib:/home/amma/Kinova_gen2_rl/install/kinova_driver/lib:/home/amma/Kinova_gen2_rl/install/kinova_msgs/lib:/opt/ros/humble/opt/rviz_ogre_vendor/lib:/opt/ros/humble/lib/x86_64-linux-gnu:/opt/ros/humble/lib /usr/bin/cmake --build /home/amma/Kinova_gen2_rl/build/trac_ik_kinematics -- -j12 -l12
[0.141s] Invoking command in '/home/amma/Kinova_gen2_rl/build/trac_ik_kinematics': CMAKE_PREFIX_PATH=/home/amma/Kinova_gen2_rl/install/trac_ik_lib:/home/amma/Kinova_gen2_rl/install/trac_ik:/home/amma/Kinova_gen2_rl/install/trac_ik_kinematics:/home/amma/Kinova_gen2_rl/install/trac_ik_examples:/home/amma/Kinova_gen2_rl/install/point_goal_test:/home/amma/Kinova_gen2_rl/install/kinova_demo:/home/amma/Kinova_gen2_rl/install/kinova_driver:/home/amma/Kinova_gen2_rl/install/kinova_msgs:/home/amma/Kinova_gen2_rl/install/j2s6s200_moveit_config:/home/amma/Kinova_gen2_rl/install/kinova_description:/home/amma/Kinova_gen2_rl/install/kinova_bringup:/home/amma/Kinova_gen2_rl/install/click_pointer:/home/amma/Kinova_gen2_rl/install/mouth_tracking:/opt/ros/humble LD_LIBRARY_PATH=/home/amma/Kinova_gen2_rl/install/trac_ik_lib/lib:/home/amma/Kinova_gen2_rl/install/trac_ik_kinematics/lib:/home/amma/Kinova_gen2_rl/install/kinova_driver/lib:/home/amma/Kinova_gen2_rl/install/kinova_msgs/lib:/opt/ros/humble/opt/rviz_ogre_vendor/lib:/opt/ros/humble/lib/x86_64-linux-gnu:/opt/ros/humble/lib /usr/bin/cmake --install /home/amma/Kinova_gen2_rl/build/trac_ik_kinematics
[0.150s] -- Install configuration: "Release"
[0.151s] -- Up-to-date: /home/amma/Kinova_gen2_rl/install/trac_ik_kinematics/share/trac_ik_kinematics/trac_ik_kinematics_plugin_description.xml
[0.151s] -- Up-to-date: /home/amma/Kinova_gen2_rl/install/trac_ik_kinematics/lib/libmoveit_trac_ik_kinematics_plugin.so
[0.151s] -- Up-to-date: /home/amma/Kinova_gen2_rl/install/trac_ik_kinematics/share/trac_ik_kinematics/environment/library_path.sh
[0.152s] -- Up-to-date: /home/amma/Kinova_gen2_rl/install/trac_ik_kinematics/share/trac_ik_kinematics/environment/library_path.dsv
[0.152s] -- Up-to-date: /home/amma/Kinova_gen2_rl/install/trac_ik_kinematics/share/ament_index/resource_index/package_run_dependencies/trac_ik_kinematics
[0.152s] -- Up-to-date: /home/amma/Kinova_gen2_rl/install/trac_ik_kinematics/share/ament_index/resource_index/parent_prefix_path/trac_ik_kinematics
[0.153s] -- Up-to-date: /home/amma/Kinova_gen2_rl/install/trac_ik_kinematics/share/trac_ik_kinematics/environment/ament_prefix_path.sh
[0.153s] -- Up-to-date: /home/amma/Kinova_gen2_rl/install/trac_ik_kinematics/share/trac_ik_kinematics/environment/ament_prefix_path.dsv
[0.153s] -- Up-to-date: /home/amma/Kinova_gen2_rl/install/trac_ik_kinematics/share/trac_ik_kinematics/environment/path.sh
[0.153s] -- Up-to-date: /home/amma/Kinova_gen2_rl/install/trac_ik_kinematics/share/trac_ik_kinematics/environment/path.dsv
[0.153s] -- Up-to-date: /home/amma/Kinova_gen2_rl/install/trac_ik_kinematics/share/trac_ik_kinematics/local_setup.bash
[0.153s] -- Up-to-date: /home/amma/Kinova_gen2_rl/install/trac_ik_kinematics/share/trac_ik_kinematics/local_setup.sh
[0.153s] -- Up-to-date: /home/amma/Kinova_gen2_rl/install/trac_ik_kinematics/share/trac_ik_kinematics/local_setup.zsh
[0.153s] -- Up-to-date: /home/amma/Kinova_gen2_rl/install/trac_ik_kinematics/share/trac_ik_kinematics/local_setup.dsv
[0.153s] -- Installing: /home/amma/Kinova_gen2_rl/install/trac_ik_kinematics/share/trac_ik_kinematics/package.dsv
[0.153s] -- Up-to-date: /home/amma/Kinova_gen2_rl/install/trac_ik_kinematics/share/ament_index/resource_index/packages/trac_ik_kinematics
[0.153s] -- Up-to-date: /home/amma/Kinova_gen2_rl/install/trac_ik_kinematics/share/ament_index/resource_index/moveit_core__pluginlib__plugin/trac_ik_kinematics
[0.153s] -- Up-to-date: /home/amma/Kinova_gen2_rl/install/trac_ik_kinematics/share/trac_ik_kinematics/cmake/export_trac_ik_kinematicsExport.cmake
[0.153s] -- Up-to-date: /home/amma/Kinova_gen2_rl/install/trac_ik_kinematics/share/trac_ik_kinematics/cmake/export_trac_ik_kinematicsExport-release.cmake
[0.153s] -- Up-to-date: /home/amma/Kinova_gen2_rl/install/trac_ik_kinematics/share/trac_ik_kinematics/cmake/ConfigExtras.cmake
[0.153s] -- Up-to-date: /home/amma/Kinova_gen2_rl/install/trac_ik_kinematics/share/trac_ik_kinematics/cmake/ament_cmake_export_targets-extras.cmake
[0.153s] -- Up-to-date: /home/amma/Kinova_gen2_rl/install/trac_ik_kinematics/share/trac_ik_kinematics/cmake/ament_cmake_export_dependencies-extras.cmake
[0.153s] -- Up-to-date: /home/amma/Kinova_gen2_rl/install/trac_ik_kinematics/share/trac_ik_kinematics/cmake/trac_ik_kinematicsConfig.cmake
[0.153s] -- Up-to-date: /home/amma/Kinova_gen2_rl/install/trac_ik_kinematics/share/trac_ik_kinematics/cmake/trac_ik_kinematicsConfig-version.cmake
[0.153s] -- Up-to-date: /home/amma/Kinova_gen2_rl/install/trac_ik_kinematics/share/trac_ik_kinematics/package.xml
[0.154s] -- Up-to-date: /home/amma/Kinova_gen2_rl/install/trac_ik_kinematics/include
[0.154s] -- Up-to-date: /home/amma/Kinova_gen2_rl/install/trac_ik_kinematics/include/trac_ik_kinematics_plugin
[0.154s] -- Up-to-date: /home/amma/Kinova_gen2_rl/install/trac_ik_kinematics/include/trac_ik_kinematics_plugin/trac_ik_kinematics_plugin.h
[0.174s] Invoked command in '/home/amma/Kinova_gen2_rl/build/trac_ik_kinematics' returned '0': CMAKE_PREFIX_PATH=/home/amma/Kinova_gen2_rl/install/trac_ik_lib:/home/amma/Kinova_gen2_rl/install/trac_ik:/home/amma/Kinova_gen2_rl/install/trac_ik_kinematics:/home/amma/Kinova_gen2_rl/install/trac_ik_examples:/home/amma/Kinova_gen2_rl/install/point_goal_test:/home/amma/Kinova_gen2_rl/install/kinova_demo:/home/amma/Kinova_gen2_rl/install/kinova_driver:/home/amma/Kinova_gen2_rl/install/kinova_msgs:/home/amma/Kinova_gen2_rl/install/j2s6s200_moveit_config:/home/amma/Kinova_gen2_rl/install/kinova_description:/home/amma/Kinova_gen2_rl/install/kinova_bringup:/home/amma/Kinova_gen2_rl/install/click_pointer:/home/amma/Kinova_gen2_rl/install/mouth_tracking:/opt/ros/humble LD_LIBRARY_PATH=/home/amma/Kinova_gen2_rl/install/trac_ik_lib/lib:/home/amma/Kinova_gen2_rl/install/trac_ik_kinematics/lib:/home/amma/Kinova_gen2_rl/install/kinova_driver/lib:/home/amma/Kinova_gen2_rl/install/kinova_msgs/lib:/opt/ros/humble/opt/rviz_ogre_vendor/lib:/opt/ros/humble/lib/x86_64-linux-gnu:/opt/ros/humble/lib /usr/bin/cmake --install /home/amma/Kinova_gen2_rl/build/trac_ik_kinematics
