running egg_info
writing ../../build/mouth_tracking/mouth_tracking.egg-info/PKG-INFO
writing dependency_links to ../../build/mouth_tracking/mouth_tracking.egg-info/dependency_links.txt
writing entry points to ../../build/mouth_tracking/mouth_tracking.egg-info/entry_points.txt
writing requirements to ../../build/mouth_tracking/mouth_tracking.egg-info/requires.txt
writing top-level names to ../../build/mouth_tracking/mouth_tracking.egg-info/top_level.txt
reading manifest file '../../build/mouth_tracking/mouth_tracking.egg-info/SOURCES.txt'
writing manifest file '../../build/mouth_tracking/mouth_tracking.egg-info/SOURCES.txt'
running build
running build_py
running install
running install_lib
running install_data
running install_egg_info
removing '/home/amma/Kinova_gen2_rl/install/mouth_tracking/lib/python3.10/site-packages/mouth_tracking-0.0.0-py3.10.egg-info' (and everything under it)
Copying ../../build/mouth_tracking/mouth_tracking.egg-info to /home/amma/Kinova_gen2_rl/install/mouth_tracking/lib/python3.10/site-packages/mouth_tracking-0.0.0-py3.10.egg-info
running install_scripts
Installing mouth_tracker script to /home/amma/Kinova_gen2_rl/install/mouth_tracking/lib/mouth_tracking
Installing room_mapper script to /home/amma/Kinova_gen2_rl/install/mouth_tracking/lib/mouth_tracking
Installing static_pointcloud script to /home/amma/Kinova_gen2_rl/install/mouth_tracking/lib/mouth_tracking
writing list of installed files to '/home/amma/Kinova_gen2_rl/build/mouth_tracking/install.log'
