[0.010s] Invoking command in '/home/amma/Kinova_gen2_rl/build/kinova_demo': CMAKE_PREFIX_PATH=/home/amma/Kinova_gen2_rl/install/kinova_driver:/home/amma/Kinova_gen2_rl/install/kinova_msgs:/home/amma/Kinova_gen2_rl/install/point_goal_test:/home/amma/Kinova_gen2_rl/install/kinova_demo:/home/amma/Kinova_gen2_rl/install/j2s6s200_moveit_config:/home/amma/Kinova_gen2_rl/install/kinova_description:/home/amma/Kinova_gen2_rl/install/kinova_bringup:/home/amma/Kinova_gen2_rl/install/click_pointer:/home/amma/kinova_ws/rl_v2-master/install/pymoveit2:/home/amma/kinova_ws/rl_v2-master/install/moveit_calibration_gui:/home/amma/kinova_ws/rl_v2-master/install/moveit_calibration_plugins:/home/amma/kinova_ws/rl_v2-master/install/kinova_demo:/home/amma/kinova_ws/rl_v2-master/install/kinova_driver:/home/amma/kinova_ws/rl_v2-master/install/kinova_msgs:/home/amma/kinova_ws/rl_v2-master/install/j2s6s200_moveit_config:/home/amma/kinova_ws/rl_v2-master/install/kinova_description:/home/amma/kinova_ws/rl_v2-master/install/kinova_bringup:/home/amma/kinova_ws/rl_v2-master/install/easy_handeye2_msgs:/home/amma/kinova_ws/rl_v2-master/install/click_pointer:/home/amma/Kinova_gen2_rl/install/mouth_tracking:/home/amma/kinova_ws/rl_v2-master/install/point_goal_test:/home/amma/kinova_ws/rl_v2-master/install/mouth_tracking:/home/amma/kinova_ws/rl_v2-master/install/kinova_rl:/home/amma/kinova_ws/rl_v2-master/install/easy_handeye2:/opt/ros/humble /usr/bin/cmake --build /home/amma/Kinova_gen2_rl/build/kinova_demo -- -j12 -l12
[0.059s] Built target ament_cmake_python_copy_kinova_demo
[0.222s] running egg_info
[0.222s] writing kinova_demo.egg-info/PKG-INFO
[0.222s] writing dependency_links to kinova_demo.egg-info/dependency_links.txt
[0.222s] writing top-level names to kinova_demo.egg-info/top_level.txt
[0.224s] reading manifest file 'kinova_demo.egg-info/SOURCES.txt'
[0.224s] writing manifest file 'kinova_demo.egg-info/SOURCES.txt'
[0.242s] Built target ament_cmake_python_build_kinova_demo_egg
[0.254s] Invoked command in '/home/amma/Kinova_gen2_rl/build/kinova_demo' returned '0': CMAKE_PREFIX_PATH=/home/amma/Kinova_gen2_rl/install/kinova_driver:/home/amma/Kinova_gen2_rl/install/kinova_msgs:/home/amma/Kinova_gen2_rl/install/point_goal_test:/home/amma/Kinova_gen2_rl/install/kinova_demo:/home/amma/Kinova_gen2_rl/install/j2s6s200_moveit_config:/home/amma/Kinova_gen2_rl/install/kinova_description:/home/amma/Kinova_gen2_rl/install/kinova_bringup:/home/amma/Kinova_gen2_rl/install/click_pointer:/home/amma/kinova_ws/rl_v2-master/install/pymoveit2:/home/amma/kinova_ws/rl_v2-master/install/moveit_calibration_gui:/home/amma/kinova_ws/rl_v2-master/install/moveit_calibration_plugins:/home/amma/kinova_ws/rl_v2-master/install/kinova_demo:/home/amma/kinova_ws/rl_v2-master/install/kinova_driver:/home/amma/kinova_ws/rl_v2-master/install/kinova_msgs:/home/amma/kinova_ws/rl_v2-master/install/j2s6s200_moveit_config:/home/amma/kinova_ws/rl_v2-master/install/kinova_description:/home/amma/kinova_ws/rl_v2-master/install/kinova_bringup:/home/amma/kinova_ws/rl_v2-master/install/easy_handeye2_msgs:/home/amma/kinova_ws/rl_v2-master/install/click_pointer:/home/amma/Kinova_gen2_rl/install/mouth_tracking:/home/amma/kinova_ws/rl_v2-master/install/point_goal_test:/home/amma/kinova_ws/rl_v2-master/install/mouth_tracking:/home/amma/kinova_ws/rl_v2-master/install/kinova_rl:/home/amma/kinova_ws/rl_v2-master/install/easy_handeye2:/opt/ros/humble /usr/bin/cmake --build /home/amma/Kinova_gen2_rl/build/kinova_demo -- -j12 -l12
[0.255s] Invoking command in '/home/amma/Kinova_gen2_rl/build/kinova_demo': CMAKE_PREFIX_PATH=/home/amma/Kinova_gen2_rl/install/kinova_driver:/home/amma/Kinova_gen2_rl/install/kinova_msgs:/home/amma/Kinova_gen2_rl/install/point_goal_test:/home/amma/Kinova_gen2_rl/install/kinova_demo:/home/amma/Kinova_gen2_rl/install/j2s6s200_moveit_config:/home/amma/Kinova_gen2_rl/install/kinova_description:/home/amma/Kinova_gen2_rl/install/kinova_bringup:/home/amma/Kinova_gen2_rl/install/click_pointer:/home/amma/kinova_ws/rl_v2-master/install/pymoveit2:/home/amma/kinova_ws/rl_v2-master/install/moveit_calibration_gui:/home/amma/kinova_ws/rl_v2-master/install/moveit_calibration_plugins:/home/amma/kinova_ws/rl_v2-master/install/kinova_demo:/home/amma/kinova_ws/rl_v2-master/install/kinova_driver:/home/amma/kinova_ws/rl_v2-master/install/kinova_msgs:/home/amma/kinova_ws/rl_v2-master/install/j2s6s200_moveit_config:/home/amma/kinova_ws/rl_v2-master/install/kinova_description:/home/amma/kinova_ws/rl_v2-master/install/kinova_bringup:/home/amma/kinova_ws/rl_v2-master/install/easy_handeye2_msgs:/home/amma/kinova_ws/rl_v2-master/install/click_pointer:/home/amma/Kinova_gen2_rl/install/mouth_tracking:/home/amma/kinova_ws/rl_v2-master/install/point_goal_test:/home/amma/kinova_ws/rl_v2-master/install/mouth_tracking:/home/amma/kinova_ws/rl_v2-master/install/kinova_rl:/home/amma/kinova_ws/rl_v2-master/install/easy_handeye2:/opt/ros/humble /usr/bin/cmake --install /home/amma/Kinova_gen2_rl/build/kinova_demo
[0.262s] -- Install configuration: ""
[0.262s] -- Up-to-date: /home/amma/Kinova_gen2_rl/install/kinova_demo/share/kinova_demo/environment/pythonpath.sh
[0.262s] -- Up-to-date: /home/amma/Kinova_gen2_rl/install/kinova_demo/share/kinova_demo/environment/pythonpath.dsv
[0.262s] -- Up-to-date: /home/amma/Kinova_gen2_rl/install/kinova_demo/local/lib/python3.10/dist-packages/kinova_demo-0.0.1-py3.10.egg-info
[0.262s] -- Installing: /home/amma/Kinova_gen2_rl/install/kinova_demo/local/lib/python3.10/dist-packages/kinova_demo-0.0.1-py3.10.egg-info/top_level.txt
[0.262s] -- Installing: /home/amma/Kinova_gen2_rl/install/kinova_demo/local/lib/python3.10/dist-packages/kinova_demo-0.0.1-py3.10.egg-info/SOURCES.txt
[0.262s] -- Installing: /home/amma/Kinova_gen2_rl/install/kinova_demo/local/lib/python3.10/dist-packages/kinova_demo-0.0.1-py3.10.egg-info/PKG-INFO
[0.262s] -- Installing: /home/amma/Kinova_gen2_rl/install/kinova_demo/local/lib/python3.10/dist-packages/kinova_demo-0.0.1-py3.10.egg-info/dependency_links.txt
[0.262s] -- Up-to-date: /home/amma/Kinova_gen2_rl/install/kinova_demo/local/lib/python3.10/dist-packages/kinova_demo
[0.263s] -- Up-to-date: /home/amma/Kinova_gen2_rl/install/kinova_demo/local/lib/python3.10/dist-packages/kinova_demo/module_to_import.py
[0.263s] -- Up-to-date: /home/amma/Kinova_gen2_rl/install/kinova_demo/local/lib/python3.10/dist-packages/kinova_demo/__init__.py
[0.295s] Listing '/home/amma/Kinova_gen2_rl/install/kinova_demo/local/lib/python3.10/dist-packages/kinova_demo'...
[0.299s] -- Up-to-date: /home/amma/Kinova_gen2_rl/install/kinova_demo/lib/kinova_demo/pose_action_client.py
[0.299s] -- Up-to-date: /home/amma/Kinova_gen2_rl/install/kinova_demo/share/ament_index/resource_index/package_run_dependencies/kinova_demo
[0.299s] -- Up-to-date: /home/amma/Kinova_gen2_rl/install/kinova_demo/share/ament_index/resource_index/parent_prefix_path/kinova_demo
[0.299s] -- Up-to-date: /home/amma/Kinova_gen2_rl/install/kinova_demo/share/kinova_demo/environment/ament_prefix_path.sh
[0.299s] -- Up-to-date: /home/amma/Kinova_gen2_rl/install/kinova_demo/share/kinova_demo/environment/ament_prefix_path.dsv
[0.299s] -- Up-to-date: /home/amma/Kinova_gen2_rl/install/kinova_demo/share/kinova_demo/environment/path.sh
[0.299s] -- Up-to-date: /home/amma/Kinova_gen2_rl/install/kinova_demo/share/kinova_demo/environment/path.dsv
[0.299s] -- Up-to-date: /home/amma/Kinova_gen2_rl/install/kinova_demo/share/kinova_demo/local_setup.bash
[0.299s] -- Up-to-date: /home/amma/Kinova_gen2_rl/install/kinova_demo/share/kinova_demo/local_setup.sh
[0.299s] -- Up-to-date: /home/amma/Kinova_gen2_rl/install/kinova_demo/share/kinova_demo/local_setup.zsh
[0.299s] -- Up-to-date: /home/amma/Kinova_gen2_rl/install/kinova_demo/share/kinova_demo/local_setup.dsv
[0.300s] -- Installing: /home/amma/Kinova_gen2_rl/install/kinova_demo/share/kinova_demo/package.dsv
[0.300s] -- Up-to-date: /home/amma/Kinova_gen2_rl/install/kinova_demo/share/ament_index/resource_index/packages/kinova_demo
[0.300s] -- Up-to-date: /home/amma/Kinova_gen2_rl/install/kinova_demo/share/kinova_demo/cmake/kinova_demoConfig.cmake
[0.300s] -- Up-to-date: /home/amma/Kinova_gen2_rl/install/kinova_demo/share/kinova_demo/cmake/kinova_demoConfig-version.cmake
[0.300s] -- Up-to-date: /home/amma/Kinova_gen2_rl/install/kinova_demo/share/kinova_demo/package.xml
[0.301s] Invoked command in '/home/amma/Kinova_gen2_rl/build/kinova_demo' returned '0': CMAKE_PREFIX_PATH=/home/amma/Kinova_gen2_rl/install/kinova_driver:/home/amma/Kinova_gen2_rl/install/kinova_msgs:/home/amma/Kinova_gen2_rl/install/point_goal_test:/home/amma/Kinova_gen2_rl/install/kinova_demo:/home/amma/Kinova_gen2_rl/install/j2s6s200_moveit_config:/home/amma/Kinova_gen2_rl/install/kinova_description:/home/amma/Kinova_gen2_rl/install/kinova_bringup:/home/amma/Kinova_gen2_rl/install/click_pointer:/home/amma/kinova_ws/rl_v2-master/install/pymoveit2:/home/amma/kinova_ws/rl_v2-master/install/moveit_calibration_gui:/home/amma/kinova_ws/rl_v2-master/install/moveit_calibration_plugins:/home/amma/kinova_ws/rl_v2-master/install/kinova_demo:/home/amma/kinova_ws/rl_v2-master/install/kinova_driver:/home/amma/kinova_ws/rl_v2-master/install/kinova_msgs:/home/amma/kinova_ws/rl_v2-master/install/j2s6s200_moveit_config:/home/amma/kinova_ws/rl_v2-master/install/kinova_description:/home/amma/kinova_ws/rl_v2-master/install/kinova_bringup:/home/amma/kinova_ws/rl_v2-master/install/easy_handeye2_msgs:/home/amma/kinova_ws/rl_v2-master/install/click_pointer:/home/amma/Kinova_gen2_rl/install/mouth_tracking:/home/amma/kinova_ws/rl_v2-master/install/point_goal_test:/home/amma/kinova_ws/rl_v2-master/install/mouth_tracking:/home/amma/kinova_ws/rl_v2-master/install/kinova_rl:/home/amma/kinova_ws/rl_v2-master/install/easy_handeye2:/opt/ros/humble /usr/bin/cmake --install /home/amma/Kinova_gen2_rl/build/kinova_demo
