[0.024s] Invoking command in '/home/amma/Kinova_gen2_rl/build/trac_ik_examples': CMAKE_PREFIX_PATH=/home/amma/Kinova_gen2_rl/install/trac_ik_lib:/home/amma/Kinova_gen2_rl/install/trac_ik:/home/amma/Kinova_gen2_rl/install/trac_ik_kinematics:/home/amma/Kinova_gen2_rl/install/trac_ik_examples:/home/amma/Kinova_gen2_rl/install/point_goal_test:/home/amma/Kinova_gen2_rl/install/kinova_demo:/home/amma/Kinova_gen2_rl/install/kinova_driver:/home/amma/Kinova_gen2_rl/install/kinova_msgs:/home/amma/Kinova_gen2_rl/install/j2s6s200_moveit_config:/home/amma/Kinova_gen2_rl/install/kinova_description:/home/amma/Kinova_gen2_rl/install/kinova_bringup:/home/amma/Kinova_gen2_rl/install/click_pointer:/home/amma/Kinova_gen2_rl/install/mouth_tracking:/opt/ros/humble LD_LIBRARY_PATH=/home/amma/Kinova_gen2_rl/install/trac_ik_lib/lib:/home/amma/Kinova_gen2_rl/install/trac_ik_kinematics/lib:/home/amma/Kinova_gen2_rl/install/kinova_driver/lib:/home/amma/Kinova_gen2_rl/install/kinova_msgs/lib:/opt/ros/humble/opt/rviz_ogre_vendor/lib:/opt/ros/humble/lib/x86_64-linux-gnu:/opt/ros/humble/lib /usr/bin/cmake /home/amma/Kinova_gen2_rl/src/trac_ik/trac_ik_examples -DCMAKE_INSTALL_PREFIX=/home/amma/Kinova_gen2_rl/install/trac_ik_examples
[0.119s] -- The C compiler identification is GNU 11.4.0
[0.189s] -- The CXX compiler identification is GNU 11.4.0
[0.201s] -- Detecting C compiler ABI info
[0.302s] -- Detecting C compiler ABI info - done
[0.315s] -- Check for working C compiler: /usr/bin/cc - skipped
[0.316s] -- Detecting C compile features
[0.317s] -- Detecting C compile features - done
[0.322s] -- Detecting CXX compiler ABI info
[0.446s] -- Detecting CXX compiler ABI info - done
[0.459s] -- Check for working CXX compiler: /usr/bin/c++ - skipped
[0.460s] -- Detecting CXX compile features
[0.461s] -- Detecting CXX compile features - done
[0.465s] -- Found ament_cmake: 1.3.14 (/opt/ros/humble/share/ament_cmake/cmake)
[0.663s] -- Found Python3: /usr/bin/python3 (found version "3.10.12") found components: Interpreter 
[0.794s] -- Found rclcpp: 16.0.19 (/opt/ros/humble/share/rclcpp/cmake)
[0.836s] -- Found rosidl_generator_c: 3.1.8 (/opt/ros/humble/share/rosidl_generator_c/cmake)
[0.841s] -- Found rosidl_adapter: 3.1.8 (/opt/ros/humble/share/rosidl_adapter/cmake)
[0.850s] -- Found rosidl_generator_cpp: 3.1.8 (/opt/ros/humble/share/rosidl_generator_cpp/cmake)
[0.862s] -- Using all available rosidl_typesupport_c: rosidl_typesupport_fastrtps_c;rosidl_typesupport_introspection_c
[0.878s] -- Using all available rosidl_typesupport_cpp: rosidl_typesupport_fastrtps_cpp;rosidl_typesupport_introspection_cpp
[0.920s] -- Found rmw_implementation_cmake: 6.1.2 (/opt/ros/humble/share/rmw_implementation_cmake/cmake)
[0.923s] -- Found rmw_fastrtps_cpp: 6.2.10 (/opt/ros/humble/share/rmw_fastrtps_cpp/cmake)
[1.020s] -- Found OpenSSL: /usr/lib/x86_64-linux-gnu/libcrypto.so (found version "3.0.2")  
[1.063s] -- Found FastRTPS: /opt/ros/humble/include  
[1.127s] -- Using RMW implementation 'rmw_fastrtps_cpp' as default
[1.143s] -- Looking for pthread.h
[1.234s] -- Looking for pthread.h - found
[1.234s] -- Performing Test CMAKE_HAVE_LIBC_PTHREAD
[1.317s] -- Performing Test CMAKE_HAVE_LIBC_PTHREAD - Success
[1.319s] -- Found Threads: TRUE  
[1.373s] -- Found trac_ik_lib: 0.1.0 (/home/amma/Kinova_gen2_rl/install/trac_ik_lib/share/trac_ik_lib/cmake)
[1.380s] -- Found eigen3_cmake_module: 0.1.1 (/opt/ros/humble/share/eigen3_cmake_module/cmake)
[1.381s] -- Found Eigen3: TRUE (found version "3.4.0") 
[1.381s] -- Ensuring Eigen3 include directory is part of orocos-kdl CMake target
[1.418s] -- Found ament_lint_auto: 0.12.15 (/opt/ros/humble/share/ament_lint_auto/cmake)
[1.516s] -- Added test 'copyright' to check source files copyright and LICENSE
[1.519s] -- Added test 'cppcheck' to perform static code analysis on C / C++ code
[1.519s] -- Configured cppcheck include dirs: 
[1.519s] -- Configured cppcheck exclude dirs and/or files: 
[1.520s] -- Added test 'cpplint' to check C / C++ code against the Google style
[1.520s] -- Configured cpplint exclude dirs and/or files: 
[1.521s] -- Added test 'flake8' to check Python code syntax and style conventions
[1.522s] -- Added test 'lint_cmake' to check CMake code style
[1.523s] -- Added test 'pep257' to check Python code against some of the docstring style conventions in PEP 257
[1.525s] -- Added test 'uncrustify' to check C / C++ code style
[1.525s] -- Configured uncrustify additional arguments: 
[1.526s] -- Added test 'xmllint' to check XML markup files
[1.528s] -- Configuring done
[1.542s] -- Generating done
[1.548s] -- Build files have been written to: /home/amma/Kinova_gen2_rl/build/trac_ik_examples
[1.563s] Invoked command in '/home/amma/Kinova_gen2_rl/build/trac_ik_examples' returned '0': CMAKE_PREFIX_PATH=/home/amma/Kinova_gen2_rl/install/trac_ik_lib:/home/amma/Kinova_gen2_rl/install/trac_ik:/home/amma/Kinova_gen2_rl/install/trac_ik_kinematics:/home/amma/Kinova_gen2_rl/install/trac_ik_examples:/home/amma/Kinova_gen2_rl/install/point_goal_test:/home/amma/Kinova_gen2_rl/install/kinova_demo:/home/amma/Kinova_gen2_rl/install/kinova_driver:/home/amma/Kinova_gen2_rl/install/kinova_msgs:/home/amma/Kinova_gen2_rl/install/j2s6s200_moveit_config:/home/amma/Kinova_gen2_rl/install/kinova_description:/home/amma/Kinova_gen2_rl/install/kinova_bringup:/home/amma/Kinova_gen2_rl/install/click_pointer:/home/amma/Kinova_gen2_rl/install/mouth_tracking:/opt/ros/humble LD_LIBRARY_PATH=/home/amma/Kinova_gen2_rl/install/trac_ik_lib/lib:/home/amma/Kinova_gen2_rl/install/trac_ik_kinematics/lib:/home/amma/Kinova_gen2_rl/install/kinova_driver/lib:/home/amma/Kinova_gen2_rl/install/kinova_msgs/lib:/opt/ros/humble/opt/rviz_ogre_vendor/lib:/opt/ros/humble/lib/x86_64-linux-gnu:/opt/ros/humble/lib /usr/bin/cmake /home/amma/Kinova_gen2_rl/src/trac_ik/trac_ik_examples -DCMAKE_INSTALL_PREFIX=/home/amma/Kinova_gen2_rl/install/trac_ik_examples
[1.564s] Invoking command in '/home/amma/Kinova_gen2_rl/build/trac_ik_examples': CMAKE_PREFIX_PATH=/home/amma/Kinova_gen2_rl/install/trac_ik_lib:/home/amma/Kinova_gen2_rl/install/trac_ik:/home/amma/Kinova_gen2_rl/install/trac_ik_kinematics:/home/amma/Kinova_gen2_rl/install/trac_ik_examples:/home/amma/Kinova_gen2_rl/install/point_goal_test:/home/amma/Kinova_gen2_rl/install/kinova_demo:/home/amma/Kinova_gen2_rl/install/kinova_driver:/home/amma/Kinova_gen2_rl/install/kinova_msgs:/home/amma/Kinova_gen2_rl/install/j2s6s200_moveit_config:/home/amma/Kinova_gen2_rl/install/kinova_description:/home/amma/Kinova_gen2_rl/install/kinova_bringup:/home/amma/Kinova_gen2_rl/install/click_pointer:/home/amma/Kinova_gen2_rl/install/mouth_tracking:/opt/ros/humble LD_LIBRARY_PATH=/home/amma/Kinova_gen2_rl/install/trac_ik_lib/lib:/home/amma/Kinova_gen2_rl/install/trac_ik_kinematics/lib:/home/amma/Kinova_gen2_rl/install/kinova_driver/lib:/home/amma/Kinova_gen2_rl/install/kinova_msgs/lib:/opt/ros/humble/opt/rviz_ogre_vendor/lib:/opt/ros/humble/lib/x86_64-linux-gnu:/opt/ros/humble/lib /usr/bin/cmake --build /home/amma/Kinova_gen2_rl/build/trac_ik_examples -- -j12 -l12
[1.622s] [ 50%] [32mBuilding CXX object CMakeFiles/ik_tests.dir/src/ik_tests.cpp.o[0m
[6.862s] [100%] [32m[1mLinking CXX executable ik_tests[0m
[7.009s] [100%] Built target ik_tests
[7.023s] Invoked command in '/home/amma/Kinova_gen2_rl/build/trac_ik_examples' returned '0': CMAKE_PREFIX_PATH=/home/amma/Kinova_gen2_rl/install/trac_ik_lib:/home/amma/Kinova_gen2_rl/install/trac_ik:/home/amma/Kinova_gen2_rl/install/trac_ik_kinematics:/home/amma/Kinova_gen2_rl/install/trac_ik_examples:/home/amma/Kinova_gen2_rl/install/point_goal_test:/home/amma/Kinova_gen2_rl/install/kinova_demo:/home/amma/Kinova_gen2_rl/install/kinova_driver:/home/amma/Kinova_gen2_rl/install/kinova_msgs:/home/amma/Kinova_gen2_rl/install/j2s6s200_moveit_config:/home/amma/Kinova_gen2_rl/install/kinova_description:/home/amma/Kinova_gen2_rl/install/kinova_bringup:/home/amma/Kinova_gen2_rl/install/click_pointer:/home/amma/Kinova_gen2_rl/install/mouth_tracking:/opt/ros/humble LD_LIBRARY_PATH=/home/amma/Kinova_gen2_rl/install/trac_ik_lib/lib:/home/amma/Kinova_gen2_rl/install/trac_ik_kinematics/lib:/home/amma/Kinova_gen2_rl/install/kinova_driver/lib:/home/amma/Kinova_gen2_rl/install/kinova_msgs/lib:/opt/ros/humble/opt/rviz_ogre_vendor/lib:/opt/ros/humble/lib/x86_64-linux-gnu:/opt/ros/humble/lib /usr/bin/cmake --build /home/amma/Kinova_gen2_rl/build/trac_ik_examples -- -j12 -l12
[7.025s] Invoking command in '/home/amma/Kinova_gen2_rl/build/trac_ik_examples': CMAKE_PREFIX_PATH=/home/amma/Kinova_gen2_rl/install/trac_ik_lib:/home/amma/Kinova_gen2_rl/install/trac_ik:/home/amma/Kinova_gen2_rl/install/trac_ik_kinematics:/home/amma/Kinova_gen2_rl/install/trac_ik_examples:/home/amma/Kinova_gen2_rl/install/point_goal_test:/home/amma/Kinova_gen2_rl/install/kinova_demo:/home/amma/Kinova_gen2_rl/install/kinova_driver:/home/amma/Kinova_gen2_rl/install/kinova_msgs:/home/amma/Kinova_gen2_rl/install/j2s6s200_moveit_config:/home/amma/Kinova_gen2_rl/install/kinova_description:/home/amma/Kinova_gen2_rl/install/kinova_bringup:/home/amma/Kinova_gen2_rl/install/click_pointer:/home/amma/Kinova_gen2_rl/install/mouth_tracking:/opt/ros/humble LD_LIBRARY_PATH=/home/amma/Kinova_gen2_rl/install/trac_ik_lib/lib:/home/amma/Kinova_gen2_rl/install/trac_ik_kinematics/lib:/home/amma/Kinova_gen2_rl/install/kinova_driver/lib:/home/amma/Kinova_gen2_rl/install/kinova_msgs/lib:/opt/ros/humble/opt/rviz_ogre_vendor/lib:/opt/ros/humble/lib/x86_64-linux-gnu:/opt/ros/humble/lib /usr/bin/cmake --install /home/amma/Kinova_gen2_rl/build/trac_ik_examples
[7.034s] -- Install configuration: ""
[7.034s] -- Installing: /home/amma/Kinova_gen2_rl/install/trac_ik_examples/lib/trac_ik_examples/ik_tests
[7.035s] -- Set runtime path of "/home/amma/Kinova_gen2_rl/install/trac_ik_examples/lib/trac_ik_examples/ik_tests" to ""
[7.035s] -- Installing: /home/amma/Kinova_gen2_rl/install/trac_ik_examples/share/trac_ik_examples/launch
[7.035s] -- Installing: /home/amma/Kinova_gen2_rl/install/trac_ik_examples/share/trac_ik_examples/launch/pr2_arm.launch.py
[7.036s] -- Installing: /home/amma/Kinova_gen2_rl/install/trac_ik_examples/share/trac_ik_examples/launch/pr2.urdf
[7.037s] -- Installing: /home/amma/Kinova_gen2_rl/install/trac_ik_examples/share/ament_index/resource_index/package_run_dependencies/trac_ik_examples
[7.037s] -- Installing: /home/amma/Kinova_gen2_rl/install/trac_ik_examples/share/ament_index/resource_index/parent_prefix_path/trac_ik_examples
[7.037s] -- Installing: /home/amma/Kinova_gen2_rl/install/trac_ik_examples/share/trac_ik_examples/environment/ament_prefix_path.sh
[7.037s] -- Installing: /home/amma/Kinova_gen2_rl/install/trac_ik_examples/share/trac_ik_examples/environment/ament_prefix_path.dsv
[7.037s] -- Installing: /home/amma/Kinova_gen2_rl/install/trac_ik_examples/share/trac_ik_examples/environment/path.sh
[7.037s] -- Installing: /home/amma/Kinova_gen2_rl/install/trac_ik_examples/share/trac_ik_examples/environment/path.dsv
[7.038s] -- Installing: /home/amma/Kinova_gen2_rl/install/trac_ik_examples/share/trac_ik_examples/local_setup.bash
[7.038s] -- Installing: /home/amma/Kinova_gen2_rl/install/trac_ik_examples/share/trac_ik_examples/local_setup.sh
[7.038s] -- Installing: /home/amma/Kinova_gen2_rl/install/trac_ik_examples/share/trac_ik_examples/local_setup.zsh
[7.038s] -- Installing: /home/amma/Kinova_gen2_rl/install/trac_ik_examples/share/trac_ik_examples/local_setup.dsv
[7.038s] -- Installing: /home/amma/Kinova_gen2_rl/install/trac_ik_examples/share/trac_ik_examples/package.dsv
[7.039s] -- Installing: /home/amma/Kinova_gen2_rl/install/trac_ik_examples/share/ament_index/resource_index/packages/trac_ik_examples
[7.039s] -- Installing: /home/amma/Kinova_gen2_rl/install/trac_ik_examples/share/trac_ik_examples/cmake/trac_ik_examplesConfig.cmake
[7.039s] -- Installing: /home/amma/Kinova_gen2_rl/install/trac_ik_examples/share/trac_ik_examples/cmake/trac_ik_examplesConfig-version.cmake
[7.039s] -- Installing: /home/amma/Kinova_gen2_rl/install/trac_ik_examples/share/trac_ik_examples/package.xml
[7.042s] Invoked command in '/home/amma/Kinova_gen2_rl/build/trac_ik_examples' returned '0': CMAKE_PREFIX_PATH=/home/amma/Kinova_gen2_rl/install/trac_ik_lib:/home/amma/Kinova_gen2_rl/install/trac_ik:/home/amma/Kinova_gen2_rl/install/trac_ik_kinematics:/home/amma/Kinova_gen2_rl/install/trac_ik_examples:/home/amma/Kinova_gen2_rl/install/point_goal_test:/home/amma/Kinova_gen2_rl/install/kinova_demo:/home/amma/Kinova_gen2_rl/install/kinova_driver:/home/amma/Kinova_gen2_rl/install/kinova_msgs:/home/amma/Kinova_gen2_rl/install/j2s6s200_moveit_config:/home/amma/Kinova_gen2_rl/install/kinova_description:/home/amma/Kinova_gen2_rl/install/kinova_bringup:/home/amma/Kinova_gen2_rl/install/click_pointer:/home/amma/Kinova_gen2_rl/install/mouth_tracking:/opt/ros/humble LD_LIBRARY_PATH=/home/amma/Kinova_gen2_rl/install/trac_ik_lib/lib:/home/amma/Kinova_gen2_rl/install/trac_ik_kinematics/lib:/home/amma/Kinova_gen2_rl/install/kinova_driver/lib:/home/amma/Kinova_gen2_rl/install/kinova_msgs/lib:/opt/ros/humble/opt/rviz_ogre_vendor/lib:/opt/ros/humble/lib/x86_64-linux-gnu:/opt/ros/humble/lib /usr/bin/cmake --install /home/amma/Kinova_gen2_rl/build/trac_ik_examples
